Archive member included to satisfy reference by file (symbol)

/home/avees/Linux_for_Tegra/sources/tegra/optee-src/nv-optee/optee/build/t234/export-ta_arm64/lib/libutils.a(bget_malloc.o)
                              ./darknetp_ta.o (malloc)
/home/avees/Linux_for_Tegra/sources/tegra/optee-src/nv-optee/optee/build/t234/export-ta_arm64/lib/libutils.a(stack_check.o)
                              ./darknetp_ta.o (__stack_chk_fail)
/home/avees/Linux_for_Tegra/sources/tegra/optee-src/nv-optee/optee/build/t234/export-ta_arm64/lib/libutils.a(memcpy.o)
                              ./darknetp_ta.o (memcpy)
/home/avees/Linux_for_Tegra/sources/tegra/optee-src/nv-optee/optee/build/t234/export-ta_arm64/lib/libutils.a(memset.o)
                              ./softmax_layer_TA.o (memset)
/home/avees/Linux_for_Tegra/sources/tegra/optee-src/nv-optee/optee/build/t234/export-ta_arm64/lib/libutils.a(strcmp.o)
                              ./activations_TA.o (strcmp)
/home/avees/Linux_for_Tegra/sources/tegra/optee-src/nv-optee/optee/build/t234/export-ta_arm64/lib/libutils.a(strncmp.o)
                              ./parser_TA.o (strncmp)
/home/avees/Linux_for_Tegra/sources/tegra/optee-src/nv-optee/optee/build/t234/export-ta_arm64/lib/libutils.a(trace.o)
                              ./darknetp_ta.o (trace_printf)
/home/avees/Linux_for_Tegra/sources/tegra/optee-src/nv-optee/optee/build/t234/export-ta_arm64/lib/libutils.a(snprintk.o)
                              /home/avees/Linux_for_Tegra/sources/tegra/optee-src/nv-optee/optee/build/t234/export-ta_arm64/lib/libutils.a(trace.o) (vsnprintk)
/home/avees/Linux_for_Tegra/sources/tegra/optee-src/nv-optee/optee/build/t234/export-ta_arm64/lib/libutils.a(memchr.o)
                              /home/avees/Linux_for_Tegra/sources/tegra/optee-src/nv-optee/optee/build/t234/export-ta_arm64/lib/libutils.a(snprintk.o) (memchr)
/home/avees/Linux_for_Tegra/sources/tegra/optee-src/nv-optee/optee/build/t234/export-ta_arm64/lib/libutils.a(strlen.o)
                              /home/avees/Linux_for_Tegra/sources/tegra/optee-src/nv-optee/optee/build/t234/export-ta_arm64/lib/libutils.a(snprintk.o) (strlen)
/home/avees/Linux_for_Tegra/sources/tegra/optee-src/nv-optee/optee/build/t234/export-ta_arm64/lib/libutee.a(assert.o)
                              ./softmax_layer_TA.o (_assert_log)
/home/avees/Linux_for_Tegra/sources/tegra/optee-src/nv-optee/optee/build/t234/export-ta_arm64/lib/libutee.a(trace_ext.o)
                              /home/avees/Linux_for_Tegra/sources/tegra/optee-src/nv-optee/optee/build/t234/export-ta_arm64/lib/libutils.a(trace.o) (trace_ext_puts)
/home/avees/Linux_for_Tegra/sources/tegra/optee-src/nv-optee/optee/build/t234/export-ta_arm64/lib/libutee.a(tee_api.o)
                              ./darknetp_ta.o (TEE_MemMove)
/home/avees/Linux_for_Tegra/sources/tegra/optee-src/nv-optee/optee/build/t234/export-ta_arm64/lib/libutee.a(tee_api_operations.o)
                              ./math_TA.o (TEE_GenerateRandom)
/home/avees/Linux_for_Tegra/sources/tegra/optee-src/nv-optee/optee/build/t234/export-ta_arm64/lib/libutee.a(tee_api_panic.o)
                              /home/avees/Linux_for_Tegra/sources/tegra/optee-src/nv-optee/optee/build/t234/export-ta_arm64/lib/libutee.a(tee_api.o) (TEE_Panic)
/home/avees/Linux_for_Tegra/sources/tegra/optee-src/nv-optee/optee/build/t234/export-ta_arm64/lib/libutee.a(tee_system_pta.o)
                              /home/avees/Linux_for_Tegra/sources/tegra/optee-src/nv-optee/optee/build/t234/export-ta_arm64/lib/libutee.a(tee_api.o) (tee_map_zi)
/home/avees/Linux_for_Tegra/sources/tegra/optee-src/nv-optee/optee/build/t234/export-ta_arm64/lib/libutee.a(user_ta_entry.o)
                              ./user_ta_header.o (__utee_entry)
/home/avees/Linux_for_Tegra/sources/tegra/optee-src/nv-optee/optee/build/t234/export-ta_arm64/lib/libutee.a(utee_syscalls_a64.o)
                              /home/avees/Linux_for_Tegra/sources/tegra/optee-src/nv-optee/optee/build/t234/export-ta_arm64/lib/libutils.a(stack_check.o) (_utee_panic)
/home/avees/Linux_for_Tegra/sources/tegra/optee-src/nv-optee/optee/build/t234/export-ta_arm64/lib/libutee.a(abort.o)
                              /home/avees/Linux_for_Tegra/sources/tegra/optee-src/nv-optee/optee/build/t234/export-ta_arm64/lib/libutee.a(user_ta_entry.o) (abort)
/home/avees/Linux_for_Tegra/sources/tegra/optee-src/nv-optee/optee/build/t234/export-ta_arm64/lib/libutee.a(tee_api_arith_mpi.o)
                              /home/avees/Linux_for_Tegra/sources/tegra/optee-src/nv-optee/optee/build/t234/export-ta_arm64/lib/libutee.a(user_ta_entry.o) (_TEE_MathAPI_Init)
/home/avees/Linux_for_Tegra/sources/tegra/optee-src/nv-optee/optee/build/t234/export-ta_arm64/lib/libutee.a(tee_api_objects.o)
                              /home/avees/Linux_for_Tegra/sources/tegra/optee-src/nv-optee/optee/build/t234/export-ta_arm64/lib/libutee.a(tee_api_operations.o) (__utee_from_attr)
[...]
Memory Configuration

Name             Origin             Length             Attributes
*default*        0x0000000000000000 0xffffffffffffffff

Linker script and memory map


.ta_head        0x0000000000000000       0x20
 *(SORT_BY_ALIGNMENT(.ta_head))
 .ta_head       0x0000000000000000       0x20 ./user_ta_header.o
                0x0000000000000000                ta_head

.text           0x0000000000000020    0x19aac
                0x0000000000000020                __text_start = .
 *(SORT_BY_ALIGNMENT(.text) SORT_BY_ALIGNMENT(.text.*))
 .text          0x0000000000000020       0xec /home/avees/Linux_for_Tegra/sources/tegra/optee-src/nv-optee/optee/build/t234/export-ta_arm64/lib/libutils.a(memcpy.o)
                0x0000000000000020                memcpy
 .text          0x000000000000010c     0x1010 ./darknetp_ta.o
                0x00000000000007f4                summary_array
                0x0000000000000944                TA_CreateEntryPoint
                0x000000000000097c                TA_DestroyEntryPoint
                0x00000000000009a0                TA_OpenSessionEntryPoint
                0x0000000000000a10                TA_CloseSessionEntryPoint
                0x0000000000000a34                TA_InvokeCommandEntryPoint
 .text          0x000000000000111c      0x278 ./softmax_layer_TA.o
                0x000000000000111c                forward_softmax_layer_TA
                0x000000000000123c                backward_softmax_layer_TA
                0x0000000000001260                make_softmax_layer_TA_new
 .text          0x0000000000001394      0x158 ./utils_TA.o
                0x0000000000001394                sum_array_TA
                0x00000000000013b8                rand_uniform_TA
                0x00000000000013f4                rand_normal_TA
 .text          0x00000000000014ec      0x6f0 ./connected_layer_TA.o
                0x00000000000014ec                forward_connected_layer_TA_new
                0x00000000000015e4                backward_connected_layer_TA_new
                0x0000000000001718                update_connected_layer_TA_new
                0x0000000000001840                make_connected_layer_TA_new
 .text          0x0000000000001bdc      0x95c ./math_TA.o
                0x0000000000001bdc                ta_max
                0x0000000000001be8                ta_pow
                0x0000000000001c38                ta_eee
                0x0000000000001cd8                ta_exp
                0x0000000000001d34                ta_rand
                0x0000000000001dcc                ta_floor
                0x0000000000001de0                ta_sqrt
                0x0000000000001e54                F1
                0x0000000000001e60                F2
                0x0000000000001e88                simpson
                0x0000000000001f1c                asr
                0x0000000000002000                asr0
                0x0000000000002050                ta_ln
                0x0000000000002068                ta_log
                0x000000000000209c                ta_cos
                0x00000000000021ec                ta_sin
                0x0000000000002340                ta_tan
                0x0000000000002370                reverse
                0x00000000000023a4                intToStr
                0x0000000000002444                ftoa
                0x00000000000024ec                bubble_sort_top
 .text          0x0000000000002538      0x510 ./parser_TA.o
                0x0000000000002538                aes_cbc_TA
                0x0000000000002760                transpose_matrix_TA
                0x0000000000002804                load_weights_TA
                0x0000000000002970                save_weights_TA
 .text          0x0000000000002a48      0x790 ./activations_TA.o
                0x0000000000002a48                get_activation_string_TA
                0x0000000000002b10                get_activation_TA
                0x0000000000002cb0                activate_TA
                0x0000000000002f60                activate_array_TA
                0x0000000000002fb4                gradient_TA
                0x0000000000003170                gradient_array_TA
 .text          0x00000000000031d8      0x638 ./blas_TA.o
                0x00000000000031d8                fill_cpu_TA
                0x00000000000031f8                copy_cpu_TA
                0x0000000000003220                mean_cpu_TA
                0x00000000000032ac                variance_cpu_TA
                0x00000000000033bc                scal_cpu_TA
                0x00000000000033e4                axpy_cpu_TA
                0x0000000000003414                normalize_cpu_TA
                0x0000000000003504                softmax_TA
                0x00000000000035ec                softmax_cpu_TA
                0x00000000000036a8                softmax_x_ent_cpu_TA
                0x0000000000003734                smooth_l1_cpu_TA
                0x0000000000003798                l1_cpu_TA
                0x00000000000037e0                l2_cpu_TA
 .text          0x0000000000003810      0x410 ./maxpool_layer_TA.o
                0x0000000000003810                forward_maxpool_layer_TA_new
                0x00000000000039f0                backward_maxpool_layer_TA_new
                0x0000000000003a48                make_maxpool_layer_TA
                0x0000000000003b78                resize_maxpool_layer_TA
 .text          0x0000000000003c20      0x7a4 ./network_TA.o
                0x0000000000003c20                make_network_TA
                0x0000000000003dac                update_network_TA
                0x0000000000003e68                calc_network_cost_TA
                0x0000000000003ee0                forward_network_TA
                0x00000000000040fc                calc_network_loss_TA
                0x0000000000004200                backward_network_TA
 .text          0x00000000000043c4      0x8d8 ./aes_TA.o
                0x00000000000049ec                AES_init_ctx
                0x00000000000049f0                AES_init_ctx_iv
                0x0000000000004a18                AES_ctx_set_iv
                0x0000000000004a24                AES_ECB_encrypt
                0x0000000000004a34                AES_ECB_decrypt
                0x0000000000004a44                AES_CBC_encrypt_buffer
                0x0000000000004ad0                AES_CBC_decrypt_buffer
                0x0000000000004ba8                AES_CTR_xcrypt_buffer
 .text          0x0000000000004c9c      0x17c ./im2col_TA.o
                0x0000000000004c9c                im2col_get_pixel_TA
                0x0000000000004cd0                im2col_cpu_TA
 .text          0x0000000000004e18      0x724 ./batchnorm_layer_TA.o
                0x0000000000004e18                forward_batchnorm_layer_TA
                0x0000000000004ff4                backward_scale_cpu_TA
                0x000000000000506c                mean_delta_cpu_TA
                0x0000000000005160                variance_delta_cpu_TA
                0x0000000000005278                normalize_delta_cpu_TA
                0x00000000000053bc                backward_batchnorm_layer_TA
 .text          0x000000000000553c      0x20c ./dropout_layer_TA.o
                0x000000000000553c                forward_dropout_layer_TA_new
                0x0000000000005570                backward_dropout_layer_TA_new
                0x00000000000055d4                make_dropout_layer_TA_new
                0x0000000000005710                resize_dropout_layer_TA
 .text          0x0000000000005748      0xe4c ./convolutional_layer_TA.o
                0x0000000000005748                update_convolutional_layer_TA_new
                0x0000000000005868                swap_binary_TA
                0x000000000000587c                add_bias_TA
                0x00000000000058e4                scale_bias_TA
                0x000000000000594c                backward_bias_TA
                0x00000000000059ec                backward_convolutional_layer_TA_new
                0x0000000000005cd4                convolutional_out_height_TA
                0x0000000000005cf8                convolutional_out_width_TA
                0x0000000000005d1c                binarize_weights_TA
                0x0000000000005da4                binarize_cpu_TA
                0x0000000000005dd4                forward_convolutional_layer_TA_new
                0x0000000000006024                make_convolutional_layer_TA_new
 .text          0x0000000000006594      0x31c ./cost_layer_TA.o
                0x0000000000006594                forward_cost_layer_TA
                0x0000000000006664                backward_cost_layer_TA
                0x0000000000006688                get_cost_type_TA
                0x0000000000006768                get_cost_string_TA
                0x00000000000067d4                make_cost_layer_TA_new
 .text          0x00000000000068b0      0x20c ./avgpool_layer_TA.o
                0x00000000000068b0                forward_avgpool_layer_TA_new
                0x0000000000006950                backward_avgpool_layer_TA_new
                0x00000000000069e4                make_avgpool_layer_TA
                0x0000000000006aa4                resize_avgpool_layer_TA
 .text          0x0000000000006abc      0x17c ./col2im_TA.o
                0x0000000000006abc                col2im_add_pixel_TA
                0x0000000000006af4                col2im_cpu_TA
 .text          0x0000000000006c38      0x2c0 ./gemm_TA.o
                0x0000000000006c38                gemm_nn_TA
                0x0000000000006cbc                gemm_nt_TA
                0x0000000000006d44                gemm_tn_TA
                0x0000000000006dc4                gemm_tt_TA
                0x0000000000006e4c                gemm_cpu_TA
                0x0000000000006ef4                gemm_TA
 .text          0x0000000000006ef8       0xc4 ./diffprivate_TA.o
                0x0000000000006ef8                diff_private_SGD
 .text          0x0000000000006fbc       0x1c ./user_ta_header.o
                0x0000000000006fbc                __ta_entry
                0x0000000000006fd0                tahead_get_trace_level
 .text          0x0000000000006fd8      0xd48 /home/avees/Linux_for_Tegra/sources/tegra/optee-src/nv-optee/optee/build/t234/export-ta_arm64/lib/libutils.a(bget_malloc.o)
                0x0000000000007010                bget
                0x00000000000072d8                bgetz
                0x0000000000007360                brel
                0x00000000000075e4                bgetr
                0x00000000000076b4                bpool
                0x0000000000007784                raw_memalign
                0x00000000000077d8                raw_malloc
                0x00000000000077e8                raw_free
                0x00000000000077f8                raw_calloc
                0x0000000000007848                raw_realloc
                0x0000000000007930                malloc
                0x0000000000007948                calloc
                0x0000000000007964                realloc
                0x000000000000797c                memalign
                0x0000000000007998                aligned_alloc
                0x00000000000079b0                free
                0x00000000000079c0                free_wipe
                0x00000000000079d0                raw_malloc_get_ctx_size
                0x00000000000079d8                raw_malloc_init_ctx
                0x0000000000007a04                raw_malloc_add_pool
                0x0000000000007b14                raw_malloc_buffer_overlaps_heap
                0x0000000000007b94                raw_malloc_buffer_is_within_alloced
                0x0000000000007ce4                malloc_add_pool
                0x0000000000007cf8                malloc_buffer_is_within_alloced
                0x0000000000007d0c                malloc_buffer_overlaps_heap
 .text          0x0000000000007d20       0x30 /home/avees/Linux_for_Tegra/sources/tegra/optee-src/nv-optee/optee/build/t234/export-ta_arm64/lib/libutils.a(stack_check.o)
                0x0000000000007d20                __stack_chk_fail
 .text          0x0000000000007d50       0x1c /home/avees/Linux_for_Tegra/sources/tegra/optee-src/nv-optee/optee/build/t234/export-ta_arm64/lib/libutils.a(memset.o)
                0x0000000000007d50                memset
 .text          0x0000000000007d6c       0x24 /home/avees/Linux_for_Tegra/sources/tegra/optee-src/nv-optee/optee/build/t234/export-ta_arm64/lib/libutils.a(strcmp.o)
                0x0000000000007d6c                strcmp
 .text          0x0000000000007d90       0x3c /home/avees/Linux_for_Tegra/sources/tegra/optee-src/nv-optee/optee/build/t234/export-ta_arm64/lib/libutils.a(strncmp.o)
                0x0000000000007d90                strncmp
 .text          0x0000000000007dcc      0x5cc /home/avees/Linux_for_Tegra/sources/tegra/optee-src/nv-optee/optee/build/t234/export-ta_arm64/lib/libutils.a(trace.o)
                0x0000000000007ed8                trace_set_level
                0x0000000000007ef4                trace_get_level
                0x0000000000007f04                trace_vprintf
                0x0000000000008120                trace_printf
                0x0000000000008200                dhex_dump
 .text          0x0000000000008398      0xe10 /home/avees/Linux_for_Tegra/sources/tegra/optee-src/nv-optee/optee/build/t234/export-ta_arm64/lib/libutils.a(snprintk.o)
                0x0000000000008398                __vsnprintf
                0x0000000000008458                vsnprintk
                0x00000000000084b0                snprintk
                0x000000000000915c                __vsprintf
 .text          0x00000000000091a8       0x2c /home/avees/Linux_for_Tegra/sources/tegra/optee-src/nv-optee/optee/build/t234/export-ta_arm64/lib/libutils.a(memchr.o)
                0x00000000000091a8                memchr
 .text          0x00000000000091d4       0x1c /home/avees/Linux_for_Tegra/sources/tegra/optee-src/nv-optee/optee/build/t234/export-ta_arm64/lib/libutils.a(strlen.o)
                0x00000000000091d4                strlen
 .text          0x00000000000091f0       0x58 /home/avees/Linux_for_Tegra/sources/tegra/optee-src/nv-optee/optee/build/t234/export-ta_arm64/lib/libutee.a(assert.o)
                0x00000000000091f0                _assert_log
                0x0000000000009234                _assert_break
 .text          0x0000000000009248      0x1e0 /home/avees/Linux_for_Tegra/sources/tegra/optee-src/nv-optee/optee/build/t234/export-ta_arm64/lib/libutee.a(trace_ext.o)
                0x0000000000009248                trace_ext_puts
                0x0000000000009270                trace_ext_get_thread_id
                0x0000000000009278                printf
                0x0000000000009378                puts
                0x00000000000093b8                putchar
 .text          0x0000000000009428     0x10c0 /home/avees/Linux_for_Tegra/sources/tegra/optee-src/nv-optee/optee/build/t234/export-ta_arm64/lib/libutee.a(tee_api.o)
                0x00000000000097d8                TEE_CloseTASession
                0x0000000000009800                TEE_GetCancellationFlag
                0x0000000000009860                TEE_UnmaskCancellation
                0x00000000000098c0                TEE_MaskCancellation
                0x0000000000009920                TEE_CheckMemoryAccessRights
                0x0000000000009b44                TEE_OpenTASession
                0x0000000000009c98                __GP11_TEE_OpenTASession
                0x0000000000009de0                TEE_InvokeTACommand
                0x0000000000009f64                __GP11_TEE_InvokeTACommand
                0x000000000000a0dc                __GP11_TEE_CheckMemoryAccessRights
                0x000000000000a0e4                TEE_SetInstanceData
                0x000000000000a0f0                TEE_GetInstanceData
                0x000000000000a0fc                TEE_MemMove
                0x000000000000a100                __GP11_TEE_MemMove
                0x000000000000a108                TEE_MemCompare
                0x000000000000a10c                __GP11_TEE_MemCompare
                0x000000000000a114                TEE_MemFill
                0x000000000000a118                __GP11_TEE_MemFill
                0x000000000000a120                TEE_GetSystemTime
                0x000000000000a148                TEE_Wait
                0x000000000000a184                TEE_GetTAPersistentTime
                0x000000000000a1f8                TEE_SetTAPersistentTime
                0x000000000000a23c                TEE_GetREETime
                0x000000000000a264                TEE_Malloc
                0x000000000000a388                __GP11_TEE_Malloc
                0x000000000000a390                TEE_Free
                0x000000000000a3f0                TEE_Realloc
                0x000000000000a4c8                __GP11_TEE_Realloc
                0x000000000000a4d0                TEE_CacheClean
                0x000000000000a4d8                TEE_CacheFlush
                0x000000000000a4e0                TEE_CacheInvalidate
 .text          0x000000000000a4e8     0x472c /home/avees/Linux_for_Tegra/sources/tegra/optee-src/nv-optee/optee/build/t234/export-ta_arm64/lib/libutee.a(tee_api_operations.o)
                0x000000000000ac14                TEE_FreeOperation
                0x000000000000ac54                TEE_AllocateOperation
                0x000000000000b98c                __GP11_TEE_FreeOperation
                0x000000000000b9b8                TEE_GetOperationInfo
                0x000000000000ba0c                TEE_GetOperationInfoMultiple
                0x000000000000bbbc                __GP11_TEE_GetOperationInfoMultiple
                0x000000000000bc44                TEE_ResetOperation
                0x000000000000bc80                TEE_SetOperationKey
                0x000000000000bdcc                __GP11_TEE_SetOperationKey
                0x000000000000be08                TEE_SetOperationKey2
                0x000000000000be28                __GP11_TEE_SetOperationKey2
                0x000000000000be74                TEE_CopyOperation
                0x000000000000bfd0                TEE_DigestUpdate
                0x000000000000c040                __GP11_TEE_DigestUpdate
                0x000000000000c048                TEE_DigestDoFinal
                0x000000000000c1b4                __GP11_TEE_DigestDoFinal
                0x000000000000c254                TEE_DigestExtract
                0x000000000000c3f8                TEE_CipherInit
                0x000000000000c4d8                __GP11_TEE_CipherInit
                0x000000000000c4e0                TEE_CipherUpdate
                0x000000000000c674                __GP11_TEE_CipherUpdate
                0x000000000000c714                TEE_CipherDoFinal
                0x000000000000c92c                __GP11_TEE_CipherDoFinal
                0x000000000000c9dc                TEE_MACInit
                0x000000000000ca80                __GP11_TEE_MACInit
                0x000000000000ca88                TEE_MACUpdate
                0x000000000000cb28                __GP11_TEE_MACUpdate
                0x000000000000cb30                TEE_MACComputeFinal
                0x000000000000cc40                __GP11_TEE_MACComputeFinal
                0x000000000000cce0                TEE_MACCompareFinal
                0x000000000000cde4                __GP11_TEE_MACCompareFinal
                0x000000000000cdf0                TEE_AEInit
                0x000000000000ceb4                __GP11_TEE_AEInit
                0x000000000000cec4                TEE_AEUpdateAAD
                0x000000000000cf60                __GP11_TEE_AEUpdateAAD
                0x000000000000cff4                TEE_AEUpdate
                0x000000000000d0d4                __GP11_TEE_AEUpdate
                0x000000000000d1f4                TEE_AEEncryptFinal
                0x000000000000d3f4                __GP11_TEE_AEEncryptFinal
                0x000000000000d4c8                TEE_AEDecryptFinal
                0x000000000000d69c                __GP11_TEE_AEDecryptFinal
                0x000000000000d754                TEE_AsymmetricEncrypt
                0x000000000000d918                __GP11_TEE_AsymmetricEncrypt
                0x000000000000dac0                TEE_AsymmetricDecrypt
                0x000000000000dc88                __GP11_TEE_AsymmetricDecrypt
                0x000000000000de34                TEE_AsymmetricSignDigest
                0x000000000000dfd4                __GP11_TEE_AsymmetricSignDigest
                0x000000000000e174                TEE_AsymmetricVerifyDigest
                0x000000000000e300                __GP11_TEE_AsymmetricVerifyDigest
                0x000000000000e48c                TEE_DeriveKey
                0x000000000000e63c                __GP11_TEE_DeriveKey
                0x000000000000e7ec                TEE_GenerateRandom
                0x000000000000e80c                __GP11_TEE_GenerateRandom
                0x000000000000e814                rand
                0x000000000000e86c                TEE_IsAlgorithmSupported
 .text          0x000000000000ec14      0x2ec /home/avees/Linux_for_Tegra/sources/tegra/optee-src/nv-optee/optee/build/t234/export-ta_arm64/lib/libutee.a(tee_api_panic.o)
                0x000000000000ec30                TEE_Panic
                0x000000000000ec7c                __utee_check_outbuf_annotation
                0x000000000000ece0                __utee_check_gp11_outbuf_annotation
                0x000000000000ed44                __utee_check_instring_annotation
                0x000000000000ed80                __utee_check_outstring_annotation
                0x000000000000ede4                __utee_check_gp11_outstring_annotation
                0x000000000000ee48                __utee_check_out_annotation
                0x000000000000ee74                __utee_check_attr_in_annotation
                0x000000000000eea4                __utee_check_gp11_attr_in_annotation
                0x000000000000eed4                __utee_check_inout_annotation
 .text          0x000000000000ef00      0x310 /home/avees/Linux_for_Tegra/sources/tegra/optee-src/nv-optee/optee/build/t234/export-ta_arm64/lib/libutee.a(tee_system_pta.o)
                0x000000000000ef88                tee_map_zi
                0x000000000000f038                tee_unmap
                0x000000000000f100                tee_invoke_supp_plugin
 .text          0x000000000000f210      0x74c /home/avees/Linux_for_Tegra/sources/tegra/optee-src/nv-optee/optee/build/t234/export-ta_arm64/lib/libutee.a(user_ta_entry.o)
                0x000000000000f4d4                __utee_call_elf_init_fn
                0x000000000000f62c                __utee_call_elf_fini_fn
                0x000000000000f6d4                __utee_entry
 .text._utee_panic
                0x000000000000f95c        0xc /home/avees/Linux_for_Tegra/sources/tegra/optee-src/nv-optee/optee/build/t234/export-ta_arm64/lib/libutee.a(utee_syscalls_a64.o)
                0x000000000000f95c                _utee_panic
 .text._utee_return
                0x000000000000f968        0xc /home/avees/Linux_for_Tegra/sources/tegra/optee-src/nv-optee/optee/build/t234/export-ta_arm64/lib/libutee.a(utee_syscalls_a64.o)
                0x000000000000f968                _utee_return
 .text._utee_log
                0x000000000000f974        0xc /home/avees/Linux_for_Tegra/sources/tegra/optee-src/nv-optee/optee/build/t234/export-ta_arm64/lib/libutee.a(utee_syscalls_a64.o)
                0x000000000000f974                _utee_log
 .text.__utee_panic
                0x000000000000f980        0xc /home/avees/Linux_for_Tegra/sources/tegra/optee-src/nv-optee/optee/build/t234/export-ta_arm64/lib/libutee.a(utee_syscalls_a64.o)
                0x000000000000f980                __utee_panic
 .text._utee_get_property
                0x000000000000f98c        0xc /home/avees/Linux_for_Tegra/sources/tegra/optee-src/nv-optee/optee/build/t234/export-ta_arm64/lib/libutee.a(utee_syscalls_a64.o)
                0x000000000000f98c                _utee_get_property
 .text._utee_get_property_name_to_index
                0x000000000000f998        0xc /home/avees/Linux_for_Tegra/sources/tegra/optee-src/nv-optee/optee/build/t234/export-ta_arm64/lib/libutee.a(utee_syscalls_a64.o)
                0x000000000000f998                _utee_get_property_name_to_index
 .text._utee_open_ta_session
                0x000000000000f9a4        0xc /home/avees/Linux_for_Tegra/sources/tegra/optee-src/nv-optee/optee/build/t234/export-ta_arm64/lib/libutee.a(utee_syscalls_a64.o)
                0x000000000000f9a4                _utee_open_ta_session
 .text._utee_close_ta_session
                0x000000000000f9b0        0xc /home/avees/Linux_for_Tegra/sources/tegra/optee-src/nv-optee/optee/build/t234/export-ta_arm64/lib/libutee.a(utee_syscalls_a64.o)
                0x000000000000f9b0                _utee_close_ta_session
 .text._utee_invoke_ta_command
                0x000000000000f9bc        0xc /home/avees/Linux_for_Tegra/sources/tegra/optee-src/nv-optee/optee/build/t234/export-ta_arm64/lib/libutee.a(utee_syscalls_a64.o)
                0x000000000000f9bc                _utee_invoke_ta_command
 .text._utee_get_cancellation_flag
                0x000000000000f9c8        0xc /home/avees/Linux_for_Tegra/sources/tegra/optee-src/nv-optee/optee/build/t234/export-ta_arm64/lib/libutee.a(utee_syscalls_a64.o)
                0x000000000000f9c8                _utee_get_cancellation_flag
 .text._utee_check_access_rights
                0x000000000000f9d4        0xc /home/avees/Linux_for_Tegra/sources/tegra/optee-src/nv-optee/optee/build/t234/export-ta_arm64/lib/libutee.a(utee_syscalls_a64.o)
                0x000000000000f9d4                _utee_check_access_rights
 .text._utee_unmask_cancellation
                0x000000000000f9e0        0xc /home/avees/Linux_for_Tegra/sources/tegra/optee-src/nv-optee/optee/build/t234/export-ta_arm64/lib/libutee.a(utee_syscalls_a64.o)
                0x000000000000f9e0                _utee_unmask_cancellation
 .text._utee_mask_cancellation
                0x000000000000f9ec        0xc /home/avees/Linux_for_Tegra/sources/tegra/optee-src/nv-optee/optee/build/t234/export-ta_arm64/lib/libutee.a(utee_syscalls_a64.o)
                0x000000000000f9ec                _utee_mask_cancellation
 .text._utee_wait
                0x000000000000f9f8        0xc /home/avees/Linux_for_Tegra/sources/tegra/optee-src/nv-optee/optee/build/t234/export-ta_arm64/lib/libutee.a(utee_syscalls_a64.o)
                0x000000000000f9f8                _utee_wait
 .text._utee_get_time
                0x000000000000fa04        0xc /home/avees/Linux_for_Tegra/sources/tegra/optee-src/nv-optee/optee/build/t234/export-ta_arm64/lib/libutee.a(utee_syscalls_a64.o)
                0x000000000000fa04                _utee_get_time
 .text._utee_set_ta_time
                0x000000000000fa10        0xc /home/avees/Linux_for_Tegra/sources/tegra/optee-src/nv-optee/optee/build/t234/export-ta_arm64/lib/libutee.a(utee_syscalls_a64.o)
                0x000000000000fa10                _utee_set_ta_time
 .text._utee_cryp_state_alloc
                0x000000000000fa1c        0xc /home/avees/Linux_for_Tegra/sources/tegra/optee-src/nv-optee/optee/build/t234/export-ta_arm64/lib/libutee.a(utee_syscalls_a64.o)
                0x000000000000fa1c                _utee_cryp_state_alloc
 .text._utee_cryp_state_copy
                0x000000000000fa28        0xc /home/avees/Linux_for_Tegra/sources/tegra/optee-src/nv-optee/optee/build/t234/export-ta_arm64/lib/libutee.a(utee_syscalls_a64.o)
                0x000000000000fa28                _utee_cryp_state_copy
 .text._utee_cryp_state_free
                0x000000000000fa34        0xc /home/avees/Linux_for_Tegra/sources/tegra/optee-src/nv-optee/optee/build/t234/export-ta_arm64/lib/libutee.a(utee_syscalls_a64.o)
                0x000000000000fa34                _utee_cryp_state_free
 .text._utee_hash_init
                0x000000000000fa40        0xc /home/avees/Linux_for_Tegra/sources/tegra/optee-src/nv-optee/optee/build/t234/export-ta_arm64/lib/libutee.a(utee_syscalls_a64.o)
                0x000000000000fa40                _utee_hash_init
 .text._utee_hash_update
                0x000000000000fa4c        0xc /home/avees/Linux_for_Tegra/sources/tegra/optee-src/nv-optee/optee/build/t234/export-ta_arm64/lib/libutee.a(utee_syscalls_a64.o)
                0x000000000000fa4c                _utee_hash_update
 .text._utee_hash_final
                0x000000000000fa58        0xc /home/avees/Linux_for_Tegra/sources/tegra/optee-src/nv-optee/optee/build/t234/export-ta_arm64/lib/libutee.a(utee_syscalls_a64.o)
                0x000000000000fa58                _utee_hash_final
 .text._utee_cipher_init
                0x000000000000fa64        0xc /home/avees/Linux_for_Tegra/sources/tegra/optee-src/nv-optee/optee/build/t234/export-ta_arm64/lib/libutee.a(utee_syscalls_a64.o)
                0x000000000000fa64                _utee_cipher_init
 .text._utee_cipher_update
                0x000000000000fa70        0xc /home/avees/Linux_for_Tegra/sources/tegra/optee-src/nv-optee/optee/build/t234/export-ta_arm64/lib/libutee.a(utee_syscalls_a64.o)
                0x000000000000fa70                _utee_cipher_update
 .text._utee_cipher_final
                0x000000000000fa7c        0xc /home/avees/Linux_for_Tegra/sources/tegra/optee-src/nv-optee/optee/build/t234/export-ta_arm64/lib/libutee.a(utee_syscalls_a64.o)
                0x000000000000fa7c                _utee_cipher_final
 .text._utee_cryp_obj_get_info
                0x000000000000fa88        0xc /home/avees/Linux_for_Tegra/sources/tegra/optee-src/nv-optee/optee/build/t234/export-ta_arm64/lib/libutee.a(utee_syscalls_a64.o)
                0x000000000000fa88                _utee_cryp_obj_get_info
 .text._utee_cryp_obj_restrict_usage
                0x000000000000fa94        0xc /home/avees/Linux_for_Tegra/sources/tegra/optee-src/nv-optee/optee/build/t234/export-ta_arm64/lib/libutee.a(utee_syscalls_a64.o)
                0x000000000000fa94                _utee_cryp_obj_restrict_usage
 .text._utee_cryp_obj_get_attr
                0x000000000000faa0        0xc /home/avees/Linux_for_Tegra/sources/tegra/optee-src/nv-optee/optee/build/t234/export-ta_arm64/lib/libutee.a(utee_syscalls_a64.o)
                0x000000000000faa0                _utee_cryp_obj_get_attr
 .text._utee_cryp_obj_alloc
                0x000000000000faac        0xc /home/avees/Linux_for_Tegra/sources/tegra/optee-src/nv-optee/optee/build/t234/export-ta_arm64/lib/libutee.a(utee_syscalls_a64.o)
                0x000000000000faac                _utee_cryp_obj_alloc
 .text._utee_cryp_obj_close
                0x000000000000fab8        0xc /home/avees/Linux_for_Tegra/sources/tegra/optee-src/nv-optee/optee/build/t234/export-ta_arm64/lib/libutee.a(utee_syscalls_a64.o)
                0x000000000000fab8                _utee_cryp_obj_close
 .text._utee_cryp_obj_reset
                0x000000000000fac4        0xc /home/avees/Linux_for_Tegra/sources/tegra/optee-src/nv-optee/optee/build/t234/export-ta_arm64/lib/libutee.a(utee_syscalls_a64.o)
                0x000000000000fac4                _utee_cryp_obj_reset
 .text._utee_cryp_obj_populate
                0x000000000000fad0        0xc /home/avees/Linux_for_Tegra/sources/tegra/optee-src/nv-optee/optee/build/t234/export-ta_arm64/lib/libutee.a(utee_syscalls_a64.o)
                0x000000000000fad0                _utee_cryp_obj_populate
 .text._utee_cryp_obj_copy
                0x000000000000fadc        0xc /home/avees/Linux_for_Tegra/sources/tegra/optee-src/nv-optee/optee/build/t234/export-ta_arm64/lib/libutee.a(utee_syscalls_a64.o)
                0x000000000000fadc                _utee_cryp_obj_copy
 .text._utee_cryp_derive_key
                0x000000000000fae8        0xc /home/avees/Linux_for_Tegra/sources/tegra/optee-src/nv-optee/optee/build/t234/export-ta_arm64/lib/libutee.a(utee_syscalls_a64.o)
                0x000000000000fae8                _utee_cryp_derive_key
 .text._utee_cryp_random_number_generate
                0x000000000000faf4        0xc /home/avees/Linux_for_Tegra/sources/tegra/optee-src/nv-optee/optee/build/t234/export-ta_arm64/lib/libutee.a(utee_syscalls_a64.o)
                0x000000000000faf4                _utee_cryp_random_number_generate
 .text._utee_authenc_init
                0x000000000000fb00        0xc /home/avees/Linux_for_Tegra/sources/tegra/optee-src/nv-optee/optee/build/t234/export-ta_arm64/lib/libutee.a(utee_syscalls_a64.o)
                0x000000000000fb00                _utee_authenc_init
 .text._utee_authenc_update_aad
                0x000000000000fb0c        0xc /home/avees/Linux_for_Tegra/sources/tegra/optee-src/nv-optee/optee/build/t234/export-ta_arm64/lib/libutee.a(utee_syscalls_a64.o)
                0x000000000000fb0c                _utee_authenc_update_aad
 .text._utee_authenc_update_payload
                0x000000000000fb18        0xc /home/avees/Linux_for_Tegra/sources/tegra/optee-src/nv-optee/optee/build/t234/export-ta_arm64/lib/libutee.a(utee_syscalls_a64.o)
                0x000000000000fb18                _utee_authenc_update_payload
 .text._utee_authenc_enc_final
                0x000000000000fb24        0xc /home/avees/Linux_for_Tegra/sources/tegra/optee-src/nv-optee/optee/build/t234/export-ta_arm64/lib/libutee.a(utee_syscalls_a64.o)
                0x000000000000fb24                _utee_authenc_enc_final
 .text._utee_authenc_dec_final
                0x000000000000fb30        0xc /home/avees/Linux_for_Tegra/sources/tegra/optee-src/nv-optee/optee/build/t234/export-ta_arm64/lib/libutee.a(utee_syscalls_a64.o)
                0x000000000000fb30                _utee_authenc_dec_final
 .text._utee_asymm_operate
                0x000000000000fb3c        0xc /home/avees/Linux_for_Tegra/sources/tegra/optee-src/nv-optee/optee/build/t234/export-ta_arm64/lib/libutee.a(utee_syscalls_a64.o)
                0x000000000000fb3c                _utee_asymm_operate
 .text._utee_asymm_verify
                0x000000000000fb48        0xc /home/avees/Linux_for_Tegra/sources/tegra/optee-src/nv-optee/optee/build/t234/export-ta_arm64/lib/libutee.a(utee_syscalls_a64.o)
                0x000000000000fb48                _utee_asymm_verify
 .text._utee_storage_obj_open
                0x000000000000fb54        0xc /home/avees/Linux_for_Tegra/sources/tegra/optee-src/nv-optee/optee/build/t234/export-ta_arm64/lib/libutee.a(utee_syscalls_a64.o)
                0x000000000000fb54                _utee_storage_obj_open
 .text._utee_storage_obj_create
                0x000000000000fb60        0xc /home/avees/Linux_for_Tegra/sources/tegra/optee-src/nv-optee/optee/build/t234/export-ta_arm64/lib/libutee.a(utee_syscalls_a64.o)
                0x000000000000fb60                _utee_storage_obj_create
 .text._utee_storage_obj_del
                0x000000000000fb6c        0xc /home/avees/Linux_for_Tegra/sources/tegra/optee-src/nv-optee/optee/build/t234/export-ta_arm64/lib/libutee.a(utee_syscalls_a64.o)
                0x000000000000fb6c                _utee_storage_obj_del
 .text._utee_storage_obj_rename
                0x000000000000fb78        0xc /home/avees/Linux_for_Tegra/sources/tegra/optee-src/nv-optee/optee/build/t234/export-ta_arm64/lib/libutee.a(utee_syscalls_a64.o)
                0x000000000000fb78                _utee_storage_obj_rename
 .text._utee_storage_alloc_enum
                0x000000000000fb84        0xc /home/avees/Linux_for_Tegra/sources/tegra/optee-src/nv-optee/optee/build/t234/export-ta_arm64/lib/libutee.a(utee_syscalls_a64.o)
                0x000000000000fb84                _utee_storage_alloc_enum
 .text._utee_storage_free_enum
                0x000000000000fb90        0xc /home/avees/Linux_for_Tegra/sources/tegra/optee-src/nv-optee/optee/build/t234/export-ta_arm64/lib/libutee.a(utee_syscalls_a64.o)
                0x000000000000fb90                _utee_storage_free_enum
 .text._utee_storage_reset_enum
                0x000000000000fb9c        0xc /home/avees/Linux_for_Tegra/sources/tegra/optee-src/nv-optee/optee/build/t234/export-ta_arm64/lib/libutee.a(utee_syscalls_a64.o)
                0x000000000000fb9c                _utee_storage_reset_enum
 .text._utee_storage_start_enum
                0x000000000000fba8        0xc /home/avees/Linux_for_Tegra/sources/tegra/optee-src/nv-optee/optee/build/t234/export-ta_arm64/lib/libutee.a(utee_syscalls_a64.o)
                0x000000000000fba8                _utee_storage_start_enum
 .text._utee_storage_next_enum
                0x000000000000fbb4        0xc /home/avees/Linux_for_Tegra/sources/tegra/optee-src/nv-optee/optee/build/t234/export-ta_arm64/lib/libutee.a(utee_syscalls_a64.o)
                0x000000000000fbb4                _utee_storage_next_enum
 .text._utee_storage_obj_read
                0x000000000000fbc0        0xc /home/avees/Linux_for_Tegra/sources/tegra/optee-src/nv-optee/optee/build/t234/export-ta_arm64/lib/libutee.a(utee_syscalls_a64.o)
                0x000000000000fbc0                _utee_storage_obj_read
 .text._utee_storage_obj_write
                0x000000000000fbcc        0xc /home/avees/Linux_for_Tegra/sources/tegra/optee-src/nv-optee/optee/build/t234/export-ta_arm64/lib/libutee.a(utee_syscalls_a64.o)
                0x000000000000fbcc                _utee_storage_obj_write
 .text._utee_storage_obj_trunc
                0x000000000000fbd8        0xc /home/avees/Linux_for_Tegra/sources/tegra/optee-src/nv-optee/optee/build/t234/export-ta_arm64/lib/libutee.a(utee_syscalls_a64.o)
                0x000000000000fbd8                _utee_storage_obj_trunc
 .text._utee_storage_obj_seek
                0x000000000000fbe4        0xc /home/avees/Linux_for_Tegra/sources/tegra/optee-src/nv-optee/optee/build/t234/export-ta_arm64/lib/libutee.a(utee_syscalls_a64.o)
                0x000000000000fbe4                _utee_storage_obj_seek
 .text._utee_cryp_obj_generate_key
                0x000000000000fbf0        0xc /home/avees/Linux_for_Tegra/sources/tegra/optee-src/nv-optee/optee/build/t234/export-ta_arm64/lib/libutee.a(utee_syscalls_a64.o)
                0x000000000000fbf0                _utee_cryp_obj_generate_key
 .text._utee_cache_operation
                0x000000000000fbfc        0xc /home/avees/Linux_for_Tegra/sources/tegra/optee-src/nv-optee/optee/build/t234/export-ta_arm64/lib/libutee.a(utee_syscalls_a64.o)
                0x000000000000fbfc                _utee_cache_operation
 .text.unlikely
                0x000000000000fc08       0x20 /home/avees/Linux_for_Tegra/sources/tegra/optee-src/nv-optee/optee/build/t234/export-ta_arm64/lib/libutee.a(abort.o)
                0x000000000000fc08                abort
 .text          0x000000000000fc28     0x212c /home/avees/Linux_for_Tegra/sources/tegra/optee-src/nv-optee/optee/build/t234/export-ta_arm64/lib/libutee.a(tee_api_arith_mpi.o)
                0x000000000001048c                _TEE_MathAPI_Init
                0x00000000000104dc                TEE_BigIntInit
                0x000000000001053c                __GP11_TEE_BigIntInit
                0x0000000000010544                TEE_BigIntConvertFromOctetString
                0x000000000001060c                __GP11_TEE_BigIntConvertFromOctetString
                0x0000000000010614                TEE_BigIntConvertToOctetString
                0x00000000000106dc                __GP11_TEE_BigIntConvertToOctetString
                0x000000000001073c                TEE_BigIntConvertFromS32
                0x00000000000107ec                TEE_BigIntConvertToS32
                0x00000000000108a8                TEE_BigIntCmp
                0x000000000001093c                TEE_BigIntCmpS32
                0x0000000000010b88                TEE_BigIntShiftRight
                0x0000000000010d28                __GP11_TEE_BigIntShiftRight
                0x0000000000010d30                TEE_BigIntGetBit
                0x0000000000010db0                TEE_BigIntGetBitCount
                0x0000000000010e24                TEE_BigIntSetBit
                0x0000000000010ed4                TEE_BigIntAssign
                0x0000000000010f24                TEE_BigIntAbs
                0x0000000000010f50                TEE_BigIntAdd
                0x0000000000010f5c                TEE_BigIntSub
                0x0000000000010f68                TEE_BigIntNeg
                0x000000000001104c                TEE_BigIntMul
                0x0000000000011160                TEE_BigIntSquare
                0x0000000000011168                TEE_BigIntDiv
                0x000000000001131c                TEE_BigIntMod
                0x0000000000011388                TEE_BigIntAddMod
                0x0000000000011394                TEE_BigIntSubMod
                0x00000000000113a0                TEE_BigIntMulMod
                0x00000000000113ac                TEE_BigIntSquareMod
                0x00000000000113b8                TEE_BigIntInvMod
                0x0000000000011508                TEE_BigIntRelativePrime
                0x0000000000011610                TEE_BigIntExpMod
                0x00000000000117e4                TEE_BigIntComputeExtendedGcd
                0x0000000000011a4c                TEE_BigIntIsProbablePrime
                0x0000000000011ad0                TEE_BigIntInitFMM
                0x0000000000011ad4                __GP11_TEE_BigIntInitFMM
                0x0000000000011adc                TEE_BigIntInitFMMContext
                0x0000000000011ae0                __GP11_TEE_BigIntInitFMMContext
                0x0000000000011ae8                TEE_BigIntInitFMMContext1
                0x0000000000011af0                TEE_BigIntFMMSizeInU32
                0x0000000000011b00                __GP11_TEE_BigIntFMMSizeInU32
                0x0000000000011b18                TEE_BigIntFMMContextSizeInU32
                0x0000000000011b20                __GP11_TEE_BigIntFMMContextSizeInU32
                0x0000000000011b38                TEE_BigIntConvertToFMM
                0x0000000000011b3c                TEE_BigIntConvertFromFMM
                0x0000000000011c0c                TEE_BigIntComputeFMM
 .text          0x0000000000011d54     0x1b10 /home/avees/Linux_for_Tegra/sources/tegra/optee-src/nv-optee/optee/build/t234/export-ta_arm64/lib/libutee.a(tee_api_objects.o)
                0x0000000000011d54                __utee_from_attr
                0x0000000000011da4                __utee_from_gp11_attr
                0x0000000000011df4                TEE_GetObjectInfo
                0x0000000000011eb0                __GP11_TEE_GetObjectInfo
                0x0000000000011f74                TEE_GetObjectInfo1
                0x0000000000012024                __GP11_TEE_GetObjectInfo1
                0x00000000000120e4                TEE_RestrictObjectUsage1
                0x0000000000012128                TEE_RestrictObjectUsage
                0x00000000000121b8                TEE_GetObjectBufferAttribute
                0x00000000000122bc                __GP11_TEE_GetObjectBufferAttribute
                0x0000000000012354                TEE_GetObjectValueAttribute
                0x000000000001248c                TEE_CloseObject
                0x00000000000124b4                __GP11_TEE_AllocateTransientObject
                0x0000000000012568                TEE_AllocateTransientObject
                0x0000000000012584                TEE_FreeTransientObject
                0x0000000000012614                TEE_ResetTransientObject
                0x00000000000126a4                TEE_PopulateTransientObject
                0x00000000000127e8                __GP11_TEE_PopulateTransientObject
                0x000000000001292c                TEE_InitRefAttribute
                0x0000000000012978                __GP11_TEE_InitRefAttribute
                0x00000000000129c8                TEE_InitValueAttribute
                0x0000000000012a14                __GP11_TEE_InitValueAttribute
                0x0000000000012a60                TEE_CopyObjectAttributes1
                0x0000000000012b58                TEE_CopyObjectAttributes
                0x0000000000012bec                TEE_GenerateKey
                0x0000000000012cf8                __GP11_TEE_GenerateKey
                0x0000000000012e04                TEE_OpenPersistentObject
                0x0000000000012ee8                __GP11_TEE_OpenPersistentObject
                0x0000000000012ef0                TEE_CreatePersistentObject
                0x0000000000013034                __GP11_TEE_CreatePersistentObject
                0x00000000000130b0                TEE_CloseAndDeletePersistentObject1
                0x00000000000130f8                TEE_CloseAndDeletePersistentObject
                0x0000000000013124                TEE_RenamePersistentObject
                0x0000000000013180                __GP11_TEE_RenamePersistentObject
                0x0000000000013188                TEE_AllocatePersistentObjectEnumerator
                0x0000000000013218                TEE_FreePersistentObjectEnumerator
                0x0000000000013240                TEE_ResetPersistentObjectEnumerator
                0x0000000000013268                TEE_StartPersistentObjectEnumerator
                0x00000000000132b8                TEE_GetNextPersistentObject
                0x00000000000133d4                __GP11_TEE_GetNextPersistentObject
                0x0000000000013500                TEE_ReadObjectData
                0x00000000000135c8                __GP11_TEE_ReadObjectData
                0x0000000000013660                TEE_WriteObjectData
                0x00000000000136d8                __GP11_TEE_WriteObjectData
                0x00000000000136e0                TEE_TruncateObjectData
                0x000000000001373c                __GP11_TEE_TruncateObjectData
                0x0000000000013744                TEE_SeekObjectData
                0x000000000001385c                __GP11_TEE_SeekObjectData
 .text          0x0000000000013864      0xf78 /home/avees/Linux_for_Tegra/sources/tegra/optee-src/nv-optee/optee/build/t234/export-ta_arm64/lib/libutee.a(tee_api_property.o)
                0x0000000000013bf4                TEE_GetPropertyAsString
                0x0000000000013e50                __GP11_TEE_GetPropertyAsString
                0x0000000000013ee8                TEE_GetPropertyAsBool
                0x0000000000013fc0                TEE_GetPropertyAsU32
                0x00000000000140a8                TEE_GetPropertyAsU64
                0x0000000000014190                __GP11_TEE_GetPropertyAsBinaryBlock
                0x000000000001427c                TEE_GetPropertyAsBinaryBlock
                0x0000000000014314                TEE_GetPropertyAsUUID
                0x00000000000143fc                TEE_GetPropertyAsIdentity
                0x00000000000144e4                TEE_ResetPropertyEnumerator
                0x00000000000144f0                TEE_AllocatePropertyEnumerator
                0x0000000000014538                TEE_FreePropertyEnumerator
                0x000000000001453c                TEE_StartPropertyEnumerator
                0x000000000001454c                __GP11_TEE_GetPropertyName
                0x0000000000014674                TEE_GetPropertyName
                0x00000000000146fc                TEE_GetNextProperty
 .text          0x00000000000147dc      0x34c /home/avees/Linux_for_Tegra/sources/tegra/optee-src/nv-optee/optee/build/t234/export-ta_arm64/lib/libutee.a(tcb.o)
                0x00000000000147dc                __utee_tcb_init
                0x0000000000014a1c                __tls_get_addr
                0x0000000000014a38                dl_iterate_phdr
 .text          0x0000000000014b28      0x258 /home/avees/Linux_for_Tegra/sources/tegra/optee-src/nv-optee/optee/build/t234/export-ta_arm64/lib/libutee.a(base64.o)
                0x0000000000014b28                _base64_enc_len
                0x0000000000014b40                _base64_enc
                0x0000000000014c5c                _base64_dec
 .text          0x0000000000014d80     0x4190 /home/avees/Linux_for_Tegra/sources/tegra/optee-src/nv-optee/optee/build/t234/export-ta_arm64/lib/libmbedtls.a(bignum.o)
                0x0000000000015554                mbedtls_mpi_init
                0x0000000000015564                mbedtls_mpi_init_mempool
                0x000000000001558c                mbedtls_mpi_free
                0x00000000000155f8                mbedtls_mpi_grow
                0x000000000001574c                mbedtls_mpi_shrink
                0x000000000001586c                mbedtls_mpi_copy
                0x0000000000015938                mbedtls_mpi_swap
                0x00000000000159c0                mbedtls_mpi_lset
                0x0000000000015a28                mbedtls_mpi_get_bit
                0x0000000000015a54                mbedtls_mpi_set_bit
                0x0000000000015ae0                mbedtls_mpi_lsb
                0x0000000000015b34                mbedtls_mpi_bitlen
                0x0000000000015b90                mbedtls_mpi_size
                0x0000000000015bac                mbedtls_mpi_read_binary_le
                0x0000000000015c24                mbedtls_mpi_read_binary
                0x0000000000015ca8                mbedtls_mpi_write_binary_le
                0x0000000000015d60                mbedtls_mpi_write_binary
                0x0000000000015e24                mbedtls_mpi_shift_l
                0x0000000000015f34                mbedtls_mpi_shift_r
                0x0000000000015ff4                mbedtls_mpi_cmp_abs
                0x0000000000016090                mbedtls_mpi_cmp_mpi
                0x0000000000016164                mbedtls_mpi_cmp_int
                0x00000000000161d8                mbedtls_mpi_add_abs
                0x00000000000162f8                mbedtls_mpi_sub_abs
                0x0000000000016454                mbedtls_mpi_add_mpi
                0x00000000000164dc                mbedtls_mpi_sub_mpi
                0x0000000000016568                mbedtls_mpi_add_int
                0x00000000000165dc                mbedtls_mpi_sub_int
                0x0000000000016650                mbedtls_mpi_mul_mpi
                0x00000000000167fc                mbedtls_mpi_mul_int
                0x00000000000168a4                mbedtls_mpi_read_string
                0x0000000000016ab0                mbedtls_mpi_div_mpi
                0x0000000000016fe4                mbedtls_mpi_div_int
                0x0000000000017058                mbedtls_mpi_mod_mpi
                0x000000000001710c                mbedtls_mpi_mod_int
                0x00000000000171a8                mbedtls_mpi_write_string
                0x00000000000174dc                mbedtls_mpi_montg_init
                0x00000000000174e4                mbedtls_mpi_montmul
                0x00000000000174ec                mbedtls_mpi_montred
                0x00000000000174f0                mbedtls_mpi_exp_mod
                0x0000000000017bbc                mbedtls_mpi_gcd
                0x0000000000017d94                mbedtls_mpi_fill_random
                0x00000000000180a0                mbedtls_mpi_random
                0x0000000000018258                mbedtls_mpi_inv_mod
                0x00000000000186b0                mbedtls_mpi_is_prime_ext
                0x000000000001878c                mbedtls_mpi_is_prime
                0x000000000001879c                mbedtls_mpi_gen_prime
                0x0000000000018ae8                mbedtls_mpi_self_test
 .text          0x0000000000018f10      0x7c0 /home/avees/Linux_for_Tegra/sources/tegra/optee-src/nv-optee/optee/build/t234/export-ta_arm64/lib/libmbedtls.a(constant_time.o)
                0x0000000000018f30                mbedtls_ct_memcmp
                0x0000000000018f78                mbedtls_ct_uint_mask
                0x0000000000018f88                mbedtls_ct_mpi_uint_mask
                0x0000000000018f98                mbedtls_ct_size_bool_eq
                0x0000000000018fb0                mbedtls_ct_mpi_uint_lt
                0x0000000000018fcc                mbedtls_ct_uint_if
                0x0000000000018ffc                mbedtls_ct_mpi_uint_cond_assign
                0x0000000000019038                mbedtls_ct_base64_enc_char
                0x00000000000190e8                mbedtls_ct_base64_dec_value
                0x00000000000191a4                mbedtls_mpi_safe_cond_assign
                0x0000000000019260                mbedtls_mpi_safe_cond_swap
                0x000000000001935c                mbedtls_mpi_lt_mpi_ct
                0x0000000000019454                mbedtls_ct_rsaes_pkcs1_v15_unpadding
 .text          0x00000000000196d0       0x20 /home/avees/Linux_for_Tegra/sources/tegra/optee-src/nv-optee/optee/build/t234/export-ta_arm64/lib/libmbedtls.a(platform_util.o)
                0x00000000000196d0                mbedtls_platform_zeroize
 .text          0x00000000000196f0      0x128 /home/avees/Linux_for_Tegra/sources/tegra/optee-src/nv-optee/optee/build/t234/export-ta_arm64/lib/libutils.a(snprintf.o)
                0x00000000000196f0                snprintf
                0x00000000000197c0                vsnprintf
 .text          0x0000000000019818       0x5c /home/avees/Linux_for_Tegra/sources/tegra/optee-src/nv-optee/optee/build/t234/export-ta_arm64/lib/libutils.a(memmove.o)
                0x0000000000019818                memmove
 .text          0x0000000000019874       0x58 /home/avees/Linux_for_Tegra/sources/tegra/optee-src/nv-optee/optee/build/t234/export-ta_arm64/lib/libutils.a(strlcpy.o)
                0x0000000000019874                strlcpy
 .text          0x00000000000198cc      0x190 /home/avees/Linux_for_Tegra/sources/tegra/optee-src/nv-optee/optee/build/t234/export-ta_arm64/lib/libutils.a(mempool.o)
                0x00000000000198cc                mempool_alloc_pool
                0x0000000000019994                mempool_alloc
                0x00000000000199f8                mempool_calloc
                0x0000000000019a48                mempool_free
 .text          0x0000000000019a5c       0x70 /home/avees/Linux_for_Tegra/sources/tegra/optee-src/nv-optee/optee/build/t234/export-ta_arm64/lib/libutils.a(consttime_memcmp.o)
                0x0000000000019a5c                consttime_memcmp
 .text          0x0000000000019acc        0x0 /home/avees/Linux_for_Tegra/sources/tegra/optee-src/nv-optee/optee/build/t234/export-ta_arm64/lib/libutee.a(utee_syscalls_a64.o)
 .text          0x0000000000019acc        0x0 /home/avees/Linux_for_Tegra/sources/tegra/optee-src/nv-optee/optee/build/t234/export-ta_arm64/lib/libutee.a(abort.o)
 *(SORT_BY_ALIGNMENT(.stub))
 *(SORT_BY_ALIGNMENT(.glue_7))
 *(SORT_BY_ALIGNMENT(.glue_7t))
 *(SORT_BY_ALIGNMENT(.gnu.linkonce.t.*))
 *(SORT_BY_ALIGNMENT(.vfp11_veneer))
                0x0000000000019acc                __text_end = .

.note.gnu.property
 *(SORT_BY_ALIGNMENT(.note.gnu.property))

.plt            0x0000000000019acc        0x0
 *(SORT_BY_ALIGNMENT(.plt))
 .plt           0x0000000000019acc        0x0 ./darknetp_ta.o

.eh_frame_hdr
 *(SORT_BY_ALIGNMENT(.eh_frame_hdr))
 *(SORT_BY_ALIGNMENT(.eh_frame_entry) SORT_BY_ALIGNMENT(.eh_frame_entry.*))

.eh_frame       0x0000000000019ad0     0x51ec
 *(SORT_BY_ALIGNMENT(.eh_frame))
 .eh_frame      0x0000000000019ad0      0x2c0 ./darknetp_ta.o
 .eh_frame      0x0000000000019d90       0xa8 ./softmax_layer_TA.o
                                         0xb8 (size before relaxing)
 .eh_frame      0x0000000000019e38       0x88 ./utils_TA.o
                                         0xa0 (size before relaxing)
 .eh_frame      0x0000000000019ec0      0x120 ./connected_layer_TA.o
                                        0x130 (size before relaxing)
 .eh_frame      0x0000000000019fe0      0x368 ./math_TA.o
                                        0x380 (size before relaxing)
 .eh_frame      0x000000000001a348       0xe0 ./parser_TA.o
                                         0xf8 (size before relaxing)
 .eh_frame      0x000000000001a428      0x118 ./activations_TA.o
                                        0x128 (size before relaxing)
 .eh_frame      0x000000000001a540      0x210 ./blas_TA.o
                                        0x220 (size before relaxing)
 .eh_frame      0x000000000001a750       0xc0 ./maxpool_layer_TA.o
                                         0xd8 (size before relaxing)
 .eh_frame      0x000000000001a810      0x198 ./network_TA.o
                                        0x1b0 (size before relaxing)
 .eh_frame      0x000000000001a9a8      0x1b0 ./aes_TA.o
                                        0x1c0 (size before relaxing)
 .eh_frame      0x000000000001ab58       0x58 ./im2col_TA.o
                                         0x70 (size before relaxing)
 .eh_frame      0x000000000001abb0      0x198 ./batchnorm_layer_TA.o
                                        0x1b0 (size before relaxing)
 .eh_frame      0x000000000001ad48       0x98 ./dropout_layer_TA.o
                                         0xa8 (size before relaxing)
 .eh_frame      0x000000000001ade0      0x218 ./convolutional_layer_TA.o
                                        0x228 (size before relaxing)
 .eh_frame      0x000000000001aff8       0xc8 ./cost_layer_TA.o
                                         0xe0 (size before relaxing)
 .eh_frame      0x000000000001b0c0       0x78 ./avgpool_layer_TA.o
                                         0x88 (size before relaxing)
 .eh_frame      0x000000000001b138       0x58 ./col2im_TA.o
                                         0x70 (size before relaxing)
 .eh_frame      0x000000000001b190       0x78 ./gemm_TA.o
                                         0x90 (size before relaxing)
 .eh_frame      0x000000000001b208       0x40 ./diffprivate_TA.o
                                         0x50 (size before relaxing)
 .eh_frame      0x000000000001b248       0x30 ./user_ta_header.o
                                         0x40 (size before relaxing)
 .eh_frame      0x000000000001b278      0x2e0 /home/avees/Linux_for_Tegra/sources/tegra/optee-src/nv-optee/optee/build/t234/export-ta_arm64/lib/libutils.a(bget_malloc.o)
                                        0x2f8 (size before relaxing)
 .eh_frame      0x000000000001b558       0x18 /home/avees/Linux_for_Tegra/sources/tegra/optee-src/nv-optee/optee/build/t234/export-ta_arm64/lib/libutils.a(stack_check.o)
                                         0x30 (size before relaxing)
 .eh_frame      0x000000000001b570       0x18 /home/avees/Linux_for_Tegra/sources/tegra/optee-src/nv-optee/optee/build/t234/export-ta_arm64/lib/libutils.a(memcpy.o)
                                         0x28 (size before relaxing)
 .eh_frame      0x000000000001b588       0x18 /home/avees/Linux_for_Tegra/sources/tegra/optee-src/nv-optee/optee/build/t234/export-ta_arm64/lib/libutils.a(memset.o)
                                         0x28 (size before relaxing)
 .eh_frame      0x000000000001b5a0       0x18 /home/avees/Linux_for_Tegra/sources/tegra/optee-src/nv-optee/optee/build/t234/export-ta_arm64/lib/libutils.a(strcmp.o)
                                         0x28 (size before relaxing)
 .eh_frame      0x000000000001b5b8       0x18 /home/avees/Linux_for_Tegra/sources/tegra/optee-src/nv-optee/optee/build/t234/export-ta_arm64/lib/libutils.a(strncmp.o)
                                         0x28 (size before relaxing)
 .eh_frame      0x000000000001b5d0      0x110 /home/avees/Linux_for_Tegra/sources/tegra/optee-src/nv-optee/optee/build/t234/export-ta_arm64/lib/libutils.a(trace.o)
                                        0x120 (size before relaxing)
 .eh_frame      0x000000000001b6e0       0xf0 /home/avees/Linux_for_Tegra/sources/tegra/optee-src/nv-optee/optee/build/t234/export-ta_arm64/lib/libutils.a(snprintk.o)
                                        0x100 (size before relaxing)
 .eh_frame      0x000000000001b7d0       0x18 /home/avees/Linux_for_Tegra/sources/tegra/optee-src/nv-optee/optee/build/t234/export-ta_arm64/lib/libutils.a(memchr.o)
                                         0x28 (size before relaxing)
 .eh_frame      0x000000000001b7e8       0x18 /home/avees/Linux_for_Tegra/sources/tegra/optee-src/nv-optee/optee/build/t234/export-ta_arm64/lib/libutils.a(strlen.o)
                                         0x28 (size before relaxing)
 .eh_frame      0x000000000001b800       0x38 /home/avees/Linux_for_Tegra/sources/tegra/optee-src/nv-optee/optee/build/t234/export-ta_arm64/lib/libutee.a(assert.o)
                                         0x50 (size before relaxing)
 .eh_frame      0x000000000001b838       0xa8 /home/avees/Linux_for_Tegra/sources/tegra/optee-src/nv-optee/optee/build/t234/export-ta_arm64/lib/libutee.a(trace_ext.o)
                                         0xc0 (size before relaxing)
 .eh_frame      0x000000000001b8e0      0x588 /home/avees/Linux_for_Tegra/sources/tegra/optee-src/nv-optee/optee/build/t234/export-ta_arm64/lib/libutee.a(tee_api.o)
                                        0x5a0 (size before relaxing)
 .eh_frame      0x000000000001be68      0xaf0 /home/avees/Linux_for_Tegra/sources/tegra/optee-src/nv-optee/optee/build/t234/export-ta_arm64/lib/libutee.a(tee_api_operations.o)
                                        0xb08 (size before relaxing)
 .eh_frame      0x000000000001c958      0x190 /home/avees/Linux_for_Tegra/sources/tegra/optee-src/nv-optee/optee/build/t234/export-ta_arm64/lib/libutee.a(tee_api_panic.o)
                                        0x1a0 (size before relaxing)
 .eh_frame      0x000000000001cae8       0xc0 /home/avees/Linux_for_Tegra/sources/tegra/optee-src/nv-optee/optee/build/t234/export-ta_arm64/lib/libutee.a(tee_system_pta.o)
                                         0xd0 (size before relaxing)
 .eh_frame      0x000000000001cba8      0x150 /home/avees/Linux_for_Tegra/sources/tegra/optee-src/nv-optee/optee/build/t234/export-ta_arm64/lib/libutee.a(user_ta_entry.o)
                                        0x168 (size before relaxing)
 .eh_frame      0x000000000001ccf8       0x18 /home/avees/Linux_for_Tegra/sources/tegra/optee-src/nv-optee/optee/build/t234/export-ta_arm64/lib/libutee.a(abort.o)
                                         0x30 (size before relaxing)
 .eh_frame      0x000000000001cd10      0x7d0 /home/avees/Linux_for_Tegra/sources/tegra/optee-src/nv-optee/optee/build/t234/export-ta_arm64/lib/libutee.a(tee_api_arith_mpi.o)
                                        0x7e0 (size before relaxing)
 .eh_frame      0x000000000001d4e0      0x750 /home/avees/Linux_for_Tegra/sources/tegra/optee-src/nv-optee/optee/build/t234/export-ta_arm64/lib/libutee.a(tee_api_objects.o)
                                        0x768 (size before relaxing)
 .eh_frame      0x000000000001dc30      0x2f8 /home/avees/Linux_for_Tegra/sources/tegra/optee-src/nv-optee/optee/build/t234/export-ta_arm64/lib/libutee.a(tee_api_property.o)
                                        0x308 (size before relaxing)
 .eh_frame      0x000000000001df28       0x90 /home/avees/Linux_for_Tegra/sources/tegra/optee-src/nv-optee/optee/build/t234/export-ta_arm64/lib/libutee.a(tcb.o)
                                         0xa8 (size before relaxing)
 .eh_frame      0x000000000001dfb8       0x58 /home/avees/Linux_for_Tegra/sources/tegra/optee-src/nv-optee/optee/build/t234/export-ta_arm64/lib/libutee.a(base64.o)
                                         0x70 (size before relaxing)
 .eh_frame      0x000000000001e010      0x988 /home/avees/Linux_for_Tegra/sources/tegra/optee-src/nv-optee/optee/build/t234/export-ta_arm64/lib/libmbedtls.a(bignum.o)
                                        0x9a0 (size before relaxing)
 .eh_frame      0x000000000001e998      0x1e0 /home/avees/Linux_for_Tegra/sources/tegra/optee-src/nv-optee/optee/build/t234/export-ta_arm64/lib/libmbedtls.a(constant_time.o)
                                        0x1f8 (size before relaxing)
 .eh_frame      0x000000000001eb78       0x18 /home/avees/Linux_for_Tegra/sources/tegra/optee-src/nv-optee/optee/build/t234/export-ta_arm64/lib/libmbedtls.a(platform_util.o)
                                         0x28 (size before relaxing)
 .eh_frame      0x000000000001eb90       0x58 /home/avees/Linux_for_Tegra/sources/tegra/optee-src/nv-optee/optee/build/t234/export-ta_arm64/lib/libutils.a(snprintf.o)
                                         0x68 (size before relaxing)
 .eh_frame      0x000000000001ebe8       0x18 /home/avees/Linux_for_Tegra/sources/tegra/optee-src/nv-optee/optee/build/t234/export-ta_arm64/lib/libutils.a(memmove.o)
                                         0x28 (size before relaxing)
 .eh_frame      0x000000000001ec00       0x18 /home/avees/Linux_for_Tegra/sources/tegra/optee-src/nv-optee/optee/build/t234/export-ta_arm64/lib/libutils.a(strlcpy.o)
                                         0x28 (size before relaxing)
 .eh_frame      0x000000000001ec18       0x88 /home/avees/Linux_for_Tegra/sources/tegra/optee-src/nv-optee/optee/build/t234/export-ta_arm64/lib/libutils.a(mempool.o)
                                         0xa0 (size before relaxing)
 .eh_frame      0x000000000001eca0       0x1c /home/avees/Linux_for_Tegra/sources/tegra/optee-src/nv-optee/optee/build/t234/export-ta_arm64/lib/libutils.a(consttime_memcmp.o)
                                         0x30 (size before relaxing)
 *(SORT_BY_ALIGNMENT(.eh_frame.*))

.gcc_except_table
 *(SORT_BY_ALIGNMENT(.gcc_except_table) SORT_BY_ALIGNMENT(.gcc_except_table.*))

.rodata         0x000000000001ecc0     0x19cc
 *(SORT_BY_ALIGNMENT(.gnu.linkonce.r.*))
 *(SORT_BY_ALIGNMENT(.rodata) SORT_BY_ALIGNMENT(.rodata.*))
 .rodata.cst8   0x000000000001ecc0       0x58 ./math_TA.o
 .rodata.cst8   0x000000000001ed18       0x28 ./activations_TA.o
                                         0x30 (size before relaxing)
 .rodata.cst8   0x000000000001ed40        0x8 ./blas_TA.o
 .rodata.cst8   0x000000000001ed48        0x8 ./network_TA.o
                                         0x10 (size before relaxing)
 .rodata.cst8   0x000000000001ed50        0x8 ./diffprivate_TA.o
 .rodata.user_ta_header.c
                0x000000000001ed58       0x33 ./user_ta_header.o
                0x000000000001ed58                ta_num_props
                0x000000000001ed78                __ta_no_share_heap_size
                0x000000000001ed80                ta_heap_size
                0x000000000001ed88                trace_ext_prefix
 *fill*         0x000000000001ed8b        0x5 
 .rodata.lib/libutee/tee_api.c
                0x000000000001ed90       0x20 /home/avees/Linux_for_Tegra/sources/tegra/optee-src/nv-optee/optee/build/t234/export-ta_arm64/lib/libutee.a(tee_api.o)
 .rodata.darknetp_ta.c
                0x000000000001edb0       0x9a ./darknetp_ta.o
 *fill*         0x000000000001ee4a        0x2 
 .rodata.cst4   0x000000000001ee4c        0x4 ./darknetp_ta.o
 .rodata.activations_TA.c
                0x000000000001ee50       0x3a ./activations_TA.o
 *fill*         0x000000000001ee8a        0x2 
 .rodata.cst4   0x000000000001ee8c        0xc ./activations_TA.o
 .rodata.cst4   0x000000000001ee98        0x4 ./blas_TA.o
 .rodata.cst4   0x000000000001ee9c        0x4 ./maxpool_layer_TA.o
 .rodata.cst4   0x000000000001ee9c        0x4 ./batchnorm_layer_TA.o
                                          0xc (size before relaxing)
 .rodata.cost_layer_TA.c
                0x000000000001eea0       0x16 ./cost_layer_TA.o
 *fill*         0x000000000001eeb6        0x2 
 .rodata.cst4   0x000000000001eeb8        0x4 ./cost_layer_TA.o
 .rodata.lib/libutils/ext/snprintk.c
                0x000000000001eebc       0xac /home/avees/Linux_for_Tegra/sources/tegra/optee-src/nv-optee/optee/build/t234/export-ta_arm64/lib/libutils.a(snprintk.o)
 .rodata.lib/libutee/tee_api_operations.c
                0x000000000001ef68       0x1c /home/avees/Linux_for_Tegra/sources/tegra/optee-src/nv-optee/optee/build/t234/export-ta_arm64/lib/libutee.a(tee_api_operations.o)
 .rodata.lib/libutee/tee_system_pta.c
                0x000000000001ef84       0x31 /home/avees/Linux_for_Tegra/sources/tegra/optee-src/nv-optee/optee/build/t234/export-ta_arm64/lib/libutee.a(tee_system_pta.o)
 *fill*         0x000000000001efb5        0x3 
 .rodata.lib/libutee/tee_api_property.c
                0x000000000001efb8       0x20 /home/avees/Linux_for_Tegra/sources/tegra/optee-src/nv-optee/optee/build/t234/export-ta_arm64/lib/libutee.a(tee_api_property.o)
 .rodata.lib/libutee/base64.c
                0x000000000001efd8       0x45 /home/avees/Linux_for_Tegra/sources/tegra/optee-src/nv-optee/optee/build/t234/export-ta_arm64/lib/libutee.a(base64.o)
 *fill*         0x000000000001f01d        0x3 
 .rodata.lib/libmbedtls/mbedtls/library/bignum.c
                0x000000000001f020      0x2c4 /home/avees/Linux_for_Tegra/sources/tegra/optee-src/nv-optee/optee/build/t234/export-ta_arm64/lib/libmbedtls.a(bignum.o)
 .rodata.str1.1.darknetp_ta.c
                0x000000000001f2e4      0x14e ./darknetp_ta.o
 .rodata.str1.1.softmax_layer_TA.c
                0x000000000001f432       0x26 ./softmax_layer_TA.o
 .rodata.softmax_layer_TA.c
                0x000000000001f458       0x1a ./softmax_layer_TA.o
 .rodata.str1.1.parser_TA.c
                0x000000000001f472       0x23 ./parser_TA.o
 .rodata.parser_TA.c
                0x000000000001f495        0xb ./parser_TA.o
 .rodata.str1.1.activations_TA.c
                0x000000000001f4a0       0x4f ./activations_TA.o
                                         0x53 (size before relaxing)
 .rodata.str1.1.network_TA.c
                0x000000000001f4ef       0x55 ./network_TA.o
 .rodata.network_TA.c
                0x000000000001f544       0x15 ./network_TA.o
 .rodata.aes_TA.c
                0x000000000001f559      0x20b ./aes_TA.o
 .rodata.str1.1.cost_layer_TA.c
                0x000000000001f764       0x4a ./cost_layer_TA.o
 .rodata.str1.1.user_ta_header.c
                0x000000000001f7ae      0x133 ./user_ta_header.o
 .rodata.str1.1.lib/libutils/isoc/bget_malloc.c
                0x000000000001f8e1      0x2c8 /home/avees/Linux_for_Tegra/sources/tegra/optee-src/nv-optee/optee/build/t234/export-ta_arm64/lib/libutils.a(bget_malloc.o)
                                        0x2d3 (size before relaxing)
 .rodata.lib/libutils/isoc/bget_malloc.c
                0x000000000001fba9       0x51 /home/avees/Linux_for_Tegra/sources/tegra/optee-src/nv-optee/optee/build/t234/export-ta_arm64/lib/libutils.a(bget_malloc.o)
 .rodata.str1.1.lib/libutils/isoc/stack_check.c
                0x000000000001fbfa       0x18 /home/avees/Linux_for_Tegra/sources/tegra/optee-src/nv-optee/optee/build/t234/export-ta_arm64/lib/libutils.a(stack_check.o)
 .rodata.str1.1.lib/libutils/ext/trace.c
                0x000000000001fc12       0x3a /home/avees/Linux_for_Tegra/sources/tegra/optee-src/nv-optee/optee/build/t234/export-ta_arm64/lib/libutils.a(trace.o)
                                         0x3d (size before relaxing)
 .rodata.lib/libutils/ext/trace.c
                0x000000000001fc4c        0xf /home/avees/Linux_for_Tegra/sources/tegra/optee-src/nv-optee/optee/build/t234/export-ta_arm64/lib/libutils.a(trace.o)
 .rodata.str1.1.lib/libutils/ext/snprintk.c
                0x000000000001fc5b       0x38 /home/avees/Linux_for_Tegra/sources/tegra/optee-src/nv-optee/optee/build/t234/export-ta_arm64/lib/libutils.a(snprintk.o)
 .rodata.str1.1.lib/libutee/assert.c
                0x000000000001fc93       0x27 /home/avees/Linux_for_Tegra/sources/tegra/optee-src/nv-optee/optee/build/t234/export-ta_arm64/lib/libutee.a(assert.o)
 .rodata.str1.1.lib/libutee/trace_ext.c
                0x000000000001fcba       0x27 /home/avees/Linux_for_Tegra/sources/tegra/optee-src/nv-optee/optee/build/t234/export-ta_arm64/lib/libutee.a(trace_ext.o)
                                          0x2 (size before relaxing)
 .rodata.str1.1.lib/libutee/tee_api.c
                0x000000000001fcba       0x11 /home/avees/Linux_for_Tegra/sources/tegra/optee-src/nv-optee/optee/build/t234/export-ta_arm64/lib/libutee.a(tee_api.o)
 .rodata.str1.1.lib/libutee/tee_api_operations.c
                0x000000000001fccb       0x39 /home/avees/Linux_for_Tegra/sources/tegra/optee-src/nv-optee/optee/build/t234/export-ta_arm64/lib/libutee.a(tee_api_operations.o)
 .rodata.str1.1.lib/libutee/tee_api_panic.c
                0x000000000001fd04       0x6b /home/avees/Linux_for_Tegra/sources/tegra/optee-src/nv-optee/optee/build/t234/export-ta_arm64/lib/libutee.a(tee_api_panic.o)
 .rodata.lib/libutee/tee_api_panic.c
                0x000000000001fd6f        0xa /home/avees/Linux_for_Tegra/sources/tegra/optee-src/nv-optee/optee/build/t234/export-ta_arm64/lib/libutee.a(tee_api_panic.o)
 .rodata.str1.1.lib/libutee/tee_system_pta.c
                0x000000000001fd79       0x55 /home/avees/Linux_for_Tegra/sources/tegra/optee-src/nv-optee/optee/build/t234/export-ta_arm64/lib/libutee.a(tee_system_pta.o)
 .rodata.str1.1.lib/libutee/user_ta_entry.c
                0x000000000001fdce       0x4f /home/avees/Linux_for_Tegra/sources/tegra/optee-src/nv-optee/optee/build/t234/export-ta_arm64/lib/libutee.a(user_ta_entry.o)
 .rodata.lib/libutee/user_ta_entry.c
                0x000000000001fe1d       0x16 /home/avees/Linux_for_Tegra/sources/tegra/optee-src/nv-optee/optee/build/t234/export-ta_arm64/lib/libutee.a(user_ta_entry.o)
 .rodata.str1.1.lib/libutee/abort.c
                0x000000000001fe33        0x7 /home/avees/Linux_for_Tegra/sources/tegra/optee-src/nv-optee/optee/build/t234/export-ta_arm64/lib/libutee.a(abort.o)
 .rodata.str1.1.lib/libutee/tee_api_arith_mpi.c
                0x000000000001fe3a       0xc9 /home/avees/Linux_for_Tegra/sources/tegra/optee-src/nv-optee/optee/build/t234/export-ta_arm64/lib/libutee.a(tee_api_arith_mpi.o)
 .rodata.lib/libutee/tee_api_arith_mpi.c
                0x000000000001ff03      0x14e /home/avees/Linux_for_Tegra/sources/tegra/optee-src/nv-optee/optee/build/t234/export-ta_arm64/lib/libutee.a(tee_api_arith_mpi.o)
 .rodata.str1.1.lib/libutee/tee_api_property.c
                0x0000000000020051       0x83 /home/avees/Linux_for_Tegra/sources/tegra/optee-src/nv-optee/optee/build/t234/export-ta_arm64/lib/libutee.a(tee_api_property.o)
                                         0x88 (size before relaxing)
 .rodata.str1.1.lib/libutee/tcb.c
                0x00000000000200d4       0x8d /home/avees/Linux_for_Tegra/sources/tegra/optee-src/nv-optee/optee/build/t234/export-ta_arm64/lib/libutee.a(tcb.o)
 .rodata.lib/libutee/tcb.c
                0x0000000000020161       0x20 /home/avees/Linux_for_Tegra/sources/tegra/optee-src/nv-optee/optee/build/t234/export-ta_arm64/lib/libutee.a(tcb.o)
 .rodata.str1.1.lib/libmbedtls/mbedtls/library/bignum.c
                0x0000000000020181      0x456 /home/avees/Linux_for_Tegra/sources/tegra/optee-src/nv-optee/optee/build/t234/export-ta_arm64/lib/libmbedtls.a(bignum.o)
                                        0x45d (size before relaxing)
 .rodata.str1.1.lib/libutils/ext/mempool.c
                0x00000000000205d7       0x89 /home/avees/Linux_for_Tegra/sources/tegra/optee-src/nv-optee/optee/build/t234/export-ta_arm64/lib/libutils.a(mempool.o)
 .rodata.lib/libutils/ext/mempool.c
                0x0000000000020660       0x2c /home/avees/Linux_for_Tegra/sources/tegra/optee-src/nv-optee/optee/build/t234/export-ta_arm64/lib/libutils.a(mempool.o)

.gnu.version_d  0x0000000000020690        0x0
 .gnu.version_d
                0x0000000000020690        0x0 ./darknetp_ta.o

.gnu.version    0x000000000002068c        0x0
 .gnu.version   0x000000000002068c        0x0 ./darknetp_ta.o

.gnu.version_r  0x0000000000020690        0x0
 .gnu.version_r
                0x0000000000020690        0x0 ./darknetp_ta.o

.gnu.hash       0x0000000000020690       0x30
 .gnu.hash      0x0000000000020690       0x30 ./darknetp_ta.o

.ARM.extab
 *(SORT_BY_ALIGNMENT(.ARM.extab*) SORT_BY_ALIGNMENT(.gnu.linkonce.armextab.*))
                [!provide]                        PROVIDE (__exidx_start = .)

.ARM.exidx
 *(SORT_BY_ALIGNMENT(.ARM.exidx*) SORT_BY_ALIGNMENT(.gnu.linkonce.armexidx.*))
                [!provide]                        PROVIDE (__exidx_end = .)

.ctors
 *(SORT_BY_ALIGNMENT(.ctors))

.dtors
 *(SORT_BY_ALIGNMENT(.dtors))

.dynsym         0x00000000000206c0       0x90
 *(SORT_BY_ALIGNMENT(.dynsym))
 .dynsym        0x00000000000206c0       0x90 ./darknetp_ta.o

.dynstr         0x0000000000020750       0x2e
 *(SORT_BY_ALIGNMENT(.dynstr))
 .dynstr        0x0000000000020750       0x2e ./darknetp_ta.o

.hash           0x0000000000020780       0x2c
 *(SORT_BY_ALIGNMENT(.hash))
 .hash          0x0000000000020780       0x2c ./darknetp_ta.o

.rela.dyn       0x00000000000207b0      0x348
 .rela.data.rel.ro
                0x00000000000207b0        0x0 ./darknetp_ta.o
 .rela.ifunc    0x00000000000207b0        0x0 ./darknetp_ta.o
 .rela.data.rel.ro.local
                0x00000000000207b0      0x2d0 ./darknetp_ta.o
 .rela.data.rel.local
                0x0000000000020a80       0x60 ./darknetp_ta.o
 .rela.data.rel
                0x0000000000020ae0       0x18 ./darknetp_ta.o
                0x0000000000021000                . = ALIGN (0x1000)

.dynamic        0x0000000000021000      0x110
 *(SORT_BY_ALIGNMENT(.dynamic))
 .dynamic       0x0000000000021000      0x110 ./darknetp_ta.o
                0x0000000000021000                _DYNAMIC

.tdata
 *(SORT_BY_ALIGNMENT(.tdata) SORT_BY_ALIGNMENT(.tdata.*) SORT_BY_ALIGNMENT(.gnu.linkonce.td.*))

.tbss
 *(SORT_BY_ALIGNMENT(.tbss) SORT_BY_ALIGNMENT(.tbss.*) SORT_BY_ALIGNMENT(.gnu.linkonce.tb.*))
 *(SORT_BY_ALIGNMENT(.tcommon))

.got            0x0000000000021110      0x1b0
 *(SORT_BY_ALIGNMENT(.got.plt))
 .got.plt       0x0000000000021110       0x18 ./darknetp_ta.o
 *(SORT_BY_ALIGNMENT(.got))
 .got           0x0000000000021128      0x198 ./darknetp_ta.o
                0x0000000000021128                _GLOBAL_OFFSET_TABLE_

.rel.text
 *(SORT_BY_ALIGNMENT(.rel.text))
 *(SORT_BY_ALIGNMENT(.rel.gnu.linkonce.t*))

.rela.text
 *(SORT_BY_ALIGNMENT(.rela.text))
 *(SORT_BY_ALIGNMENT(.rela.gnu.linkonce.t*))

.rel.data
 *(SORT_BY_ALIGNMENT(.rel.data))
 *(SORT_BY_ALIGNMENT(.rel.gnu.linkonce.d*))

.rela.data
 *(SORT_BY_ALIGNMENT(.rela.data))
 *(SORT_BY_ALIGNMENT(.rela.gnu.linkonce.d*))

.rel.tdata
 *(SORT_BY_ALIGNMENT(.rel.tdata) SORT_BY_ALIGNMENT(.rel.tdata.*) SORT_BY_ALIGNMENT(.rel.gnu.linkonce.td.*))

.rela.tdata
 *(SORT_BY_ALIGNMENT(.rela.tdata) SORT_BY_ALIGNMENT(.rela.tdata.*) SORT_BY_ALIGNMENT(.rela.gnu.linkonce.td.*))

.rel.tbss
 *(SORT_BY_ALIGNMENT(.rel.tbss) SORT_BY_ALIGNMENT(.rel.tbss.*) SORT_BY_ALIGNMENT(.rel.gnu.linkonce.tb.*))

.rela.tbss
 *(SORT_BY_ALIGNMENT(.rela.tbss) SORT_BY_ALIGNMENT(.rela.tbss.*) SORT_BY_ALIGNMENT(.rela.gnu.linkonce.tb.*))

.rel.rodata
 *(SORT_BY_ALIGNMENT(.rel.rodata))
 *(SORT_BY_ALIGNMENT(.rel.gnu.linkonce.r*))

.rela.rodata
 *(SORT_BY_ALIGNMENT(.rela.rodata))
 *(SORT_BY_ALIGNMENT(.rela.gnu.linkonce.r*))

.rel.dyn
 *(SORT_BY_ALIGNMENT(.rel.dyn))

.rel.got
 *(SORT_BY_ALIGNMENT(.rel.got))

.rela.got       0x00000000000212c0      0x4b0
 *(SORT_BY_ALIGNMENT(.rela.got))
 .rela.got      0x00000000000212c0      0x4b0 ./darknetp_ta.o

.rel.ctors
 *(SORT_BY_ALIGNMENT(.rel.ctors))

.rela.ctors
 *(SORT_BY_ALIGNMENT(.rela.ctors))

.rel.dtors
 *(SORT_BY_ALIGNMENT(.rel.dtors))

.rela.dtors
 *(SORT_BY_ALIGNMENT(.rela.dtors))

.rel.init
 *(SORT_BY_ALIGNMENT(.rel.init))

.rela.init
 *(SORT_BY_ALIGNMENT(.rela.init))

.rel.fini
 *(SORT_BY_ALIGNMENT(.rel.fini))

.rela.fini
 *(SORT_BY_ALIGNMENT(.rela.fini))

.rel.bss
 *(SORT_BY_ALIGNMENT(.rel.bss))

.rela.bss       0x0000000000021770        0x0
 *(SORT_BY_ALIGNMENT(.rela.bss))
 .rela.bss      0x0000000000021770        0x0 ./darknetp_ta.o

.rel.plt
 *(SORT_BY_ALIGNMENT(.rel.plt))

.rela.plt       0x0000000000021770        0x0
 *(SORT_BY_ALIGNMENT(.rela.plt))
 .rela.plt      0x0000000000021770        0x0 ./darknetp_ta.o

.data           0x0000000000021770      0x1d4
 *(SORT_BY_ALIGNMENT(.data) SORT_BY_ALIGNMENT(.data.*) SORT_BY_ALIGNMENT(.gnu.linkonce.d.*))
 .data.rel.ro.local
                0x0000000000021770      0x108 ./user_ta_header.o
                0x0000000000021770                ta_props
 .data.rel.local
                0x0000000000021878       0x30 /home/avees/Linux_for_Tegra/sources/tegra/optee-src/nv-optee/optee/build/t234/export-ta_arm64/lib/libutils.a(bget_malloc.o)
 .data          0x00000000000218a8        0x8 /home/avees/Linux_for_Tegra/sources/tegra/optee-src/nv-optee/optee/build/t234/export-ta_arm64/lib/libutils.a(stack_check.o)
                0x00000000000218a8                __stack_chk_guard
 .data.rel.local
                0x00000000000218b0       0x20 /home/avees/Linux_for_Tegra/sources/tegra/optee-src/nv-optee/optee/build/t234/export-ta_arm64/lib/libutee.a(user_ta_entry.o)
 .data.rel.ro.local
                0x00000000000218d0       0x60 /home/avees/Linux_for_Tegra/sources/tegra/optee-src/nv-optee/optee/build/t234/export-ta_arm64/lib/libutee.a(tee_api_property.o)
                0x00000000000218d0                tee_props
 .data.rel      0x0000000000021930        0x8 /home/avees/Linux_for_Tegra/sources/tegra/optee-src/nv-optee/optee/build/t234/export-ta_arm64/lib/libmbedtls.a(platform_util.o)
 .data          0x0000000000021938        0x4 ./darknetp_ta.o
                0x0000000000021938                norm_output
 .data          0x000000000002193c        0x4 ./network_TA.o
                0x000000000002193c                avg_loss
 .data          0x0000000000021940        0x4 ./user_ta_header.o
                0x0000000000021940                trace_level
 .data.rel.ro   0x0000000000021944        0x0 ./darknetp_ta.o
 .data          0x0000000000021944        0x0 ./softmax_layer_TA.o
 .data          0x0000000000021944        0x0 ./utils_TA.o
 .data          0x0000000000021944        0x0 ./connected_layer_TA.o
 .data          0x0000000000021944        0x0 ./math_TA.o
 .data          0x0000000000021944        0x0 ./parser_TA.o
 .data          0x0000000000021944        0x0 ./activations_TA.o
 .data          0x0000000000021944        0x0 ./blas_TA.o
 .data          0x0000000000021944        0x0 ./maxpool_layer_TA.o
 .data          0x0000000000021944        0x0 ./aes_TA.o
 .data          0x0000000000021944        0x0 ./im2col_TA.o
 .data          0x0000000000021944        0x0 ./batchnorm_layer_TA.o
 .data          0x0000000000021944        0x0 ./dropout_layer_TA.o
 .data          0x0000000000021944        0x0 ./convolutional_layer_TA.o
 .data          0x0000000000021944        0x0 ./cost_layer_TA.o
 .data          0x0000000000021944        0x0 ./avgpool_layer_TA.o
 .data          0x0000000000021944        0x0 ./col2im_TA.o
 .data          0x0000000000021944        0x0 ./gemm_TA.o
 .data          0x0000000000021944        0x0 ./diffprivate_TA.o
 .data          0x0000000000021944        0x0 /home/avees/Linux_for_Tegra/sources/tegra/optee-src/nv-optee/optee/build/t234/export-ta_arm64/lib/libutils.a(bget_malloc.o)
 .data          0x0000000000021944        0x0 /home/avees/Linux_for_Tegra/sources/tegra/optee-src/nv-optee/optee/build/t234/export-ta_arm64/lib/libutils.a(memcpy.o)
 .data          0x0000000000021944        0x0 /home/avees/Linux_for_Tegra/sources/tegra/optee-src/nv-optee/optee/build/t234/export-ta_arm64/lib/libutils.a(memset.o)
 .data          0x0000000000021944        0x0 /home/avees/Linux_for_Tegra/sources/tegra/optee-src/nv-optee/optee/build/t234/export-ta_arm64/lib/libutils.a(strcmp.o)
 .data          0x0000000000021944        0x0 /home/avees/Linux_for_Tegra/sources/tegra/optee-src/nv-optee/optee/build/t234/export-ta_arm64/lib/libutils.a(strncmp.o)
 .data          0x0000000000021944        0x0 /home/avees/Linux_for_Tegra/sources/tegra/optee-src/nv-optee/optee/build/t234/export-ta_arm64/lib/libutils.a(trace.o)
 .data          0x0000000000021944        0x0 /home/avees/Linux_for_Tegra/sources/tegra/optee-src/nv-optee/optee/build/t234/export-ta_arm64/lib/libutils.a(snprintk.o)
 .data          0x0000000000021944        0x0 /home/avees/Linux_for_Tegra/sources/tegra/optee-src/nv-optee/optee/build/t234/export-ta_arm64/lib/libutils.a(memchr.o)
 .data          0x0000000000021944        0x0 /home/avees/Linux_for_Tegra/sources/tegra/optee-src/nv-optee/optee/build/t234/export-ta_arm64/lib/libutils.a(strlen.o)
 .data          0x0000000000021944        0x0 /home/avees/Linux_for_Tegra/sources/tegra/optee-src/nv-optee/optee/build/t234/export-ta_arm64/lib/libutee.a(assert.o)
 .data          0x0000000000021944        0x0 /home/avees/Linux_for_Tegra/sources/tegra/optee-src/nv-optee/optee/build/t234/export-ta_arm64/lib/libutee.a(trace_ext.o)
 .data          0x0000000000021944        0x0 /home/avees/Linux_for_Tegra/sources/tegra/optee-src/nv-optee/optee/build/t234/export-ta_arm64/lib/libutee.a(tee_api.o)
 .data          0x0000000000021944        0x0 /home/avees/Linux_for_Tegra/sources/tegra/optee-src/nv-optee/optee/build/t234/export-ta_arm64/lib/libutee.a(tee_api_operations.o)
 .data          0x0000000000021944        0x0 /home/avees/Linux_for_Tegra/sources/tegra/optee-src/nv-optee/optee/build/t234/export-ta_arm64/lib/libutee.a(tee_api_panic.o)
 .data          0x0000000000021944        0x0 /home/avees/Linux_for_Tegra/sources/tegra/optee-src/nv-optee/optee/build/t234/export-ta_arm64/lib/libutee.a(tee_system_pta.o)
 .data          0x0000000000021944        0x0 /home/avees/Linux_for_Tegra/sources/tegra/optee-src/nv-optee/optee/build/t234/export-ta_arm64/lib/libutee.a(user_ta_entry.o)
 .data          0x0000000000021944        0x0 /home/avees/Linux_for_Tegra/sources/tegra/optee-src/nv-optee/optee/build/t234/export-ta_arm64/lib/libutee.a(utee_syscalls_a64.o)
 .data          0x0000000000021944        0x0 /home/avees/Linux_for_Tegra/sources/tegra/optee-src/nv-optee/optee/build/t234/export-ta_arm64/lib/libutee.a(abort.o)
 .data          0x0000000000021944        0x0 /home/avees/Linux_for_Tegra/sources/tegra/optee-src/nv-optee/optee/build/t234/export-ta_arm64/lib/libutee.a(tee_api_arith_mpi.o)
 .data          0x0000000000021944        0x0 /home/avees/Linux_for_Tegra/sources/tegra/optee-src/nv-optee/optee/build/t234/export-ta_arm64/lib/libutee.a(tee_api_objects.o)
 .data          0x0000000000021944        0x0 /home/avees/Linux_for_Tegra/sources/tegra/optee-src/nv-optee/optee/build/t234/export-ta_arm64/lib/libutee.a(tee_api_property.o)
 .data          0x0000000000021944        0x0 /home/avees/Linux_for_Tegra/sources/tegra/optee-src/nv-optee/optee/build/t234/export-ta_arm64/lib/libutee.a(tcb.o)
 .data          0x0000000000021944        0x0 /home/avees/Linux_for_Tegra/sources/tegra/optee-src/nv-optee/optee/build/t234/export-ta_arm64/lib/libutee.a(base64.o)
 .data          0x0000000000021944        0x0 /home/avees/Linux_for_Tegra/sources/tegra/optee-src/nv-optee/optee/build/t234/export-ta_arm64/lib/libmbedtls.a(bignum.o)
 .data          0x0000000000021944        0x0 /home/avees/Linux_for_Tegra/sources/tegra/optee-src/nv-optee/optee/build/t234/export-ta_arm64/lib/libmbedtls.a(constant_time.o)
 .data          0x0000000000021944        0x0 /home/avees/Linux_for_Tegra/sources/tegra/optee-src/nv-optee/optee/build/t234/export-ta_arm64/lib/libmbedtls.a(platform_util.o)
 .data          0x0000000000021944        0x0 /home/avees/Linux_for_Tegra/sources/tegra/optee-src/nv-optee/optee/build/t234/export-ta_arm64/lib/libutils.a(snprintf.o)
 .data          0x0000000000021944        0x0 /home/avees/Linux_for_Tegra/sources/tegra/optee-src/nv-optee/optee/build/t234/export-ta_arm64/lib/libutils.a(memmove.o)
 .data          0x0000000000021944        0x0 /home/avees/Linux_for_Tegra/sources/tegra/optee-src/nv-optee/optee/build/t234/export-ta_arm64/lib/libutils.a(strlcpy.o)
 .data          0x0000000000021944        0x0 /home/avees/Linux_for_Tegra/sources/tegra/optee-src/nv-optee/optee/build/t234/export-ta_arm64/lib/libutils.a(mempool.o)
 .data          0x0000000000021944        0x0 /home/avees/Linux_for_Tegra/sources/tegra/optee-src/nv-optee/optee/build/t234/export-ta_arm64/lib/libutils.a(consttime_memcmp.o)

.bss            0x0000000000021948   0xa04210
 *(SORT_BY_ALIGNMENT(.bss) SORT_BY_ALIGNMENT(.bss.*) SORT_BY_ALIGNMENT(.gnu.linkonce.b.*) SORT_BY_ALIGNMENT(COMMON))
 .bss           0x0000000000021948       0x24 ./darknetp_ta.o
                0x0000000000021960                debug_summary_pass
                0x0000000000021964                debug_summary_com
                0x0000000000021968                netnum
 *fill*         0x000000000002196c        0x4 
 COMMON         0x0000000000021970        0x8 ./darknetp_ta.o
                0x0000000000021970                netta_truth
 COMMON         0x0000000000021978      0x130 ./network_TA.o
                0x0000000000021978                ta_net_delta
                0x0000000000021980                ta_net_input
                0x0000000000021988                netta
                0x0000000000021aa0                ta_net_output
 .bss           0x0000000000021aa8       0x10 /home/avees/Linux_for_Tegra/sources/tegra/optee-src/nv-optee/optee/build/t234/export-ta_arm64/lib/libutee.a(tee_api.o)
 .bss           0x0000000000021ab8        0x8 /home/avees/Linux_for_Tegra/sources/tegra/optee-src/nv-optee/optee/build/t234/export-ta_arm64/lib/libutee.a(tee_system_pta.o)
 .bss           0x0000000000021ac0        0x9 /home/avees/Linux_for_Tegra/sources/tegra/optee-src/nv-optee/optee/build/t234/export-ta_arm64/lib/libutee.a(user_ta_entry.o)
 *fill*         0x0000000000021ac9        0x7 
 COMMON         0x0000000000021ad0       0x60 /home/avees/Linux_for_Tegra/sources/tegra/optee-src/nv-optee/optee/build/t234/export-ta_arm64/lib/libutee.a(user_ta_entry.o)
                0x0000000000021ad0                ta_param_types
                0x0000000000021ad8                __ta_no_share_malloc_ctx
                0x0000000000021ae0                ta_params
                0x0000000000021b20                __elf_phdr_info
 .bss           0x0000000000021b30     0x4000 /home/avees/Linux_for_Tegra/sources/tegra/optee-src/nv-optee/optee/build/t234/export-ta_arm64/lib/libutee.a(tee_api_arith_mpi.o)
 .bss           0x0000000000025b30       0x10 /home/avees/Linux_for_Tegra/sources/tegra/optee-src/nv-optee/optee/build/t234/export-ta_arm64/lib/libutee.a(tcb.o)
 COMMON         0x0000000000025b40        0x8 /home/avees/Linux_for_Tegra/sources/tegra/optee-src/nv-optee/optee/build/t234/export-ta_arm64/lib/libmbedtls.a(bignum.o)
                0x0000000000025b40                mbedtls_mpi_mempool
 .bss           0x0000000000025b48        0x8 ./utils_TA.o
 .bss           0x0000000000025b50        0x8 ./network_TA.o
                0x0000000000025b50                err_sum
                0x0000000000025b54                roundnum
 .bss           0x0000000000025b58        0x0 ./softmax_layer_TA.o
 .bss           0x0000000000025b58        0x0 ./connected_layer_TA.o
 .bss           0x0000000000025b58        0x0 ./math_TA.o
 .bss           0x0000000000025b58        0x0 ./parser_TA.o
 .bss           0x0000000000025b58        0x0 ./activations_TA.o
 .bss           0x0000000000025b58        0x0 ./blas_TA.o
 .bss           0x0000000000025b58        0x0 ./maxpool_layer_TA.o
 .bss           0x0000000000025b58        0x0 ./aes_TA.o
 .bss           0x0000000000025b58        0x0 ./im2col_TA.o
 .bss           0x0000000000025b58        0x0 ./batchnorm_layer_TA.o
 .bss           0x0000000000025b58        0x0 ./dropout_layer_TA.o
 .bss           0x0000000000025b58        0x0 ./convolutional_layer_TA.o
 .bss           0x0000000000025b58        0x0 ./cost_layer_TA.o
 .bss           0x0000000000025b58        0x0 ./avgpool_layer_TA.o
 .bss           0x0000000000025b58        0x0 ./col2im_TA.o
 .bss           0x0000000000025b58        0x0 ./gemm_TA.o
 .bss           0x0000000000025b58        0x0 ./diffprivate_TA.o
 .bss           0x0000000000025b58        0x0 ./user_ta_header.o
 COMMON         0x0000000000025b58   0xa00000 ./user_ta_header.o
                0x0000000000025b58                ta_heap
                0x0000000000a25b58                __ta_no_share_heap
 .bss           0x0000000000a25b58        0x0 /home/avees/Linux_for_Tegra/sources/tegra/optee-src/nv-optee/optee/build/t234/export-ta_arm64/lib/libutils.a(bget_malloc.o)
 .bss           0x0000000000a25b58        0x0 /home/avees/Linux_for_Tegra/sources/tegra/optee-src/nv-optee/optee/build/t234/export-ta_arm64/lib/libutils.a(stack_check.o)
 .bss           0x0000000000a25b58        0x0 /home/avees/Linux_for_Tegra/sources/tegra/optee-src/nv-optee/optee/build/t234/export-ta_arm64/lib/libutils.a(memcpy.o)
 .bss           0x0000000000a25b58        0x0 /home/avees/Linux_for_Tegra/sources/tegra/optee-src/nv-optee/optee/build/t234/export-ta_arm64/lib/libutils.a(memset.o)
 .bss           0x0000000000a25b58        0x0 /home/avees/Linux_for_Tegra/sources/tegra/optee-src/nv-optee/optee/build/t234/export-ta_arm64/lib/libutils.a(strcmp.o)
 .bss           0x0000000000a25b58        0x0 /home/avees/Linux_for_Tegra/sources/tegra/optee-src/nv-optee/optee/build/t234/export-ta_arm64/lib/libutils.a(strncmp.o)
 .bss           0x0000000000a25b58        0x0 /home/avees/Linux_for_Tegra/sources/tegra/optee-src/nv-optee/optee/build/t234/export-ta_arm64/lib/libutils.a(trace.o)
 .bss           0x0000000000a25b58        0x0 /home/avees/Linux_for_Tegra/sources/tegra/optee-src/nv-optee/optee/build/t234/export-ta_arm64/lib/libutils.a(snprintk.o)
 .bss           0x0000000000a25b58        0x0 /home/avees/Linux_for_Tegra/sources/tegra/optee-src/nv-optee/optee/build/t234/export-ta_arm64/lib/libutils.a(memchr.o)
 .bss           0x0000000000a25b58        0x0 /home/avees/Linux_for_Tegra/sources/tegra/optee-src/nv-optee/optee/build/t234/export-ta_arm64/lib/libutils.a(strlen.o)
 .bss           0x0000000000a25b58        0x0 /home/avees/Linux_for_Tegra/sources/tegra/optee-src/nv-optee/optee/build/t234/export-ta_arm64/lib/libutee.a(assert.o)
 .bss           0x0000000000a25b58        0x0 /home/avees/Linux_for_Tegra/sources/tegra/optee-src/nv-optee/optee/build/t234/export-ta_arm64/lib/libutee.a(trace_ext.o)
 .bss           0x0000000000a25b58        0x0 /home/avees/Linux_for_Tegra/sources/tegra/optee-src/nv-optee/optee/build/t234/export-ta_arm64/lib/libutee.a(tee_api_operations.o)