Archive member included to satisfy reference by file (symbol)

/home/avees/Linux_for_Tegra/sources/tegra/optee-src/nv-optee/optee/build/t234/export-ta_arm64/lib/libutils.a(bget_malloc.o)
                              ./darknetp_ta.o (malloc)
/home/avees/Linux_for_Tegra/sources/tegra/optee-src/nv-optee/optee/build/t234/export-ta_arm64/lib/libutils.a(stack_check.o)
                              ./darknetp_ta.o (__stack_chk_fail)
/home/avees/Linux_for_Tegra/sources/tegra/optee-src/nv-optee/optee/build/t234/export-ta_arm64/lib/libutils.a(memcpy.o)
                              ./darknetp_ta.o (memcpy)
/home/avees/Linux_for_Tegra/sources/tegra/optee-src/nv-optee/optee/build/t234/export-ta_arm64/lib/libutils.a(memset.o)
                              ./softmax_layer_TA.o (memset)
/home/avees/Linux_for_Tegra/sources/tegra/optee-src/nv-optee/optee/build/t234/export-ta_arm64/lib/libutils.a(strcmp.o)
                              ./activations_TA.o (strcmp)
/home/avees/Linux_for_Tegra/sources/tegra/optee-src/nv-optee/optee/build/t234/export-ta_arm64/lib/libutils.a(strncmp.o)
                              ./parser_TA.o (strncmp)
/home/avees/Linux_for_Tegra/sources/tegra/optee-src/nv-optee/optee/build/t234/export-ta_arm64/lib/libutils.a(trace.o)
                              ./darknetp_ta.o (trace_printf)
/home/avees/Linux_for_Tegra/sources/tegra/optee-src/nv-optee/optee/build/t234/export-ta_arm64/lib/libutils.a(snprintk.o)
                              /home/avees/Linux_for_Tegra/sources/tegra/optee-src/nv-optee/optee/build/t234/export-ta_arm64/lib/libutils.a(trace.o) (vsnprintk)
/home/avees/Linux_for_Tegra/sources/tegra/optee-src/nv-optee/optee/build/t234/export-ta_arm64/lib/libutils.a(memchr.o)
                              /home/avees/Linux_for_Tegra/sources/tegra/optee-src/nv-optee/optee/build/t234/export-ta_arm64/lib/libutils.a(snprintk.o) (memchr)
/home/avees/Linux_for_Tegra/sources/tegra/optee-src/nv-optee/optee/build/t234/export-ta_arm64/lib/libutils.a(strlen.o)
                              /home/avees/Linux_for_Tegra/sources/tegra/optee-src/nv-optee/optee/build/t234/export-ta_arm64/lib/libutils.a(snprintk.o) (strlen)
/home/avees/Linux_for_Tegra/sources/tegra/optee-src/nv-optee/optee/build/t234/export-ta_arm64/lib/libutee.a(assert.o)
                              ./softmax_layer_TA.o (_assert_log)
/home/avees/Linux_for_Tegra/sources/tegra/optee-src/nv-optee/optee/build/t234/export-ta_arm64/lib/libutee.a(trace_ext.o)
                              /home/avees/Linux_for_Tegra/sources/tegra/optee-src/nv-optee/optee/build/t234/export-ta_arm64/lib/libutils.a(trace.o) (trace_ext_puts)
/home/avees/Linux_for_Tegra/sources/tegra/optee-src/nv-optee/optee/build/t234/export-ta_arm64/lib/libutee.a(tee_api_operations.o)
                              ./math_TA.o (TEE_GenerateRandom)
/home/avees/Linux_for_Tegra/sources/tegra/optee-src/nv-optee/optee/build/t234/export-ta_arm64/lib/libutee.a(tee_api_panic.o)
                              /home/avees/Linux_for_Tegra/sources/tegra/optee-src/nv-optee/optee/build/t234/export-ta_arm64/lib/libutee.a(tee_api_operations.o) (TEE_Panic)
/home/avees/Linux_for_Tegra/sources/tegra/optee-src/nv-optee/optee/build/t234/export-ta_arm64/lib/libutee.a(user_ta_entry.o)
                              ./user_ta_header.o (__utee_entry)
/home/avees/Linux_for_Tegra/sources/tegra/optee-src/nv-optee/optee/build/t234/export-ta_arm64/lib/libutee.a(utee_syscalls_a64.o)
                              /home/avees/Linux_for_Tegra/sources/tegra/optee-src/nv-optee/optee/build/t234/export-ta_arm64/lib/libutils.a(stack_check.o) (_utee_panic)
/home/avees/Linux_for_Tegra/sources/tegra/optee-src/nv-optee/optee/build/t234/export-ta_arm64/lib/libutee.a(abort.o)
                              /home/avees/Linux_for_Tegra/sources/tegra/optee-src/nv-optee/optee/build/t234/export-ta_arm64/lib/libutee.a(user_ta_entry.o) (abort)
/home/avees/Linux_for_Tegra/sources/tegra/optee-src/nv-optee/optee/build/t234/export-ta_arm64/lib/libutee.a(tee_api.o)
                              /home/avees/Linux_for_Tegra/sources/tegra/optee-src/nv-optee/optee/build/t234/export-ta_arm64/lib/libutee.a(tee_api_panic.o) (TEE_CheckMemoryAccessRights)
/home/avees/Linux_for_Tegra/sources/tegra/optee-src/nv-optee/optee/build/t234/export-ta_arm64/lib/libutee.a(tee_api_arith_mpi.o)
                              /home/avees/Linux_for_Tegra/sources/tegra/optee-src/nv-optee/optee/build/t234/export-ta_arm64/lib/libutee.a(user_ta_entry.o) (_TEE_MathAPI_Init)
/home/avees/Linux_for_Tegra/sources/tegra/optee-src/nv-optee/optee/build/t234/export-ta_arm64/lib/libutee.a(tee_api_objects.o)
                              /home/avees/Linux_for_Tegra/sources/tegra/optee-src/nv-optee/optee/build/t234/export-ta_arm64/lib/libutee.a(tee_api_operations.o) (__utee_from_attr)
/home/avees/Linux_for_Tegra/sources/tegra/optee-src/nv-optee/optee/build/t234/export-ta_arm64/lib/libutee.a(tee_api_property.o)
[...]
Memory Configuration

Name             Origin             Length             Attributes
*default*        0x0000000000000000 0xffffffffffffffff

Linker script and memory map


.ta_head        0x0000000000000000       0x20
 *(SORT_BY_ALIGNMENT(.ta_head))
 .ta_head       0x0000000000000000       0x20 ./user_ta_header.o
                0x0000000000000000                ta_head

.text           0x0000000000000020    0x19754
                0x0000000000000020                __text_start = .
 *(SORT_BY_ALIGNMENT(.text) SORT_BY_ALIGNMENT(.text.*))
 .text          0x0000000000000020       0xec /home/avees/Linux_for_Tegra/sources/tegra/optee-src/nv-optee/optee/build/t234/export-ta_arm64/lib/libutils.a(memcpy.o)
                0x0000000000000020                memcpy
 .text          0x000000000000010c      0xfdc ./darknetp_ta.o
                0x00000000000007f4                summary_array
                0x0000000000000944                TA_CreateEntryPoint
                0x000000000000097c                TA_DestroyEntryPoint
                0x00000000000009a0                TA_OpenSessionEntryPoint
                0x0000000000000a10                TA_CloseSessionEntryPoint
                0x0000000000000a34                TA_InvokeCommandEntryPoint
 .text          0x00000000000010e8      0x2c0 ./gemm_TA.o
                0x00000000000010e8                gemm_nn_TA
                0x000000000000116c                gemm_nt_TA
                0x00000000000011f4                gemm_tn_TA
                0x0000000000001274                gemm_tt_TA
                0x00000000000012fc                gemm_cpu_TA
                0x00000000000013a4                gemm_TA
 .text          0x00000000000013a8      0x638 ./blas_TA.o
                0x00000000000013a8                fill_cpu_TA
                0x00000000000013c8                copy_cpu_TA
                0x00000000000013f0                mean_cpu_TA
                0x000000000000147c                variance_cpu_TA
                0x000000000000158c                scal_cpu_TA
                0x00000000000015b4                axpy_cpu_TA
                0x00000000000015e4                normalize_cpu_TA
                0x00000000000016d4                softmax_TA
                0x00000000000017bc                softmax_cpu_TA
                0x0000000000001878                softmax_x_ent_cpu_TA
                0x0000000000001904                smooth_l1_cpu_TA
                0x0000000000001968                l1_cpu_TA
                0x00000000000019b0                l2_cpu_TA
 .text          0x00000000000019e0      0x278 ./softmax_layer_TA.o
                0x00000000000019e0                forward_softmax_layer_TA
                0x0000000000001b00                backward_softmax_layer_TA
                0x0000000000001b24                make_softmax_layer_TA_new
 .text          0x0000000000001c58      0x158 ./utils_TA.o
                0x0000000000001c58                sum_array_TA
                0x0000000000001c7c                rand_uniform_TA
                0x0000000000001cb8                rand_normal_TA
 .text          0x0000000000001db0      0x6f0 ./connected_layer_TA.o
                0x0000000000001db0                forward_connected_layer_TA_new
                0x0000000000001ea8                backward_connected_layer_TA_new
                0x0000000000001fdc                update_connected_layer_TA_new
                0x0000000000002104                make_connected_layer_TA_new
 .text          0x00000000000024a0      0x95c ./math_TA.o
                0x00000000000024a0                ta_max
                0x00000000000024ac                ta_pow
                0x00000000000024fc                ta_eee
                0x000000000000259c                ta_exp
                0x00000000000025f8                ta_rand
                0x0000000000002690                ta_floor
                0x00000000000026a4                ta_sqrt
                0x0000000000002718                F1
                0x0000000000002724                F2
                0x000000000000274c                simpson
                0x00000000000027e0                asr
                0x00000000000028c4                asr0
                0x0000000000002914                ta_ln
                0x000000000000292c                ta_log
                0x0000000000002960                ta_cos
                0x0000000000002ab0                ta_sin
                0x0000000000002c04                ta_tan
                0x0000000000002c34                reverse
                0x0000000000002c68                intToStr
                0x0000000000002d08                ftoa
                0x0000000000002db0                bubble_sort_top
 .text          0x0000000000002dfc      0x524 ./parser_TA.o
                0x0000000000002dfc                aes_cbc_TA
                0x0000000000003024                transpose_matrix_TA
                0x00000000000030c8                load_weights_TA
                0x0000000000003248                save_weights_TA
 .text          0x0000000000003320      0x790 ./activations_TA.o
                0x0000000000003320                get_activation_string_TA
                0x00000000000033e8                get_activation_TA
                0x0000000000003588                activate_TA
                0x0000000000003838                activate_array_TA
                0x000000000000388c                gradient_TA
                0x0000000000003a48                gradient_array_TA
 .text          0x0000000000003ab0      0x410 ./maxpool_layer_TA.o
                0x0000000000003ab0                forward_maxpool_layer_TA_new
                0x0000000000003c90                backward_maxpool_layer_TA_new
                0x0000000000003ce8                make_maxpool_layer_TA
                0x0000000000003e18                resize_maxpool_layer_TA
 .text          0x0000000000003ec0      0x31c ./cost_layer_TA.o
                0x0000000000003ec0                forward_cost_layer_TA
                0x0000000000003f90                backward_cost_layer_TA
                0x0000000000003fb4                get_cost_type_TA
                0x0000000000004094                get_cost_string_TA
                0x0000000000004100                make_cost_layer_TA_new
 .text          0x00000000000041dc      0x28c ./dropout_layer_TA.o
                0x00000000000041dc                backward_dropout_layer_TA_new
                0x0000000000004240                forward_dropout_layer_TA_new
                0x00000000000042f4                make_dropout_layer_TA_new
                0x0000000000004430                resize_dropout_layer_TA
 .text          0x0000000000004468      0x7a4 ./network_TA.o
                0x0000000000004468                make_network_TA
                0x00000000000045f4                update_network_TA
                0x00000000000046b0                calc_network_cost_TA
                0x0000000000004728                forward_network_TA
                0x0000000000004944                calc_network_loss_TA
                0x0000000000004a48                backward_network_TA
 .text          0x0000000000004c0c      0x8d8 ./aes_TA.o
                0x0000000000005234                AES_init_ctx
                0x0000000000005238                AES_init_ctx_iv
                0x0000000000005260                AES_ctx_set_iv
                0x000000000000526c                AES_ECB_encrypt
                0x000000000000527c                AES_ECB_decrypt
                0x000000000000528c                AES_CBC_encrypt_buffer
                0x0000000000005318                AES_CBC_decrypt_buffer
                0x00000000000053f0                AES_CTR_xcrypt_buffer
 .text          0x00000000000054e4      0x17c ./im2col_TA.o
                0x00000000000054e4                im2col_get_pixel_TA
                0x0000000000005518                im2col_cpu_TA
 .text          0x0000000000005660      0x724 ./batchnorm_layer_TA.o
                0x0000000000005660                forward_batchnorm_layer_TA
                0x000000000000583c                backward_scale_cpu_TA
                0x00000000000058b4                mean_delta_cpu_TA
                0x00000000000059a8                variance_delta_cpu_TA
                0x0000000000005ac0                normalize_delta_cpu_TA
                0x0000000000005c04                backward_batchnorm_layer_TA
 .text          0x0000000000005d84      0xe4c ./convolutional_layer_TA.o
                0x0000000000005d84                update_convolutional_layer_TA_new
                0x0000000000005ea4                swap_binary_TA
                0x0000000000005eb8                add_bias_TA
                0x0000000000005f20                scale_bias_TA
                0x0000000000005f88                backward_bias_TA
                0x0000000000006028                backward_convolutional_layer_TA_new
                0x0000000000006310                convolutional_out_height_TA
                0x0000000000006334                convolutional_out_width_TA
                0x0000000000006358                binarize_weights_TA
                0x00000000000063e0                binarize_cpu_TA
                0x0000000000006410                forward_convolutional_layer_TA_new
                0x0000000000006660                make_convolutional_layer_TA_new
 .text          0x0000000000006bd0      0x20c ./avgpool_layer_TA.o
                0x0000000000006bd0                forward_avgpool_layer_TA_new
                0x0000000000006c70                backward_avgpool_layer_TA_new
                0x0000000000006d04                make_avgpool_layer_TA
                0x0000000000006dc4                resize_avgpool_layer_TA
 .text          0x0000000000006ddc      0x17c ./col2im_TA.o
                0x0000000000006ddc                col2im_add_pixel_TA
                0x0000000000006e14                col2im_cpu_TA
 .text          0x0000000000006f58       0xc4 ./diffprivate_TA.o
                0x0000000000006f58                diff_private_SGD
 .text          0x000000000000701c       0x1c ./user_ta_header.o
                0x000000000000701c                __ta_entry
                0x0000000000007030                tahead_get_trace_level
 .text          0x0000000000007038      0xd00 /home/avees/Linux_for_Tegra/sources/tegra/optee-src/nv-optee/optee/build/t234/export-ta_arm64/lib/libutils.a(bget_malloc.o)
                0x0000000000007070                bget
                0x0000000000007338                bgetz
                0x00000000000073c0                brel
                0x0000000000007644                bgetr
                0x0000000000007714                bpool
                0x00000000000077e4                raw_memalign
                0x0000000000007838                raw_malloc
                0x0000000000007848                raw_free
                0x0000000000007858                raw_calloc
                0x00000000000078a8                raw_realloc
                0x0000000000007990                malloc
                0x00000000000079a8                calloc
                0x00000000000079c4                realloc
                0x00000000000079dc                memalign
                0x00000000000079f8                aligned_alloc
                0x0000000000007a10                free
                0x0000000000007a20                free_wipe
                0x0000000000007a30                raw_malloc_get_ctx_size
                0x0000000000007a38                raw_malloc_init_ctx
                0x0000000000007a64                raw_malloc_add_pool
                0x0000000000007b2c                raw_malloc_buffer_overlaps_heap
                0x0000000000007bac                raw_malloc_buffer_is_within_alloced
                0x0000000000007cfc                malloc_add_pool
                0x0000000000007d10                malloc_buffer_is_within_alloced
                0x0000000000007d24                malloc_buffer_overlaps_heap
 .text          0x0000000000007d38       0x30 /home/avees/Linux_for_Tegra/sources/tegra/optee-src/nv-optee/optee/build/t234/export-ta_arm64/lib/libutils.a(stack_check.o)
                0x0000000000007d38                __stack_chk_fail
 .text          0x0000000000007d68       0x1c /home/avees/Linux_for_Tegra/sources/tegra/optee-src/nv-optee/optee/build/t234/export-ta_arm64/lib/libutils.a(memset.o)
                0x0000000000007d68                memset
 .text          0x0000000000007d84       0x24 /home/avees/Linux_for_Tegra/sources/tegra/optee-src/nv-optee/optee/build/t234/export-ta_arm64/lib/libutils.a(strcmp.o)
                0x0000000000007d84                strcmp
 .text          0x0000000000007da8       0x3c /home/avees/Linux_for_Tegra/sources/tegra/optee-src/nv-optee/optee/build/t234/export-ta_arm64/lib/libutils.a(strncmp.o)
                0x0000000000007da8                strncmp
 .text          0x0000000000007de4      0x32c /home/avees/Linux_for_Tegra/sources/tegra/optee-src/nv-optee/optee/build/t234/export-ta_arm64/lib/libutils.a(trace.o)
                0x0000000000007de4                trace_set_level
                0x0000000000007e00                trace_get_level
                0x0000000000007e10                trace_vprintf
                0x000000000000802c                trace_printf
                0x000000000000810c                dhex_dump
 .text          0x0000000000008110      0xe10 /home/avees/Linux_for_Tegra/sources/tegra/optee-src/nv-optee/optee/build/t234/export-ta_arm64/lib/libutils.a(snprintk.o)
                0x0000000000008110                __vsnprintf
                0x00000000000081d0                vsnprintk
                0x0000000000008228                snprintk
                0x0000000000008ed4                __vsprintf
 .text          0x0000000000008f20       0x2c /home/avees/Linux_for_Tegra/sources/tegra/optee-src/nv-optee/optee/build/t234/export-ta_arm64/lib/libutils.a(memchr.o)
                0x0000000000008f20                memchr
 .text          0x0000000000008f4c       0x1c /home/avees/Linux_for_Tegra/sources/tegra/optee-src/nv-optee/optee/build/t234/export-ta_arm64/lib/libutils.a(strlen.o)
                0x0000000000008f4c                strlen
 .text          0x0000000000008f68       0x58 /home/avees/Linux_for_Tegra/sources/tegra/optee-src/nv-optee/optee/build/t234/export-ta_arm64/lib/libutee.a(assert.o)
                0x0000000000008f68                _assert_log
                0x0000000000008fac                _assert_break
 .text          0x0000000000008fc0      0x1e0 /home/avees/Linux_for_Tegra/sources/tegra/optee-src/nv-optee/optee/build/t234/export-ta_arm64/lib/libutee.a(trace_ext.o)
                0x0000000000008fc0                trace_ext_puts
                0x0000000000008fe8                trace_ext_get_thread_id
                0x0000000000008ff0                printf
                0x00000000000090f0                puts
                0x0000000000009130                putchar
 .text          0x00000000000091a0     0x472c /home/avees/Linux_for_Tegra/sources/tegra/optee-src/nv-optee/optee/build/t234/export-ta_arm64/lib/libutee.a(tee_api_operations.o)
                0x00000000000098cc                TEE_FreeOperation
                0x000000000000990c                TEE_AllocateOperation
                0x000000000000a644                __GP11_TEE_FreeOperation
                0x000000000000a670                TEE_GetOperationInfo
                0x000000000000a6c4                TEE_GetOperationInfoMultiple
                0x000000000000a874                __GP11_TEE_GetOperationInfoMultiple
                0x000000000000a8fc                TEE_ResetOperation
                0x000000000000a938                TEE_SetOperationKey
                0x000000000000aa84                __GP11_TEE_SetOperationKey
                0x000000000000aac0                TEE_SetOperationKey2
                0x000000000000aae0                __GP11_TEE_SetOperationKey2
                0x000000000000ab2c                TEE_CopyOperation
                0x000000000000ac88                TEE_DigestUpdate
                0x000000000000acf8                __GP11_TEE_DigestUpdate
                0x000000000000ad00                TEE_DigestDoFinal
                0x000000000000ae6c                __GP11_TEE_DigestDoFinal
                0x000000000000af0c                TEE_DigestExtract
                0x000000000000b0b0                TEE_CipherInit
                0x000000000000b190                __GP11_TEE_CipherInit
                0x000000000000b198                TEE_CipherUpdate
                0x000000000000b32c                __GP11_TEE_CipherUpdate
                0x000000000000b3cc                TEE_CipherDoFinal
                0x000000000000b5e4                __GP11_TEE_CipherDoFinal
                0x000000000000b694                TEE_MACInit
                0x000000000000b738                __GP11_TEE_MACInit
                0x000000000000b740                TEE_MACUpdate
                0x000000000000b7e0                __GP11_TEE_MACUpdate
                0x000000000000b7e8                TEE_MACComputeFinal
                0x000000000000b8f8                __GP11_TEE_MACComputeFinal
                0x000000000000b998                TEE_MACCompareFinal
                0x000000000000ba9c                __GP11_TEE_MACCompareFinal
                0x000000000000baa8                TEE_AEInit
                0x000000000000bb6c                __GP11_TEE_AEInit
                0x000000000000bb7c                TEE_AEUpdateAAD
                0x000000000000bc18                __GP11_TEE_AEUpdateAAD
                0x000000000000bcac                TEE_AEUpdate
                0x000000000000bd8c                __GP11_TEE_AEUpdate
                0x000000000000beac                TEE_AEEncryptFinal
                0x000000000000c0ac                __GP11_TEE_AEEncryptFinal
                0x000000000000c180                TEE_AEDecryptFinal
                0x000000000000c354                __GP11_TEE_AEDecryptFinal
                0x000000000000c40c                TEE_AsymmetricEncrypt
                0x000000000000c5d0                __GP11_TEE_AsymmetricEncrypt
                0x000000000000c778                TEE_AsymmetricDecrypt
                0x000000000000c940                __GP11_TEE_AsymmetricDecrypt
                0x000000000000caec                TEE_AsymmetricSignDigest
                0x000000000000cc8c                __GP11_TEE_AsymmetricSignDigest
                0x000000000000ce2c                TEE_AsymmetricVerifyDigest
                0x000000000000cfb8                __GP11_TEE_AsymmetricVerifyDigest
                0x000000000000d144                TEE_DeriveKey
                0x000000000000d2f4                __GP11_TEE_DeriveKey
                0x000000000000d4a4                TEE_GenerateRandom
                0x000000000000d4c4                __GP11_TEE_GenerateRandom
                0x000000000000d4cc                rand
                0x000000000000d524                TEE_IsAlgorithmSupported
 .text          0x000000000000d8cc      0x21c /home/avees/Linux_for_Tegra/sources/tegra/optee-src/nv-optee/optee/build/t234/export-ta_arm64/lib/libutee.a(tee_api_panic.o)
                0x000000000000d8e8                TEE_Panic
                0x000000000000d900                __utee_check_outbuf_annotation
                0x000000000000d94c                __utee_check_gp11_outbuf_annotation
                0x000000000000d998                __utee_check_instring_annotation
                0x000000000000d9c8                __utee_check_outstring_annotation
                0x000000000000da14                __utee_check_gp11_outstring_annotation
                0x000000000000da60                __utee_check_out_annotation
                0x000000000000da80                __utee_check_attr_in_annotation
                0x000000000000daa4                __utee_check_gp11_attr_in_annotation
                0x000000000000dac8                __utee_check_inout_annotation
 .text          0x000000000000dae8      0x74c /home/avees/Linux_for_Tegra/sources/tegra/optee-src/nv-optee/optee/build/t234/export-ta_arm64/lib/libutee.a(user_ta_entry.o)
                0x000000000000ddac                __utee_call_elf_init_fn
                0x000000000000df04                __utee_call_elf_fini_fn
                0x000000000000dfac                __utee_entry
 .text._utee_panic
                0x000000000000e234        0xc /home/avees/Linux_for_Tegra/sources/tegra/optee-src/nv-optee/optee/build/t234/export-ta_arm64/lib/libutee.a(utee_syscalls_a64.o)
                0x000000000000e234                _utee_panic
 .text._utee_return
                0x000000000000e240        0xc /home/avees/Linux_for_Tegra/sources/tegra/optee-src/nv-optee/optee/build/t234/export-ta_arm64/lib/libutee.a(utee_syscalls_a64.o)
                0x000000000000e240                _utee_return
 .text._utee_log
                0x000000000000e24c        0xc /home/avees/Linux_for_Tegra/sources/tegra/optee-src/nv-optee/optee/build/t234/export-ta_arm64/lib/libutee.a(utee_syscalls_a64.o)
                0x000000000000e24c                _utee_log
 .text.__utee_panic
                0x000000000000e258        0xc /home/avees/Linux_for_Tegra/sources/tegra/optee-src/nv-optee/optee/build/t234/export-ta_arm64/lib/libutee.a(utee_syscalls_a64.o)
                0x000000000000e258                __utee_panic
 .text._utee_get_property
                0x000000000000e264        0xc /home/avees/Linux_for_Tegra/sources/tegra/optee-src/nv-optee/optee/build/t234/export-ta_arm64/lib/libutee.a(utee_syscalls_a64.o)
                0x000000000000e264                _utee_get_property
 .text._utee_get_property_name_to_index
                0x000000000000e270        0xc /home/avees/Linux_for_Tegra/sources/tegra/optee-src/nv-optee/optee/build/t234/export-ta_arm64/lib/libutee.a(utee_syscalls_a64.o)
                0x000000000000e270                _utee_get_property_name_to_index
 .text._utee_open_ta_session
                0x000000000000e27c        0xc /home/avees/Linux_for_Tegra/sources/tegra/optee-src/nv-optee/optee/build/t234/export-ta_arm64/lib/libutee.a(utee_syscalls_a64.o)
                0x000000000000e27c                _utee_open_ta_session
 .text._utee_close_ta_session
                0x000000000000e288        0xc /home/avees/Linux_for_Tegra/sources/tegra/optee-src/nv-optee/optee/build/t234/export-ta_arm64/lib/libutee.a(utee_syscalls_a64.o)
                0x000000000000e288                _utee_close_ta_session
 .text._utee_invoke_ta_command
                0x000000000000e294        0xc /home/avees/Linux_for_Tegra/sources/tegra/optee-src/nv-optee/optee/build/t234/export-ta_arm64/lib/libutee.a(utee_syscalls_a64.o)
                0x000000000000e294                _utee_invoke_ta_command
 .text._utee_get_cancellation_flag
                0x000000000000e2a0        0xc /home/avees/Linux_for_Tegra/sources/tegra/optee-src/nv-optee/optee/build/t234/export-ta_arm64/lib/libutee.a(utee_syscalls_a64.o)
                0x000000000000e2a0                _utee_get_cancellation_flag
 .text._utee_check_access_rights
                0x000000000000e2ac        0xc /home/avees/Linux_for_Tegra/sources/tegra/optee-src/nv-optee/optee/build/t234/export-ta_arm64/lib/libutee.a(utee_syscalls_a64.o)
                0x000000000000e2ac                _utee_check_access_rights
 .text._utee_unmask_cancellation
                0x000000000000e2b8        0xc /home/avees/Linux_for_Tegra/sources/tegra/optee-src/nv-optee/optee/build/t234/export-ta_arm64/lib/libutee.a(utee_syscalls_a64.o)
                0x000000000000e2b8                _utee_unmask_cancellation
 .text._utee_mask_cancellation
                0x000000000000e2c4        0xc /home/avees/Linux_for_Tegra/sources/tegra/optee-src/nv-optee/optee/build/t234/export-ta_arm64/lib/libutee.a(utee_syscalls_a64.o)
                0x000000000000e2c4                _utee_mask_cancellation
 .text._utee_wait
                0x000000000000e2d0        0xc /home/avees/Linux_for_Tegra/sources/tegra/optee-src/nv-optee/optee/build/t234/export-ta_arm64/lib/libutee.a(utee_syscalls_a64.o)
                0x000000000000e2d0                _utee_wait
 .text._utee_get_time
                0x000000000000e2dc        0xc /home/avees/Linux_for_Tegra/sources/tegra/optee-src/nv-optee/optee/build/t234/export-ta_arm64/lib/libutee.a(utee_syscalls_a64.o)
                0x000000000000e2dc                _utee_get_time
 .text._utee_set_ta_time
                0x000000000000e2e8        0xc /home/avees/Linux_for_Tegra/sources/tegra/optee-src/nv-optee/optee/build/t234/export-ta_arm64/lib/libutee.a(utee_syscalls_a64.o)
                0x000000000000e2e8                _utee_set_ta_time
 .text._utee_cryp_state_alloc
                0x000000000000e2f4        0xc /home/avees/Linux_for_Tegra/sources/tegra/optee-src/nv-optee/optee/build/t234/export-ta_arm64/lib/libutee.a(utee_syscalls_a64.o)
                0x000000000000e2f4                _utee_cryp_state_alloc
 .text._utee_cryp_state_copy
                0x000000000000e300        0xc /home/avees/Linux_for_Tegra/sources/tegra/optee-src/nv-optee/optee/build/t234/export-ta_arm64/lib/libutee.a(utee_syscalls_a64.o)
                0x000000000000e300                _utee_cryp_state_copy
 .text._utee_cryp_state_free
                0x000000000000e30c        0xc /home/avees/Linux_for_Tegra/sources/tegra/optee-src/nv-optee/optee/build/t234/export-ta_arm64/lib/libutee.a(utee_syscalls_a64.o)
                0x000000000000e30c                _utee_cryp_state_free
 .text._utee_hash_init
                0x000000000000e318        0xc /home/avees/Linux_for_Tegra/sources/tegra/optee-src/nv-optee/optee/build/t234/export-ta_arm64/lib/libutee.a(utee_syscalls_a64.o)
                0x000000000000e318                _utee_hash_init
 .text._utee_hash_update
                0x000000000000e324        0xc /home/avees/Linux_for_Tegra/sources/tegra/optee-src/nv-optee/optee/build/t234/export-ta_arm64/lib/libutee.a(utee_syscalls_a64.o)
                0x000000000000e324                _utee_hash_update
 .text._utee_hash_final
                0x000000000000e330        0xc /home/avees/Linux_for_Tegra/sources/tegra/optee-src/nv-optee/optee/build/t234/export-ta_arm64/lib/libutee.a(utee_syscalls_a64.o)
                0x000000000000e330                _utee_hash_final
 .text._utee_cipher_init
                0x000000000000e33c        0xc /home/avees/Linux_for_Tegra/sources/tegra/optee-src/nv-optee/optee/build/t234/export-ta_arm64/lib/libutee.a(utee_syscalls_a64.o)
                0x000000000000e33c                _utee_cipher_init
 .text._utee_cipher_update
                0x000000000000e348        0xc /home/avees/Linux_for_Tegra/sources/tegra/optee-src/nv-optee/optee/build/t234/export-ta_arm64/lib/libutee.a(utee_syscalls_a64.o)
                0x000000000000e348                _utee_cipher_update
 .text._utee_cipher_final
                0x000000000000e354        0xc /home/avees/Linux_for_Tegra/sources/tegra/optee-src/nv-optee/optee/build/t234/export-ta_arm64/lib/libutee.a(utee_syscalls_a64.o)
                0x000000000000e354                _utee_cipher_final
 .text._utee_cryp_obj_get_info
                0x000000000000e360        0xc /home/avees/Linux_for_Tegra/sources/tegra/optee-src/nv-optee/optee/build/t234/export-ta_arm64/lib/libutee.a(utee_syscalls_a64.o)
                0x000000000000e360                _utee_cryp_obj_get_info
 .text._utee_cryp_obj_restrict_usage
                0x000000000000e36c        0xc /home/avees/Linux_for_Tegra/sources/tegra/optee-src/nv-optee/optee/build/t234/export-ta_arm64/lib/libutee.a(utee_syscalls_a64.o)
                0x000000000000e36c                _utee_cryp_obj_restrict_usage
 .text._utee_cryp_obj_get_attr
                0x000000000000e378        0xc /home/avees/Linux_for_Tegra/sources/tegra/optee-src/nv-optee/optee/build/t234/export-ta_arm64/lib/libutee.a(utee_syscalls_a64.o)
                0x000000000000e378                _utee_cryp_obj_get_attr
 .text._utee_cryp_obj_alloc
                0x000000000000e384        0xc /home/avees/Linux_for_Tegra/sources/tegra/optee-src/nv-optee/optee/build/t234/export-ta_arm64/lib/libutee.a(utee_syscalls_a64.o)
                0x000000000000e384                _utee_cryp_obj_alloc
 .text._utee_cryp_obj_close
                0x000000000000e390        0xc /home/avees/Linux_for_Tegra/sources/tegra/optee-src/nv-optee/optee/build/t234/export-ta_arm64/lib/libutee.a(utee_syscalls_a64.o)
                0x000000000000e390                _utee_cryp_obj_close
 .text._utee_cryp_obj_reset
                0x000000000000e39c        0xc /home/avees/Linux_for_Tegra/sources/tegra/optee-src/nv-optee/optee/build/t234/export-ta_arm64/lib/libutee.a(utee_syscalls_a64.o)
                0x000000000000e39c                _utee_cryp_obj_reset
 .text._utee_cryp_obj_populate
                0x000000000000e3a8        0xc /home/avees/Linux_for_Tegra/sources/tegra/optee-src/nv-optee/optee/build/t234/export-ta_arm64/lib/libutee.a(utee_syscalls_a64.o)
                0x000000000000e3a8                _utee_cryp_obj_populate
 .text._utee_cryp_obj_copy
                0x000000000000e3b4        0xc /home/avees/Linux_for_Tegra/sources/tegra/optee-src/nv-optee/optee/build/t234/export-ta_arm64/lib/libutee.a(utee_syscalls_a64.o)
                0x000000000000e3b4                _utee_cryp_obj_copy
 .text._utee_cryp_derive_key
                0x000000000000e3c0        0xc /home/avees/Linux_for_Tegra/sources/tegra/optee-src/nv-optee/optee/build/t234/export-ta_arm64/lib/libutee.a(utee_syscalls_a64.o)
                0x000000000000e3c0                _utee_cryp_derive_key
 .text._utee_cryp_random_number_generate
                0x000000000000e3cc        0xc /home/avees/Linux_for_Tegra/sources/tegra/optee-src/nv-optee/optee/build/t234/export-ta_arm64/lib/libutee.a(utee_syscalls_a64.o)
                0x000000000000e3cc                _utee_cryp_random_number_generate
 .text._utee_authenc_init
                0x000000000000e3d8        0xc /home/avees/Linux_for_Tegra/sources/tegra/optee-src/nv-optee/optee/build/t234/export-ta_arm64/lib/libutee.a(utee_syscalls_a64.o)
                0x000000000000e3d8                _utee_authenc_init
 .text._utee_authenc_update_aad
                0x000000000000e3e4        0xc /home/avees/Linux_for_Tegra/sources/tegra/optee-src/nv-optee/optee/build/t234/export-ta_arm64/lib/libutee.a(utee_syscalls_a64.o)
                0x000000000000e3e4                _utee_authenc_update_aad
 .text._utee_authenc_update_payload
                0x000000000000e3f0        0xc /home/avees/Linux_for_Tegra/sources/tegra/optee-src/nv-optee/optee/build/t234/export-ta_arm64/lib/libutee.a(utee_syscalls_a64.o)
                0x000000000000e3f0                _utee_authenc_update_payload
 .text._utee_authenc_enc_final
                0x000000000000e3fc        0xc /home/avees/Linux_for_Tegra/sources/tegra/optee-src/nv-optee/optee/build/t234/export-ta_arm64/lib/libutee.a(utee_syscalls_a64.o)
                0x000000000000e3fc                _utee_authenc_enc_final
 .text._utee_authenc_dec_final
                0x000000000000e408        0xc /home/avees/Linux_for_Tegra/sources/tegra/optee-src/nv-optee/optee/build/t234/export-ta_arm64/lib/libutee.a(utee_syscalls_a64.o)
                0x000000000000e408                _utee_authenc_dec_final
 .text._utee_asymm_operate
                0x000000000000e414        0xc /home/avees/Linux_for_Tegra/sources/tegra/optee-src/nv-optee/optee/build/t234/export-ta_arm64/lib/libutee.a(utee_syscalls_a64.o)
                0x000000000000e414                _utee_asymm_operate
 .text._utee_asymm_verify
                0x000000000000e420        0xc /home/avees/Linux_for_Tegra/sources/tegra/optee-src/nv-optee/optee/build/t234/export-ta_arm64/lib/libutee.a(utee_syscalls_a64.o)
                0x000000000000e420                _utee_asymm_verify
 .text._utee_storage_obj_open
                0x000000000000e42c        0xc /home/avees/Linux_for_Tegra/sources/tegra/optee-src/nv-optee/optee/build/t234/export-ta_arm64/lib/libutee.a(utee_syscalls_a64.o)
                0x000000000000e42c                _utee_storage_obj_open
 .text._utee_storage_obj_create
                0x000000000000e438        0xc /home/avees/Linux_for_Tegra/sources/tegra/optee-src/nv-optee/optee/build/t234/export-ta_arm64/lib/libutee.a(utee_syscalls_a64.o)
                0x000000000000e438                _utee_storage_obj_create
 .text._utee_storage_obj_del
                0x000000000000e444        0xc /home/avees/Linux_for_Tegra/sources/tegra/optee-src/nv-optee/optee/build/t234/export-ta_arm64/lib/libutee.a(utee_syscalls_a64.o)
                0x000000000000e444                _utee_storage_obj_del
 .text._utee_storage_obj_rename
                0x000000000000e450        0xc /home/avees/Linux_for_Tegra/sources/tegra/optee-src/nv-optee/optee/build/t234/export-ta_arm64/lib/libutee.a(utee_syscalls_a64.o)
                0x000000000000e450                _utee_storage_obj_rename
 .text._utee_storage_alloc_enum
                0x000000000000e45c        0xc /home/avees/Linux_for_Tegra/sources/tegra/optee-src/nv-optee/optee/build/t234/export-ta_arm64/lib/libutee.a(utee_syscalls_a64.o)
                0x000000000000e45c                _utee_storage_alloc_enum
 .text._utee_storage_free_enum
                0x000000000000e468        0xc /home/avees/Linux_for_Tegra/sources/tegra/optee-src/nv-optee/optee/build/t234/export-ta_arm64/lib/libutee.a(utee_syscalls_a64.o)
                0x000000000000e468                _utee_storage_free_enum
 .text._utee_storage_reset_enum
                0x000000000000e474        0xc /home/avees/Linux_for_Tegra/sources/tegra/optee-src/nv-optee/optee/build/t234/export-ta_arm64/lib/libutee.a(utee_syscalls_a64.o)
                0x000000000000e474                _utee_storage_reset_enum
 .text._utee_storage_start_enum
                0x000000000000e480        0xc /home/avees/Linux_for_Tegra/sources/tegra/optee-src/nv-optee/optee/build/t234/export-ta_arm64/lib/libutee.a(utee_syscalls_a64.o)
                0x000000000000e480                _utee_storage_start_enum
 .text._utee_storage_next_enum
                0x000000000000e48c        0xc /home/avees/Linux_for_Tegra/sources/tegra/optee-src/nv-optee/optee/build/t234/export-ta_arm64/lib/libutee.a(utee_syscalls_a64.o)
                0x000000000000e48c                _utee_storage_next_enum
 .text._utee_storage_obj_read
                0x000000000000e498        0xc /home/avees/Linux_for_Tegra/sources/tegra/optee-src/nv-optee/optee/build/t234/export-ta_arm64/lib/libutee.a(utee_syscalls_a64.o)
                0x000000000000e498                _utee_storage_obj_read
 .text._utee_storage_obj_write
                0x000000000000e4a4        0xc /home/avees/Linux_for_Tegra/sources/tegra/optee-src/nv-optee/optee/build/t234/export-ta_arm64/lib/libutee.a(utee_syscalls_a64.o)
                0x000000000000e4a4                _utee_storage_obj_write
 .text._utee_storage_obj_trunc
                0x000000000000e4b0        0xc /home/avees/Linux_for_Tegra/sources/tegra/optee-src/nv-optee/optee/build/t234/export-ta_arm64/lib/libutee.a(utee_syscalls_a64.o)
                0x000000000000e4b0                _utee_storage_obj_trunc
 .text._utee_storage_obj_seek
                0x000000000000e4bc        0xc /home/avees/Linux_for_Tegra/sources/tegra/optee-src/nv-optee/optee/build/t234/export-ta_arm64/lib/libutee.a(utee_syscalls_a64.o)
                0x000000000000e4bc                _utee_storage_obj_seek
 .text._utee_cryp_obj_generate_key
                0x000000000000e4c8        0xc /home/avees/Linux_for_Tegra/sources/tegra/optee-src/nv-optee/optee/build/t234/export-ta_arm64/lib/libutee.a(utee_syscalls_a64.o)
                0x000000000000e4c8                _utee_cryp_obj_generate_key
 .text._utee_cache_operation
                0x000000000000e4d4        0xc /home/avees/Linux_for_Tegra/sources/tegra/optee-src/nv-optee/optee/build/t234/export-ta_arm64/lib/libutee.a(utee_syscalls_a64.o)
                0x000000000000e4d4                _utee_cache_operation
 .text.unlikely
                0x000000000000e4e0       0x20 /home/avees/Linux_for_Tegra/sources/tegra/optee-src/nv-optee/optee/build/t234/export-ta_arm64/lib/libutee.a(abort.o)
                0x000000000000e4e0                abort
 .text          0x000000000000e500     0x10c0 /home/avees/Linux_for_Tegra/sources/tegra/optee-src/nv-optee/optee/build/t234/export-ta_arm64/lib/libutee.a(tee_api.o)
                0x000000000000e8b0                TEE_CloseTASession
                0x000000000000e8d8                TEE_GetCancellationFlag
                0x000000000000e938                TEE_UnmaskCancellation
                0x000000000000e998                TEE_MaskCancellation
                0x000000000000e9f8                TEE_CheckMemoryAccessRights
                0x000000000000ec1c                TEE_OpenTASession
                0x000000000000ed70                __GP11_TEE_OpenTASession
                0x000000000000eeb8                TEE_InvokeTACommand
                0x000000000000f03c                __GP11_TEE_InvokeTACommand
                0x000000000000f1b4                __GP11_TEE_CheckMemoryAccessRights
                0x000000000000f1bc                TEE_SetInstanceData
                0x000000000000f1c8                TEE_GetInstanceData
                0x000000000000f1d4                TEE_MemMove
                0x000000000000f1d8                __GP11_TEE_MemMove
                0x000000000000f1e0                TEE_MemCompare
                0x000000000000f1e4                __GP11_TEE_MemCompare
                0x000000000000f1ec                TEE_MemFill
                0x000000000000f1f0                __GP11_TEE_MemFill
                0x000000000000f1f8                TEE_GetSystemTime
                0x000000000000f220                TEE_Wait
                0x000000000000f25c                TEE_GetTAPersistentTime
                0x000000000000f2d0                TEE_SetTAPersistentTime
                0x000000000000f314                TEE_GetREETime
                0x000000000000f33c                TEE_Malloc
                0x000000000000f460                __GP11_TEE_Malloc
                0x000000000000f468                TEE_Free
                0x000000000000f4c8                TEE_Realloc
                0x000000000000f5a0                __GP11_TEE_Realloc
                0x000000000000f5a8                TEE_CacheClean
                0x000000000000f5b0                TEE_CacheFlush
                0x000000000000f5b8                TEE_CacheInvalidate
 .text          0x000000000000f5c0     0x212c /home/avees/Linux_for_Tegra/sources/tegra/optee-src/nv-optee/optee/build/t234/export-ta_arm64/lib/libutee.a(tee_api_arith_mpi.o)
                0x000000000000fe24                _TEE_MathAPI_Init
                0x000000000000fe74                TEE_BigIntInit
                0x000000000000fed4                __GP11_TEE_BigIntInit
                0x000000000000fedc                TEE_BigIntConvertFromOctetString
                0x000000000000ffa4                __GP11_TEE_BigIntConvertFromOctetString
                0x000000000000ffac                TEE_BigIntConvertToOctetString
                0x0000000000010074                __GP11_TEE_BigIntConvertToOctetString
                0x00000000000100d4                TEE_BigIntConvertFromS32
                0x0000000000010184                TEE_BigIntConvertToS32
                0x0000000000010240                TEE_BigIntCmp
                0x00000000000102d4                TEE_BigIntCmpS32
                0x0000000000010520                TEE_BigIntShiftRight
                0x00000000000106c0                __GP11_TEE_BigIntShiftRight
                0x00000000000106c8                TEE_BigIntGetBit
                0x0000000000010748                TEE_BigIntGetBitCount
                0x00000000000107bc                TEE_BigIntSetBit
                0x000000000001086c                TEE_BigIntAssign
                0x00000000000108bc                TEE_BigIntAbs
                0x00000000000108e8                TEE_BigIntAdd
                0x00000000000108f4                TEE_BigIntSub
                0x0000000000010900                TEE_BigIntNeg
                0x00000000000109e4                TEE_BigIntMul
                0x0000000000010af8                TEE_BigIntSquare
                0x0000000000010b00                TEE_BigIntDiv
                0x0000000000010cb4                TEE_BigIntMod
                0x0000000000010d20                TEE_BigIntAddMod
                0x0000000000010d2c                TEE_BigIntSubMod
                0x0000000000010d38                TEE_BigIntMulMod
                0x0000000000010d44                TEE_BigIntSquareMod
                0x0000000000010d50                TEE_BigIntInvMod
                0x0000000000010ea0                TEE_BigIntRelativePrime
                0x0000000000010fa8                TEE_BigIntExpMod
                0x000000000001117c                TEE_BigIntComputeExtendedGcd
                0x00000000000113e4                TEE_BigIntIsProbablePrime
                0x0000000000011468                TEE_BigIntInitFMM
                0x000000000001146c                __GP11_TEE_BigIntInitFMM
                0x0000000000011474                TEE_BigIntInitFMMContext
                0x0000000000011478                __GP11_TEE_BigIntInitFMMContext
                0x0000000000011480                TEE_BigIntInitFMMContext1
                0x0000000000011488                TEE_BigIntFMMSizeInU32
                0x0000000000011498                __GP11_TEE_BigIntFMMSizeInU32
                0x00000000000114b0                TEE_BigIntFMMContextSizeInU32
                0x00000000000114b8                __GP11_TEE_BigIntFMMContextSizeInU32
                0x00000000000114d0                TEE_BigIntConvertToFMM
                0x00000000000114d4                TEE_BigIntConvertFromFMM
                0x00000000000115a4                TEE_BigIntComputeFMM
 .text          0x00000000000116ec     0x1b10 /home/avees/Linux_for_Tegra/sources/tegra/optee-src/nv-optee/optee/build/t234/export-ta_arm64/lib/libutee.a(tee_api_objects.o)
                0x00000000000116ec                __utee_from_attr
                0x000000000001173c                __utee_from_gp11_attr
                0x000000000001178c                TEE_GetObjectInfo
                0x0000000000011848                __GP11_TEE_GetObjectInfo
                0x000000000001190c                TEE_GetObjectInfo1
                0x00000000000119bc                __GP11_TEE_GetObjectInfo1
                0x0000000000011a7c                TEE_RestrictObjectUsage1
                0x0000000000011ac0                TEE_RestrictObjectUsage
                0x0000000000011b50                TEE_GetObjectBufferAttribute
                0x0000000000011c54                __GP11_TEE_GetObjectBufferAttribute
                0x0000000000011cec                TEE_GetObjectValueAttribute
                0x0000000000011e24                TEE_CloseObject
                0x0000000000011e4c                __GP11_TEE_AllocateTransientObject
                0x0000000000011f00                TEE_AllocateTransientObject
                0x0000000000011f1c                TEE_FreeTransientObject
                0x0000000000011fac                TEE_ResetTransientObject
                0x000000000001203c                TEE_PopulateTransientObject
                0x0000000000012180                __GP11_TEE_PopulateTransientObject
                0x00000000000122c4                TEE_InitRefAttribute
                0x0000000000012310                __GP11_TEE_InitRefAttribute
                0x0000000000012360                TEE_InitValueAttribute
                0x00000000000123ac                __GP11_TEE_InitValueAttribute
                0x00000000000123f8                TEE_CopyObjectAttributes1
                0x00000000000124f0                TEE_CopyObjectAttributes
                0x0000000000012584                TEE_GenerateKey
                0x0000000000012690                __GP11_TEE_GenerateKey
                0x000000000001279c                TEE_OpenPersistentObject
                0x0000000000012880                __GP11_TEE_OpenPersistentObject
                0x0000000000012888                TEE_CreatePersistentObject
                0x00000000000129cc                __GP11_TEE_CreatePersistentObject
                0x0000000000012a48                TEE_CloseAndDeletePersistentObject1
                0x0000000000012a90                TEE_CloseAndDeletePersistentObject
                0x0000000000012abc                TEE_RenamePersistentObject
                0x0000000000012b18                __GP11_TEE_RenamePersistentObject
                0x0000000000012b20                TEE_AllocatePersistentObjectEnumerator
                0x0000000000012bb0                TEE_FreePersistentObjectEnumerator
                0x0000000000012bd8                TEE_ResetPersistentObjectEnumerator
                0x0000000000012c00                TEE_StartPersistentObjectEnumerator
                0x0000000000012c50                TEE_GetNextPersistentObject
                0x0000000000012d6c                __GP11_TEE_GetNextPersistentObject
                0x0000000000012e98                TEE_ReadObjectData
                0x0000000000012f60                __GP11_TEE_ReadObjectData
                0x0000000000012ff8                TEE_WriteObjectData
                0x0000000000013070                __GP11_TEE_WriteObjectData
                0x0000000000013078                TEE_TruncateObjectData
                0x00000000000130d4                __GP11_TEE_TruncateObjectData
                0x00000000000130dc                TEE_SeekObjectData
                0x00000000000131f4                __GP11_TEE_SeekObjectData
 .text          0x00000000000131fc      0xf78 /home/avees/Linux_for_Tegra/sources/tegra/optee-src/nv-optee/optee/build/t234/export-ta_arm64/lib/libutee.a(tee_api_property.o)
                0x000000000001358c                TEE_GetPropertyAsString
                0x00000000000137e8                __GP11_TEE_GetPropertyAsString
                0x0000000000013880                TEE_GetPropertyAsBool
                0x0000000000013958                TEE_GetPropertyAsU32
                0x0000000000013a40                TEE_GetPropertyAsU64
                0x0000000000013b28                __GP11_TEE_GetPropertyAsBinaryBlock
                0x0000000000013c14                TEE_GetPropertyAsBinaryBlock
                0x0000000000013cac                TEE_GetPropertyAsUUID
                0x0000000000013d94                TEE_GetPropertyAsIdentity
                0x0000000000013e7c                TEE_ResetPropertyEnumerator
                0x0000000000013e88                TEE_AllocatePropertyEnumerator
                0x0000000000013ed0                TEE_FreePropertyEnumerator
                0x0000000000013ed4                TEE_StartPropertyEnumerator
                0x0000000000013ee4                __GP11_TEE_GetPropertyName
                0x000000000001400c                TEE_GetPropertyName
                0x0000000000014094                TEE_GetNextProperty
 .text          0x0000000000014174      0x310 /home/avees/Linux_for_Tegra/sources/tegra/optee-src/nv-optee/optee/build/t234/export-ta_arm64/lib/libutee.a(tee_system_pta.o)
                0x00000000000141fc                tee_map_zi
                0x00000000000142ac                tee_unmap
                0x0000000000014374                tee_invoke_supp_plugin
 .text          0x0000000000014484      0x34c /home/avees/Linux_for_Tegra/sources/tegra/optee-src/nv-optee/optee/build/t234/export-ta_arm64/lib/libutee.a(tcb.o)
                0x0000000000014484                __utee_tcb_init
                0x00000000000146c4                __tls_get_addr
                0x00000000000146e0                dl_iterate_phdr
 .text          0x00000000000147d0      0x258 /home/avees/Linux_for_Tegra/sources/tegra/optee-src/nv-optee/optee/build/t234/export-ta_arm64/lib/libutee.a(base64.o)
                0x00000000000147d0                _base64_enc_len
                0x00000000000147e8                _base64_enc
                0x0000000000014904                _base64_dec
 .text          0x0000000000014a28     0x4190 /home/avees/Linux_for_Tegra/sources/tegra/optee-src/nv-optee/optee/build/t234/export-ta_arm64/lib/libmbedtls.a(bignum.o)
                0x00000000000151fc                mbedtls_mpi_init
                0x000000000001520c                mbedtls_mpi_init_mempool
                0x0000000000015234                mbedtls_mpi_free
                0x00000000000152a0                mbedtls_mpi_grow
                0x00000000000153f4                mbedtls_mpi_shrink
                0x0000000000015514                mbedtls_mpi_copy
                0x00000000000155e0                mbedtls_mpi_swap
                0x0000000000015668                mbedtls_mpi_lset
                0x00000000000156d0                mbedtls_mpi_get_bit
                0x00000000000156fc                mbedtls_mpi_set_bit
                0x0000000000015788                mbedtls_mpi_lsb
                0x00000000000157dc                mbedtls_mpi_bitlen
                0x0000000000015838                mbedtls_mpi_size
                0x0000000000015854                mbedtls_mpi_read_binary_le
                0x00000000000158cc                mbedtls_mpi_read_binary
                0x0000000000015950                mbedtls_mpi_write_binary_le
                0x0000000000015a08                mbedtls_mpi_write_binary
                0x0000000000015acc                mbedtls_mpi_shift_l
                0x0000000000015bdc                mbedtls_mpi_shift_r
                0x0000000000015c9c                mbedtls_mpi_cmp_abs
                0x0000000000015d38                mbedtls_mpi_cmp_mpi
                0x0000000000015e0c                mbedtls_mpi_cmp_int
                0x0000000000015e80                mbedtls_mpi_add_abs
                0x0000000000015fa0                mbedtls_mpi_sub_abs
                0x00000000000160fc                mbedtls_mpi_add_mpi
                0x0000000000016184                mbedtls_mpi_sub_mpi
                0x0000000000016210                mbedtls_mpi_add_int
                0x0000000000016284                mbedtls_mpi_sub_int
                0x00000000000162f8                mbedtls_mpi_mul_mpi
                0x00000000000164a4                mbedtls_mpi_mul_int
                0x000000000001654c                mbedtls_mpi_read_string
                0x0000000000016758                mbedtls_mpi_div_mpi
                0x0000000000016c8c                mbedtls_mpi_div_int
                0x0000000000016d00                mbedtls_mpi_mod_mpi
                0x0000000000016db4                mbedtls_mpi_mod_int
                0x0000000000016e50                mbedtls_mpi_write_string
                0x0000000000017184                mbedtls_mpi_montg_init
                0x000000000001718c                mbedtls_mpi_montmul
                0x0000000000017194                mbedtls_mpi_montred
                0x0000000000017198                mbedtls_mpi_exp_mod
                0x0000000000017864                mbedtls_mpi_gcd
                0x0000000000017a3c                mbedtls_mpi_fill_random
                0x0000000000017d48                mbedtls_mpi_random
                0x0000000000017f00                mbedtls_mpi_inv_mod
                0x0000000000018358                mbedtls_mpi_is_prime_ext
                0x0000000000018434                mbedtls_mpi_is_prime
                0x0000000000018444                mbedtls_mpi_gen_prime
                0x0000000000018790                mbedtls_mpi_self_test
 .text          0x0000000000018bb8      0x7c0 /home/avees/Linux_for_Tegra/sources/tegra/optee-src/nv-optee/optee/build/t234/export-ta_arm64/lib/libmbedtls.a(constant_time.o)
                0x0000000000018bd8                mbedtls_ct_memcmp
                0x0000000000018c20                mbedtls_ct_uint_mask
                0x0000000000018c30                mbedtls_ct_mpi_uint_mask
                0x0000000000018c40                mbedtls_ct_size_bool_eq
                0x0000000000018c58                mbedtls_ct_mpi_uint_lt
                0x0000000000018c74                mbedtls_ct_uint_if
                0x0000000000018ca4                mbedtls_ct_mpi_uint_cond_assign
                0x0000000000018ce0                mbedtls_ct_base64_enc_char
                0x0000000000018d90                mbedtls_ct_base64_dec_value
                0x0000000000018e4c                mbedtls_mpi_safe_cond_assign
                0x0000000000018f08                mbedtls_mpi_safe_cond_swap
                0x0000000000019004                mbedtls_mpi_lt_mpi_ct
                0x00000000000190fc                mbedtls_ct_rsaes_pkcs1_v15_unpadding
 .text          0x0000000000019378       0x20 /home/avees/Linux_for_Tegra/sources/tegra/optee-src/nv-optee/optee/build/t234/export-ta_arm64/lib/libmbedtls.a(platform_util.o)
                0x0000000000019378                mbedtls_platform_zeroize
 .text          0x0000000000019398      0x128 /home/avees/Linux_for_Tegra/sources/tegra/optee-src/nv-optee/optee/build/t234/export-ta_arm64/lib/libutils.a(snprintf.o)
                0x0000000000019398                snprintf
                0x0000000000019468                vsnprintf
 .text          0x00000000000194c0       0x5c /home/avees/Linux_for_Tegra/sources/tegra/optee-src/nv-optee/optee/build/t234/export-ta_arm64/lib/libutils.a(memmove.o)
                0x00000000000194c0                memmove
 .text          0x000000000001951c       0x58 /home/avees/Linux_for_Tegra/sources/tegra/optee-src/nv-optee/optee/build/t234/export-ta_arm64/lib/libutils.a(strlcpy.o)
                0x000000000001951c                strlcpy
 .text          0x0000000000019574      0x190 /home/avees/Linux_for_Tegra/sources/tegra/optee-src/nv-optee/optee/build/t234/export-ta_arm64/lib/libutils.a(mempool.o)
                0x0000000000019574                mempool_alloc_pool
                0x000000000001963c                mempool_alloc
                0x00000000000196a0                mempool_calloc
                0x00000000000196f0                mempool_free
 .text          0x0000000000019704       0x70 /home/avees/Linux_for_Tegra/sources/tegra/optee-src/nv-optee/optee/build/t234/export-ta_arm64/lib/libutils.a(consttime_memcmp.o)
                0x0000000000019704                consttime_memcmp
 .text          0x0000000000019774        0x0 /home/avees/Linux_for_Tegra/sources/tegra/optee-src/nv-optee/optee/build/t234/export-ta_arm64/lib/libutee.a(utee_syscalls_a64.o)
 .text          0x0000000000019774        0x0 /home/avees/Linux_for_Tegra/sources/tegra/optee-src/nv-optee/optee/build/t234/export-ta_arm64/lib/libutee.a(abort.o)
 *(SORT_BY_ALIGNMENT(.stub))
 *(SORT_BY_ALIGNMENT(.glue_7))
 *(SORT_BY_ALIGNMENT(.glue_7t))
 *(SORT_BY_ALIGNMENT(.gnu.linkonce.t.*))
 *(SORT_BY_ALIGNMENT(.vfp11_veneer))
                0x0000000000019774                __text_end = .

.note.gnu.property
 *(SORT_BY_ALIGNMENT(.note.gnu.property))

.plt            0x0000000000019774        0x0
 *(SORT_BY_ALIGNMENT(.plt))
 .plt           0x0000000000019774        0x0 ./darknetp_ta.o

.eh_frame_hdr
 *(SORT_BY_ALIGNMENT(.eh_frame_hdr))
 *(SORT_BY_ALIGNMENT(.eh_frame_entry) SORT_BY_ALIGNMENT(.eh_frame_entry.*))

.eh_frame       0x0000000000019778     0x520c
 *(SORT_BY_ALIGNMENT(.eh_frame))
 .eh_frame      0x0000000000019778      0x338 ./darknetp_ta.o
 .eh_frame      0x0000000000019ab0       0x78 ./gemm_TA.o
                                         0x90 (size before relaxing)
 .eh_frame      0x0000000000019b28      0x210 ./blas_TA.o
                                        0x220 (size before relaxing)
 .eh_frame      0x0000000000019d38       0xa8 ./softmax_layer_TA.o
                                         0xb8 (size before relaxing)
 .eh_frame      0x0000000000019de0       0x88 ./utils_TA.o
                                         0xa0 (size before relaxing)
 .eh_frame      0x0000000000019e68      0x120 ./connected_layer_TA.o
                                        0x130 (size before relaxing)
 .eh_frame      0x0000000000019f88      0x368 ./math_TA.o
                                        0x380 (size before relaxing)
 .eh_frame      0x000000000001a2f0       0xe0 ./parser_TA.o
                                         0xf8 (size before relaxing)
 .eh_frame      0x000000000001a3d0      0x118 ./activations_TA.o
                                        0x128 (size before relaxing)
 .eh_frame      0x000000000001a4e8       0xc0 ./maxpool_layer_TA.o
                                         0xd8 (size before relaxing)
 .eh_frame      0x000000000001a5a8       0xc8 ./cost_layer_TA.o
                                         0xe0 (size before relaxing)
 .eh_frame      0x000000000001a670       0xb0 ./dropout_layer_TA.o
                                         0xc8 (size before relaxing)
 .eh_frame      0x000000000001a720      0x198 ./network_TA.o
                                        0x1b0 (size before relaxing)
 .eh_frame      0x000000000001a8b8      0x1b0 ./aes_TA.o
                                        0x1c0 (size before relaxing)
 .eh_frame      0x000000000001aa68       0x58 ./im2col_TA.o
                                         0x70 (size before relaxing)
 .eh_frame      0x000000000001aac0      0x198 ./batchnorm_layer_TA.o
                                        0x1b0 (size before relaxing)
 .eh_frame      0x000000000001ac58      0x218 ./convolutional_layer_TA.o
                                        0x228 (size before relaxing)
 .eh_frame      0x000000000001ae70       0x78 ./avgpool_layer_TA.o
                                         0x88 (size before relaxing)
 .eh_frame      0x000000000001aee8       0x58 ./col2im_TA.o
                                         0x70 (size before relaxing)
 .eh_frame      0x000000000001af40       0x40 ./diffprivate_TA.o
                                         0x50 (size before relaxing)
 .eh_frame      0x000000000001af80       0x30 ./user_ta_header.o
                                         0x40 (size before relaxing)
 .eh_frame      0x000000000001afb0      0x2d8 /home/avees/Linux_for_Tegra/sources/tegra/optee-src/nv-optee/optee/build/t234/export-ta_arm64/lib/libutils.a(bget_malloc.o)
                                        0x2e8 (size before relaxing)
 .eh_frame      0x000000000001b288       0x18 /home/avees/Linux_for_Tegra/sources/tegra/optee-src/nv-optee/optee/build/t234/export-ta_arm64/lib/libutils.a(stack_check.o)
                                         0x30 (size before relaxing)
 .eh_frame      0x000000000001b2a0       0x18 /home/avees/Linux_for_Tegra/sources/tegra/optee-src/nv-optee/optee/build/t234/export-ta_arm64/lib/libutils.a(memcpy.o)
                                         0x28 (size before relaxing)
 .eh_frame      0x000000000001b2b8       0x18 /home/avees/Linux_for_Tegra/sources/tegra/optee-src/nv-optee/optee/build/t234/export-ta_arm64/lib/libutils.a(memset.o)
                                         0x28 (size before relaxing)
 .eh_frame      0x000000000001b2d0       0x18 /home/avees/Linux_for_Tegra/sources/tegra/optee-src/nv-optee/optee/build/t234/export-ta_arm64/lib/libutils.a(strcmp.o)
                                         0x28 (size before relaxing)
 .eh_frame      0x000000000001b2e8       0x18 /home/avees/Linux_for_Tegra/sources/tegra/optee-src/nv-optee/optee/build/t234/export-ta_arm64/lib/libutils.a(strncmp.o)
                                         0x28 (size before relaxing)
 .eh_frame      0x000000000001b300       0xb8 /home/avees/Linux_for_Tegra/sources/tegra/optee-src/nv-optee/optee/build/t234/export-ta_arm64/lib/libutils.a(trace.o)
                                         0xc8 (size before relaxing)
 .eh_frame      0x000000000001b3b8       0xf0 /home/avees/Linux_for_Tegra/sources/tegra/optee-src/nv-optee/optee/build/t234/export-ta_arm64/lib/libutils.a(snprintk.o)
                                        0x100 (size before relaxing)
 .eh_frame      0x000000000001b4a8       0x18 /home/avees/Linux_for_Tegra/sources/tegra/optee-src/nv-optee/optee/build/t234/export-ta_arm64/lib/libutils.a(memchr.o)
                                         0x28 (size before relaxing)
 .eh_frame      0x000000000001b4c0       0x18 /home/avees/Linux_for_Tegra/sources/tegra/optee-src/nv-optee/optee/build/t234/export-ta_arm64/lib/libutils.a(strlen.o)
                                         0x28 (size before relaxing)
 .eh_frame      0x000000000001b4d8       0x38 /home/avees/Linux_for_Tegra/sources/tegra/optee-src/nv-optee/optee/build/t234/export-ta_arm64/lib/libutee.a(assert.o)
                                         0x50 (size before relaxing)
 .eh_frame      0x000000000001b510       0xa8 /home/avees/Linux_for_Tegra/sources/tegra/optee-src/nv-optee/optee/build/t234/export-ta_arm64/lib/libutee.a(trace_ext.o)
                                         0xc0 (size before relaxing)
 .eh_frame      0x000000000001b5b8      0xaf0 /home/avees/Linux_for_Tegra/sources/tegra/optee-src/nv-optee/optee/build/t234/export-ta_arm64/lib/libutee.a(tee_api_operations.o)
                                        0xb08 (size before relaxing)
 .eh_frame      0x000000000001c0a8      0x180 /home/avees/Linux_for_Tegra/sources/tegra/optee-src/nv-optee/optee/build/t234/export-ta_arm64/lib/libutee.a(tee_api_panic.o)
                                        0x198 (size before relaxing)
 .eh_frame      0x000000000001c228      0x150 /home/avees/Linux_for_Tegra/sources/tegra/optee-src/nv-optee/optee/build/t234/export-ta_arm64/lib/libutee.a(user_ta_entry.o)
                                        0x168 (size before relaxing)
 .eh_frame      0x000000000001c378       0x18 /home/avees/Linux_for_Tegra/sources/tegra/optee-src/nv-optee/optee/build/t234/export-ta_arm64/lib/libutee.a(abort.o)
                                         0x30 (size before relaxing)
 .eh_frame      0x000000000001c390      0x588 /home/avees/Linux_for_Tegra/sources/tegra/optee-src/nv-optee/optee/build/t234/export-ta_arm64/lib/libutee.a(tee_api.o)
                                        0x5a0 (size before relaxing)
 .eh_frame      0x000000000001c918      0x7d0 /home/avees/Linux_for_Tegra/sources/tegra/optee-src/nv-optee/optee/build/t234/export-ta_arm64/lib/libutee.a(tee_api_arith_mpi.o)
                                        0x7e0 (size before relaxing)
 .eh_frame      0x000000000001d0e8      0x750 /home/avees/Linux_for_Tegra/sources/tegra/optee-src/nv-optee/optee/build/t234/export-ta_arm64/lib/libutee.a(tee_api_objects.o)
                                        0x768 (size before relaxing)
 .eh_frame      0x000000000001d838      0x2f8 /home/avees/Linux_for_Tegra/sources/tegra/optee-src/nv-optee/optee/build/t234/export-ta_arm64/lib/libutee.a(tee_api_property.o)
                                        0x308 (size before relaxing)
 .eh_frame      0x000000000001db30       0xc0 /home/avees/Linux_for_Tegra/sources/tegra/optee-src/nv-optee/optee/build/t234/export-ta_arm64/lib/libutee.a(tee_system_pta.o)
                                         0xd0 (size before relaxing)
 .eh_frame      0x000000000001dbf0       0x90 /home/avees/Linux_for_Tegra/sources/tegra/optee-src/nv-optee/optee/build/t234/export-ta_arm64/lib/libutee.a(tcb.o)
                                         0xa8 (size before relaxing)
 .eh_frame      0x000000000001dc80       0x58 /home/avees/Linux_for_Tegra/sources/tegra/optee-src/nv-optee/optee/build/t234/export-ta_arm64/lib/libutee.a(base64.o)
                                         0x70 (size before relaxing)
 .eh_frame      0x000000000001dcd8      0x988 /home/avees/Linux_for_Tegra/sources/tegra/optee-src/nv-optee/optee/build/t234/export-ta_arm64/lib/libmbedtls.a(bignum.o)
                                        0x9a0 (size before relaxing)
 .eh_frame      0x000000000001e660      0x1e0 /home/avees/Linux_for_Tegra/sources/tegra/optee-src/nv-optee/optee/build/t234/export-ta_arm64/lib/libmbedtls.a(constant_time.o)
                                        0x1f8 (size before relaxing)
 .eh_frame      0x000000000001e840       0x18 /home/avees/Linux_for_Tegra/sources/tegra/optee-src/nv-optee/optee/build/t234/export-ta_arm64/lib/libmbedtls.a(platform_util.o)
                                         0x28 (size before relaxing)
 .eh_frame      0x000000000001e858       0x58 /home/avees/Linux_for_Tegra/sources/tegra/optee-src/nv-optee/optee/build/t234/export-ta_arm64/lib/libutils.a(snprintf.o)
                                         0x68 (size before relaxing)
 .eh_frame      0x000000000001e8b0       0x18 /home/avees/Linux_for_Tegra/sources/tegra/optee-src/nv-optee/optee/build/t234/export-ta_arm64/lib/libutils.a(memmove.o)
                                         0x28 (size before relaxing)
 .eh_frame      0x000000000001e8c8       0x18 /home/avees/Linux_for_Tegra/sources/tegra/optee-src/nv-optee/optee/build/t234/export-ta_arm64/lib/libutils.a(strlcpy.o)
                                         0x28 (size before relaxing)
 .eh_frame      0x000000000001e8e0       0x88 /home/avees/Linux_for_Tegra/sources/tegra/optee-src/nv-optee/optee/build/t234/export-ta_arm64/lib/libutils.a(mempool.o)
                                         0xa0 (size before relaxing)
 .eh_frame      0x000000000001e968       0x1c /home/avees/Linux_for_Tegra/sources/tegra/optee-src/nv-optee/optee/build/t234/export-ta_arm64/lib/libutils.a(consttime_memcmp.o)
                                         0x30 (size before relaxing)
 *(SORT_BY_ALIGNMENT(.eh_frame.*))

.gcc_except_table
 *(SORT_BY_ALIGNMENT(.gcc_except_table) SORT_BY_ALIGNMENT(.gcc_except_table.*))

.rodata         0x000000000001e988     0x192d
 *(SORT_BY_ALIGNMENT(.gnu.linkonce.r.*))
 *(SORT_BY_ALIGNMENT(.rodata) SORT_BY_ALIGNMENT(.rodata.*))
 .rodata.cst8   0x000000000001e988        0x8 ./blas_TA.o
 .rodata.cst8   0x000000000001e990       0x58 ./math_TA.o
 .rodata.cst8   0x000000000001e9e8       0x28 ./activations_TA.o
                                         0x30 (size before relaxing)
 .rodata.cst8   0x000000000001ea10        0x8 ./network_TA.o
                                         0x10 (size before relaxing)
 .rodata.cst8   0x000000000001ea18        0x8 ./diffprivate_TA.o
 .rodata.user_ta_header.c
                0x000000000001ea20       0x33 ./user_ta_header.o
                0x000000000001ea20                ta_num_props
                0x000000000001ea40                __ta_no_share_heap_size
                0x000000000001ea48                ta_heap_size
                0x000000000001ea50                trace_ext_prefix
 *fill*         0x000000000001ea53        0x5 
 .rodata.lib/libutee/tee_api.c
                0x000000000001ea58       0x20 /home/avees/Linux_for_Tegra/sources/tegra/optee-src/nv-optee/optee/build/t234/export-ta_arm64/lib/libutee.a(tee_api.o)
 .rodata.darknetp_ta.c
                0x000000000001ea78       0x94 ./darknetp_ta.o
 .rodata.cst4   0x000000000001eb0c        0x4 ./darknetp_ta.o
 .rodata.cst4   0x000000000001eb10        0x4 ./blas_TA.o
 .rodata.activations_TA.c
                0x000000000001eb14       0x3a ./activations_TA.o
 *fill*         0x000000000001eb4e        0x2 
 .rodata.cst4   0x000000000001eb50        0xc ./activations_TA.o
 .rodata.cst4   0x000000000001eb5c        0x4 ./maxpool_layer_TA.o
 .rodata.cost_layer_TA.c
                0x000000000001eb5c       0x16 ./cost_layer_TA.o
 *fill*         0x000000000001eb72        0x2 
 .rodata.cst4   0x000000000001eb74        0x4 ./cost_layer_TA.o
 .rodata.cst4   0x000000000001eb78        0x4 ./batchnorm_layer_TA.o
                                          0xc (size before relaxing)
 .rodata.lib/libutils/ext/snprintk.c
                0x000000000001eb7c       0xac /home/avees/Linux_for_Tegra/sources/tegra/optee-src/nv-optee/optee/build/t234/export-ta_arm64/lib/libutils.a(snprintk.o)
 .rodata.lib/libutee/tee_api_operations.c
                0x000000000001ec28       0x1c /home/avees/Linux_for_Tegra/sources/tegra/optee-src/nv-optee/optee/build/t234/export-ta_arm64/lib/libutee.a(tee_api_operations.o)
 .rodata.lib/libutee/tee_api_property.c
                0x000000000001ec44       0x20 /home/avees/Linux_for_Tegra/sources/tegra/optee-src/nv-optee/optee/build/t234/export-ta_arm64/lib/libutee.a(tee_api_property.o)
 .rodata.lib/libutee/tee_system_pta.c
                0x000000000001ec64       0x31 /home/avees/Linux_for_Tegra/sources/tegra/optee-src/nv-optee/optee/build/t234/export-ta_arm64/lib/libutee.a(tee_system_pta.o)
 *fill*         0x000000000001ec95        0x3 
 .rodata.lib/libutee/base64.c
                0x000000000001ec98       0x45 /home/avees/Linux_for_Tegra/sources/tegra/optee-src/nv-optee/optee/build/t234/export-ta_arm64/lib/libutee.a(base64.o)
 *fill*         0x000000000001ecdd        0x3 
 .rodata.lib/libmbedtls/mbedtls/library/bignum.c
                0x000000000001ece0      0x2c4 /home/avees/Linux_for_Tegra/sources/tegra/optee-src/nv-optee/optee/build/t234/export-ta_arm64/lib/libmbedtls.a(bignum.o)
 .rodata.str1.1.darknetp_ta.c
                0x000000000001efa4      0x18e ./darknetp_ta.o
 .rodata.str1.1.softmax_layer_TA.c
                0x000000000001f132       0x26 ./softmax_layer_TA.o
 .rodata.softmax_layer_TA.c
                0x000000000001f158       0x1a ./softmax_layer_TA.o
 .rodata.str1.1.parser_TA.c
                0x000000000001f172       0x23 ./parser_TA.o
 .rodata.parser_TA.c
                0x000000000001f195        0xb ./parser_TA.o
 .rodata.str1.1.activations_TA.c
                0x000000000001f1a0       0x4f ./activations_TA.o
                                         0x53 (size before relaxing)
 .rodata.str1.1.cost_layer_TA.c
                0x000000000001f1ef       0x4a ./cost_layer_TA.o
 .rodata.str1.1.network_TA.c
                0x000000000001f239       0x55 ./network_TA.o
 .rodata.network_TA.c
                0x000000000001f28e       0x15 ./network_TA.o
 .rodata.aes_TA.c
                0x000000000001f2a3      0x20b ./aes_TA.o
 .rodata.str1.1.user_ta_header.c
                0x000000000001f4ae      0x133 ./user_ta_header.o
 .rodata.str1.1.lib/libutils/isoc/bget_malloc.c
                0x000000000001f5e1      0x290 /home/avees/Linux_for_Tegra/sources/tegra/optee-src/nv-optee/optee/build/t234/export-ta_arm64/lib/libutils.a(bget_malloc.o)
                                        0x29b (size before relaxing)
 .rodata.lib/libutils/isoc/bget_malloc.c
                0x000000000001f871       0x51 /home/avees/Linux_for_Tegra/sources/tegra/optee-src/nv-optee/optee/build/t234/export-ta_arm64/lib/libutils.a(bget_malloc.o)
 .rodata.str1.1.lib/libutils/isoc/stack_check.c
                0x000000000001f8c2       0x18 /home/avees/Linux_for_Tegra/sources/tegra/optee-src/nv-optee/optee/build/t234/export-ta_arm64/lib/libutils.a(stack_check.o)
 .rodata.str1.1.lib/libutils/ext/trace.c
                0x000000000001f8da       0x1a /home/avees/Linux_for_Tegra/sources/tegra/optee-src/nv-optee/optee/build/t234/export-ta_arm64/lib/libutils.a(trace.o)
                                         0x1b (size before relaxing)
 .rodata.lib/libutils/ext/trace.c
                0x000000000001f8f4        0x5 /home/avees/Linux_for_Tegra/sources/tegra/optee-src/nv-optee/optee/build/t234/export-ta_arm64/lib/libutils.a(trace.o)
 .rodata.str1.1.lib/libutils/ext/snprintk.c
                0x000000000001f8f9       0x38 /home/avees/Linux_for_Tegra/sources/tegra/optee-src/nv-optee/optee/build/t234/export-ta_arm64/lib/libutils.a(snprintk.o)
 .rodata.str1.1.lib/libutee/assert.c
                0x000000000001f931       0x27 /home/avees/Linux_for_Tegra/sources/tegra/optee-src/nv-optee/optee/build/t234/export-ta_arm64/lib/libutee.a(assert.o)
 .rodata.str1.1.lib/libutee/trace_ext.c
                0x000000000001f958       0x27 /home/avees/Linux_for_Tegra/sources/tegra/optee-src/nv-optee/optee/build/t234/export-ta_arm64/lib/libutee.a(trace_ext.o)
                                          0x2 (size before relaxing)
 .rodata.str1.1.lib/libutee/tee_api_operations.c
                0x000000000001f958       0x39 /home/avees/Linux_for_Tegra/sources/tegra/optee-src/nv-optee/optee/build/t234/export-ta_arm64/lib/libutee.a(tee_api_operations.o)
 .rodata.str1.1.lib/libutee/user_ta_entry.c
                0x000000000001f991       0x4f /home/avees/Linux_for_Tegra/sources/tegra/optee-src/nv-optee/optee/build/t234/export-ta_arm64/lib/libutee.a(user_ta_entry.o)
 .rodata.lib/libutee/user_ta_entry.c
                0x000000000001f9e0       0x16 /home/avees/Linux_for_Tegra/sources/tegra/optee-src/nv-optee/optee/build/t234/export-ta_arm64/lib/libutee.a(user_ta_entry.o)
 .rodata.str1.1.lib/libutee/abort.c
                0x000000000001f9f6        0x7 /home/avees/Linux_for_Tegra/sources/tegra/optee-src/nv-optee/optee/build/t234/export-ta_arm64/lib/libutee.a(abort.o)
 .rodata.str1.1.lib/libutee/tee_api.c
                0x000000000001f9fd       0x11 /home/avees/Linux_for_Tegra/sources/tegra/optee-src/nv-optee/optee/build/t234/export-ta_arm64/lib/libutee.a(tee_api.o)
 .rodata.str1.1.lib/libutee/tee_api_arith_mpi.c
                0x000000000001fa0e       0xc9 /home/avees/Linux_for_Tegra/sources/tegra/optee-src/nv-optee/optee/build/t234/export-ta_arm64/lib/libutee.a(tee_api_arith_mpi.o)
 .rodata.lib/libutee/tee_api_arith_mpi.c
                0x000000000001fad7      0x14e /home/avees/Linux_for_Tegra/sources/tegra/optee-src/nv-optee/optee/build/t234/export-ta_arm64/lib/libutee.a(tee_api_arith_mpi.o)
 .rodata.str1.1.lib/libutee/tee_api_property.c
                0x000000000001fc25       0x83 /home/avees/Linux_for_Tegra/sources/tegra/optee-src/nv-optee/optee/build/t234/export-ta_arm64/lib/libutee.a(tee_api_property.o)
                                         0x88 (size before relaxing)
 .rodata.str1.1.lib/libutee/tee_system_pta.c
                0x000000000001fca8       0x55 /home/avees/Linux_for_Tegra/sources/tegra/optee-src/nv-optee/optee/build/t234/export-ta_arm64/lib/libutee.a(tee_system_pta.o)
 .rodata.str1.1.lib/libutee/tcb.c
                0x000000000001fcfd       0x8d /home/avees/Linux_for_Tegra/sources/tegra/optee-src/nv-optee/optee/build/t234/export-ta_arm64/lib/libutee.a(tcb.o)
 .rodata.lib/libutee/tcb.c
                0x000000000001fd8a       0x20 /home/avees/Linux_for_Tegra/sources/tegra/optee-src/nv-optee/optee/build/t234/export-ta_arm64/lib/libutee.a(tcb.o)
 .rodata.str1.1.lib/libmbedtls/mbedtls/library/bignum.c
                0x000000000001fdaa      0x456 /home/avees/Linux_for_Tegra/sources/tegra/optee-src/nv-optee/optee/build/t234/export-ta_arm64/lib/libmbedtls.a(bignum.o)
                                        0x45d (size before relaxing)
 .rodata.str1.1.lib/libutils/ext/mempool.c
                0x0000000000020200       0x89 /home/avees/Linux_for_Tegra/sources/tegra/optee-src/nv-optee/optee/build/t234/export-ta_arm64/lib/libutils.a(mempool.o)
 .rodata.lib/libutils/ext/mempool.c
                0x0000000000020289       0x2c /home/avees/Linux_for_Tegra/sources/tegra/optee-src/nv-optee/optee/build/t234/export-ta_arm64/lib/libutils.a(mempool.o)

.gnu.version_d  0x00000000000202b8        0x0
 .gnu.version_d
                0x00000000000202b8        0x0 ./darknetp_ta.o

.gnu.version    0x00000000000202b6        0x0
 .gnu.version   0x00000000000202b6        0x0 ./darknetp_ta.o

.gnu.version_r  0x00000000000202b8        0x0
 .gnu.version_r
                0x00000000000202b8        0x0 ./darknetp_ta.o

.gnu.hash       0x00000000000202b8       0x30
 .gnu.hash      0x00000000000202b8       0x30 ./darknetp_ta.o

.ARM.extab
 *(SORT_BY_ALIGNMENT(.ARM.extab*) SORT_BY_ALIGNMENT(.gnu.linkonce.armextab.*))
                [!provide]                        PROVIDE (__exidx_start = .)

.ARM.exidx
 *(SORT_BY_ALIGNMENT(.ARM.exidx*) SORT_BY_ALIGNMENT(.gnu.linkonce.armexidx.*))
                [!provide]                        PROVIDE (__exidx_end = .)

.ctors
 *(SORT_BY_ALIGNMENT(.ctors))

.dtors
 *(SORT_BY_ALIGNMENT(.dtors))

.dynsym         0x00000000000202e8       0x90
 *(SORT_BY_ALIGNMENT(.dynsym))
 .dynsym        0x00000000000202e8       0x90 ./darknetp_ta.o

.dynstr         0x0000000000020378       0x2e
 *(SORT_BY_ALIGNMENT(.dynstr))
 .dynstr        0x0000000000020378       0x2e ./darknetp_ta.o

.hash           0x00000000000203a8       0x2c
 *(SORT_BY_ALIGNMENT(.hash))
 .hash          0x00000000000203a8       0x2c ./darknetp_ta.o

.rela.dyn       0x00000000000203d8      0x348
 .rela.data.rel.ro
                0x00000000000203d8        0x0 ./darknetp_ta.o
 .rela.ifunc    0x00000000000203d8        0x0 ./darknetp_ta.o
 .rela.data.rel.ro.local
                0x00000000000203d8      0x2d0 ./darknetp_ta.o
 .rela.data.rel.local
                0x00000000000206a8       0x60 ./darknetp_ta.o
 .rela.data.rel
                0x0000000000020708       0x18 ./darknetp_ta.o
                0x0000000000021000                . = ALIGN (0x1000)

.dynamic        0x0000000000021000      0x110
 *(SORT_BY_ALIGNMENT(.dynamic))
 .dynamic       0x0000000000021000      0x110 ./darknetp_ta.o
                0x0000000000021000                _DYNAMIC

.tdata
 *(SORT_BY_ALIGNMENT(.tdata) SORT_BY_ALIGNMENT(.tdata.*) SORT_BY_ALIGNMENT(.gnu.linkonce.td.*))

.tbss
 *(SORT_BY_ALIGNMENT(.tbss) SORT_BY_ALIGNMENT(.tbss.*) SORT_BY_ALIGNMENT(.gnu.linkonce.tb.*))
 *(SORT_BY_ALIGNMENT(.tcommon))

.got            0x0000000000021110      0x1b0
 *(SORT_BY_ALIGNMENT(.got.plt))
 .got.plt       0x0000000000021110       0x18 ./darknetp_ta.o
 *(SORT_BY_ALIGNMENT(.got))
 .got           0x0000000000021128      0x198 ./darknetp_ta.o
                0x0000000000021128                _GLOBAL_OFFSET_TABLE_

.rel.text
 *(SORT_BY_ALIGNMENT(.rel.text))
 *(SORT_BY_ALIGNMENT(.rel.gnu.linkonce.t*))

.rela.text
 *(SORT_BY_ALIGNMENT(.rela.text))
 *(SORT_BY_ALIGNMENT(.rela.gnu.linkonce.t*))

.rel.data
 *(SORT_BY_ALIGNMENT(.rel.data))
 *(SORT_BY_ALIGNMENT(.rel.gnu.linkonce.d*))

.rela.data
 *(SORT_BY_ALIGNMENT(.rela.data))
 *(SORT_BY_ALIGNMENT(.rela.gnu.linkonce.d*))

.rel.tdata
 *(SORT_BY_ALIGNMENT(.rel.tdata) SORT_BY_ALIGNMENT(.rel.tdata.*) SORT_BY_ALIGNMENT(.rel.gnu.linkonce.td.*))

.rela.tdata
 *(SORT_BY_ALIGNMENT(.rela.tdata) SORT_BY_ALIGNMENT(.rela.tdata.*) SORT_BY_ALIGNMENT(.rela.gnu.linkonce.td.*))

.rel.tbss
 *(SORT_BY_ALIGNMENT(.rel.tbss) SORT_BY_ALIGNMENT(.rel.tbss.*) SORT_BY_ALIGNMENT(.rel.gnu.linkonce.tb.*))

.rela.tbss
 *(SORT_BY_ALIGNMENT(.rela.tbss) SORT_BY_ALIGNMENT(.rela.tbss.*) SORT_BY_ALIGNMENT(.rela.gnu.linkonce.tb.*))

.rel.rodata
 *(SORT_BY_ALIGNMENT(.rel.rodata))
 *(SORT_BY_ALIGNMENT(.rel.gnu.linkonce.r*))

.rela.rodata
 *(SORT_BY_ALIGNMENT(.rela.rodata))
 *(SORT_BY_ALIGNMENT(.rela.gnu.linkonce.r*))

.rel.dyn
 *(SORT_BY_ALIGNMENT(.rel.dyn))

.rel.got
 *(SORT_BY_ALIGNMENT(.rel.got))

.rela.got       0x00000000000212c0      0x4b0
 *(SORT_BY_ALIGNMENT(.rela.got))
 .rela.got      0x00000000000212c0      0x4b0 ./darknetp_ta.o

.rel.ctors
 *(SORT_BY_ALIGNMENT(.rel.ctors))

.rela.ctors
 *(SORT_BY_ALIGNMENT(.rela.ctors))

.rel.dtors
 *(SORT_BY_ALIGNMENT(.rel.dtors))

.rela.dtors
 *(SORT_BY_ALIGNMENT(.rela.dtors))

.rel.init
 *(SORT_BY_ALIGNMENT(.rel.init))

.rela.init
 *(SORT_BY_ALIGNMENT(.rela.init))

.rel.fini
 *(SORT_BY_ALIGNMENT(.rel.fini))

.rela.fini
 *(SORT_BY_ALIGNMENT(.rela.fini))

.rel.bss
 *(SORT_BY_ALIGNMENT(.rel.bss))

.rela.bss       0x0000000000021770        0x0
 *(SORT_BY_ALIGNMENT(.rela.bss))
 .rela.bss      0x0000000000021770        0x0 ./darknetp_ta.o

.rel.plt
 *(SORT_BY_ALIGNMENT(.rel.plt))

.rela.plt       0x0000000000021770        0x0
 *(SORT_BY_ALIGNMENT(.rela.plt))
 .rela.plt      0x0000000000021770        0x0 ./darknetp_ta.o

.data           0x0000000000021770      0x1d4
 *(SORT_BY_ALIGNMENT(.data) SORT_BY_ALIGNMENT(.data.*) SORT_BY_ALIGNMENT(.gnu.linkonce.d.*))
 .data.rel.ro.local
                0x0000000000021770      0x108 ./user_ta_header.o
                0x0000000000021770                ta_props
 .data.rel.local
                0x0000000000021878       0x30 /home/avees/Linux_for_Tegra/sources/tegra/optee-src/nv-optee/optee/build/t234/export-ta_arm64/lib/libutils.a(bget_malloc.o)
 .data          0x00000000000218a8        0x8 /home/avees/Linux_for_Tegra/sources/tegra/optee-src/nv-optee/optee/build/t234/export-ta_arm64/lib/libutils.a(stack_check.o)
                0x00000000000218a8                __stack_chk_guard
 .data.rel.local
                0x00000000000218b0       0x20 /home/avees/Linux_for_Tegra/sources/tegra/optee-src/nv-optee/optee/build/t234/export-ta_arm64/lib/libutee.a(user_ta_entry.o)
 .data.rel.ro.local
                0x00000000000218d0       0x60 /home/avees/Linux_for_Tegra/sources/tegra/optee-src/nv-optee/optee/build/t234/export-ta_arm64/lib/libutee.a(tee_api_property.o)
                0x00000000000218d0                tee_props
 .data.rel      0x0000000000021930        0x8 /home/avees/Linux_for_Tegra/sources/tegra/optee-src/nv-optee/optee/build/t234/export-ta_arm64/lib/libmbedtls.a(platform_util.o)
 .data          0x0000000000021938        0x4 ./darknetp_ta.o
                0x0000000000021938                norm_output
 .data          0x000000000002193c        0x4 ./network_TA.o
                0x000000000002193c                avg_loss
 .data          0x0000000000021940        0x4 ./user_ta_header.o
                0x0000000000021940                trace_level
 .data.rel.ro   0x0000000000021944        0x0 ./darknetp_ta.o
 .data          0x0000000000021944        0x0 ./gemm_TA.o
 .data          0x0000000000021944        0x0 ./blas_TA.o
 .data          0x0000000000021944        0x0 ./softmax_layer_TA.o
 .data          0x0000000000021944        0x0 ./utils_TA.o
 .data          0x0000000000021944        0x0 ./connected_layer_TA.o
 .data          0x0000000000021944        0x0 ./math_TA.o
 .data          0x0000000000021944        0x0 ./parser_TA.o
 .data          0x0000000000021944        0x0 ./activations_TA.o
 .data          0x0000000000021944        0x0 ./maxpool_layer_TA.o
 .data          0x0000000000021944        0x0 ./cost_layer_TA.o
 .data          0x0000000000021944        0x0 ./dropout_layer_TA.o
 .data          0x0000000000021944        0x0 ./aes_TA.o
 .data          0x0000000000021944        0x0 ./im2col_TA.o
 .data          0x0000000000021944        0x0 ./batchnorm_layer_TA.o
 .data          0x0000000000021944        0x0 ./convolutional_layer_TA.o
 .data          0x0000000000021944        0x0 ./avgpool_layer_TA.o
 .data          0x0000000000021944        0x0 ./col2im_TA.o
 .data          0x0000000000021944        0x0 ./diffprivate_TA.o
 .data          0x0000000000021944        0x0 /home/avees/Linux_for_Tegra/sources/tegra/optee-src/nv-optee/optee/build/t234/export-ta_arm64/lib/libutils.a(bget_malloc.o)
 .data          0x0000000000021944        0x0 /home/avees/Linux_for_Tegra/sources/tegra/optee-src/nv-optee/optee/build/t234/export-ta_arm64/lib/libutils.a(memcpy.o)
 .data          0x0000000000021944        0x0 /home/avees/Linux_for_Tegra/sources/tegra/optee-src/nv-optee/optee/build/t234/export-ta_arm64/lib/libutils.a(memset.o)
 .data          0x0000000000021944        0x0 /home/avees/Linux_for_Tegra/sources/tegra/optee-src/nv-optee/optee/build/t234/export-ta_arm64/lib/libutils.a(strcmp.o)
 .data          0x0000000000021944        0x0 /home/avees/Linux_for_Tegra/sources/tegra/optee-src/nv-optee/optee/build/t234/export-ta_arm64/lib/libutils.a(strncmp.o)
 .data          0x0000000000021944        0x0 /home/avees/Linux_for_Tegra/sources/tegra/optee-src/nv-optee/optee/build/t234/export-ta_arm64/lib/libutils.a(trace.o)
 .data          0x0000000000021944        0x0 /home/avees/Linux_for_Tegra/sources/tegra/optee-src/nv-optee/optee/build/t234/export-ta_arm64/lib/libutils.a(snprintk.o)
 .data          0x0000000000021944        0x0 /home/avees/Linux_for_Tegra/sources/tegra/optee-src/nv-optee/optee/build/t234/export-ta_arm64/lib/libutils.a(memchr.o)
 .data          0x0000000000021944        0x0 /home/avees/Linux_for_Tegra/sources/tegra/optee-src/nv-optee/optee/build/t234/export-ta_arm64/lib/libutils.a(strlen.o)
 .data          0x0000000000021944        0x0 /home/avees/Linux_for_Tegra/sources/tegra/optee-src/nv-optee/optee/build/t234/export-ta_arm64/lib/libutee.a(assert.o)
 .data          0x0000000000021944        0x0 /home/avees/Linux_for_Tegra/sources/tegra/optee-src/nv-optee/optee/build/t234/export-ta_arm64/lib/libutee.a(trace_ext.o)
 .data          0x0000000000021944        0x0 /home/avees/Linux_for_Tegra/sources/tegra/optee-src/nv-optee/optee/build/t234/export-ta_arm64/lib/libutee.a(tee_api_operations.o)
 .data          0x0000000000021944        0x0 /home/avees/Linux_for_Tegra/sources/tegra/optee-src/nv-optee/optee/build/t234/export-ta_arm64/lib/libutee.a(tee_api_panic.o)
 .data          0x0000000000021944        0x0 /home/avees/Linux_for_Tegra/sources/tegra/optee-src/nv-optee/optee/build/t234/export-ta_arm64/lib/libutee.a(user_ta_entry.o)
 .data          0x0000000000021944        0x0 /home/avees/Linux_for_Tegra/sources/tegra/optee-src/nv-optee/optee/build/t234/export-ta_arm64/lib/libutee.a(utee_syscalls_a64.o)
 .data          0x0000000000021944        0x0 /home/avees/Linux_for_Tegra/sources/tegra/optee-src/nv-optee/optee/build/t234/export-ta_arm64/lib/libutee.a(abort.o)
 .data          0x0000000000021944        0x0 /home/avees/Linux_for_Tegra/sources/tegra/optee-src/nv-optee/optee/build/t234/export-ta_arm64/lib/libutee.a(tee_api.o)
 .data          0x0000000000021944        0x0 /home/avees/Linux_for_Tegra/sources/tegra/optee-src/nv-optee/optee/build/t234/export-ta_arm64/lib/libutee.a(tee_api_arith_mpi.o)
 .data          0x0000000000021944        0x0 /home/avees/Linux_for_Tegra/sources/tegra/optee-src/nv-optee/optee/build/t234/export-ta_arm64/lib/libutee.a(tee_api_objects.o)
 .data          0x0000000000021944        0x0 /home/avees/Linux_for_Tegra/sources/tegra/optee-src/nv-optee/optee/build/t234/export-ta_arm64/lib/libutee.a(tee_api_property.o)
 .data          0x0000000000021944        0x0 /home/avees/Linux_for_Tegra/sources/tegra/optee-src/nv-optee/optee/build/t234/export-ta_arm64/lib/libutee.a(tee_system_pta.o)
 .data          0x0000000000021944        0x0 /home/avees/Linux_for_Tegra/sources/tegra/optee-src/nv-optee/optee/build/t234/export-ta_arm64/lib/libutee.a(tcb.o)
 .data          0x0000000000021944        0x0 /home/avees/Linux_for_Tegra/sources/tegra/optee-src/nv-optee/optee/build/t234/export-ta_arm64/lib/libutee.a(base64.o)
 .data          0x0000000000021944        0x0 /home/avees/Linux_for_Tegra/sources/tegra/optee-src/nv-optee/optee/build/t234/export-ta_arm64/lib/libmbedtls.a(bignum.o)
 .data          0x0000000000021944        0x0 /home/avees/Linux_for_Tegra/sources/tegra/optee-src/nv-optee/optee/build/t234/export-ta_arm64/lib/libmbedtls.a(constant_time.o)
 .data          0x0000000000021944        0x0 /home/avees/Linux_for_Tegra/sources/tegra/optee-src/nv-optee/optee/build/t234/export-ta_arm64/lib/libmbedtls.a(platform_util.o)
 .data          0x0000000000021944        0x0 /home/avees/Linux_for_Tegra/sources/tegra/optee-src/nv-optee/optee/build/t234/export-ta_arm64/lib/libutils.a(snprintf.o)
 .data          0x0000000000021944        0x0 /home/avees/Linux_for_Tegra/sources/tegra/optee-src/nv-optee/optee/build/t234/export-ta_arm64/lib/libutils.a(memmove.o)
 .data          0x0000000000021944        0x0 /home/avees/Linux_for_Tegra/sources/tegra/optee-src/nv-optee/optee/build/t234/export-ta_arm64/lib/libutils.a(strlcpy.o)
 .data          0x0000000000021944        0x0 /home/avees/Linux_for_Tegra/sources/tegra/optee-src/nv-optee/optee/build/t234/export-ta_arm64/lib/libutils.a(mempool.o)
 .data          0x0000000000021944        0x0 /home/avees/Linux_for_Tegra/sources/tegra/optee-src/nv-optee/optee/build/t234/export-ta_arm64/lib/libutils.a(consttime_memcmp.o)

.bss            0x0000000000021948   0xa041f8
 *(SORT_BY_ALIGNMENT(.bss) SORT_BY_ALIGNMENT(.bss.*) SORT_BY_ALIGNMENT(.gnu.linkonce.b.*) SORT_BY_ALIGNMENT(COMMON))
 COMMON         0x0000000000021948        0x8 ./darknetp_ta.o
                0x0000000000021948                netta_truth
 COMMON         0x0000000000021950      0x130 ./network_TA.o
                0x0000000000021950                ta_net_delta
                0x0000000000021958                ta_net_input
                0x0000000000021960                netta
                0x0000000000021a78                ta_net_output
 .bss           0x0000000000021a80        0x9 /home/avees/Linux_for_Tegra/sources/tegra/optee-src/nv-optee/optee/build/t234/export-ta_arm64/lib/libutee.a(user_ta_entry.o)
 *fill*         0x0000000000021a89        0x7 
 COMMON         0x0000000000021a90       0x60 /home/avees/Linux_for_Tegra/sources/tegra/optee-src/nv-optee/optee/build/t234/export-ta_arm64/lib/libutee.a(user_ta_entry.o)
                0x0000000000021a90                ta_param_types
                0x0000000000021a98                __ta_no_share_malloc_ctx
                0x0000000000021aa0                ta_params
                0x0000000000021ae0                __elf_phdr_info
 .bss           0x0000000000021af0       0x10 /home/avees/Linux_for_Tegra/sources/tegra/optee-src/nv-optee/optee/build/t234/export-ta_arm64/lib/libutee.a(tee_api.o)
 .bss           0x0000000000021b00     0x4000 /home/avees/Linux_for_Tegra/sources/tegra/optee-src/nv-optee/optee/build/t234/export-ta_arm64/lib/libutee.a(tee_api_arith_mpi.o)
 .bss           0x0000000000025b00        0x8 /home/avees/Linux_for_Tegra/sources/tegra/optee-src/nv-optee/optee/build/t234/export-ta_arm64/lib/libutee.a(tee_system_pta.o)
 .bss           0x0000000000025b08       0x10 /home/avees/Linux_for_Tegra/sources/tegra/optee-src/nv-optee/optee/build/t234/export-ta_arm64/lib/libutee.a(tcb.o)
 COMMON         0x0000000000025b18        0x8 /home/avees/Linux_for_Tegra/sources/tegra/optee-src/nv-optee/optee/build/t234/export-ta_arm64/lib/libmbedtls.a(bignum.o)
                0x0000000000025b18                mbedtls_mpi_mempool
 .bss           0x0000000000025b20        0xc ./darknetp_ta.o
                0x0000000000025b20                debug_summary_pass
                0x0000000000025b24                debug_summary_com
                0x0000000000025b28                netnum
 .bss           0x0000000000025b2c        0x8 ./utils_TA.o
 .bss           0x0000000000025b34        0x8 ./network_TA.o
                0x0000000000025b34                err_sum
                0x0000000000025b38                roundnum
 .bss           0x0000000000025b3c        0x0 ./gemm_TA.o
 .bss           0x0000000000025b3c        0x0 ./blas_TA.o
 .bss           0x0000000000025b3c        0x0 ./softmax_layer_TA.o
 .bss           0x0000000000025b3c        0x0 ./connected_layer_TA.o
 .bss           0x0000000000025b3c        0x0 ./math_TA.o
 .bss           0x0000000000025b3c        0x0 ./parser_TA.o
 .bss           0x0000000000025b3c        0x0 ./activations_TA.o
 .bss           0x0000000000025b3c        0x0 ./maxpool_layer_TA.o
 .bss           0x0000000000025b3c        0x0 ./cost_layer_TA.o
 .bss           0x0000000000025b3c        0x0 ./dropout_layer_TA.o
 .bss           0x0000000000025b3c        0x0 ./aes_TA.o
 .bss           0x0000000000025b3c        0x0 ./im2col_TA.o
 .bss           0x0000000000025b3c        0x0 ./batchnorm_layer_TA.o
 .bss           0x0000000000025b3c        0x0 ./convolutional_layer_TA.o
 .bss           0x0000000000025b3c        0x0 ./avgpool_layer_TA.o
 .bss           0x0000000000025b3c        0x0 ./col2im_TA.o
 .bss           0x0000000000025b3c        0x0 ./diffprivate_TA.o
 .bss           0x0000000000025b3c        0x0 ./user_ta_header.o
 COMMON         0x0000000000025b3c   0xa00000 ./user_ta_header.o
                0x0000000000025b3c                ta_heap
                0x0000000000a25b3c                __ta_no_share_heap
 .bss           0x0000000000a25b3c        0x0 /home/avees/Linux_for_Tegra/sources/tegra/optee-src/nv-optee/optee/build/t234/export-ta_arm64/lib/libutils.a(bget_malloc.o)
 .bss           0x0000000000a25b3c        0x0 /home/avees/Linux_for_Tegra/sources/tegra/optee-src/nv-optee/optee/build/t234/export-ta_arm64/lib/libutils.a(stack_check.o)
 .bss           0x0000000000a25b3c        0x0 /home/avees/Linux_for_Tegra/sources/tegra/optee-src/nv-optee/optee/build/t234/export-ta_arm64/lib/libutils.a(memcpy.o)
 .bss           0x0000000000a25b3c        0x0 /home/avees/Linux_for_Tegra/sources/tegra/optee-src/nv-optee/optee/build/t234/export-ta_arm64/lib/libutils.a(memset.o)
 .bss           0x0000000000a25b3c        0x0 /home/avees/Linux_for_Tegra/sources/tegra/optee-src/nv-optee/optee/build/t234/export-ta_arm64/lib/libutils.a(strcmp.o)
 .bss           0x0000000000a25b3c        0x0 /home/avees/Linux_for_Tegra/sources/tegra/optee-src/nv-optee/optee/build/t234/export-ta_arm64/lib/libutils.a(strncmp.o)
 .bss           0x0000000000a25b3c        0x0 /home/avees/Linux_for_Tegra/sources/tegra/optee-src/nv-optee/optee/build/t234/export-ta_arm64/lib/libutils.a(trace.o)
 .bss           0x0000000000a25b3c        0x0 /home/avees/Linux_for_Tegra/sources/tegra/optee-src/nv-optee/optee/build/t234/export-ta_arm64/lib/libutils.a(snprintk.o)
 .bss           0x0000000000a25b3c        0x0 /home/avees/Linux_for_Tegra/sources/tegra/optee-src/nv-optee/optee/build/t234/export-ta_arm64/lib/libutils.a(memchr.o)
 .bss           0x0000000000a25b3c        0x0 /home/avees/Linux_for_Tegra/sources/tegra/optee-src/nv-optee/optee/build/t234/export-ta_arm64/lib/libutils.a(strlen.o)
 .bss           0x0000000000a25b3c        0x0 /home/avees/Linux_for_Tegra/sources/tegra/optee-src/nv-optee/optee/build/t234/export-ta_arm64/lib/libutee.a(assert.o)
 .bss           0x0000000000a25b3c        0x0 /home/avees/Linux_for_Tegra/sources/tegra/optee-src/nv-optee/optee/build/t234/export-ta_arm64/lib/libutee.a(trace_ext.o)
 .bss           0x0000000000a25b3c        0x0 /home/avees/Linux_for_Tegra/sources/tegra/optee-src/nv-optee/optee/build/t234/export-ta_arm64/lib/libutee.a(tee_api_operations.o)
 .bss           0x0000000000a25b3c        0x0 /home/avees/Linux_for_Tegra/sources/tegra/optee-src/nv-optee/optee/build/t234/export-ta_arm64/lib/libutee.a(tee_api_panic.o)
 .bss           0x0000000000a25b3c        0x0 /home/avees/Linux_for_Tegra/sources/tegra/optee-src/nv-optee/optee/build/t234/export-ta_arm64/lib/libutee.a(utee_syscalls_a64.o)
 .bss           0x0000000000a25b3c        0x0 /home/avees/Linux_for_Tegra/sources/tegra/optee-src/nv-optee/optee/build/t234/export-ta_arm64/lib/libutee.a(abort.o)