Archive member included to satisfy reference by file (symbol)

/home/avees/Linux_for_Tegra/sources/tegra/optee-src/nv-optee/optee/build/t234/export-ta_arm64/lib/libutils.a(bget_malloc.o)
                              ./dropout_layer_TA.o (malloc)
/home/avees/Linux_for_Tegra/sources/tegra/optee-src/nv-optee/optee/build/t234/export-ta_arm64/lib/libutils.a(stack_check.o)
                              ./dropout_layer_TA.o (__stack_chk_fail)
/home/avees/Linux_for_Tegra/sources/tegra/optee-src/nv-optee/optee/build/t234/export-ta_arm64/lib/libutils.a(memcpy.o)
                              ./connected_layer_TA.o (memcpy)
/home/avees/Linux_for_Tegra/sources/tegra/optee-src/nv-optee/optee/build/t234/export-ta_arm64/lib/libutils.a(memset.o)
                              ./softmax_layer_TA.o (memset)
/home/avees/Linux_for_Tegra/sources/tegra/optee-src/nv-optee/optee/build/t234/export-ta_arm64/lib/libutils.a(strcmp.o)
                              ./activations_TA.o (strcmp)
/home/avees/Linux_for_Tegra/sources/tegra/optee-src/nv-optee/optee/build/t234/export-ta_arm64/lib/libutils.a(strncmp.o)
                              ./parser_TA.o (strncmp)
/home/avees/Linux_for_Tegra/sources/tegra/optee-src/nv-optee/optee/build/t234/export-ta_arm64/lib/libutils.a(trace.o)
                              ./cost_layer_TA.o (trace_printf)
/home/avees/Linux_for_Tegra/sources/tegra/optee-src/nv-optee/optee/build/t234/export-ta_arm64/lib/libutils.a(snprintk.o)
                              /home/avees/Linux_for_Tegra/sources/tegra/optee-src/nv-optee/optee/build/t234/export-ta_arm64/lib/libutils.a(trace.o) (vsnprintk)
/home/avees/Linux_for_Tegra/sources/tegra/optee-src/nv-optee/optee/build/t234/export-ta_arm64/lib/libutils.a(memchr.o)
                              /home/avees/Linux_for_Tegra/sources/tegra/optee-src/nv-optee/optee/build/t234/export-ta_arm64/lib/libutils.a(snprintk.o) (memchr)
/home/avees/Linux_for_Tegra/sources/tegra/optee-src/nv-optee/optee/build/t234/export-ta_arm64/lib/libutils.a(strlen.o)
                              /home/avees/Linux_for_Tegra/sources/tegra/optee-src/nv-optee/optee/build/t234/export-ta_arm64/lib/libutils.a(snprintk.o) (strlen)
/home/avees/Linux_for_Tegra/sources/tegra/optee-src/nv-optee/optee/build/t234/export-ta_arm64/lib/libutee.a(assert.o)
                              ./softmax_layer_TA.o (_assert_log)
/home/avees/Linux_for_Tegra/sources/tegra/optee-src/nv-optee/optee/build/t234/export-ta_arm64/lib/libutee.a(trace_ext.o)
                              /home/avees/Linux_for_Tegra/sources/tegra/optee-src/nv-optee/optee/build/t234/export-ta_arm64/lib/libutils.a(trace.o) (trace_ext_puts)
/home/avees/Linux_for_Tegra/sources/tegra/optee-src/nv-optee/optee/build/t234/export-ta_arm64/lib/libutee.a(tee_api.o)
                              ./darknetp_ta.o (TEE_MemMove)
/home/avees/Linux_for_Tegra/sources/tegra/optee-src/nv-optee/optee/build/t234/export-ta_arm64/lib/libutee.a(tee_api_operations.o)
                              ./math_TA.o (TEE_GenerateRandom)
/home/avees/Linux_for_Tegra/sources/tegra/optee-src/nv-optee/optee/build/t234/export-ta_arm64/lib/libutee.a(tee_api_panic.o)
                              /home/avees/Linux_for_Tegra/sources/tegra/optee-src/nv-optee/optee/build/t234/export-ta_arm64/lib/libutee.a(tee_api.o) (TEE_Panic)
/home/avees/Linux_for_Tegra/sources/tegra/optee-src/nv-optee/optee/build/t234/export-ta_arm64/lib/libutee.a(tee_system_pta.o)
                              /home/avees/Linux_for_Tegra/sources/tegra/optee-src/nv-optee/optee/build/t234/export-ta_arm64/lib/libutee.a(tee_api.o) (tee_map_zi)
/home/avees/Linux_for_Tegra/sources/tegra/optee-src/nv-optee/optee/build/t234/export-ta_arm64/lib/libutee.a(user_ta_entry.o)
                              ./user_ta_header.o (__utee_entry)
/home/avees/Linux_for_Tegra/sources/tegra/optee-src/nv-optee/optee/build/t234/export-ta_arm64/lib/libutee.a(utee_syscalls_a64.o)
                              /home/avees/Linux_for_Tegra/sources/tegra/optee-src/nv-optee/optee/build/t234/export-ta_arm64/lib/libutils.a(stack_check.o) (_utee_panic)
/home/avees/Linux_for_Tegra/sources/tegra/optee-src/nv-optee/optee/build/t234/export-ta_arm64/lib/libutee.a(abort.o)
                              /home/avees/Linux_for_Tegra/sources/tegra/optee-src/nv-optee/optee/build/t234/export-ta_arm64/lib/libutee.a(user_ta_entry.o) (abort)
/home/avees/Linux_for_Tegra/sources/tegra/optee-src/nv-optee/optee/build/t234/export-ta_arm64/lib/libutee.a(tee_api_arith_mpi.o)
                              /home/avees/Linux_for_Tegra/sources/tegra/optee-src/nv-optee/optee/build/t234/export-ta_arm64/lib/libutee.a(user_ta_entry.o) (_TEE_MathAPI_Init)
/home/avees/Linux_for_Tegra/sources/tegra/optee-src/nv-optee/optee/build/t234/export-ta_arm64/lib/libutee.a(tee_api_objects.o)
                              /home/avees/Linux_for_Tegra/sources/tegra/optee-src/nv-optee/optee/build/t234/export-ta_arm64/lib/libutee.a(tee_api_operations.o) (__utee_from_attr)
[...]
Memory Configuration

Name             Origin             Length             Attributes
*default*        0x0000000000000000 0xffffffffffffffff

Linker script and memory map


.ta_head        0x0000000000000000       0x20
 *(SORT_BY_ALIGNMENT(.ta_head))
 .ta_head       0x0000000000000000       0x20 ./user_ta_header.o
                0x0000000000000000                ta_head

.text           0x0000000000000020    0x199d0
                0x0000000000000020                __text_start = .
 *(SORT_BY_ALIGNMENT(.text) SORT_BY_ALIGNMENT(.text.*))
 .text          0x0000000000000020       0xec /home/avees/Linux_for_Tegra/sources/tegra/optee-src/nv-optee/optee/build/t234/export-ta_arm64/lib/libutils.a(memcpy.o)
                0x0000000000000020                memcpy
 .text          0x000000000000010c      0x278 ./softmax_layer_TA.o
                0x000000000000010c                forward_softmax_layer_TA
                0x000000000000022c                backward_softmax_layer_TA
                0x0000000000000250                make_softmax_layer_TA_new
 .text          0x0000000000000384      0x790 ./activations_TA.o
                0x0000000000000384                get_activation_string_TA
                0x000000000000044c                get_activation_TA
                0x00000000000005ec                activate_TA
                0x000000000000089c                activate_array_TA
                0x00000000000008f0                gradient_TA
                0x0000000000000aac                gradient_array_TA
 .text          0x0000000000000b14      0x31c ./cost_layer_TA.o
                0x0000000000000b14                forward_cost_layer_TA
                0x0000000000000be4                backward_cost_layer_TA
                0x0000000000000c08                get_cost_type_TA
                0x0000000000000ce8                get_cost_string_TA
                0x0000000000000d54                make_cost_layer_TA_new
 .text          0x0000000000000e30      0x2c0 ./gemm_TA.o
                0x0000000000000e30                gemm_nn_TA
                0x0000000000000eb4                gemm_nt_TA
                0x0000000000000f3c                gemm_tn_TA
                0x0000000000000fbc                gemm_tt_TA
                0x0000000000001044                gemm_cpu_TA
                0x00000000000010ec                gemm_TA
 .text          0x00000000000010f0      0x6f0 ./connected_layer_TA.o
                0x00000000000010f0                forward_connected_layer_TA_new
                0x00000000000011e8                backward_connected_layer_TA_new
                0x000000000000131c                update_connected_layer_TA_new
                0x0000000000001444                make_connected_layer_TA_new
 .text          0x00000000000017e0      0x20c ./dropout_layer_TA.o
                0x00000000000017e0                forward_dropout_layer_TA_new
                0x0000000000001814                backward_dropout_layer_TA_new
                0x0000000000001878                make_dropout_layer_TA_new
                0x00000000000019b4                resize_dropout_layer_TA
 .text          0x00000000000019ec      0x95c ./math_TA.o
                0x00000000000019ec                ta_max
                0x00000000000019f8                ta_pow
                0x0000000000001a48                ta_eee
                0x0000000000001ae8                ta_exp
                0x0000000000001b44                ta_rand
                0x0000000000001bdc                ta_floor
                0x0000000000001bf0                ta_sqrt
                0x0000000000001c64                F1
                0x0000000000001c70                F2
                0x0000000000001c98                simpson
                0x0000000000001d2c                asr
                0x0000000000001e10                asr0
                0x0000000000001e60                ta_ln
                0x0000000000001e78                ta_log
                0x0000000000001eac                ta_cos
                0x0000000000001ffc                ta_sin
                0x0000000000002150                ta_tan
                0x0000000000002180                reverse
                0x00000000000021b4                intToStr
                0x0000000000002254                ftoa
                0x00000000000022fc                bubble_sort_top
 .text          0x0000000000002348      0x510 ./parser_TA.o
                0x0000000000002348                aes_cbc_TA
                0x0000000000002570                transpose_matrix_TA
                0x0000000000002614                load_weights_TA
                0x0000000000002780                save_weights_TA
 .text          0x0000000000002858      0x638 ./blas_TA.o
                0x0000000000002858                fill_cpu_TA
                0x0000000000002878                copy_cpu_TA
                0x00000000000028a0                mean_cpu_TA
                0x000000000000292c                variance_cpu_TA
                0x0000000000002a3c                scal_cpu_TA
                0x0000000000002a64                axpy_cpu_TA
                0x0000000000002a94                normalize_cpu_TA
                0x0000000000002b84                softmax_TA
                0x0000000000002c6c                softmax_cpu_TA
                0x0000000000002d28                softmax_x_ent_cpu_TA
                0x0000000000002db4                smooth_l1_cpu_TA
                0x0000000000002e18                l1_cpu_TA
                0x0000000000002e60                l2_cpu_TA
 .text          0x0000000000002e90      0x410 ./maxpool_layer_TA.o
                0x0000000000002e90                forward_maxpool_layer_TA_new
                0x0000000000003070                backward_maxpool_layer_TA_new
                0x00000000000030c8                make_maxpool_layer_TA
                0x00000000000031f8                resize_maxpool_layer_TA
 .text          0x00000000000032a0      0x7a4 ./network_TA.o
                0x00000000000032a0                make_network_TA
                0x000000000000342c                update_network_TA
                0x00000000000034e8                calc_network_cost_TA
                0x0000000000003560                forward_network_TA
                0x000000000000377c                calc_network_loss_TA
                0x0000000000003880                backward_network_TA
 .text          0x0000000000003a44      0x158 ./utils_TA.o
                0x0000000000003a44                sum_array_TA
                0x0000000000003a68                rand_uniform_TA
                0x0000000000003aa4                rand_normal_TA
 .text          0x0000000000003b9c      0x8d8 ./aes_TA.o
                0x00000000000041c4                AES_init_ctx
                0x00000000000041c8                AES_init_ctx_iv
                0x00000000000041f0                AES_ctx_set_iv
                0x00000000000041fc                AES_ECB_encrypt
                0x000000000000420c                AES_ECB_decrypt
                0x000000000000421c                AES_CBC_encrypt_buffer
                0x00000000000042a8                AES_CBC_decrypt_buffer
                0x0000000000004380                AES_CTR_xcrypt_buffer
 .text          0x0000000000004474      0x17c ./im2col_TA.o
                0x0000000000004474                im2col_get_pixel_TA
                0x00000000000044a8                im2col_cpu_TA
 .text          0x00000000000045f0      0x724 ./batchnorm_layer_TA.o
                0x00000000000045f0                forward_batchnorm_layer_TA
                0x00000000000047cc                backward_scale_cpu_TA
                0x0000000000004844                mean_delta_cpu_TA
                0x0000000000004938                variance_delta_cpu_TA
                0x0000000000004a50                normalize_delta_cpu_TA
                0x0000000000004b94                backward_batchnorm_layer_TA
 .text          0x0000000000004d14      0xe4c ./convolutional_layer_TA.o
                0x0000000000004d14                update_convolutional_layer_TA_new
                0x0000000000004e34                swap_binary_TA
                0x0000000000004e48                add_bias_TA
                0x0000000000004eb0                scale_bias_TA
                0x0000000000004f18                backward_bias_TA
                0x0000000000004fb8                backward_convolutional_layer_TA_new
                0x00000000000052a0                convolutional_out_height_TA
                0x00000000000052c4                convolutional_out_width_TA
                0x00000000000052e8                binarize_weights_TA
                0x0000000000005370                binarize_cpu_TA
                0x00000000000053a0                forward_convolutional_layer_TA_new
                0x00000000000055f0                make_convolutional_layer_TA_new
 .text          0x0000000000005b60      0x20c ./avgpool_layer_TA.o
                0x0000000000005b60                forward_avgpool_layer_TA_new
                0x0000000000005c00                backward_avgpool_layer_TA_new
                0x0000000000005c94                make_avgpool_layer_TA
                0x0000000000005d54                resize_avgpool_layer_TA
 .text          0x0000000000005d6c      0x17c ./col2im_TA.o
                0x0000000000005d6c                col2im_add_pixel_TA
                0x0000000000005da4                col2im_cpu_TA
 .text          0x0000000000005ee8     0x12ec ./darknetp_ta.o
                0x00000000000065d0                summary_array
                0x0000000000006720                TA_CreateEntryPoint
                0x0000000000006758                TA_DestroyEntryPoint
                0x000000000000677c                TA_OpenSessionEntryPoint
                0x00000000000067ec                TA_CloseSessionEntryPoint
                0x0000000000006810                TA_InvokeCommandEntryPoint
 .text          0x00000000000071d4       0xc4 ./diffprivate_TA.o
                0x00000000000071d4                diff_private_SGD
 .text          0x0000000000007298       0x1c ./user_ta_header.o
                0x0000000000007298                __ta_entry
                0x00000000000072ac                tahead_get_trace_level
 .text          0x00000000000072b4      0xd00 /home/avees/Linux_for_Tegra/sources/tegra/optee-src/nv-optee/optee/build/t234/export-ta_arm64/lib/libutils.a(bget_malloc.o)
                0x00000000000072ec                bget
                0x00000000000075b4                bgetz
                0x000000000000763c                brel
                0x00000000000078c0                bgetr
                0x0000000000007990                bpool
                0x0000000000007a60                raw_memalign
                0x0000000000007ab4                raw_malloc
                0x0000000000007ac4                raw_free
                0x0000000000007ad4                raw_calloc
                0x0000000000007b24                raw_realloc
                0x0000000000007c0c                malloc
                0x0000000000007c24                calloc
                0x0000000000007c40                realloc
                0x0000000000007c58                memalign
                0x0000000000007c74                aligned_alloc
                0x0000000000007c8c                free
                0x0000000000007c9c                free_wipe
                0x0000000000007cac                raw_malloc_get_ctx_size
                0x0000000000007cb4                raw_malloc_init_ctx
                0x0000000000007ce0                raw_malloc_add_pool
                0x0000000000007da8                raw_malloc_buffer_overlaps_heap
                0x0000000000007e28                raw_malloc_buffer_is_within_alloced
                0x0000000000007f78                malloc_add_pool
                0x0000000000007f8c                malloc_buffer_is_within_alloced
                0x0000000000007fa0                malloc_buffer_overlaps_heap
 .text          0x0000000000007fb4       0x30 /home/avees/Linux_for_Tegra/sources/tegra/optee-src/nv-optee/optee/build/t234/export-ta_arm64/lib/libutils.a(stack_check.o)
                0x0000000000007fb4                __stack_chk_fail
 .text          0x0000000000007fe4       0x1c /home/avees/Linux_for_Tegra/sources/tegra/optee-src/nv-optee/optee/build/t234/export-ta_arm64/lib/libutils.a(memset.o)
                0x0000000000007fe4                memset
 .text          0x0000000000008000       0x24 /home/avees/Linux_for_Tegra/sources/tegra/optee-src/nv-optee/optee/build/t234/export-ta_arm64/lib/libutils.a(strcmp.o)
                0x0000000000008000                strcmp
 .text          0x0000000000008024       0x3c /home/avees/Linux_for_Tegra/sources/tegra/optee-src/nv-optee/optee/build/t234/export-ta_arm64/lib/libutils.a(strncmp.o)
                0x0000000000008024                strncmp
 .text          0x0000000000008060      0x32c /home/avees/Linux_for_Tegra/sources/tegra/optee-src/nv-optee/optee/build/t234/export-ta_arm64/lib/libutils.a(trace.o)
                0x0000000000008060                trace_set_level
                0x000000000000807c                trace_get_level
                0x000000000000808c                trace_vprintf
                0x00000000000082a8                trace_printf
                0x0000000000008388                dhex_dump
 .text          0x000000000000838c      0xe10 /home/avees/Linux_for_Tegra/sources/tegra/optee-src/nv-optee/optee/build/t234/export-ta_arm64/lib/libutils.a(snprintk.o)
                0x000000000000838c                __vsnprintf
                0x000000000000844c                vsnprintk
                0x00000000000084a4                snprintk
                0x0000000000009150                __vsprintf
 .text          0x000000000000919c       0x2c /home/avees/Linux_for_Tegra/sources/tegra/optee-src/nv-optee/optee/build/t234/export-ta_arm64/lib/libutils.a(memchr.o)
                0x000000000000919c                memchr
 .text          0x00000000000091c8       0x1c /home/avees/Linux_for_Tegra/sources/tegra/optee-src/nv-optee/optee/build/t234/export-ta_arm64/lib/libutils.a(strlen.o)
                0x00000000000091c8                strlen
 .text          0x00000000000091e4       0x58 /home/avees/Linux_for_Tegra/sources/tegra/optee-src/nv-optee/optee/build/t234/export-ta_arm64/lib/libutee.a(assert.o)
                0x00000000000091e4                _assert_log
                0x0000000000009228                _assert_break
 .text          0x000000000000923c      0x1e0 /home/avees/Linux_for_Tegra/sources/tegra/optee-src/nv-optee/optee/build/t234/export-ta_arm64/lib/libutee.a(trace_ext.o)
                0x000000000000923c                trace_ext_puts
                0x0000000000009264                trace_ext_get_thread_id
                0x000000000000926c                printf
                0x000000000000936c                puts
                0x00000000000093ac                putchar
 .text          0x000000000000941c     0x10c0 /home/avees/Linux_for_Tegra/sources/tegra/optee-src/nv-optee/optee/build/t234/export-ta_arm64/lib/libutee.a(tee_api.o)
                0x00000000000097cc                TEE_CloseTASession
                0x00000000000097f4                TEE_GetCancellationFlag
                0x0000000000009854                TEE_UnmaskCancellation
                0x00000000000098b4                TEE_MaskCancellation
                0x0000000000009914                TEE_CheckMemoryAccessRights
                0x0000000000009b38                TEE_OpenTASession
                0x0000000000009c8c                __GP11_TEE_OpenTASession
                0x0000000000009dd4                TEE_InvokeTACommand
                0x0000000000009f58                __GP11_TEE_InvokeTACommand
                0x000000000000a0d0                __GP11_TEE_CheckMemoryAccessRights
                0x000000000000a0d8                TEE_SetInstanceData
                0x000000000000a0e4                TEE_GetInstanceData
                0x000000000000a0f0                TEE_MemMove
                0x000000000000a0f4                __GP11_TEE_MemMove
                0x000000000000a0fc                TEE_MemCompare
                0x000000000000a100                __GP11_TEE_MemCompare
                0x000000000000a108                TEE_MemFill
                0x000000000000a10c                __GP11_TEE_MemFill
                0x000000000000a114                TEE_GetSystemTime
                0x000000000000a13c                TEE_Wait
                0x000000000000a178                TEE_GetTAPersistentTime
                0x000000000000a1ec                TEE_SetTAPersistentTime
                0x000000000000a230                TEE_GetREETime
                0x000000000000a258                TEE_Malloc
                0x000000000000a37c                __GP11_TEE_Malloc
                0x000000000000a384                TEE_Free
                0x000000000000a3e4                TEE_Realloc
                0x000000000000a4bc                __GP11_TEE_Realloc
                0x000000000000a4c4                TEE_CacheClean
                0x000000000000a4cc                TEE_CacheFlush
                0x000000000000a4d4                TEE_CacheInvalidate
 .text          0x000000000000a4dc     0x472c /home/avees/Linux_for_Tegra/sources/tegra/optee-src/nv-optee/optee/build/t234/export-ta_arm64/lib/libutee.a(tee_api_operations.o)
                0x000000000000ac08                TEE_FreeOperation
                0x000000000000ac48                TEE_AllocateOperation
                0x000000000000b980                __GP11_TEE_FreeOperation
                0x000000000000b9ac                TEE_GetOperationInfo
                0x000000000000ba00                TEE_GetOperationInfoMultiple
                0x000000000000bbb0                __GP11_TEE_GetOperationInfoMultiple
                0x000000000000bc38                TEE_ResetOperation
                0x000000000000bc74                TEE_SetOperationKey
                0x000000000000bdc0                __GP11_TEE_SetOperationKey
                0x000000000000bdfc                TEE_SetOperationKey2
                0x000000000000be1c                __GP11_TEE_SetOperationKey2
                0x000000000000be68                TEE_CopyOperation
                0x000000000000bfc4                TEE_DigestUpdate
                0x000000000000c034                __GP11_TEE_DigestUpdate
                0x000000000000c03c                TEE_DigestDoFinal
                0x000000000000c1a8                __GP11_TEE_DigestDoFinal
                0x000000000000c248                TEE_DigestExtract
                0x000000000000c3ec                TEE_CipherInit
                0x000000000000c4cc                __GP11_TEE_CipherInit
                0x000000000000c4d4                TEE_CipherUpdate
                0x000000000000c668                __GP11_TEE_CipherUpdate
                0x000000000000c708                TEE_CipherDoFinal
                0x000000000000c920                __GP11_TEE_CipherDoFinal
                0x000000000000c9d0                TEE_MACInit
                0x000000000000ca74                __GP11_TEE_MACInit
                0x000000000000ca7c                TEE_MACUpdate
                0x000000000000cb1c                __GP11_TEE_MACUpdate
                0x000000000000cb24                TEE_MACComputeFinal
                0x000000000000cc34                __GP11_TEE_MACComputeFinal
                0x000000000000ccd4                TEE_MACCompareFinal
                0x000000000000cdd8                __GP11_TEE_MACCompareFinal
                0x000000000000cde4                TEE_AEInit
                0x000000000000cea8                __GP11_TEE_AEInit
                0x000000000000ceb8                TEE_AEUpdateAAD
                0x000000000000cf54                __GP11_TEE_AEUpdateAAD
                0x000000000000cfe8                TEE_AEUpdate
                0x000000000000d0c8                __GP11_TEE_AEUpdate
                0x000000000000d1e8                TEE_AEEncryptFinal
                0x000000000000d3e8                __GP11_TEE_AEEncryptFinal
                0x000000000000d4bc                TEE_AEDecryptFinal
                0x000000000000d690                __GP11_TEE_AEDecryptFinal
                0x000000000000d748                TEE_AsymmetricEncrypt
                0x000000000000d90c                __GP11_TEE_AsymmetricEncrypt
                0x000000000000dab4                TEE_AsymmetricDecrypt
                0x000000000000dc7c                __GP11_TEE_AsymmetricDecrypt
                0x000000000000de28                TEE_AsymmetricSignDigest
                0x000000000000dfc8                __GP11_TEE_AsymmetricSignDigest
                0x000000000000e168                TEE_AsymmetricVerifyDigest
                0x000000000000e2f4                __GP11_TEE_AsymmetricVerifyDigest
                0x000000000000e480                TEE_DeriveKey
                0x000000000000e630                __GP11_TEE_DeriveKey
                0x000000000000e7e0                TEE_GenerateRandom
                0x000000000000e800                __GP11_TEE_GenerateRandom
                0x000000000000e808                rand
                0x000000000000e860                TEE_IsAlgorithmSupported
 .text          0x000000000000ec08      0x21c /home/avees/Linux_for_Tegra/sources/tegra/optee-src/nv-optee/optee/build/t234/export-ta_arm64/lib/libutee.a(tee_api_panic.o)
                0x000000000000ec24                TEE_Panic
                0x000000000000ec3c                __utee_check_outbuf_annotation
                0x000000000000ec88                __utee_check_gp11_outbuf_annotation
                0x000000000000ecd4                __utee_check_instring_annotation
                0x000000000000ed04                __utee_check_outstring_annotation
                0x000000000000ed50                __utee_check_gp11_outstring_annotation
                0x000000000000ed9c                __utee_check_out_annotation
                0x000000000000edbc                __utee_check_attr_in_annotation
                0x000000000000ede0                __utee_check_gp11_attr_in_annotation
                0x000000000000ee04                __utee_check_inout_annotation
 .text          0x000000000000ee24      0x310 /home/avees/Linux_for_Tegra/sources/tegra/optee-src/nv-optee/optee/build/t234/export-ta_arm64/lib/libutee.a(tee_system_pta.o)
                0x000000000000eeac                tee_map_zi
                0x000000000000ef5c                tee_unmap
                0x000000000000f024                tee_invoke_supp_plugin
 .text          0x000000000000f134      0x74c /home/avees/Linux_for_Tegra/sources/tegra/optee-src/nv-optee/optee/build/t234/export-ta_arm64/lib/libutee.a(user_ta_entry.o)
                0x000000000000f3f8                __utee_call_elf_init_fn
                0x000000000000f550                __utee_call_elf_fini_fn
                0x000000000000f5f8                __utee_entry
 .text._utee_panic
                0x000000000000f880        0xc /home/avees/Linux_for_Tegra/sources/tegra/optee-src/nv-optee/optee/build/t234/export-ta_arm64/lib/libutee.a(utee_syscalls_a64.o)
                0x000000000000f880                _utee_panic
 .text._utee_return
                0x000000000000f88c        0xc /home/avees/Linux_for_Tegra/sources/tegra/optee-src/nv-optee/optee/build/t234/export-ta_arm64/lib/libutee.a(utee_syscalls_a64.o)
                0x000000000000f88c                _utee_return
 .text._utee_log
                0x000000000000f898        0xc /home/avees/Linux_for_Tegra/sources/tegra/optee-src/nv-optee/optee/build/t234/export-ta_arm64/lib/libutee.a(utee_syscalls_a64.o)
                0x000000000000f898                _utee_log
 .text.__utee_panic
                0x000000000000f8a4        0xc /home/avees/Linux_for_Tegra/sources/tegra/optee-src/nv-optee/optee/build/t234/export-ta_arm64/lib/libutee.a(utee_syscalls_a64.o)
                0x000000000000f8a4                __utee_panic
 .text._utee_get_property
                0x000000000000f8b0        0xc /home/avees/Linux_for_Tegra/sources/tegra/optee-src/nv-optee/optee/build/t234/export-ta_arm64/lib/libutee.a(utee_syscalls_a64.o)
                0x000000000000f8b0                _utee_get_property
 .text._utee_get_property_name_to_index
                0x000000000000f8bc        0xc /home/avees/Linux_for_Tegra/sources/tegra/optee-src/nv-optee/optee/build/t234/export-ta_arm64/lib/libutee.a(utee_syscalls_a64.o)
                0x000000000000f8bc                _utee_get_property_name_to_index
 .text._utee_open_ta_session
                0x000000000000f8c8        0xc /home/avees/Linux_for_Tegra/sources/tegra/optee-src/nv-optee/optee/build/t234/export-ta_arm64/lib/libutee.a(utee_syscalls_a64.o)
                0x000000000000f8c8                _utee_open_ta_session
 .text._utee_close_ta_session
                0x000000000000f8d4        0xc /home/avees/Linux_for_Tegra/sources/tegra/optee-src/nv-optee/optee/build/t234/export-ta_arm64/lib/libutee.a(utee_syscalls_a64.o)
                0x000000000000f8d4                _utee_close_ta_session
 .text._utee_invoke_ta_command
                0x000000000000f8e0        0xc /home/avees/Linux_for_Tegra/sources/tegra/optee-src/nv-optee/optee/build/t234/export-ta_arm64/lib/libutee.a(utee_syscalls_a64.o)
                0x000000000000f8e0                _utee_invoke_ta_command
 .text._utee_get_cancellation_flag
                0x000000000000f8ec        0xc /home/avees/Linux_for_Tegra/sources/tegra/optee-src/nv-optee/optee/build/t234/export-ta_arm64/lib/libutee.a(utee_syscalls_a64.o)
                0x000000000000f8ec                _utee_get_cancellation_flag
 .text._utee_check_access_rights
                0x000000000000f8f8        0xc /home/avees/Linux_for_Tegra/sources/tegra/optee-src/nv-optee/optee/build/t234/export-ta_arm64/lib/libutee.a(utee_syscalls_a64.o)
                0x000000000000f8f8                _utee_check_access_rights
 .text._utee_unmask_cancellation
                0x000000000000f904        0xc /home/avees/Linux_for_Tegra/sources/tegra/optee-src/nv-optee/optee/build/t234/export-ta_arm64/lib/libutee.a(utee_syscalls_a64.o)
                0x000000000000f904                _utee_unmask_cancellation
 .text._utee_mask_cancellation
                0x000000000000f910        0xc /home/avees/Linux_for_Tegra/sources/tegra/optee-src/nv-optee/optee/build/t234/export-ta_arm64/lib/libutee.a(utee_syscalls_a64.o)
                0x000000000000f910                _utee_mask_cancellation
 .text._utee_wait
                0x000000000000f91c        0xc /home/avees/Linux_for_Tegra/sources/tegra/optee-src/nv-optee/optee/build/t234/export-ta_arm64/lib/libutee.a(utee_syscalls_a64.o)
                0x000000000000f91c                _utee_wait
 .text._utee_get_time
                0x000000000000f928        0xc /home/avees/Linux_for_Tegra/sources/tegra/optee-src/nv-optee/optee/build/t234/export-ta_arm64/lib/libutee.a(utee_syscalls_a64.o)
                0x000000000000f928                _utee_get_time
 .text._utee_set_ta_time
                0x000000000000f934        0xc /home/avees/Linux_for_Tegra/sources/tegra/optee-src/nv-optee/optee/build/t234/export-ta_arm64/lib/libutee.a(utee_syscalls_a64.o)
                0x000000000000f934                _utee_set_ta_time
 .text._utee_cryp_state_alloc
                0x000000000000f940        0xc /home/avees/Linux_for_Tegra/sources/tegra/optee-src/nv-optee/optee/build/t234/export-ta_arm64/lib/libutee.a(utee_syscalls_a64.o)
                0x000000000000f940                _utee_cryp_state_alloc
 .text._utee_cryp_state_copy
                0x000000000000f94c        0xc /home/avees/Linux_for_Tegra/sources/tegra/optee-src/nv-optee/optee/build/t234/export-ta_arm64/lib/libutee.a(utee_syscalls_a64.o)
                0x000000000000f94c                _utee_cryp_state_copy
 .text._utee_cryp_state_free
                0x000000000000f958        0xc /home/avees/Linux_for_Tegra/sources/tegra/optee-src/nv-optee/optee/build/t234/export-ta_arm64/lib/libutee.a(utee_syscalls_a64.o)
                0x000000000000f958                _utee_cryp_state_free
 .text._utee_hash_init
                0x000000000000f964        0xc /home/avees/Linux_for_Tegra/sources/tegra/optee-src/nv-optee/optee/build/t234/export-ta_arm64/lib/libutee.a(utee_syscalls_a64.o)
                0x000000000000f964                _utee_hash_init
 .text._utee_hash_update
                0x000000000000f970        0xc /home/avees/Linux_for_Tegra/sources/tegra/optee-src/nv-optee/optee/build/t234/export-ta_arm64/lib/libutee.a(utee_syscalls_a64.o)
                0x000000000000f970                _utee_hash_update
 .text._utee_hash_final
                0x000000000000f97c        0xc /home/avees/Linux_for_Tegra/sources/tegra/optee-src/nv-optee/optee/build/t234/export-ta_arm64/lib/libutee.a(utee_syscalls_a64.o)
                0x000000000000f97c                _utee_hash_final
 .text._utee_cipher_init
                0x000000000000f988        0xc /home/avees/Linux_for_Tegra/sources/tegra/optee-src/nv-optee/optee/build/t234/export-ta_arm64/lib/libutee.a(utee_syscalls_a64.o)
                0x000000000000f988                _utee_cipher_init
 .text._utee_cipher_update
                0x000000000000f994        0xc /home/avees/Linux_for_Tegra/sources/tegra/optee-src/nv-optee/optee/build/t234/export-ta_arm64/lib/libutee.a(utee_syscalls_a64.o)
                0x000000000000f994                _utee_cipher_update
 .text._utee_cipher_final
                0x000000000000f9a0        0xc /home/avees/Linux_for_Tegra/sources/tegra/optee-src/nv-optee/optee/build/t234/export-ta_arm64/lib/libutee.a(utee_syscalls_a64.o)
                0x000000000000f9a0                _utee_cipher_final
 .text._utee_cryp_obj_get_info
                0x000000000000f9ac        0xc /home/avees/Linux_for_Tegra/sources/tegra/optee-src/nv-optee/optee/build/t234/export-ta_arm64/lib/libutee.a(utee_syscalls_a64.o)
                0x000000000000f9ac                _utee_cryp_obj_get_info
 .text._utee_cryp_obj_restrict_usage
                0x000000000000f9b8        0xc /home/avees/Linux_for_Tegra/sources/tegra/optee-src/nv-optee/optee/build/t234/export-ta_arm64/lib/libutee.a(utee_syscalls_a64.o)
                0x000000000000f9b8                _utee_cryp_obj_restrict_usage
 .text._utee_cryp_obj_get_attr
                0x000000000000f9c4        0xc /home/avees/Linux_for_Tegra/sources/tegra/optee-src/nv-optee/optee/build/t234/export-ta_arm64/lib/libutee.a(utee_syscalls_a64.o)
                0x000000000000f9c4                _utee_cryp_obj_get_attr
 .text._utee_cryp_obj_alloc
                0x000000000000f9d0        0xc /home/avees/Linux_for_Tegra/sources/tegra/optee-src/nv-optee/optee/build/t234/export-ta_arm64/lib/libutee.a(utee_syscalls_a64.o)
                0x000000000000f9d0                _utee_cryp_obj_alloc
 .text._utee_cryp_obj_close
                0x000000000000f9dc        0xc /home/avees/Linux_for_Tegra/sources/tegra/optee-src/nv-optee/optee/build/t234/export-ta_arm64/lib/libutee.a(utee_syscalls_a64.o)
                0x000000000000f9dc                _utee_cryp_obj_close
 .text._utee_cryp_obj_reset
                0x000000000000f9e8        0xc /home/avees/Linux_for_Tegra/sources/tegra/optee-src/nv-optee/optee/build/t234/export-ta_arm64/lib/libutee.a(utee_syscalls_a64.o)
                0x000000000000f9e8                _utee_cryp_obj_reset
 .text._utee_cryp_obj_populate
                0x000000000000f9f4        0xc /home/avees/Linux_for_Tegra/sources/tegra/optee-src/nv-optee/optee/build/t234/export-ta_arm64/lib/libutee.a(utee_syscalls_a64.o)
                0x000000000000f9f4                _utee_cryp_obj_populate
 .text._utee_cryp_obj_copy
                0x000000000000fa00        0xc /home/avees/Linux_for_Tegra/sources/tegra/optee-src/nv-optee/optee/build/t234/export-ta_arm64/lib/libutee.a(utee_syscalls_a64.o)
                0x000000000000fa00                _utee_cryp_obj_copy
 .text._utee_cryp_derive_key
                0x000000000000fa0c        0xc /home/avees/Linux_for_Tegra/sources/tegra/optee-src/nv-optee/optee/build/t234/export-ta_arm64/lib/libutee.a(utee_syscalls_a64.o)
                0x000000000000fa0c                _utee_cryp_derive_key
 .text._utee_cryp_random_number_generate
                0x000000000000fa18        0xc /home/avees/Linux_for_Tegra/sources/tegra/optee-src/nv-optee/optee/build/t234/export-ta_arm64/lib/libutee.a(utee_syscalls_a64.o)
                0x000000000000fa18                _utee_cryp_random_number_generate
 .text._utee_authenc_init
                0x000000000000fa24        0xc /home/avees/Linux_for_Tegra/sources/tegra/optee-src/nv-optee/optee/build/t234/export-ta_arm64/lib/libutee.a(utee_syscalls_a64.o)
                0x000000000000fa24                _utee_authenc_init
 .text._utee_authenc_update_aad
                0x000000000000fa30        0xc /home/avees/Linux_for_Tegra/sources/tegra/optee-src/nv-optee/optee/build/t234/export-ta_arm64/lib/libutee.a(utee_syscalls_a64.o)
                0x000000000000fa30                _utee_authenc_update_aad
 .text._utee_authenc_update_payload
                0x000000000000fa3c        0xc /home/avees/Linux_for_Tegra/sources/tegra/optee-src/nv-optee/optee/build/t234/export-ta_arm64/lib/libutee.a(utee_syscalls_a64.o)
                0x000000000000fa3c                _utee_authenc_update_payload
 .text._utee_authenc_enc_final
                0x000000000000fa48        0xc /home/avees/Linux_for_Tegra/sources/tegra/optee-src/nv-optee/optee/build/t234/export-ta_arm64/lib/libutee.a(utee_syscalls_a64.o)
                0x000000000000fa48                _utee_authenc_enc_final
 .text._utee_authenc_dec_final
                0x000000000000fa54        0xc /home/avees/Linux_for_Tegra/sources/tegra/optee-src/nv-optee/optee/build/t234/export-ta_arm64/lib/libutee.a(utee_syscalls_a64.o)
                0x000000000000fa54                _utee_authenc_dec_final
 .text._utee_asymm_operate
                0x000000000000fa60        0xc /home/avees/Linux_for_Tegra/sources/tegra/optee-src/nv-optee/optee/build/t234/export-ta_arm64/lib/libutee.a(utee_syscalls_a64.o)
                0x000000000000fa60                _utee_asymm_operate
 .text._utee_asymm_verify
                0x000000000000fa6c        0xc /home/avees/Linux_for_Tegra/sources/tegra/optee-src/nv-optee/optee/build/t234/export-ta_arm64/lib/libutee.a(utee_syscalls_a64.o)
                0x000000000000fa6c                _utee_asymm_verify
 .text._utee_storage_obj_open
                0x000000000000fa78        0xc /home/avees/Linux_for_Tegra/sources/tegra/optee-src/nv-optee/optee/build/t234/export-ta_arm64/lib/libutee.a(utee_syscalls_a64.o)
                0x000000000000fa78                _utee_storage_obj_open
 .text._utee_storage_obj_create
                0x000000000000fa84        0xc /home/avees/Linux_for_Tegra/sources/tegra/optee-src/nv-optee/optee/build/t234/export-ta_arm64/lib/libutee.a(utee_syscalls_a64.o)
                0x000000000000fa84                _utee_storage_obj_create
 .text._utee_storage_obj_del
                0x000000000000fa90        0xc /home/avees/Linux_for_Tegra/sources/tegra/optee-src/nv-optee/optee/build/t234/export-ta_arm64/lib/libutee.a(utee_syscalls_a64.o)
                0x000000000000fa90                _utee_storage_obj_del
 .text._utee_storage_obj_rename
                0x000000000000fa9c        0xc /home/avees/Linux_for_Tegra/sources/tegra/optee-src/nv-optee/optee/build/t234/export-ta_arm64/lib/libutee.a(utee_syscalls_a64.o)
                0x000000000000fa9c                _utee_storage_obj_rename
 .text._utee_storage_alloc_enum
                0x000000000000faa8        0xc /home/avees/Linux_for_Tegra/sources/tegra/optee-src/nv-optee/optee/build/t234/export-ta_arm64/lib/libutee.a(utee_syscalls_a64.o)
                0x000000000000faa8                _utee_storage_alloc_enum
 .text._utee_storage_free_enum
                0x000000000000fab4        0xc /home/avees/Linux_for_Tegra/sources/tegra/optee-src/nv-optee/optee/build/t234/export-ta_arm64/lib/libutee.a(utee_syscalls_a64.o)
                0x000000000000fab4                _utee_storage_free_enum
 .text._utee_storage_reset_enum
                0x000000000000fac0        0xc /home/avees/Linux_for_Tegra/sources/tegra/optee-src/nv-optee/optee/build/t234/export-ta_arm64/lib/libutee.a(utee_syscalls_a64.o)
                0x000000000000fac0                _utee_storage_reset_enum
 .text._utee_storage_start_enum
                0x000000000000facc        0xc /home/avees/Linux_for_Tegra/sources/tegra/optee-src/nv-optee/optee/build/t234/export-ta_arm64/lib/libutee.a(utee_syscalls_a64.o)
                0x000000000000facc                _utee_storage_start_enum
 .text._utee_storage_next_enum
                0x000000000000fad8        0xc /home/avees/Linux_for_Tegra/sources/tegra/optee-src/nv-optee/optee/build/t234/export-ta_arm64/lib/libutee.a(utee_syscalls_a64.o)
                0x000000000000fad8                _utee_storage_next_enum
 .text._utee_storage_obj_read
                0x000000000000fae4        0xc /home/avees/Linux_for_Tegra/sources/tegra/optee-src/nv-optee/optee/build/t234/export-ta_arm64/lib/libutee.a(utee_syscalls_a64.o)
                0x000000000000fae4                _utee_storage_obj_read
 .text._utee_storage_obj_write
                0x000000000000faf0        0xc /home/avees/Linux_for_Tegra/sources/tegra/optee-src/nv-optee/optee/build/t234/export-ta_arm64/lib/libutee.a(utee_syscalls_a64.o)
                0x000000000000faf0                _utee_storage_obj_write
 .text._utee_storage_obj_trunc
                0x000000000000fafc        0xc /home/avees/Linux_for_Tegra/sources/tegra/optee-src/nv-optee/optee/build/t234/export-ta_arm64/lib/libutee.a(utee_syscalls_a64.o)
                0x000000000000fafc                _utee_storage_obj_trunc
 .text._utee_storage_obj_seek
                0x000000000000fb08        0xc /home/avees/Linux_for_Tegra/sources/tegra/optee-src/nv-optee/optee/build/t234/export-ta_arm64/lib/libutee.a(utee_syscalls_a64.o)
                0x000000000000fb08                _utee_storage_obj_seek
 .text._utee_cryp_obj_generate_key
                0x000000000000fb14        0xc /home/avees/Linux_for_Tegra/sources/tegra/optee-src/nv-optee/optee/build/t234/export-ta_arm64/lib/libutee.a(utee_syscalls_a64.o)
                0x000000000000fb14                _utee_cryp_obj_generate_key
 .text._utee_cache_operation
                0x000000000000fb20        0xc /home/avees/Linux_for_Tegra/sources/tegra/optee-src/nv-optee/optee/build/t234/export-ta_arm64/lib/libutee.a(utee_syscalls_a64.o)
                0x000000000000fb20                _utee_cache_operation
 .text.unlikely
                0x000000000000fb2c       0x20 /home/avees/Linux_for_Tegra/sources/tegra/optee-src/nv-optee/optee/build/t234/export-ta_arm64/lib/libutee.a(abort.o)
                0x000000000000fb2c                abort
 .text          0x000000000000fb4c     0x212c /home/avees/Linux_for_Tegra/sources/tegra/optee-src/nv-optee/optee/build/t234/export-ta_arm64/lib/libutee.a(tee_api_arith_mpi.o)
                0x00000000000103b0                _TEE_MathAPI_Init
                0x0000000000010400                TEE_BigIntInit
                0x0000000000010460                __GP11_TEE_BigIntInit
                0x0000000000010468                TEE_BigIntConvertFromOctetString
                0x0000000000010530                __GP11_TEE_BigIntConvertFromOctetString
                0x0000000000010538                TEE_BigIntConvertToOctetString
                0x0000000000010600                __GP11_TEE_BigIntConvertToOctetString
                0x0000000000010660                TEE_BigIntConvertFromS32
                0x0000000000010710                TEE_BigIntConvertToS32
                0x00000000000107cc                TEE_BigIntCmp
                0x0000000000010860                TEE_BigIntCmpS32
                0x0000000000010aac                TEE_BigIntShiftRight
                0x0000000000010c4c                __GP11_TEE_BigIntShiftRight
                0x0000000000010c54                TEE_BigIntGetBit
                0x0000000000010cd4                TEE_BigIntGetBitCount
                0x0000000000010d48                TEE_BigIntSetBit
                0x0000000000010df8                TEE_BigIntAssign
                0x0000000000010e48                TEE_BigIntAbs
                0x0000000000010e74                TEE_BigIntAdd
                0x0000000000010e80                TEE_BigIntSub
                0x0000000000010e8c                TEE_BigIntNeg
                0x0000000000010f70                TEE_BigIntMul
                0x0000000000011084                TEE_BigIntSquare
                0x000000000001108c                TEE_BigIntDiv
                0x0000000000011240                TEE_BigIntMod
                0x00000000000112ac                TEE_BigIntAddMod
                0x00000000000112b8                TEE_BigIntSubMod
                0x00000000000112c4                TEE_BigIntMulMod
                0x00000000000112d0                TEE_BigIntSquareMod
                0x00000000000112dc                TEE_BigIntInvMod
                0x000000000001142c                TEE_BigIntRelativePrime
                0x0000000000011534                TEE_BigIntExpMod
                0x0000000000011708                TEE_BigIntComputeExtendedGcd
                0x0000000000011970                TEE_BigIntIsProbablePrime
                0x00000000000119f4                TEE_BigIntInitFMM
                0x00000000000119f8                __GP11_TEE_BigIntInitFMM
                0x0000000000011a00                TEE_BigIntInitFMMContext
                0x0000000000011a04                __GP11_TEE_BigIntInitFMMContext
                0x0000000000011a0c                TEE_BigIntInitFMMContext1
                0x0000000000011a14                TEE_BigIntFMMSizeInU32
                0x0000000000011a24                __GP11_TEE_BigIntFMMSizeInU32
                0x0000000000011a3c                TEE_BigIntFMMContextSizeInU32
                0x0000000000011a44                __GP11_TEE_BigIntFMMContextSizeInU32
                0x0000000000011a5c                TEE_BigIntConvertToFMM
                0x0000000000011a60                TEE_BigIntConvertFromFMM
                0x0000000000011b30                TEE_BigIntComputeFMM
 .text          0x0000000000011c78     0x1b10 /home/avees/Linux_for_Tegra/sources/tegra/optee-src/nv-optee/optee/build/t234/export-ta_arm64/lib/libutee.a(tee_api_objects.o)
                0x0000000000011c78                __utee_from_attr
                0x0000000000011cc8                __utee_from_gp11_attr
                0x0000000000011d18                TEE_GetObjectInfo
                0x0000000000011dd4                __GP11_TEE_GetObjectInfo
                0x0000000000011e98                TEE_GetObjectInfo1
                0x0000000000011f48                __GP11_TEE_GetObjectInfo1
                0x0000000000012008                TEE_RestrictObjectUsage1
                0x000000000001204c                TEE_RestrictObjectUsage
                0x00000000000120dc                TEE_GetObjectBufferAttribute
                0x00000000000121e0                __GP11_TEE_GetObjectBufferAttribute
                0x0000000000012278                TEE_GetObjectValueAttribute
                0x00000000000123b0                TEE_CloseObject
                0x00000000000123d8                __GP11_TEE_AllocateTransientObject
                0x000000000001248c                TEE_AllocateTransientObject
                0x00000000000124a8                TEE_FreeTransientObject
                0x0000000000012538                TEE_ResetTransientObject
                0x00000000000125c8                TEE_PopulateTransientObject
                0x000000000001270c                __GP11_TEE_PopulateTransientObject
                0x0000000000012850                TEE_InitRefAttribute
                0x000000000001289c                __GP11_TEE_InitRefAttribute
                0x00000000000128ec                TEE_InitValueAttribute
                0x0000000000012938                __GP11_TEE_InitValueAttribute
                0x0000000000012984                TEE_CopyObjectAttributes1
                0x0000000000012a7c                TEE_CopyObjectAttributes
                0x0000000000012b10                TEE_GenerateKey
                0x0000000000012c1c                __GP11_TEE_GenerateKey
                0x0000000000012d28                TEE_OpenPersistentObject
                0x0000000000012e0c                __GP11_TEE_OpenPersistentObject
                0x0000000000012e14                TEE_CreatePersistentObject
                0x0000000000012f58                __GP11_TEE_CreatePersistentObject
                0x0000000000012fd4                TEE_CloseAndDeletePersistentObject1
                0x000000000001301c                TEE_CloseAndDeletePersistentObject
                0x0000000000013048                TEE_RenamePersistentObject
                0x00000000000130a4                __GP11_TEE_RenamePersistentObject
                0x00000000000130ac                TEE_AllocatePersistentObjectEnumerator
                0x000000000001313c                TEE_FreePersistentObjectEnumerator
                0x0000000000013164                TEE_ResetPersistentObjectEnumerator
                0x000000000001318c                TEE_StartPersistentObjectEnumerator
                0x00000000000131dc                TEE_GetNextPersistentObject
                0x00000000000132f8                __GP11_TEE_GetNextPersistentObject
                0x0000000000013424                TEE_ReadObjectData
                0x00000000000134ec                __GP11_TEE_ReadObjectData
                0x0000000000013584                TEE_WriteObjectData
                0x00000000000135fc                __GP11_TEE_WriteObjectData
                0x0000000000013604                TEE_TruncateObjectData
                0x0000000000013660                __GP11_TEE_TruncateObjectData
                0x0000000000013668                TEE_SeekObjectData
                0x0000000000013780                __GP11_TEE_SeekObjectData
 .text          0x0000000000013788      0xf78 /home/avees/Linux_for_Tegra/sources/tegra/optee-src/nv-optee/optee/build/t234/export-ta_arm64/lib/libutee.a(tee_api_property.o)
                0x0000000000013b18                TEE_GetPropertyAsString
                0x0000000000013d74                __GP11_TEE_GetPropertyAsString
                0x0000000000013e0c                TEE_GetPropertyAsBool
                0x0000000000013ee4                TEE_GetPropertyAsU32
                0x0000000000013fcc                TEE_GetPropertyAsU64
                0x00000000000140b4                __GP11_TEE_GetPropertyAsBinaryBlock
                0x00000000000141a0                TEE_GetPropertyAsBinaryBlock
                0x0000000000014238                TEE_GetPropertyAsUUID
                0x0000000000014320                TEE_GetPropertyAsIdentity
                0x0000000000014408                TEE_ResetPropertyEnumerator
                0x0000000000014414                TEE_AllocatePropertyEnumerator
                0x000000000001445c                TEE_FreePropertyEnumerator
                0x0000000000014460                TEE_StartPropertyEnumerator
                0x0000000000014470                __GP11_TEE_GetPropertyName
                0x0000000000014598                TEE_GetPropertyName
                0x0000000000014620                TEE_GetNextProperty
 .text          0x0000000000014700      0x34c /home/avees/Linux_for_Tegra/sources/tegra/optee-src/nv-optee/optee/build/t234/export-ta_arm64/lib/libutee.a(tcb.o)
                0x0000000000014700                __utee_tcb_init
                0x0000000000014940                __tls_get_addr
                0x000000000001495c                dl_iterate_phdr
 .text          0x0000000000014a4c      0x258 /home/avees/Linux_for_Tegra/sources/tegra/optee-src/nv-optee/optee/build/t234/export-ta_arm64/lib/libutee.a(base64.o)
                0x0000000000014a4c                _base64_enc_len
                0x0000000000014a64                _base64_enc
                0x0000000000014b80                _base64_dec
 .text          0x0000000000014ca4     0x4190 /home/avees/Linux_for_Tegra/sources/tegra/optee-src/nv-optee/optee/build/t234/export-ta_arm64/lib/libmbedtls.a(bignum.o)
                0x0000000000015478                mbedtls_mpi_init
                0x0000000000015488                mbedtls_mpi_init_mempool
                0x00000000000154b0                mbedtls_mpi_free
                0x000000000001551c                mbedtls_mpi_grow
                0x0000000000015670                mbedtls_mpi_shrink
                0x0000000000015790                mbedtls_mpi_copy
                0x000000000001585c                mbedtls_mpi_swap
                0x00000000000158e4                mbedtls_mpi_lset
                0x000000000001594c                mbedtls_mpi_get_bit
                0x0000000000015978                mbedtls_mpi_set_bit
                0x0000000000015a04                mbedtls_mpi_lsb
                0x0000000000015a58                mbedtls_mpi_bitlen
                0x0000000000015ab4                mbedtls_mpi_size
                0x0000000000015ad0                mbedtls_mpi_read_binary_le
                0x0000000000015b48                mbedtls_mpi_read_binary
                0x0000000000015bcc                mbedtls_mpi_write_binary_le
                0x0000000000015c84                mbedtls_mpi_write_binary
                0x0000000000015d48                mbedtls_mpi_shift_l
                0x0000000000015e58                mbedtls_mpi_shift_r
                0x0000000000015f18                mbedtls_mpi_cmp_abs
                0x0000000000015fb4                mbedtls_mpi_cmp_mpi
                0x0000000000016088                mbedtls_mpi_cmp_int
                0x00000000000160fc                mbedtls_mpi_add_abs
                0x000000000001621c                mbedtls_mpi_sub_abs
                0x0000000000016378                mbedtls_mpi_add_mpi
                0x0000000000016400                mbedtls_mpi_sub_mpi
                0x000000000001648c                mbedtls_mpi_add_int
                0x0000000000016500                mbedtls_mpi_sub_int
                0x0000000000016574                mbedtls_mpi_mul_mpi
                0x0000000000016720                mbedtls_mpi_mul_int
                0x00000000000167c8                mbedtls_mpi_read_string
                0x00000000000169d4                mbedtls_mpi_div_mpi
                0x0000000000016f08                mbedtls_mpi_div_int
                0x0000000000016f7c                mbedtls_mpi_mod_mpi
                0x0000000000017030                mbedtls_mpi_mod_int
                0x00000000000170cc                mbedtls_mpi_write_string
                0x0000000000017400                mbedtls_mpi_montg_init
                0x0000000000017408                mbedtls_mpi_montmul
                0x0000000000017410                mbedtls_mpi_montred
                0x0000000000017414                mbedtls_mpi_exp_mod
                0x0000000000017ae0                mbedtls_mpi_gcd
                0x0000000000017cb8                mbedtls_mpi_fill_random
                0x0000000000017fc4                mbedtls_mpi_random
                0x000000000001817c                mbedtls_mpi_inv_mod
                0x00000000000185d4                mbedtls_mpi_is_prime_ext
                0x00000000000186b0                mbedtls_mpi_is_prime
                0x00000000000186c0                mbedtls_mpi_gen_prime
                0x0000000000018a0c                mbedtls_mpi_self_test
 .text          0x0000000000018e34      0x7c0 /home/avees/Linux_for_Tegra/sources/tegra/optee-src/nv-optee/optee/build/t234/export-ta_arm64/lib/libmbedtls.a(constant_time.o)
                0x0000000000018e54                mbedtls_ct_memcmp
                0x0000000000018e9c                mbedtls_ct_uint_mask
                0x0000000000018eac                mbedtls_ct_mpi_uint_mask
                0x0000000000018ebc                mbedtls_ct_size_bool_eq
                0x0000000000018ed4                mbedtls_ct_mpi_uint_lt
                0x0000000000018ef0                mbedtls_ct_uint_if
                0x0000000000018f20                mbedtls_ct_mpi_uint_cond_assign
                0x0000000000018f5c                mbedtls_ct_base64_enc_char
                0x000000000001900c                mbedtls_ct_base64_dec_value
                0x00000000000190c8                mbedtls_mpi_safe_cond_assign
                0x0000000000019184                mbedtls_mpi_safe_cond_swap
                0x0000000000019280                mbedtls_mpi_lt_mpi_ct
                0x0000000000019378                mbedtls_ct_rsaes_pkcs1_v15_unpadding
 .text          0x00000000000195f4       0x20 /home/avees/Linux_for_Tegra/sources/tegra/optee-src/nv-optee/optee/build/t234/export-ta_arm64/lib/libmbedtls.a(platform_util.o)
                0x00000000000195f4                mbedtls_platform_zeroize
 .text          0x0000000000019614      0x128 /home/avees/Linux_for_Tegra/sources/tegra/optee-src/nv-optee/optee/build/t234/export-ta_arm64/lib/libutils.a(snprintf.o)
                0x0000000000019614                snprintf
                0x00000000000196e4                vsnprintf
 .text          0x000000000001973c       0x5c /home/avees/Linux_for_Tegra/sources/tegra/optee-src/nv-optee/optee/build/t234/export-ta_arm64/lib/libutils.a(memmove.o)
                0x000000000001973c                memmove
 .text          0x0000000000019798       0x58 /home/avees/Linux_for_Tegra/sources/tegra/optee-src/nv-optee/optee/build/t234/export-ta_arm64/lib/libutils.a(strlcpy.o)
                0x0000000000019798                strlcpy
 .text          0x00000000000197f0      0x190 /home/avees/Linux_for_Tegra/sources/tegra/optee-src/nv-optee/optee/build/t234/export-ta_arm64/lib/libutils.a(mempool.o)
                0x00000000000197f0                mempool_alloc_pool
                0x00000000000198b8                mempool_alloc
                0x000000000001991c                mempool_calloc
                0x000000000001996c                mempool_free
 .text          0x0000000000019980       0x70 /home/avees/Linux_for_Tegra/sources/tegra/optee-src/nv-optee/optee/build/t234/export-ta_arm64/lib/libutils.a(consttime_memcmp.o)
                0x0000000000019980                consttime_memcmp
 .text          0x00000000000199f0        0x0 /home/avees/Linux_for_Tegra/sources/tegra/optee-src/nv-optee/optee/build/t234/export-ta_arm64/lib/libutee.a(utee_syscalls_a64.o)
 .text          0x00000000000199f0        0x0 /home/avees/Linux_for_Tegra/sources/tegra/optee-src/nv-optee/optee/build/t234/export-ta_arm64/lib/libutee.a(abort.o)
 *(SORT_BY_ALIGNMENT(.stub))
 *(SORT_BY_ALIGNMENT(.glue_7))
 *(SORT_BY_ALIGNMENT(.glue_7t))
 *(SORT_BY_ALIGNMENT(.gnu.linkonce.t.*))
 *(SORT_BY_ALIGNMENT(.vfp11_veneer))
                0x00000000000199f0                __text_end = .

.note.gnu.property
 *(SORT_BY_ALIGNMENT(.note.gnu.property))

.plt            0x00000000000199f0        0x0
 *(SORT_BY_ALIGNMENT(.plt))
 .plt           0x00000000000199f0        0x0 ./softmax_layer_TA.o

.eh_frame_hdr
 *(SORT_BY_ALIGNMENT(.eh_frame_hdr))
 *(SORT_BY_ALIGNMENT(.eh_frame_entry) SORT_BY_ALIGNMENT(.eh_frame_entry.*))

.eh_frame       0x00000000000199f0     0x5184
 *(SORT_BY_ALIGNMENT(.eh_frame))
 .eh_frame      0x00000000000199f0       0xb8 ./softmax_layer_TA.o
 .eh_frame      0x0000000000019aa8      0x118 ./activations_TA.o
                                        0x128 (size before relaxing)
 .eh_frame      0x0000000000019bc0       0xc8 ./cost_layer_TA.o
                                         0xe0 (size before relaxing)
 .eh_frame      0x0000000000019c88       0x78 ./gemm_TA.o
                                         0x90 (size before relaxing)
 .eh_frame      0x0000000000019d00      0x120 ./connected_layer_TA.o
                                        0x130 (size before relaxing)
 .eh_frame      0x0000000000019e20       0x98 ./dropout_layer_TA.o
                                         0xa8 (size before relaxing)
 .eh_frame      0x0000000000019eb8      0x368 ./math_TA.o
                                        0x380 (size before relaxing)
 .eh_frame      0x000000000001a220       0xe0 ./parser_TA.o
                                         0xf8 (size before relaxing)
 .eh_frame      0x000000000001a300      0x210 ./blas_TA.o
                                        0x220 (size before relaxing)
 .eh_frame      0x000000000001a510       0xc0 ./maxpool_layer_TA.o
                                         0xd8 (size before relaxing)
 .eh_frame      0x000000000001a5d0      0x198 ./network_TA.o
                                        0x1b0 (size before relaxing)
 .eh_frame      0x000000000001a768       0x88 ./utils_TA.o
                                         0xa0 (size before relaxing)
 .eh_frame      0x000000000001a7f0      0x1b0 ./aes_TA.o
                                        0x1c0 (size before relaxing)
 .eh_frame      0x000000000001a9a0       0x58 ./im2col_TA.o
                                         0x70 (size before relaxing)
 .eh_frame      0x000000000001a9f8      0x198 ./batchnorm_layer_TA.o
                                        0x1b0 (size before relaxing)
 .eh_frame      0x000000000001ab90      0x218 ./convolutional_layer_TA.o
                                        0x228 (size before relaxing)
 .eh_frame      0x000000000001ada8       0x78 ./avgpool_layer_TA.o
                                         0x88 (size before relaxing)
 .eh_frame      0x000000000001ae20       0x58 ./col2im_TA.o
                                         0x70 (size before relaxing)
 .eh_frame      0x000000000001ae78      0x2b8 ./darknetp_ta.o
                                        0x2c8 (size before relaxing)
 .eh_frame      0x000000000001b130       0x40 ./diffprivate_TA.o
                                         0x50 (size before relaxing)
 .eh_frame      0x000000000001b170       0x30 ./user_ta_header.o
                                         0x40 (size before relaxing)
 .eh_frame      0x000000000001b1a0      0x2d8 /home/avees/Linux_for_Tegra/sources/tegra/optee-src/nv-optee/optee/build/t234/export-ta_arm64/lib/libutils.a(bget_malloc.o)
                                        0x2e8 (size before relaxing)
 .eh_frame      0x000000000001b478       0x18 /home/avees/Linux_for_Tegra/sources/tegra/optee-src/nv-optee/optee/build/t234/export-ta_arm64/lib/libutils.a(stack_check.o)
                                         0x30 (size before relaxing)
 .eh_frame      0x000000000001b490       0x18 /home/avees/Linux_for_Tegra/sources/tegra/optee-src/nv-optee/optee/build/t234/export-ta_arm64/lib/libutils.a(memcpy.o)
                                         0x28 (size before relaxing)
 .eh_frame      0x000000000001b4a8       0x18 /home/avees/Linux_for_Tegra/sources/tegra/optee-src/nv-optee/optee/build/t234/export-ta_arm64/lib/libutils.a(memset.o)
                                         0x28 (size before relaxing)
 .eh_frame      0x000000000001b4c0       0x18 /home/avees/Linux_for_Tegra/sources/tegra/optee-src/nv-optee/optee/build/t234/export-ta_arm64/lib/libutils.a(strcmp.o)
                                         0x28 (size before relaxing)
 .eh_frame      0x000000000001b4d8       0x18 /home/avees/Linux_for_Tegra/sources/tegra/optee-src/nv-optee/optee/build/t234/export-ta_arm64/lib/libutils.a(strncmp.o)
                                         0x28 (size before relaxing)
 .eh_frame      0x000000000001b4f0       0xb8 /home/avees/Linux_for_Tegra/sources/tegra/optee-src/nv-optee/optee/build/t234/export-ta_arm64/lib/libutils.a(trace.o)
                                         0xc8 (size before relaxing)
 .eh_frame      0x000000000001b5a8       0xf0 /home/avees/Linux_for_Tegra/sources/tegra/optee-src/nv-optee/optee/build/t234/export-ta_arm64/lib/libutils.a(snprintk.o)
                                        0x100 (size before relaxing)
 .eh_frame      0x000000000001b698       0x18 /home/avees/Linux_for_Tegra/sources/tegra/optee-src/nv-optee/optee/build/t234/export-ta_arm64/lib/libutils.a(memchr.o)
                                         0x28 (size before relaxing)
 .eh_frame      0x000000000001b6b0       0x18 /home/avees/Linux_for_Tegra/sources/tegra/optee-src/nv-optee/optee/build/t234/export-ta_arm64/lib/libutils.a(strlen.o)
                                         0x28 (size before relaxing)
 .eh_frame      0x000000000001b6c8       0x38 /home/avees/Linux_for_Tegra/sources/tegra/optee-src/nv-optee/optee/build/t234/export-ta_arm64/lib/libutee.a(assert.o)
                                         0x50 (size before relaxing)
 .eh_frame      0x000000000001b700       0xa8 /home/avees/Linux_for_Tegra/sources/tegra/optee-src/nv-optee/optee/build/t234/export-ta_arm64/lib/libutee.a(trace_ext.o)
                                         0xc0 (size before relaxing)
 .eh_frame      0x000000000001b7a8      0x588 /home/avees/Linux_for_Tegra/sources/tegra/optee-src/nv-optee/optee/build/t234/export-ta_arm64/lib/libutee.a(tee_api.o)
                                        0x5a0 (size before relaxing)
 .eh_frame      0x000000000001bd30      0xaf0 /home/avees/Linux_for_Tegra/sources/tegra/optee-src/nv-optee/optee/build/t234/export-ta_arm64/lib/libutee.a(tee_api_operations.o)
                                        0xb08 (size before relaxing)
 .eh_frame      0x000000000001c820      0x180 /home/avees/Linux_for_Tegra/sources/tegra/optee-src/nv-optee/optee/build/t234/export-ta_arm64/lib/libutee.a(tee_api_panic.o)
                                        0x198 (size before relaxing)
 .eh_frame      0x000000000001c9a0       0xc0 /home/avees/Linux_for_Tegra/sources/tegra/optee-src/nv-optee/optee/build/t234/export-ta_arm64/lib/libutee.a(tee_system_pta.o)
                                         0xd0 (size before relaxing)
 .eh_frame      0x000000000001ca60      0x150 /home/avees/Linux_for_Tegra/sources/tegra/optee-src/nv-optee/optee/build/t234/export-ta_arm64/lib/libutee.a(user_ta_entry.o)
                                        0x168 (size before relaxing)
 .eh_frame      0x000000000001cbb0       0x18 /home/avees/Linux_for_Tegra/sources/tegra/optee-src/nv-optee/optee/build/t234/export-ta_arm64/lib/libutee.a(abort.o)
                                         0x30 (size before relaxing)
 .eh_frame      0x000000000001cbc8      0x7d0 /home/avees/Linux_for_Tegra/sources/tegra/optee-src/nv-optee/optee/build/t234/export-ta_arm64/lib/libutee.a(tee_api_arith_mpi.o)
                                        0x7e0 (size before relaxing)
 .eh_frame      0x000000000001d398      0x750 /home/avees/Linux_for_Tegra/sources/tegra/optee-src/nv-optee/optee/build/t234/export-ta_arm64/lib/libutee.a(tee_api_objects.o)
                                        0x768 (size before relaxing)
 .eh_frame      0x000000000001dae8      0x2f8 /home/avees/Linux_for_Tegra/sources/tegra/optee-src/nv-optee/optee/build/t234/export-ta_arm64/lib/libutee.a(tee_api_property.o)
                                        0x308 (size before relaxing)
 .eh_frame      0x000000000001dde0       0x90 /home/avees/Linux_for_Tegra/sources/tegra/optee-src/nv-optee/optee/build/t234/export-ta_arm64/lib/libutee.a(tcb.o)
                                         0xa8 (size before relaxing)
 .eh_frame      0x000000000001de70       0x58 /home/avees/Linux_for_Tegra/sources/tegra/optee-src/nv-optee/optee/build/t234/export-ta_arm64/lib/libutee.a(base64.o)
                                         0x70 (size before relaxing)
 .eh_frame      0x000000000001dec8      0x988 /home/avees/Linux_for_Tegra/sources/tegra/optee-src/nv-optee/optee/build/t234/export-ta_arm64/lib/libmbedtls.a(bignum.o)
                                        0x9a0 (size before relaxing)
 .eh_frame      0x000000000001e850      0x1e0 /home/avees/Linux_for_Tegra/sources/tegra/optee-src/nv-optee/optee/build/t234/export-ta_arm64/lib/libmbedtls.a(constant_time.o)
                                        0x1f8 (size before relaxing)
 .eh_frame      0x000000000001ea30       0x18 /home/avees/Linux_for_Tegra/sources/tegra/optee-src/nv-optee/optee/build/t234/export-ta_arm64/lib/libmbedtls.a(platform_util.o)
                                         0x28 (size before relaxing)
 .eh_frame      0x000000000001ea48       0x58 /home/avees/Linux_for_Tegra/sources/tegra/optee-src/nv-optee/optee/build/t234/export-ta_arm64/lib/libutils.a(snprintf.o)
                                         0x68 (size before relaxing)
 .eh_frame      0x000000000001eaa0       0x18 /home/avees/Linux_for_Tegra/sources/tegra/optee-src/nv-optee/optee/build/t234/export-ta_arm64/lib/libutils.a(memmove.o)
                                         0x28 (size before relaxing)
 .eh_frame      0x000000000001eab8       0x18 /home/avees/Linux_for_Tegra/sources/tegra/optee-src/nv-optee/optee/build/t234/export-ta_arm64/lib/libutils.a(strlcpy.o)
                                         0x28 (size before relaxing)
 .eh_frame      0x000000000001ead0       0x88 /home/avees/Linux_for_Tegra/sources/tegra/optee-src/nv-optee/optee/build/t234/export-ta_arm64/lib/libutils.a(mempool.o)
                                         0xa0 (size before relaxing)
 .eh_frame      0x000000000001eb58       0x1c /home/avees/Linux_for_Tegra/sources/tegra/optee-src/nv-optee/optee/build/t234/export-ta_arm64/lib/libutils.a(consttime_memcmp.o)
                                         0x30 (size before relaxing)
 *(SORT_BY_ALIGNMENT(.eh_frame.*))

.gcc_except_table
 *(SORT_BY_ALIGNMENT(.gcc_except_table) SORT_BY_ALIGNMENT(.gcc_except_table.*))

.rodata         0x000000000001eb78     0x19d6
 *(SORT_BY_ALIGNMENT(.gnu.linkonce.r.*))
 *(SORT_BY_ALIGNMENT(.rodata) SORT_BY_ALIGNMENT(.rodata.*))
 .rodata.cst8   0x000000000001eb78       0x30 ./activations_TA.o
 .rodata.cst8   0x000000000001eba8       0x50 ./math_TA.o
                                         0x58 (size before relaxing)
 .rodata.cst8   0x000000000001ebf8        0x8 ./blas_TA.o
 .rodata.cst8   0x000000000001ec00        0x8 ./network_TA.o
                                         0x10 (size before relaxing)
 .rodata.cst8   0x000000000001ec08        0x8 ./diffprivate_TA.o
 .rodata.user_ta_header.c
                0x000000000001ec10       0x33 ./user_ta_header.o
                0x000000000001ec10                ta_num_props
                0x000000000001ec30                __ta_no_share_heap_size
                0x000000000001ec38                ta_heap_size
                0x000000000001ec40                trace_ext_prefix
 *fill*         0x000000000001ec43        0x5 
 .rodata.lib/libutee/tee_api.c
                0x000000000001ec48       0x20 /home/avees/Linux_for_Tegra/sources/tegra/optee-src/nv-optee/optee/build/t234/export-ta_arm64/lib/libutee.a(tee_api.o)
 .rodata.activations_TA.c
                0x000000000001ec68       0x3a ./activations_TA.o
 *fill*         0x000000000001eca2        0x2 
 .rodata.cst4   0x000000000001eca4        0xc ./activations_TA.o
 .rodata.cost_layer_TA.c
                0x000000000001ecb0       0x16 ./cost_layer_TA.o
 *fill*         0x000000000001ecc6        0x2 
 .rodata.cst4   0x000000000001ecc8        0x4 ./cost_layer_TA.o
 .rodata.cst4   0x000000000001eccc        0x4 ./blas_TA.o
 .rodata.cst4   0x000000000001ecd0        0x4 ./maxpool_layer_TA.o
 .rodata.cst4   0x000000000001ecd0        0x8 ./batchnorm_layer_TA.o
                                          0xc (size before relaxing)
 .rodata.darknetp_ta.c
                0x000000000001ecd8       0xb5 ./darknetp_ta.o
 *fill*         0x000000000001ed8d        0x3 
 .rodata.cst4   0x000000000001ed90        0x4 ./darknetp_ta.o
                                          0x8 (size before relaxing)
 .rodata.lib/libutils/ext/snprintk.c
                0x000000000001ed94       0xac /home/avees/Linux_for_Tegra/sources/tegra/optee-src/nv-optee/optee/build/t234/export-ta_arm64/lib/libutils.a(snprintk.o)
 .rodata.lib/libutee/tee_api_operations.c
                0x000000000001ee40       0x1c /home/avees/Linux_for_Tegra/sources/tegra/optee-src/nv-optee/optee/build/t234/export-ta_arm64/lib/libutee.a(tee_api_operations.o)
 .rodata.lib/libutee/tee_system_pta.c
                0x000000000001ee5c       0x31 /home/avees/Linux_for_Tegra/sources/tegra/optee-src/nv-optee/optee/build/t234/export-ta_arm64/lib/libutee.a(tee_system_pta.o)
 *fill*         0x000000000001ee8d        0x3 
 .rodata.lib/libutee/tee_api_property.c
                0x000000000001ee90       0x20 /home/avees/Linux_for_Tegra/sources/tegra/optee-src/nv-optee/optee/build/t234/export-ta_arm64/lib/libutee.a(tee_api_property.o)
 .rodata.lib/libutee/base64.c
                0x000000000001eeb0       0x45 /home/avees/Linux_for_Tegra/sources/tegra/optee-src/nv-optee/optee/build/t234/export-ta_arm64/lib/libutee.a(base64.o)
 *fill*         0x000000000001eef5        0x3 
 .rodata.lib/libmbedtls/mbedtls/library/bignum.c
                0x000000000001eef8      0x2c4 /home/avees/Linux_for_Tegra/sources/tegra/optee-src/nv-optee/optee/build/t234/export-ta_arm64/lib/libmbedtls.a(bignum.o)
 .rodata.str1.1.softmax_layer_TA.c
                0x000000000001f1bc       0x26 ./softmax_layer_TA.o
 .rodata.softmax_layer_TA.c
                0x000000000001f1e2       0x1a ./softmax_layer_TA.o
 .rodata.str1.1.activations_TA.c
                0x000000000001f1fc       0x4f ./activations_TA.o
                                         0x53 (size before relaxing)
 .rodata.str1.1.cost_layer_TA.c
                0x000000000001f24b       0x4a ./cost_layer_TA.o
 .rodata.str1.1.parser_TA.c
                0x000000000001f295       0x23 ./parser_TA.o
 .rodata.parser_TA.c
                0x000000000001f2b8        0xb ./parser_TA.o
 .rodata.str1.1.network_TA.c
                0x000000000001f2c3       0x55 ./network_TA.o
 .rodata.network_TA.c
                0x000000000001f318       0x15 ./network_TA.o
 .rodata.aes_TA.c
                0x000000000001f32d      0x20b ./aes_TA.o
 .rodata.str1.1.darknetp_ta.c
                0x000000000001f538      0x20f ./darknetp_ta.o
 .rodata.str1.1.user_ta_header.c
                0x000000000001f747      0x133 ./user_ta_header.o
 .rodata.str1.1.lib/libutils/isoc/bget_malloc.c
                0x000000000001f87a      0x290 /home/avees/Linux_for_Tegra/sources/tegra/optee-src/nv-optee/optee/build/t234/export-ta_arm64/lib/libutils.a(bget_malloc.o)
                                        0x29b (size before relaxing)
 .rodata.lib/libutils/isoc/bget_malloc.c
                0x000000000001fb0a       0x51 /home/avees/Linux_for_Tegra/sources/tegra/optee-src/nv-optee/optee/build/t234/export-ta_arm64/lib/libutils.a(bget_malloc.o)
 .rodata.str1.1.lib/libutils/isoc/stack_check.c
                0x000000000001fb5b       0x18 /home/avees/Linux_for_Tegra/sources/tegra/optee-src/nv-optee/optee/build/t234/export-ta_arm64/lib/libutils.a(stack_check.o)
 .rodata.str1.1.lib/libutils/ext/trace.c
                0x000000000001fb73       0x1a /home/avees/Linux_for_Tegra/sources/tegra/optee-src/nv-optee/optee/build/t234/export-ta_arm64/lib/libutils.a(trace.o)
                                         0x1b (size before relaxing)
 .rodata.lib/libutils/ext/trace.c
                0x000000000001fb8d        0x5 /home/avees/Linux_for_Tegra/sources/tegra/optee-src/nv-optee/optee/build/t234/export-ta_arm64/lib/libutils.a(trace.o)
 .rodata.str1.1.lib/libutils/ext/snprintk.c
                0x000000000001fb92       0x38 /home/avees/Linux_for_Tegra/sources/tegra/optee-src/nv-optee/optee/build/t234/export-ta_arm64/lib/libutils.a(snprintk.o)
 .rodata.str1.1.lib/libutee/assert.c
                0x000000000001fbca       0x27 /home/avees/Linux_for_Tegra/sources/tegra/optee-src/nv-optee/optee/build/t234/export-ta_arm64/lib/libutee.a(assert.o)
 .rodata.str1.1.lib/libutee/trace_ext.c
                0x000000000001fbf1       0x27 /home/avees/Linux_for_Tegra/sources/tegra/optee-src/nv-optee/optee/build/t234/export-ta_arm64/lib/libutee.a(trace_ext.o)
                                          0x2 (size before relaxing)
 .rodata.str1.1.lib/libutee/tee_api.c
                0x000000000001fbf1       0x11 /home/avees/Linux_for_Tegra/sources/tegra/optee-src/nv-optee/optee/build/t234/export-ta_arm64/lib/libutee.a(tee_api.o)
 .rodata.str1.1.lib/libutee/tee_api_operations.c
                0x000000000001fc02       0x39 /home/avees/Linux_for_Tegra/sources/tegra/optee-src/nv-optee/optee/build/t234/export-ta_arm64/lib/libutee.a(tee_api_operations.o)
 .rodata.str1.1.lib/libutee/tee_system_pta.c
                0x000000000001fc3b       0x55 /home/avees/Linux_for_Tegra/sources/tegra/optee-src/nv-optee/optee/build/t234/export-ta_arm64/lib/libutee.a(tee_system_pta.o)
 .rodata.str1.1.lib/libutee/user_ta_entry.c
                0x000000000001fc90       0x4f /home/avees/Linux_for_Tegra/sources/tegra/optee-src/nv-optee/optee/build/t234/export-ta_arm64/lib/libutee.a(user_ta_entry.o)
 .rodata.lib/libutee/user_ta_entry.c
                0x000000000001fcdf       0x16 /home/avees/Linux_for_Tegra/sources/tegra/optee-src/nv-optee/optee/build/t234/export-ta_arm64/lib/libutee.a(user_ta_entry.o)
 .rodata.str1.1.lib/libutee/abort.c
                0x000000000001fcf5        0x7 /home/avees/Linux_for_Tegra/sources/tegra/optee-src/nv-optee/optee/build/t234/export-ta_arm64/lib/libutee.a(abort.o)
 .rodata.str1.1.lib/libutee/tee_api_arith_mpi.c
                0x000000000001fcfc       0xc9 /home/avees/Linux_for_Tegra/sources/tegra/optee-src/nv-optee/optee/build/t234/export-ta_arm64/lib/libutee.a(tee_api_arith_mpi.o)
 .rodata.lib/libutee/tee_api_arith_mpi.c
                0x000000000001fdc5      0x14e /home/avees/Linux_for_Tegra/sources/tegra/optee-src/nv-optee/optee/build/t234/export-ta_arm64/lib/libutee.a(tee_api_arith_mpi.o)
 .rodata.str1.1.lib/libutee/tee_api_property.c
                0x000000000001ff13       0x83 /home/avees/Linux_for_Tegra/sources/tegra/optee-src/nv-optee/optee/build/t234/export-ta_arm64/lib/libutee.a(tee_api_property.o)
                                         0x88 (size before relaxing)
 .rodata.str1.1.lib/libutee/tcb.c
                0x000000000001ff96       0x8d /home/avees/Linux_for_Tegra/sources/tegra/optee-src/nv-optee/optee/build/t234/export-ta_arm64/lib/libutee.a(tcb.o)
 .rodata.lib/libutee/tcb.c
                0x0000000000020023       0x20 /home/avees/Linux_for_Tegra/sources/tegra/optee-src/nv-optee/optee/build/t234/export-ta_arm64/lib/libutee.a(tcb.o)
 .rodata.str1.1.lib/libmbedtls/mbedtls/library/bignum.c
                0x0000000000020043      0x456 /home/avees/Linux_for_Tegra/sources/tegra/optee-src/nv-optee/optee/build/t234/export-ta_arm64/lib/libmbedtls.a(bignum.o)
                                        0x45d (size before relaxing)
 .rodata.str1.1.lib/libutils/ext/mempool.c
                0x0000000000020499       0x89 /home/avees/Linux_for_Tegra/sources/tegra/optee-src/nv-optee/optee/build/t234/export-ta_arm64/lib/libutils.a(mempool.o)
 .rodata.lib/libutils/ext/mempool.c
                0x0000000000020522       0x2c /home/avees/Linux_for_Tegra/sources/tegra/optee-src/nv-optee/optee/build/t234/export-ta_arm64/lib/libutils.a(mempool.o)

.gnu.version_d  0x0000000000020550        0x0
 .gnu.version_d
                0x0000000000020550        0x0 ./softmax_layer_TA.o

.gnu.version    0x000000000002054e        0x0
 .gnu.version   0x000000000002054e        0x0 ./softmax_layer_TA.o

.gnu.version_r  0x0000000000020550        0x0
 .gnu.version_r
                0x0000000000020550        0x0 ./softmax_layer_TA.o

.gnu.hash       0x0000000000020550       0x30
 .gnu.hash      0x0000000000020550       0x30 ./softmax_layer_TA.o

.ARM.extab
 *(SORT_BY_ALIGNMENT(.ARM.extab*) SORT_BY_ALIGNMENT(.gnu.linkonce.armextab.*))
                [!provide]                        PROVIDE (__exidx_start = .)

.ARM.exidx
 *(SORT_BY_ALIGNMENT(.ARM.exidx*) SORT_BY_ALIGNMENT(.gnu.linkonce.armexidx.*))
                [!provide]                        PROVIDE (__exidx_end = .)

.ctors
 *(SORT_BY_ALIGNMENT(.ctors))

.dtors
 *(SORT_BY_ALIGNMENT(.dtors))

.dynsym         0x0000000000020580       0x90
 *(SORT_BY_ALIGNMENT(.dynsym))
 .dynsym        0x0000000000020580       0x90 ./softmax_layer_TA.o

.dynstr         0x0000000000020610       0x2e
 *(SORT_BY_ALIGNMENT(.dynstr))
 .dynstr        0x0000000000020610       0x2e ./softmax_layer_TA.o

.hash           0x0000000000020640       0x2c
 *(SORT_BY_ALIGNMENT(.hash))
 .hash          0x0000000000020640       0x2c ./softmax_layer_TA.o

.rela.dyn       0x0000000000020670      0x348
 .rela.data.rel.ro
                0x0000000000020670        0x0 ./softmax_layer_TA.o
 .rela.ifunc    0x0000000000020670        0x0 ./softmax_layer_TA.o
 .rela.data.rel.ro.local
                0x0000000000020670      0x2d0 ./softmax_layer_TA.o
 .rela.data.rel.local
                0x0000000000020940       0x60 ./softmax_layer_TA.o
 .rela.data.rel
                0x00000000000209a0       0x18 ./softmax_layer_TA.o
                0x0000000000021000                . = ALIGN (0x1000)

.dynamic        0x0000000000021000      0x110
 *(SORT_BY_ALIGNMENT(.dynamic))
 .dynamic       0x0000000000021000      0x110 ./softmax_layer_TA.o
                0x0000000000021000                _DYNAMIC

.tdata
 *(SORT_BY_ALIGNMENT(.tdata) SORT_BY_ALIGNMENT(.tdata.*) SORT_BY_ALIGNMENT(.gnu.linkonce.td.*))

.tbss
 *(SORT_BY_ALIGNMENT(.tbss) SORT_BY_ALIGNMENT(.tbss.*) SORT_BY_ALIGNMENT(.gnu.linkonce.tb.*))
 *(SORT_BY_ALIGNMENT(.tcommon))

.got            0x0000000000021110      0x1b0
 *(SORT_BY_ALIGNMENT(.got.plt))
 .got.plt       0x0000000000021110       0x18 ./softmax_layer_TA.o
 *(SORT_BY_ALIGNMENT(.got))
 .got           0x0000000000021128      0x198 ./softmax_layer_TA.o
                0x0000000000021128                _GLOBAL_OFFSET_TABLE_

.rel.text
 *(SORT_BY_ALIGNMENT(.rel.text))
 *(SORT_BY_ALIGNMENT(.rel.gnu.linkonce.t*))

.rela.text
 *(SORT_BY_ALIGNMENT(.rela.text))
 *(SORT_BY_ALIGNMENT(.rela.gnu.linkonce.t*))

.rel.data
 *(SORT_BY_ALIGNMENT(.rel.data))
 *(SORT_BY_ALIGNMENT(.rel.gnu.linkonce.d*))

.rela.data
 *(SORT_BY_ALIGNMENT(.rela.data))
 *(SORT_BY_ALIGNMENT(.rela.gnu.linkonce.d*))

.rel.tdata
 *(SORT_BY_ALIGNMENT(.rel.tdata) SORT_BY_ALIGNMENT(.rel.tdata.*) SORT_BY_ALIGNMENT(.rel.gnu.linkonce.td.*))

.rela.tdata
 *(SORT_BY_ALIGNMENT(.rela.tdata) SORT_BY_ALIGNMENT(.rela.tdata.*) SORT_BY_ALIGNMENT(.rela.gnu.linkonce.td.*))

.rel.tbss
 *(SORT_BY_ALIGNMENT(.rel.tbss) SORT_BY_ALIGNMENT(.rel.tbss.*) SORT_BY_ALIGNMENT(.rel.gnu.linkonce.tb.*))

.rela.tbss
 *(SORT_BY_ALIGNMENT(.rela.tbss) SORT_BY_ALIGNMENT(.rela.tbss.*) SORT_BY_ALIGNMENT(.rela.gnu.linkonce.tb.*))

.rel.rodata
 *(SORT_BY_ALIGNMENT(.rel.rodata))
 *(SORT_BY_ALIGNMENT(.rel.gnu.linkonce.r*))

.rela.rodata
 *(SORT_BY_ALIGNMENT(.rela.rodata))
 *(SORT_BY_ALIGNMENT(.rela.gnu.linkonce.r*))

.rel.dyn
 *(SORT_BY_ALIGNMENT(.rel.dyn))

.rel.got
 *(SORT_BY_ALIGNMENT(.rel.got))

.rela.got       0x00000000000212c0      0x4b0
 *(SORT_BY_ALIGNMENT(.rela.got))
 .rela.got      0x00000000000212c0      0x4b0 ./softmax_layer_TA.o

.rel.ctors
 *(SORT_BY_ALIGNMENT(.rel.ctors))

.rela.ctors
 *(SORT_BY_ALIGNMENT(.rela.ctors))

.rel.dtors
 *(SORT_BY_ALIGNMENT(.rel.dtors))

.rela.dtors
 *(SORT_BY_ALIGNMENT(.rela.dtors))

.rel.init
 *(SORT_BY_ALIGNMENT(.rel.init))

.rela.init
 *(SORT_BY_ALIGNMENT(.rela.init))

.rel.fini
 *(SORT_BY_ALIGNMENT(.rel.fini))

.rela.fini
 *(SORT_BY_ALIGNMENT(.rela.fini))

.rel.bss
 *(SORT_BY_ALIGNMENT(.rel.bss))

.rela.bss       0x0000000000021770        0x0
 *(SORT_BY_ALIGNMENT(.rela.bss))
 .rela.bss      0x0000000000021770        0x0 ./softmax_layer_TA.o

.rel.plt
 *(SORT_BY_ALIGNMENT(.rel.plt))

.rela.plt       0x0000000000021770        0x0
 *(SORT_BY_ALIGNMENT(.rela.plt))
 .rela.plt      0x0000000000021770        0x0 ./softmax_layer_TA.o

.data           0x0000000000021770      0x1d4
 *(SORT_BY_ALIGNMENT(.data) SORT_BY_ALIGNMENT(.data.*) SORT_BY_ALIGNMENT(.gnu.linkonce.d.*))
 .data.rel.ro.local
                0x0000000000021770      0x108 ./user_ta_header.o
                0x0000000000021770                ta_props
 .data.rel.local
                0x0000000000021878       0x30 /home/avees/Linux_for_Tegra/sources/tegra/optee-src/nv-optee/optee/build/t234/export-ta_arm64/lib/libutils.a(bget_malloc.o)
 .data          0x00000000000218a8        0x8 /home/avees/Linux_for_Tegra/sources/tegra/optee-src/nv-optee/optee/build/t234/export-ta_arm64/lib/libutils.a(stack_check.o)
                0x00000000000218a8                __stack_chk_guard
 .data.rel.local
                0x00000000000218b0       0x20 /home/avees/Linux_for_Tegra/sources/tegra/optee-src/nv-optee/optee/build/t234/export-ta_arm64/lib/libutee.a(user_ta_entry.o)
 .data.rel.ro.local
                0x00000000000218d0       0x60 /home/avees/Linux_for_Tegra/sources/tegra/optee-src/nv-optee/optee/build/t234/export-ta_arm64/lib/libutee.a(tee_api_property.o)
                0x00000000000218d0                tee_props
 .data.rel      0x0000000000021930        0x8 /home/avees/Linux_for_Tegra/sources/tegra/optee-src/nv-optee/optee/build/t234/export-ta_arm64/lib/libmbedtls.a(platform_util.o)
 .data          0x0000000000021938        0x4 ./network_TA.o
                0x0000000000021938                avg_loss
 .data          0x000000000002193c        0x4 ./darknetp_ta.o
                0x000000000002193c                norm_output
 .data          0x0000000000021940        0x4 ./user_ta_header.o
                0x0000000000021940                trace_level
 .data          0x0000000000021944        0x0 ./softmax_layer_TA.o
 .data.rel.ro   0x0000000000021944        0x0 ./softmax_layer_TA.o
 .data          0x0000000000021944        0x0 ./activations_TA.o
 .data          0x0000000000021944        0x0 ./cost_layer_TA.o
 .data          0x0000000000021944        0x0 ./gemm_TA.o
 .data          0x0000000000021944        0x0 ./connected_layer_TA.o
 .data          0x0000000000021944        0x0 ./dropout_layer_TA.o
 .data          0x0000000000021944        0x0 ./math_TA.o
 .data          0x0000000000021944        0x0 ./parser_TA.o
 .data          0x0000000000021944        0x0 ./blas_TA.o
 .data          0x0000000000021944        0x0 ./maxpool_layer_TA.o
 .data          0x0000000000021944        0x0 ./utils_TA.o
 .data          0x0000000000021944        0x0 ./aes_TA.o
 .data          0x0000000000021944        0x0 ./im2col_TA.o
 .data          0x0000000000021944        0x0 ./batchnorm_layer_TA.o
 .data          0x0000000000021944        0x0 ./convolutional_layer_TA.o
 .data          0x0000000000021944        0x0 ./avgpool_layer_TA.o
 .data          0x0000000000021944        0x0 ./col2im_TA.o
 .data          0x0000000000021944        0x0 ./diffprivate_TA.o
 .data          0x0000000000021944        0x0 /home/avees/Linux_for_Tegra/sources/tegra/optee-src/nv-optee/optee/build/t234/export-ta_arm64/lib/libutils.a(bget_malloc.o)
 .data          0x0000000000021944        0x0 /home/avees/Linux_for_Tegra/sources/tegra/optee-src/nv-optee/optee/build/t234/export-ta_arm64/lib/libutils.a(memcpy.o)
 .data          0x0000000000021944        0x0 /home/avees/Linux_for_Tegra/sources/tegra/optee-src/nv-optee/optee/build/t234/export-ta_arm64/lib/libutils.a(memset.o)
 .data          0x0000000000021944        0x0 /home/avees/Linux_for_Tegra/sources/tegra/optee-src/nv-optee/optee/build/t234/export-ta_arm64/lib/libutils.a(strcmp.o)
 .data          0x0000000000021944        0x0 /home/avees/Linux_for_Tegra/sources/tegra/optee-src/nv-optee/optee/build/t234/export-ta_arm64/lib/libutils.a(strncmp.o)
 .data          0x0000000000021944        0x0 /home/avees/Linux_for_Tegra/sources/tegra/optee-src/nv-optee/optee/build/t234/export-ta_arm64/lib/libutils.a(trace.o)
 .data          0x0000000000021944        0x0 /home/avees/Linux_for_Tegra/sources/tegra/optee-src/nv-optee/optee/build/t234/export-ta_arm64/lib/libutils.a(snprintk.o)
 .data          0x0000000000021944        0x0 /home/avees/Linux_for_Tegra/sources/tegra/optee-src/nv-optee/optee/build/t234/export-ta_arm64/lib/libutils.a(memchr.o)
 .data          0x0000000000021944        0x0 /home/avees/Linux_for_Tegra/sources/tegra/optee-src/nv-optee/optee/build/t234/export-ta_arm64/lib/libutils.a(strlen.o)
 .data          0x0000000000021944        0x0 /home/avees/Linux_for_Tegra/sources/tegra/optee-src/nv-optee/optee/build/t234/export-ta_arm64/lib/libutee.a(assert.o)
 .data          0x0000000000021944        0x0 /home/avees/Linux_for_Tegra/sources/tegra/optee-src/nv-optee/optee/build/t234/export-ta_arm64/lib/libutee.a(trace_ext.o)
 .data          0x0000000000021944        0x0 /home/avees/Linux_for_Tegra/sources/tegra/optee-src/nv-optee/optee/build/t234/export-ta_arm64/lib/libutee.a(tee_api.o)
 .data          0x0000000000021944        0x0 /home/avees/Linux_for_Tegra/sources/tegra/optee-src/nv-optee/optee/build/t234/export-ta_arm64/lib/libutee.a(tee_api_operations.o)
 .data          0x0000000000021944        0x0 /home/avees/Linux_for_Tegra/sources/tegra/optee-src/nv-optee/optee/build/t234/export-ta_arm64/lib/libutee.a(tee_api_panic.o)
 .data          0x0000000000021944        0x0 /home/avees/Linux_for_Tegra/sources/tegra/optee-src/nv-optee/optee/build/t234/export-ta_arm64/lib/libutee.a(tee_system_pta.o)
 .data          0x0000000000021944        0x0 /home/avees/Linux_for_Tegra/sources/tegra/optee-src/nv-optee/optee/build/t234/export-ta_arm64/lib/libutee.a(user_ta_entry.o)
 .data          0x0000000000021944        0x0 /home/avees/Linux_for_Tegra/sources/tegra/optee-src/nv-optee/optee/build/t234/export-ta_arm64/lib/libutee.a(utee_syscalls_a64.o)
 .data          0x0000000000021944        0x0 /home/avees/Linux_for_Tegra/sources/tegra/optee-src/nv-optee/optee/build/t234/export-ta_arm64/lib/libutee.a(abort.o)
 .data          0x0000000000021944        0x0 /home/avees/Linux_for_Tegra/sources/tegra/optee-src/nv-optee/optee/build/t234/export-ta_arm64/lib/libutee.a(tee_api_arith_mpi.o)
 .data          0x0000000000021944        0x0 /home/avees/Linux_for_Tegra/sources/tegra/optee-src/nv-optee/optee/build/t234/export-ta_arm64/lib/libutee.a(tee_api_objects.o)
 .data          0x0000000000021944        0x0 /home/avees/Linux_for_Tegra/sources/tegra/optee-src/nv-optee/optee/build/t234/export-ta_arm64/lib/libutee.a(tee_api_property.o)
 .data          0x0000000000021944        0x0 /home/avees/Linux_for_Tegra/sources/tegra/optee-src/nv-optee/optee/build/t234/export-ta_arm64/lib/libutee.a(tcb.o)
 .data          0x0000000000021944        0x0 /home/avees/Linux_for_Tegra/sources/tegra/optee-src/nv-optee/optee/build/t234/export-ta_arm64/lib/libutee.a(base64.o)
 .data          0x0000000000021944        0x0 /home/avees/Linux_for_Tegra/sources/tegra/optee-src/nv-optee/optee/build/t234/export-ta_arm64/lib/libmbedtls.a(bignum.o)
 .data          0x0000000000021944        0x0 /home/avees/Linux_for_Tegra/sources/tegra/optee-src/nv-optee/optee/build/t234/export-ta_arm64/lib/libmbedtls.a(constant_time.o)
 .data          0x0000000000021944        0x0 /home/avees/Linux_for_Tegra/sources/tegra/optee-src/nv-optee/optee/build/t234/export-ta_arm64/lib/libmbedtls.a(platform_util.o)
 .data          0x0000000000021944        0x0 /home/avees/Linux_for_Tegra/sources/tegra/optee-src/nv-optee/optee/build/t234/export-ta_arm64/lib/libutils.a(snprintf.o)
 .data          0x0000000000021944        0x0 /home/avees/Linux_for_Tegra/sources/tegra/optee-src/nv-optee/optee/build/t234/export-ta_arm64/lib/libutils.a(memmove.o)
 .data          0x0000000000021944        0x0 /home/avees/Linux_for_Tegra/sources/tegra/optee-src/nv-optee/optee/build/t234/export-ta_arm64/lib/libutils.a(strlcpy.o)
 .data          0x0000000000021944        0x0 /home/avees/Linux_for_Tegra/sources/tegra/optee-src/nv-optee/optee/build/t234/export-ta_arm64/lib/libutils.a(mempool.o)
 .data          0x0000000000021944        0x0 /home/avees/Linux_for_Tegra/sources/tegra/optee-src/nv-optee/optee/build/t234/export-ta_arm64/lib/libutils.a(consttime_memcmp.o)

.bss            0x0000000000021948   0xa04258
 *(SORT_BY_ALIGNMENT(.bss) SORT_BY_ALIGNMENT(.bss.*) SORT_BY_ALIGNMENT(.gnu.linkonce.b.*) SORT_BY_ALIGNMENT(COMMON))
 COMMON         0x0000000000021948      0x130 ./network_TA.o
                0x0000000000021948                ta_net_delta
                0x0000000000021950                ta_net_input
                0x0000000000021958                netta
                0x0000000000021a70                ta_net_output
 .bss           0x0000000000021a78       0x6c ./darknetp_ta.o
                0x0000000000021ad8                debug_summary_pass
                0x0000000000021adc                debug_summary_com
                0x0000000000021ae0                netnum
 *fill*         0x0000000000021ae4        0x4 
 COMMON         0x0000000000021ae8        0x8 ./darknetp_ta.o
                0x0000000000021ae8                netta_truth
 .bss           0x0000000000021af0       0x10 /home/avees/Linux_for_Tegra/sources/tegra/optee-src/nv-optee/optee/build/t234/export-ta_arm64/lib/libutee.a(tee_api.o)
 .bss           0x0000000000021b00        0x8 /home/avees/Linux_for_Tegra/sources/tegra/optee-src/nv-optee/optee/build/t234/export-ta_arm64/lib/libutee.a(tee_system_pta.o)
 .bss           0x0000000000021b08        0x9 /home/avees/Linux_for_Tegra/sources/tegra/optee-src/nv-optee/optee/build/t234/export-ta_arm64/lib/libutee.a(user_ta_entry.o)
 *fill*         0x0000000000021b11        0x7 
 COMMON         0x0000000000021b18       0x60 /home/avees/Linux_for_Tegra/sources/tegra/optee-src/nv-optee/optee/build/t234/export-ta_arm64/lib/libutee.a(user_ta_entry.o)
                0x0000000000021b18                ta_param_types
                0x0000000000021b20                __ta_no_share_malloc_ctx
                0x0000000000021b28                ta_params
                0x0000000000021b68                __elf_phdr_info
 .bss           0x0000000000021b78     0x4000 /home/avees/Linux_for_Tegra/sources/tegra/optee-src/nv-optee/optee/build/t234/export-ta_arm64/lib/libutee.a(tee_api_arith_mpi.o)
 .bss           0x0000000000025b78       0x10 /home/avees/Linux_for_Tegra/sources/tegra/optee-src/nv-optee/optee/build/t234/export-ta_arm64/lib/libutee.a(tcb.o)
 COMMON         0x0000000000025b88        0x8 /home/avees/Linux_for_Tegra/sources/tegra/optee-src/nv-optee/optee/build/t234/export-ta_arm64/lib/libmbedtls.a(bignum.o)
                0x0000000000025b88                mbedtls_mpi_mempool
 .bss           0x0000000000025b90        0x8 ./network_TA.o
                0x0000000000025b90                err_sum
                0x0000000000025b94                roundnum
 .bss           0x0000000000025b98        0x8 ./utils_TA.o
 .bss           0x0000000000025ba0        0x0 ./softmax_layer_TA.o
 .bss           0x0000000000025ba0        0x0 ./activations_TA.o
 .bss           0x0000000000025ba0        0x0 ./cost_layer_TA.o
 .bss           0x0000000000025ba0        0x0 ./gemm_TA.o
 .bss           0x0000000000025ba0        0x0 ./connected_layer_TA.o
 .bss           0x0000000000025ba0        0x0 ./dropout_layer_TA.o
 .bss           0x0000000000025ba0        0x0 ./math_TA.o
 .bss           0x0000000000025ba0        0x0 ./parser_TA.o
 .bss           0x0000000000025ba0        0x0 ./blas_TA.o
 .bss           0x0000000000025ba0        0x0 ./maxpool_layer_TA.o
 .bss           0x0000000000025ba0        0x0 ./aes_TA.o
 .bss           0x0000000000025ba0        0x0 ./im2col_TA.o
 .bss           0x0000000000025ba0        0x0 ./batchnorm_layer_TA.o
 .bss           0x0000000000025ba0        0x0 ./convolutional_layer_TA.o
 .bss           0x0000000000025ba0        0x0 ./avgpool_layer_TA.o
 .bss           0x0000000000025ba0        0x0 ./col2im_TA.o
 .bss           0x0000000000025ba0        0x0 ./diffprivate_TA.o
 .bss           0x0000000000025ba0        0x0 ./user_ta_header.o
 COMMON         0x0000000000025ba0   0xa00000 ./user_ta_header.o
                0x0000000000025ba0                ta_heap
                0x0000000000a25ba0                __ta_no_share_heap
 .bss           0x0000000000a25ba0        0x0 /home/avees/Linux_for_Tegra/sources/tegra/optee-src/nv-optee/optee/build/t234/export-ta_arm64/lib/libutils.a(bget_malloc.o)
 .bss           0x0000000000a25ba0        0x0 /home/avees/Linux_for_Tegra/sources/tegra/optee-src/nv-optee/optee/build/t234/export-ta_arm64/lib/libutils.a(stack_check.o)
 .bss           0x0000000000a25ba0        0x0 /home/avees/Linux_for_Tegra/sources/tegra/optee-src/nv-optee/optee/build/t234/export-ta_arm64/lib/libutils.a(memcpy.o)
 .bss           0x0000000000a25ba0        0x0 /home/avees/Linux_for_Tegra/sources/tegra/optee-src/nv-optee/optee/build/t234/export-ta_arm64/lib/libutils.a(memset.o)
 .bss           0x0000000000a25ba0        0x0 /home/avees/Linux_for_Tegra/sources/tegra/optee-src/nv-optee/optee/build/t234/export-ta_arm64/lib/libutils.a(strcmp.o)
 .bss           0x0000000000a25ba0        0x0 /home/avees/Linux_for_Tegra/sources/tegra/optee-src/nv-optee/optee/build/t234/export-ta_arm64/lib/libutils.a(strncmp.o)
 .bss           0x0000000000a25ba0        0x0 /home/avees/Linux_for_Tegra/sources/tegra/optee-src/nv-optee/optee/build/t234/export-ta_arm64/lib/libutils.a(trace.o)
 .bss           0x0000000000a25ba0        0x0 /home/avees/Linux_for_Tegra/sources/tegra/optee-src/nv-optee/optee/build/t234/export-ta_arm64/lib/libutils.a(snprintk.o)
 .bss           0x0000000000a25ba0        0x0 /home/avees/Linux_for_Tegra/sources/tegra/optee-src/nv-optee/optee/build/t234/export-ta_arm64/lib/libutils.a(memchr.o)
 .bss           0x0000000000a25ba0        0x0 /home/avees/Linux_for_Tegra/sources/tegra/optee-src/nv-optee/optee/build/t234/export-ta_arm64/lib/libutils.a(strlen.o)
 .bss           0x0000000000a25ba0        0x0 /home/avees/Linux_for_Tegra/sources/tegra/optee-src/nv-optee/optee/build/t234/export-ta_arm64/lib/libutee.a(assert.o)
 .bss           0x0000000000a25ba0        0x0 /home/avees/Linux_for_Tegra/sources/tegra/optee-src/nv-optee/optee/build/t234/export-ta_arm64/lib/libutee.a(trace_ext.o)
 .bss           0x0000000000a25ba0        0x0 /home/avees/Linux_for_Tegra/sources/tegra/optee-src/nv-optee/optee/build/t234/export-ta_arm64/lib/libutee.a(tee_api_operations.o)
 .bss           0x0000000000a25ba0        0x0 /home/avees/Linux_for_Tegra/sources/tegra/optee-src/nv-optee/optee/build/t234/export-ta_arm64/lib/libutee.a(tee_api_panic.o)