Archive member included to satisfy reference by file (symbol)

/home/avees/Linux_for_Tegra/sources/tegra/optee-src/nv-optee/optee/build/t234/export-ta_arm64/lib/libutils.a(bget_malloc.o)
                              ./darknetp_ta.o (malloc)
/home/avees/Linux_for_Tegra/sources/tegra/optee-src/nv-optee/optee/build/t234/export-ta_arm64/lib/libutils.a(stack_check.o)
                              ./darknetp_ta.o (__stack_chk_fail)
/home/avees/Linux_for_Tegra/sources/tegra/optee-src/nv-optee/optee/build/t234/export-ta_arm64/lib/libutils.a(memcpy.o)
                              ./darknetp_ta.o (memcpy)
/home/avees/Linux_for_Tegra/sources/tegra/optee-src/nv-optee/optee/build/t234/export-ta_arm64/lib/libutils.a(memset.o)
                              ./connected_layer_TA.o (memset)
/home/avees/Linux_for_Tegra/sources/tegra/optee-src/nv-optee/optee/build/t234/export-ta_arm64/lib/libutils.a(strcmp.o)
                              ./activations_TA.o (strcmp)
/home/avees/Linux_for_Tegra/sources/tegra/optee-src/nv-optee/optee/build/t234/export-ta_arm64/lib/libutils.a(strncmp.o)
                              ./parser_TA.o (strncmp)
/home/avees/Linux_for_Tegra/sources/tegra/optee-src/nv-optee/optee/build/t234/export-ta_arm64/lib/libutils.a(trace.o)
                              ./darknetp_ta.o (trace_printf)
/home/avees/Linux_for_Tegra/sources/tegra/optee-src/nv-optee/optee/build/t234/export-ta_arm64/lib/libutils.a(snprintk.o)
                              /home/avees/Linux_for_Tegra/sources/tegra/optee-src/nv-optee/optee/build/t234/export-ta_arm64/lib/libutils.a(trace.o) (vsnprintk)
/home/avees/Linux_for_Tegra/sources/tegra/optee-src/nv-optee/optee/build/t234/export-ta_arm64/lib/libutils.a(memchr.o)
                              /home/avees/Linux_for_Tegra/sources/tegra/optee-src/nv-optee/optee/build/t234/export-ta_arm64/lib/libutils.a(snprintk.o) (memchr)
/home/avees/Linux_for_Tegra/sources/tegra/optee-src/nv-optee/optee/build/t234/export-ta_arm64/lib/libutils.a(strlen.o)
                              /home/avees/Linux_for_Tegra/sources/tegra/optee-src/nv-optee/optee/build/t234/export-ta_arm64/lib/libutils.a(snprintk.o) (strlen)
/home/avees/Linux_for_Tegra/sources/tegra/optee-src/nv-optee/optee/build/t234/export-ta_arm64/lib/libutee.a(assert.o)
                              ./softmax_layer_TA.o (_assert_log)
/home/avees/Linux_for_Tegra/sources/tegra/optee-src/nv-optee/optee/build/t234/export-ta_arm64/lib/libutee.a(trace_ext.o)
                              /home/avees/Linux_for_Tegra/sources/tegra/optee-src/nv-optee/optee/build/t234/export-ta_arm64/lib/libutils.a(trace.o) (trace_ext_puts)
/home/avees/Linux_for_Tegra/sources/tegra/optee-src/nv-optee/optee/build/t234/export-ta_arm64/lib/libutee.a(tee_api_operations.o)
                              ./math_TA.o (TEE_GenerateRandom)
/home/avees/Linux_for_Tegra/sources/tegra/optee-src/nv-optee/optee/build/t234/export-ta_arm64/lib/libutee.a(tee_api_panic.o)
                              /home/avees/Linux_for_Tegra/sources/tegra/optee-src/nv-optee/optee/build/t234/export-ta_arm64/lib/libutee.a(tee_api_operations.o) (TEE_Panic)
/home/avees/Linux_for_Tegra/sources/tegra/optee-src/nv-optee/optee/build/t234/export-ta_arm64/lib/libutee.a(user_ta_entry.o)
                              ./user_ta_header.o (__utee_entry)
/home/avees/Linux_for_Tegra/sources/tegra/optee-src/nv-optee/optee/build/t234/export-ta_arm64/lib/libutee.a(utee_syscalls_a64.o)
                              /home/avees/Linux_for_Tegra/sources/tegra/optee-src/nv-optee/optee/build/t234/export-ta_arm64/lib/libutils.a(stack_check.o) (_utee_panic)
/home/avees/Linux_for_Tegra/sources/tegra/optee-src/nv-optee/optee/build/t234/export-ta_arm64/lib/libutee.a(abort.o)
                              /home/avees/Linux_for_Tegra/sources/tegra/optee-src/nv-optee/optee/build/t234/export-ta_arm64/lib/libutee.a(user_ta_entry.o) (abort)
/home/avees/Linux_for_Tegra/sources/tegra/optee-src/nv-optee/optee/build/t234/export-ta_arm64/lib/libutee.a(tee_api.o)
                              /home/avees/Linux_for_Tegra/sources/tegra/optee-src/nv-optee/optee/build/t234/export-ta_arm64/lib/libutee.a(tee_api_panic.o) (TEE_CheckMemoryAccessRights)
/home/avees/Linux_for_Tegra/sources/tegra/optee-src/nv-optee/optee/build/t234/export-ta_arm64/lib/libutee.a(tee_api_arith_mpi.o)
                              /home/avees/Linux_for_Tegra/sources/tegra/optee-src/nv-optee/optee/build/t234/export-ta_arm64/lib/libutee.a(user_ta_entry.o) (_TEE_MathAPI_Init)
/home/avees/Linux_for_Tegra/sources/tegra/optee-src/nv-optee/optee/build/t234/export-ta_arm64/lib/libutee.a(tee_api_objects.o)
                              /home/avees/Linux_for_Tegra/sources/tegra/optee-src/nv-optee/optee/build/t234/export-ta_arm64/lib/libutee.a(tee_api_operations.o) (__utee_from_attr)
/home/avees/Linux_for_Tegra/sources/tegra/optee-src/nv-optee/optee/build/t234/export-ta_arm64/lib/libutee.a(tee_api_property.o)
[...]
Memory Configuration

Name             Origin             Length             Attributes
*default*        0x0000000000000000 0xffffffffffffffff

Linker script and memory map


.ta_head        0x0000000000000000       0x20
 *(SORT_BY_ALIGNMENT(.ta_head))
 .ta_head       0x0000000000000000       0x20 ./user_ta_header.o
                0x0000000000000000                ta_head

.text           0x0000000000000020    0x19734
                0x0000000000000020                __text_start = .
 *(SORT_BY_ALIGNMENT(.text) SORT_BY_ALIGNMENT(.text.*))
 .text          0x0000000000000020       0xec /home/avees/Linux_for_Tegra/sources/tegra/optee-src/nv-optee/optee/build/t234/export-ta_arm64/lib/libutils.a(memcpy.o)
                0x0000000000000020                memcpy
 .text          0x000000000000010c     0x1050 ./darknetp_ta.o
                0x00000000000007f4                summary_array
                0x0000000000000944                TA_CreateEntryPoint
                0x000000000000097c                TA_DestroyEntryPoint
                0x00000000000009a0                TA_OpenSessionEntryPoint
                0x0000000000000a10                TA_CloseSessionEntryPoint
                0x0000000000000a34                TA_InvokeCommandEntryPoint
 .text          0x000000000000115c      0x158 ./utils_TA.o
                0x000000000000115c                sum_array_TA
                0x0000000000001180                rand_uniform_TA
                0x00000000000011bc                rand_normal_TA
 .text          0x00000000000012b4      0x790 ./activations_TA.o
                0x00000000000012b4                get_activation_string_TA
                0x000000000000137c                get_activation_TA
                0x000000000000151c                activate_TA
                0x00000000000017cc                activate_array_TA
                0x0000000000001820                gradient_TA
                0x00000000000019dc                gradient_array_TA
 .text          0x0000000000001a44      0x6f0 ./connected_layer_TA.o
                0x0000000000001a44                forward_connected_layer_TA_new
                0x0000000000001b3c                backward_connected_layer_TA_new
                0x0000000000001c70                update_connected_layer_TA_new
                0x0000000000001d98                make_connected_layer_TA_new
 .text          0x0000000000002134      0x95c ./math_TA.o
                0x0000000000002134                ta_max
                0x0000000000002140                ta_pow
                0x0000000000002190                ta_eee
                0x0000000000002230                ta_exp
                0x000000000000228c                ta_rand
                0x0000000000002324                ta_floor
                0x0000000000002338                ta_sqrt
                0x00000000000023ac                F1
                0x00000000000023b8                F2
                0x00000000000023e0                simpson
                0x0000000000002474                asr
                0x0000000000002558                asr0
                0x00000000000025a8                ta_ln
                0x00000000000025c0                ta_log
                0x00000000000025f4                ta_cos
                0x0000000000002744                ta_sin
                0x0000000000002898                ta_tan
                0x00000000000028c8                reverse
                0x00000000000028fc                intToStr
                0x000000000000299c                ftoa
                0x0000000000002a44                bubble_sort_top
 .text          0x0000000000002a90      0x510 ./parser_TA.o
                0x0000000000002a90                aes_cbc_TA
                0x0000000000002cb8                transpose_matrix_TA
                0x0000000000002d5c                load_weights_TA
                0x0000000000002ec8                save_weights_TA
 .text          0x0000000000002fa0      0x638 ./blas_TA.o
                0x0000000000002fa0                fill_cpu_TA
                0x0000000000002fc0                copy_cpu_TA
                0x0000000000002fe8                mean_cpu_TA
                0x0000000000003074                variance_cpu_TA
                0x0000000000003184                scal_cpu_TA
                0x00000000000031ac                axpy_cpu_TA
                0x00000000000031dc                normalize_cpu_TA
                0x00000000000032cc                softmax_TA
                0x00000000000033b4                softmax_cpu_TA
                0x0000000000003470                softmax_x_ent_cpu_TA
                0x00000000000034fc                smooth_l1_cpu_TA
                0x0000000000003560                l1_cpu_TA
                0x00000000000035a8                l2_cpu_TA
 .text          0x00000000000035d8      0x410 ./maxpool_layer_TA.o
                0x00000000000035d8                forward_maxpool_layer_TA_new
                0x00000000000037b8                backward_maxpool_layer_TA_new
                0x0000000000003810                make_maxpool_layer_TA
                0x0000000000003940                resize_maxpool_layer_TA
 .text          0x00000000000039e8      0x7a4 ./network_TA.o
                0x00000000000039e8                make_network_TA
                0x0000000000003b74                update_network_TA
                0x0000000000003c30                calc_network_cost_TA
                0x0000000000003ca8                forward_network_TA
                0x0000000000003ec4                calc_network_loss_TA
                0x0000000000003fc8                backward_network_TA
 .text          0x000000000000418c      0x278 ./softmax_layer_TA.o
                0x000000000000418c                forward_softmax_layer_TA
                0x00000000000042ac                backward_softmax_layer_TA
                0x00000000000042d0                make_softmax_layer_TA_new
 .text          0x0000000000004404      0x8d8 ./aes_TA.o
                0x0000000000004a2c                AES_init_ctx
                0x0000000000004a30                AES_init_ctx_iv
                0x0000000000004a58                AES_ctx_set_iv
                0x0000000000004a64                AES_ECB_encrypt
                0x0000000000004a74                AES_ECB_decrypt
                0x0000000000004a84                AES_CBC_encrypt_buffer
                0x0000000000004b10                AES_CBC_decrypt_buffer
                0x0000000000004be8                AES_CTR_xcrypt_buffer
 .text          0x0000000000004cdc      0x17c ./im2col_TA.o
                0x0000000000004cdc                im2col_get_pixel_TA
                0x0000000000004d10                im2col_cpu_TA
 .text          0x0000000000004e58      0x724 ./batchnorm_layer_TA.o
                0x0000000000004e58                forward_batchnorm_layer_TA
                0x0000000000005034                backward_scale_cpu_TA
                0x00000000000050ac                mean_delta_cpu_TA
                0x00000000000051a0                variance_delta_cpu_TA
                0x00000000000052b8                normalize_delta_cpu_TA
                0x00000000000053fc                backward_batchnorm_layer_TA
 .text          0x000000000000557c      0x20c ./dropout_layer_TA.o
                0x000000000000557c                forward_dropout_layer_TA_new
                0x00000000000055b0                backward_dropout_layer_TA_new
                0x0000000000005614                make_dropout_layer_TA_new
                0x0000000000005750                resize_dropout_layer_TA
 .text          0x0000000000005788      0xe4c ./convolutional_layer_TA.o
                0x0000000000005788                update_convolutional_layer_TA_new
                0x00000000000058a8                swap_binary_TA
                0x00000000000058bc                add_bias_TA
                0x0000000000005924                scale_bias_TA
                0x000000000000598c                backward_bias_TA
                0x0000000000005a2c                backward_convolutional_layer_TA_new
                0x0000000000005d14                convolutional_out_height_TA
                0x0000000000005d38                convolutional_out_width_TA
                0x0000000000005d5c                binarize_weights_TA
                0x0000000000005de4                binarize_cpu_TA
                0x0000000000005e14                forward_convolutional_layer_TA_new
                0x0000000000006064                make_convolutional_layer_TA_new
 .text          0x00000000000065d4      0x31c ./cost_layer_TA.o
                0x00000000000065d4                forward_cost_layer_TA
                0x00000000000066a4                backward_cost_layer_TA
                0x00000000000066c8                get_cost_type_TA
                0x00000000000067a8                get_cost_string_TA
                0x0000000000006814                make_cost_layer_TA_new
 .text          0x00000000000068f0      0x20c ./avgpool_layer_TA.o
                0x00000000000068f0                forward_avgpool_layer_TA_new
                0x0000000000006990                backward_avgpool_layer_TA_new
                0x0000000000006a24                make_avgpool_layer_TA
                0x0000000000006ae4                resize_avgpool_layer_TA
 .text          0x0000000000006afc      0x17c ./col2im_TA.o
                0x0000000000006afc                col2im_add_pixel_TA
                0x0000000000006b34                col2im_cpu_TA
 .text          0x0000000000006c78      0x2c0 ./gemm_TA.o
                0x0000000000006c78                gemm_nn_TA
                0x0000000000006cfc                gemm_nt_TA
                0x0000000000006d84                gemm_tn_TA
                0x0000000000006e04                gemm_tt_TA
                0x0000000000006e8c                gemm_cpu_TA
                0x0000000000006f34                gemm_TA
 .text          0x0000000000006f38       0xc4 ./diffprivate_TA.o
                0x0000000000006f38                diff_private_SGD
 .text          0x0000000000006ffc       0x1c ./user_ta_header.o
                0x0000000000006ffc                __ta_entry
                0x0000000000007010                tahead_get_trace_level
 .text          0x0000000000007018      0xd00 /home/avees/Linux_for_Tegra/sources/tegra/optee-src/nv-optee/optee/build/t234/export-ta_arm64/lib/libutils.a(bget_malloc.o)
                0x0000000000007050                bget
                0x0000000000007318                bgetz
                0x00000000000073a0                brel
                0x0000000000007624                bgetr
                0x00000000000076f4                bpool
                0x00000000000077c4                raw_memalign
                0x0000000000007818                raw_malloc
                0x0000000000007828                raw_free
                0x0000000000007838                raw_calloc
                0x0000000000007888                raw_realloc
                0x0000000000007970                malloc
                0x0000000000007988                calloc
                0x00000000000079a4                realloc
                0x00000000000079bc                memalign
                0x00000000000079d8                aligned_alloc
                0x00000000000079f0                free
                0x0000000000007a00                free_wipe
                0x0000000000007a10                raw_malloc_get_ctx_size
                0x0000000000007a18                raw_malloc_init_ctx
                0x0000000000007a44                raw_malloc_add_pool
                0x0000000000007b0c                raw_malloc_buffer_overlaps_heap
                0x0000000000007b8c                raw_malloc_buffer_is_within_alloced
                0x0000000000007cdc                malloc_add_pool
                0x0000000000007cf0                malloc_buffer_is_within_alloced
                0x0000000000007d04                malloc_buffer_overlaps_heap
 .text          0x0000000000007d18       0x30 /home/avees/Linux_for_Tegra/sources/tegra/optee-src/nv-optee/optee/build/t234/export-ta_arm64/lib/libutils.a(stack_check.o)
                0x0000000000007d18                __stack_chk_fail
 .text          0x0000000000007d48       0x1c /home/avees/Linux_for_Tegra/sources/tegra/optee-src/nv-optee/optee/build/t234/export-ta_arm64/lib/libutils.a(memset.o)
                0x0000000000007d48                memset
 .text          0x0000000000007d64       0x24 /home/avees/Linux_for_Tegra/sources/tegra/optee-src/nv-optee/optee/build/t234/export-ta_arm64/lib/libutils.a(strcmp.o)
                0x0000000000007d64                strcmp
 .text          0x0000000000007d88       0x3c /home/avees/Linux_for_Tegra/sources/tegra/optee-src/nv-optee/optee/build/t234/export-ta_arm64/lib/libutils.a(strncmp.o)
                0x0000000000007d88                strncmp
 .text          0x0000000000007dc4      0x32c /home/avees/Linux_for_Tegra/sources/tegra/optee-src/nv-optee/optee/build/t234/export-ta_arm64/lib/libutils.a(trace.o)
                0x0000000000007dc4                trace_set_level
                0x0000000000007de0                trace_get_level
                0x0000000000007df0                trace_vprintf
                0x000000000000800c                trace_printf
                0x00000000000080ec                dhex_dump
 .text          0x00000000000080f0      0xe10 /home/avees/Linux_for_Tegra/sources/tegra/optee-src/nv-optee/optee/build/t234/export-ta_arm64/lib/libutils.a(snprintk.o)
                0x00000000000080f0                __vsnprintf
                0x00000000000081b0                vsnprintk
                0x0000000000008208                snprintk
                0x0000000000008eb4                __vsprintf
 .text          0x0000000000008f00       0x2c /home/avees/Linux_for_Tegra/sources/tegra/optee-src/nv-optee/optee/build/t234/export-ta_arm64/lib/libutils.a(memchr.o)
                0x0000000000008f00                memchr
 .text          0x0000000000008f2c       0x1c /home/avees/Linux_for_Tegra/sources/tegra/optee-src/nv-optee/optee/build/t234/export-ta_arm64/lib/libutils.a(strlen.o)
                0x0000000000008f2c                strlen
 .text          0x0000000000008f48       0x58 /home/avees/Linux_for_Tegra/sources/tegra/optee-src/nv-optee/optee/build/t234/export-ta_arm64/lib/libutee.a(assert.o)
                0x0000000000008f48                _assert_log
                0x0000000000008f8c                _assert_break
 .text          0x0000000000008fa0      0x1e0 /home/avees/Linux_for_Tegra/sources/tegra/optee-src/nv-optee/optee/build/t234/export-ta_arm64/lib/libutee.a(trace_ext.o)
                0x0000000000008fa0                trace_ext_puts
                0x0000000000008fc8                trace_ext_get_thread_id
                0x0000000000008fd0                printf
                0x00000000000090d0                puts
                0x0000000000009110                putchar
 .text          0x0000000000009180     0x472c /home/avees/Linux_for_Tegra/sources/tegra/optee-src/nv-optee/optee/build/t234/export-ta_arm64/lib/libutee.a(tee_api_operations.o)
                0x00000000000098ac                TEE_FreeOperation
                0x00000000000098ec                TEE_AllocateOperation
                0x000000000000a624                __GP11_TEE_FreeOperation
                0x000000000000a650                TEE_GetOperationInfo
                0x000000000000a6a4                TEE_GetOperationInfoMultiple
                0x000000000000a854                __GP11_TEE_GetOperationInfoMultiple
                0x000000000000a8dc                TEE_ResetOperation
                0x000000000000a918                TEE_SetOperationKey
                0x000000000000aa64                __GP11_TEE_SetOperationKey
                0x000000000000aaa0                TEE_SetOperationKey2
                0x000000000000aac0                __GP11_TEE_SetOperationKey2
                0x000000000000ab0c                TEE_CopyOperation
                0x000000000000ac68                TEE_DigestUpdate
                0x000000000000acd8                __GP11_TEE_DigestUpdate
                0x000000000000ace0                TEE_DigestDoFinal
                0x000000000000ae4c                __GP11_TEE_DigestDoFinal
                0x000000000000aeec                TEE_DigestExtract
                0x000000000000b090                TEE_CipherInit
                0x000000000000b170                __GP11_TEE_CipherInit
                0x000000000000b178                TEE_CipherUpdate
                0x000000000000b30c                __GP11_TEE_CipherUpdate
                0x000000000000b3ac                TEE_CipherDoFinal
                0x000000000000b5c4                __GP11_TEE_CipherDoFinal
                0x000000000000b674                TEE_MACInit
                0x000000000000b718                __GP11_TEE_MACInit
                0x000000000000b720                TEE_MACUpdate
                0x000000000000b7c0                __GP11_TEE_MACUpdate
                0x000000000000b7c8                TEE_MACComputeFinal
                0x000000000000b8d8                __GP11_TEE_MACComputeFinal
                0x000000000000b978                TEE_MACCompareFinal
                0x000000000000ba7c                __GP11_TEE_MACCompareFinal
                0x000000000000ba88                TEE_AEInit
                0x000000000000bb4c                __GP11_TEE_AEInit
                0x000000000000bb5c                TEE_AEUpdateAAD
                0x000000000000bbf8                __GP11_TEE_AEUpdateAAD
                0x000000000000bc8c                TEE_AEUpdate
                0x000000000000bd6c                __GP11_TEE_AEUpdate
                0x000000000000be8c                TEE_AEEncryptFinal
                0x000000000000c08c                __GP11_TEE_AEEncryptFinal
                0x000000000000c160                TEE_AEDecryptFinal
                0x000000000000c334                __GP11_TEE_AEDecryptFinal
                0x000000000000c3ec                TEE_AsymmetricEncrypt
                0x000000000000c5b0                __GP11_TEE_AsymmetricEncrypt
                0x000000000000c758                TEE_AsymmetricDecrypt
                0x000000000000c920                __GP11_TEE_AsymmetricDecrypt
                0x000000000000cacc                TEE_AsymmetricSignDigest
                0x000000000000cc6c                __GP11_TEE_AsymmetricSignDigest
                0x000000000000ce0c                TEE_AsymmetricVerifyDigest
                0x000000000000cf98                __GP11_TEE_AsymmetricVerifyDigest
                0x000000000000d124                TEE_DeriveKey
                0x000000000000d2d4                __GP11_TEE_DeriveKey
                0x000000000000d484                TEE_GenerateRandom
                0x000000000000d4a4                __GP11_TEE_GenerateRandom
                0x000000000000d4ac                rand
                0x000000000000d504                TEE_IsAlgorithmSupported
 .text          0x000000000000d8ac      0x21c /home/avees/Linux_for_Tegra/sources/tegra/optee-src/nv-optee/optee/build/t234/export-ta_arm64/lib/libutee.a(tee_api_panic.o)
                0x000000000000d8c8                TEE_Panic
                0x000000000000d8e0                __utee_check_outbuf_annotation
                0x000000000000d92c                __utee_check_gp11_outbuf_annotation
                0x000000000000d978                __utee_check_instring_annotation
                0x000000000000d9a8                __utee_check_outstring_annotation
                0x000000000000d9f4                __utee_check_gp11_outstring_annotation
                0x000000000000da40                __utee_check_out_annotation
                0x000000000000da60                __utee_check_attr_in_annotation
                0x000000000000da84                __utee_check_gp11_attr_in_annotation
                0x000000000000daa8                __utee_check_inout_annotation
 .text          0x000000000000dac8      0x74c /home/avees/Linux_for_Tegra/sources/tegra/optee-src/nv-optee/optee/build/t234/export-ta_arm64/lib/libutee.a(user_ta_entry.o)
                0x000000000000dd8c                __utee_call_elf_init_fn
                0x000000000000dee4                __utee_call_elf_fini_fn
                0x000000000000df8c                __utee_entry
 .text._utee_panic
                0x000000000000e214        0xc /home/avees/Linux_for_Tegra/sources/tegra/optee-src/nv-optee/optee/build/t234/export-ta_arm64/lib/libutee.a(utee_syscalls_a64.o)
                0x000000000000e214                _utee_panic
 .text._utee_return
                0x000000000000e220        0xc /home/avees/Linux_for_Tegra/sources/tegra/optee-src/nv-optee/optee/build/t234/export-ta_arm64/lib/libutee.a(utee_syscalls_a64.o)
                0x000000000000e220                _utee_return
 .text._utee_log
                0x000000000000e22c        0xc /home/avees/Linux_for_Tegra/sources/tegra/optee-src/nv-optee/optee/build/t234/export-ta_arm64/lib/libutee.a(utee_syscalls_a64.o)
                0x000000000000e22c                _utee_log
 .text.__utee_panic
                0x000000000000e238        0xc /home/avees/Linux_for_Tegra/sources/tegra/optee-src/nv-optee/optee/build/t234/export-ta_arm64/lib/libutee.a(utee_syscalls_a64.o)
                0x000000000000e238                __utee_panic
 .text._utee_get_property
                0x000000000000e244        0xc /home/avees/Linux_for_Tegra/sources/tegra/optee-src/nv-optee/optee/build/t234/export-ta_arm64/lib/libutee.a(utee_syscalls_a64.o)
                0x000000000000e244                _utee_get_property
 .text._utee_get_property_name_to_index
                0x000000000000e250        0xc /home/avees/Linux_for_Tegra/sources/tegra/optee-src/nv-optee/optee/build/t234/export-ta_arm64/lib/libutee.a(utee_syscalls_a64.o)
                0x000000000000e250                _utee_get_property_name_to_index
 .text._utee_open_ta_session
                0x000000000000e25c        0xc /home/avees/Linux_for_Tegra/sources/tegra/optee-src/nv-optee/optee/build/t234/export-ta_arm64/lib/libutee.a(utee_syscalls_a64.o)
                0x000000000000e25c                _utee_open_ta_session
 .text._utee_close_ta_session
                0x000000000000e268        0xc /home/avees/Linux_for_Tegra/sources/tegra/optee-src/nv-optee/optee/build/t234/export-ta_arm64/lib/libutee.a(utee_syscalls_a64.o)
                0x000000000000e268                _utee_close_ta_session
 .text._utee_invoke_ta_command
                0x000000000000e274        0xc /home/avees/Linux_for_Tegra/sources/tegra/optee-src/nv-optee/optee/build/t234/export-ta_arm64/lib/libutee.a(utee_syscalls_a64.o)
                0x000000000000e274                _utee_invoke_ta_command
 .text._utee_get_cancellation_flag
                0x000000000000e280        0xc /home/avees/Linux_for_Tegra/sources/tegra/optee-src/nv-optee/optee/build/t234/export-ta_arm64/lib/libutee.a(utee_syscalls_a64.o)
                0x000000000000e280                _utee_get_cancellation_flag
 .text._utee_check_access_rights
                0x000000000000e28c        0xc /home/avees/Linux_for_Tegra/sources/tegra/optee-src/nv-optee/optee/build/t234/export-ta_arm64/lib/libutee.a(utee_syscalls_a64.o)
                0x000000000000e28c                _utee_check_access_rights
 .text._utee_unmask_cancellation
                0x000000000000e298        0xc /home/avees/Linux_for_Tegra/sources/tegra/optee-src/nv-optee/optee/build/t234/export-ta_arm64/lib/libutee.a(utee_syscalls_a64.o)
                0x000000000000e298                _utee_unmask_cancellation
 .text._utee_mask_cancellation
                0x000000000000e2a4        0xc /home/avees/Linux_for_Tegra/sources/tegra/optee-src/nv-optee/optee/build/t234/export-ta_arm64/lib/libutee.a(utee_syscalls_a64.o)
                0x000000000000e2a4                _utee_mask_cancellation
 .text._utee_wait
                0x000000000000e2b0        0xc /home/avees/Linux_for_Tegra/sources/tegra/optee-src/nv-optee/optee/build/t234/export-ta_arm64/lib/libutee.a(utee_syscalls_a64.o)
                0x000000000000e2b0                _utee_wait
 .text._utee_get_time
                0x000000000000e2bc        0xc /home/avees/Linux_for_Tegra/sources/tegra/optee-src/nv-optee/optee/build/t234/export-ta_arm64/lib/libutee.a(utee_syscalls_a64.o)
                0x000000000000e2bc                _utee_get_time
 .text._utee_set_ta_time
                0x000000000000e2c8        0xc /home/avees/Linux_for_Tegra/sources/tegra/optee-src/nv-optee/optee/build/t234/export-ta_arm64/lib/libutee.a(utee_syscalls_a64.o)
                0x000000000000e2c8                _utee_set_ta_time
 .text._utee_cryp_state_alloc
                0x000000000000e2d4        0xc /home/avees/Linux_for_Tegra/sources/tegra/optee-src/nv-optee/optee/build/t234/export-ta_arm64/lib/libutee.a(utee_syscalls_a64.o)
                0x000000000000e2d4                _utee_cryp_state_alloc
 .text._utee_cryp_state_copy
                0x000000000000e2e0        0xc /home/avees/Linux_for_Tegra/sources/tegra/optee-src/nv-optee/optee/build/t234/export-ta_arm64/lib/libutee.a(utee_syscalls_a64.o)
                0x000000000000e2e0                _utee_cryp_state_copy
 .text._utee_cryp_state_free
                0x000000000000e2ec        0xc /home/avees/Linux_for_Tegra/sources/tegra/optee-src/nv-optee/optee/build/t234/export-ta_arm64/lib/libutee.a(utee_syscalls_a64.o)
                0x000000000000e2ec                _utee_cryp_state_free
 .text._utee_hash_init
                0x000000000000e2f8        0xc /home/avees/Linux_for_Tegra/sources/tegra/optee-src/nv-optee/optee/build/t234/export-ta_arm64/lib/libutee.a(utee_syscalls_a64.o)
                0x000000000000e2f8                _utee_hash_init
 .text._utee_hash_update
                0x000000000000e304        0xc /home/avees/Linux_for_Tegra/sources/tegra/optee-src/nv-optee/optee/build/t234/export-ta_arm64/lib/libutee.a(utee_syscalls_a64.o)
                0x000000000000e304                _utee_hash_update
 .text._utee_hash_final
                0x000000000000e310        0xc /home/avees/Linux_for_Tegra/sources/tegra/optee-src/nv-optee/optee/build/t234/export-ta_arm64/lib/libutee.a(utee_syscalls_a64.o)
                0x000000000000e310                _utee_hash_final
 .text._utee_cipher_init
                0x000000000000e31c        0xc /home/avees/Linux_for_Tegra/sources/tegra/optee-src/nv-optee/optee/build/t234/export-ta_arm64/lib/libutee.a(utee_syscalls_a64.o)
                0x000000000000e31c                _utee_cipher_init
 .text._utee_cipher_update
                0x000000000000e328        0xc /home/avees/Linux_for_Tegra/sources/tegra/optee-src/nv-optee/optee/build/t234/export-ta_arm64/lib/libutee.a(utee_syscalls_a64.o)
                0x000000000000e328                _utee_cipher_update
 .text._utee_cipher_final
                0x000000000000e334        0xc /home/avees/Linux_for_Tegra/sources/tegra/optee-src/nv-optee/optee/build/t234/export-ta_arm64/lib/libutee.a(utee_syscalls_a64.o)
                0x000000000000e334                _utee_cipher_final
 .text._utee_cryp_obj_get_info
                0x000000000000e340        0xc /home/avees/Linux_for_Tegra/sources/tegra/optee-src/nv-optee/optee/build/t234/export-ta_arm64/lib/libutee.a(utee_syscalls_a64.o)
                0x000000000000e340                _utee_cryp_obj_get_info
 .text._utee_cryp_obj_restrict_usage
                0x000000000000e34c        0xc /home/avees/Linux_for_Tegra/sources/tegra/optee-src/nv-optee/optee/build/t234/export-ta_arm64/lib/libutee.a(utee_syscalls_a64.o)
                0x000000000000e34c                _utee_cryp_obj_restrict_usage
 .text._utee_cryp_obj_get_attr
                0x000000000000e358        0xc /home/avees/Linux_for_Tegra/sources/tegra/optee-src/nv-optee/optee/build/t234/export-ta_arm64/lib/libutee.a(utee_syscalls_a64.o)
                0x000000000000e358                _utee_cryp_obj_get_attr
 .text._utee_cryp_obj_alloc
                0x000000000000e364        0xc /home/avees/Linux_for_Tegra/sources/tegra/optee-src/nv-optee/optee/build/t234/export-ta_arm64/lib/libutee.a(utee_syscalls_a64.o)
                0x000000000000e364                _utee_cryp_obj_alloc
 .text._utee_cryp_obj_close
                0x000000000000e370        0xc /home/avees/Linux_for_Tegra/sources/tegra/optee-src/nv-optee/optee/build/t234/export-ta_arm64/lib/libutee.a(utee_syscalls_a64.o)
                0x000000000000e370                _utee_cryp_obj_close
 .text._utee_cryp_obj_reset
                0x000000000000e37c        0xc /home/avees/Linux_for_Tegra/sources/tegra/optee-src/nv-optee/optee/build/t234/export-ta_arm64/lib/libutee.a(utee_syscalls_a64.o)
                0x000000000000e37c                _utee_cryp_obj_reset
 .text._utee_cryp_obj_populate
                0x000000000000e388        0xc /home/avees/Linux_for_Tegra/sources/tegra/optee-src/nv-optee/optee/build/t234/export-ta_arm64/lib/libutee.a(utee_syscalls_a64.o)
                0x000000000000e388                _utee_cryp_obj_populate
 .text._utee_cryp_obj_copy
                0x000000000000e394        0xc /home/avees/Linux_for_Tegra/sources/tegra/optee-src/nv-optee/optee/build/t234/export-ta_arm64/lib/libutee.a(utee_syscalls_a64.o)
                0x000000000000e394                _utee_cryp_obj_copy
 .text._utee_cryp_derive_key
                0x000000000000e3a0        0xc /home/avees/Linux_for_Tegra/sources/tegra/optee-src/nv-optee/optee/build/t234/export-ta_arm64/lib/libutee.a(utee_syscalls_a64.o)
                0x000000000000e3a0                _utee_cryp_derive_key
 .text._utee_cryp_random_number_generate
                0x000000000000e3ac        0xc /home/avees/Linux_for_Tegra/sources/tegra/optee-src/nv-optee/optee/build/t234/export-ta_arm64/lib/libutee.a(utee_syscalls_a64.o)
                0x000000000000e3ac                _utee_cryp_random_number_generate
 .text._utee_authenc_init
                0x000000000000e3b8        0xc /home/avees/Linux_for_Tegra/sources/tegra/optee-src/nv-optee/optee/build/t234/export-ta_arm64/lib/libutee.a(utee_syscalls_a64.o)
                0x000000000000e3b8                _utee_authenc_init
 .text._utee_authenc_update_aad
                0x000000000000e3c4        0xc /home/avees/Linux_for_Tegra/sources/tegra/optee-src/nv-optee/optee/build/t234/export-ta_arm64/lib/libutee.a(utee_syscalls_a64.o)
                0x000000000000e3c4                _utee_authenc_update_aad
 .text._utee_authenc_update_payload
                0x000000000000e3d0        0xc /home/avees/Linux_for_Tegra/sources/tegra/optee-src/nv-optee/optee/build/t234/export-ta_arm64/lib/libutee.a(utee_syscalls_a64.o)
                0x000000000000e3d0                _utee_authenc_update_payload
 .text._utee_authenc_enc_final
                0x000000000000e3dc        0xc /home/avees/Linux_for_Tegra/sources/tegra/optee-src/nv-optee/optee/build/t234/export-ta_arm64/lib/libutee.a(utee_syscalls_a64.o)
                0x000000000000e3dc                _utee_authenc_enc_final
 .text._utee_authenc_dec_final
                0x000000000000e3e8        0xc /home/avees/Linux_for_Tegra/sources/tegra/optee-src/nv-optee/optee/build/t234/export-ta_arm64/lib/libutee.a(utee_syscalls_a64.o)
                0x000000000000e3e8                _utee_authenc_dec_final
 .text._utee_asymm_operate
                0x000000000000e3f4        0xc /home/avees/Linux_for_Tegra/sources/tegra/optee-src/nv-optee/optee/build/t234/export-ta_arm64/lib/libutee.a(utee_syscalls_a64.o)
                0x000000000000e3f4                _utee_asymm_operate
 .text._utee_asymm_verify
                0x000000000000e400        0xc /home/avees/Linux_for_Tegra/sources/tegra/optee-src/nv-optee/optee/build/t234/export-ta_arm64/lib/libutee.a(utee_syscalls_a64.o)
                0x000000000000e400                _utee_asymm_verify
 .text._utee_storage_obj_open
                0x000000000000e40c        0xc /home/avees/Linux_for_Tegra/sources/tegra/optee-src/nv-optee/optee/build/t234/export-ta_arm64/lib/libutee.a(utee_syscalls_a64.o)
                0x000000000000e40c                _utee_storage_obj_open
 .text._utee_storage_obj_create
                0x000000000000e418        0xc /home/avees/Linux_for_Tegra/sources/tegra/optee-src/nv-optee/optee/build/t234/export-ta_arm64/lib/libutee.a(utee_syscalls_a64.o)
                0x000000000000e418                _utee_storage_obj_create
 .text._utee_storage_obj_del
                0x000000000000e424        0xc /home/avees/Linux_for_Tegra/sources/tegra/optee-src/nv-optee/optee/build/t234/export-ta_arm64/lib/libutee.a(utee_syscalls_a64.o)
                0x000000000000e424                _utee_storage_obj_del
 .text._utee_storage_obj_rename
                0x000000000000e430        0xc /home/avees/Linux_for_Tegra/sources/tegra/optee-src/nv-optee/optee/build/t234/export-ta_arm64/lib/libutee.a(utee_syscalls_a64.o)
                0x000000000000e430                _utee_storage_obj_rename
 .text._utee_storage_alloc_enum
                0x000000000000e43c        0xc /home/avees/Linux_for_Tegra/sources/tegra/optee-src/nv-optee/optee/build/t234/export-ta_arm64/lib/libutee.a(utee_syscalls_a64.o)
                0x000000000000e43c                _utee_storage_alloc_enum
 .text._utee_storage_free_enum
                0x000000000000e448        0xc /home/avees/Linux_for_Tegra/sources/tegra/optee-src/nv-optee/optee/build/t234/export-ta_arm64/lib/libutee.a(utee_syscalls_a64.o)
                0x000000000000e448                _utee_storage_free_enum
 .text._utee_storage_reset_enum
                0x000000000000e454        0xc /home/avees/Linux_for_Tegra/sources/tegra/optee-src/nv-optee/optee/build/t234/export-ta_arm64/lib/libutee.a(utee_syscalls_a64.o)
                0x000000000000e454                _utee_storage_reset_enum
 .text._utee_storage_start_enum
                0x000000000000e460        0xc /home/avees/Linux_for_Tegra/sources/tegra/optee-src/nv-optee/optee/build/t234/export-ta_arm64/lib/libutee.a(utee_syscalls_a64.o)
                0x000000000000e460                _utee_storage_start_enum
 .text._utee_storage_next_enum
                0x000000000000e46c        0xc /home/avees/Linux_for_Tegra/sources/tegra/optee-src/nv-optee/optee/build/t234/export-ta_arm64/lib/libutee.a(utee_syscalls_a64.o)
                0x000000000000e46c                _utee_storage_next_enum
 .text._utee_storage_obj_read
                0x000000000000e478        0xc /home/avees/Linux_for_Tegra/sources/tegra/optee-src/nv-optee/optee/build/t234/export-ta_arm64/lib/libutee.a(utee_syscalls_a64.o)
                0x000000000000e478                _utee_storage_obj_read
 .text._utee_storage_obj_write
                0x000000000000e484        0xc /home/avees/Linux_for_Tegra/sources/tegra/optee-src/nv-optee/optee/build/t234/export-ta_arm64/lib/libutee.a(utee_syscalls_a64.o)
                0x000000000000e484                _utee_storage_obj_write
 .text._utee_storage_obj_trunc
                0x000000000000e490        0xc /home/avees/Linux_for_Tegra/sources/tegra/optee-src/nv-optee/optee/build/t234/export-ta_arm64/lib/libutee.a(utee_syscalls_a64.o)
                0x000000000000e490                _utee_storage_obj_trunc
 .text._utee_storage_obj_seek
                0x000000000000e49c        0xc /home/avees/Linux_for_Tegra/sources/tegra/optee-src/nv-optee/optee/build/t234/export-ta_arm64/lib/libutee.a(utee_syscalls_a64.o)
                0x000000000000e49c                _utee_storage_obj_seek
 .text._utee_cryp_obj_generate_key
                0x000000000000e4a8        0xc /home/avees/Linux_for_Tegra/sources/tegra/optee-src/nv-optee/optee/build/t234/export-ta_arm64/lib/libutee.a(utee_syscalls_a64.o)
                0x000000000000e4a8                _utee_cryp_obj_generate_key
 .text._utee_cache_operation
                0x000000000000e4b4        0xc /home/avees/Linux_for_Tegra/sources/tegra/optee-src/nv-optee/optee/build/t234/export-ta_arm64/lib/libutee.a(utee_syscalls_a64.o)
                0x000000000000e4b4                _utee_cache_operation
 .text.unlikely
                0x000000000000e4c0       0x20 /home/avees/Linux_for_Tegra/sources/tegra/optee-src/nv-optee/optee/build/t234/export-ta_arm64/lib/libutee.a(abort.o)
                0x000000000000e4c0                abort
 .text          0x000000000000e4e0     0x10c0 /home/avees/Linux_for_Tegra/sources/tegra/optee-src/nv-optee/optee/build/t234/export-ta_arm64/lib/libutee.a(tee_api.o)
                0x000000000000e890                TEE_CloseTASession
                0x000000000000e8b8                TEE_GetCancellationFlag
                0x000000000000e918                TEE_UnmaskCancellation
                0x000000000000e978                TEE_MaskCancellation
                0x000000000000e9d8                TEE_CheckMemoryAccessRights
                0x000000000000ebfc                TEE_OpenTASession
                0x000000000000ed50                __GP11_TEE_OpenTASession
                0x000000000000ee98                TEE_InvokeTACommand
                0x000000000000f01c                __GP11_TEE_InvokeTACommand
                0x000000000000f194                __GP11_TEE_CheckMemoryAccessRights
                0x000000000000f19c                TEE_SetInstanceData
                0x000000000000f1a8                TEE_GetInstanceData
                0x000000000000f1b4                TEE_MemMove
                0x000000000000f1b8                __GP11_TEE_MemMove
                0x000000000000f1c0                TEE_MemCompare
                0x000000000000f1c4                __GP11_TEE_MemCompare
                0x000000000000f1cc                TEE_MemFill
                0x000000000000f1d0                __GP11_TEE_MemFill
                0x000000000000f1d8                TEE_GetSystemTime
                0x000000000000f200                TEE_Wait
                0x000000000000f23c                TEE_GetTAPersistentTime
                0x000000000000f2b0                TEE_SetTAPersistentTime
                0x000000000000f2f4                TEE_GetREETime
                0x000000000000f31c                TEE_Malloc
                0x000000000000f440                __GP11_TEE_Malloc
                0x000000000000f448                TEE_Free
                0x000000000000f4a8                TEE_Realloc
                0x000000000000f580                __GP11_TEE_Realloc
                0x000000000000f588                TEE_CacheClean
                0x000000000000f590                TEE_CacheFlush
                0x000000000000f598                TEE_CacheInvalidate
 .text          0x000000000000f5a0     0x212c /home/avees/Linux_for_Tegra/sources/tegra/optee-src/nv-optee/optee/build/t234/export-ta_arm64/lib/libutee.a(tee_api_arith_mpi.o)
                0x000000000000fe04                _TEE_MathAPI_Init
                0x000000000000fe54                TEE_BigIntInit
                0x000000000000feb4                __GP11_TEE_BigIntInit
                0x000000000000febc                TEE_BigIntConvertFromOctetString
                0x000000000000ff84                __GP11_TEE_BigIntConvertFromOctetString
                0x000000000000ff8c                TEE_BigIntConvertToOctetString
                0x0000000000010054                __GP11_TEE_BigIntConvertToOctetString
                0x00000000000100b4                TEE_BigIntConvertFromS32
                0x0000000000010164                TEE_BigIntConvertToS32
                0x0000000000010220                TEE_BigIntCmp
                0x00000000000102b4                TEE_BigIntCmpS32
                0x0000000000010500                TEE_BigIntShiftRight
                0x00000000000106a0                __GP11_TEE_BigIntShiftRight
                0x00000000000106a8                TEE_BigIntGetBit
                0x0000000000010728                TEE_BigIntGetBitCount
                0x000000000001079c                TEE_BigIntSetBit
                0x000000000001084c                TEE_BigIntAssign
                0x000000000001089c                TEE_BigIntAbs
                0x00000000000108c8                TEE_BigIntAdd
                0x00000000000108d4                TEE_BigIntSub
                0x00000000000108e0                TEE_BigIntNeg
                0x00000000000109c4                TEE_BigIntMul
                0x0000000000010ad8                TEE_BigIntSquare
                0x0000000000010ae0                TEE_BigIntDiv
                0x0000000000010c94                TEE_BigIntMod
                0x0000000000010d00                TEE_BigIntAddMod
                0x0000000000010d0c                TEE_BigIntSubMod
                0x0000000000010d18                TEE_BigIntMulMod
                0x0000000000010d24                TEE_BigIntSquareMod
                0x0000000000010d30                TEE_BigIntInvMod
                0x0000000000010e80                TEE_BigIntRelativePrime
                0x0000000000010f88                TEE_BigIntExpMod
                0x000000000001115c                TEE_BigIntComputeExtendedGcd
                0x00000000000113c4                TEE_BigIntIsProbablePrime
                0x0000000000011448                TEE_BigIntInitFMM
                0x000000000001144c                __GP11_TEE_BigIntInitFMM
                0x0000000000011454                TEE_BigIntInitFMMContext
                0x0000000000011458                __GP11_TEE_BigIntInitFMMContext
                0x0000000000011460                TEE_BigIntInitFMMContext1
                0x0000000000011468                TEE_BigIntFMMSizeInU32
                0x0000000000011478                __GP11_TEE_BigIntFMMSizeInU32
                0x0000000000011490                TEE_BigIntFMMContextSizeInU32
                0x0000000000011498                __GP11_TEE_BigIntFMMContextSizeInU32
                0x00000000000114b0                TEE_BigIntConvertToFMM
                0x00000000000114b4                TEE_BigIntConvertFromFMM
                0x0000000000011584                TEE_BigIntComputeFMM
 .text          0x00000000000116cc     0x1b10 /home/avees/Linux_for_Tegra/sources/tegra/optee-src/nv-optee/optee/build/t234/export-ta_arm64/lib/libutee.a(tee_api_objects.o)
                0x00000000000116cc                __utee_from_attr
                0x000000000001171c                __utee_from_gp11_attr
                0x000000000001176c                TEE_GetObjectInfo
                0x0000000000011828                __GP11_TEE_GetObjectInfo
                0x00000000000118ec                TEE_GetObjectInfo1
                0x000000000001199c                __GP11_TEE_GetObjectInfo1
                0x0000000000011a5c                TEE_RestrictObjectUsage1
                0x0000000000011aa0                TEE_RestrictObjectUsage
                0x0000000000011b30                TEE_GetObjectBufferAttribute
                0x0000000000011c34                __GP11_TEE_GetObjectBufferAttribute
                0x0000000000011ccc                TEE_GetObjectValueAttribute
                0x0000000000011e04                TEE_CloseObject
                0x0000000000011e2c                __GP11_TEE_AllocateTransientObject
                0x0000000000011ee0                TEE_AllocateTransientObject
                0x0000000000011efc                TEE_FreeTransientObject
                0x0000000000011f8c                TEE_ResetTransientObject
                0x000000000001201c                TEE_PopulateTransientObject
                0x0000000000012160                __GP11_TEE_PopulateTransientObject
                0x00000000000122a4                TEE_InitRefAttribute
                0x00000000000122f0                __GP11_TEE_InitRefAttribute
                0x0000000000012340                TEE_InitValueAttribute
                0x000000000001238c                __GP11_TEE_InitValueAttribute
                0x00000000000123d8                TEE_CopyObjectAttributes1
                0x00000000000124d0                TEE_CopyObjectAttributes
                0x0000000000012564                TEE_GenerateKey
                0x0000000000012670                __GP11_TEE_GenerateKey
                0x000000000001277c                TEE_OpenPersistentObject
                0x0000000000012860                __GP11_TEE_OpenPersistentObject
                0x0000000000012868                TEE_CreatePersistentObject
                0x00000000000129ac                __GP11_TEE_CreatePersistentObject
                0x0000000000012a28                TEE_CloseAndDeletePersistentObject1
                0x0000000000012a70                TEE_CloseAndDeletePersistentObject
                0x0000000000012a9c                TEE_RenamePersistentObject
                0x0000000000012af8                __GP11_TEE_RenamePersistentObject
                0x0000000000012b00                TEE_AllocatePersistentObjectEnumerator
                0x0000000000012b90                TEE_FreePersistentObjectEnumerator
                0x0000000000012bb8                TEE_ResetPersistentObjectEnumerator
                0x0000000000012be0                TEE_StartPersistentObjectEnumerator
                0x0000000000012c30                TEE_GetNextPersistentObject
                0x0000000000012d4c                __GP11_TEE_GetNextPersistentObject
                0x0000000000012e78                TEE_ReadObjectData
                0x0000000000012f40                __GP11_TEE_ReadObjectData
                0x0000000000012fd8                TEE_WriteObjectData
                0x0000000000013050                __GP11_TEE_WriteObjectData
                0x0000000000013058                TEE_TruncateObjectData
                0x00000000000130b4                __GP11_TEE_TruncateObjectData
                0x00000000000130bc                TEE_SeekObjectData
                0x00000000000131d4                __GP11_TEE_SeekObjectData
 .text          0x00000000000131dc      0xf78 /home/avees/Linux_for_Tegra/sources/tegra/optee-src/nv-optee/optee/build/t234/export-ta_arm64/lib/libutee.a(tee_api_property.o)
                0x000000000001356c                TEE_GetPropertyAsString
                0x00000000000137c8                __GP11_TEE_GetPropertyAsString
                0x0000000000013860                TEE_GetPropertyAsBool
                0x0000000000013938                TEE_GetPropertyAsU32
                0x0000000000013a20                TEE_GetPropertyAsU64
                0x0000000000013b08                __GP11_TEE_GetPropertyAsBinaryBlock
                0x0000000000013bf4                TEE_GetPropertyAsBinaryBlock
                0x0000000000013c8c                TEE_GetPropertyAsUUID
                0x0000000000013d74                TEE_GetPropertyAsIdentity
                0x0000000000013e5c                TEE_ResetPropertyEnumerator
                0x0000000000013e68                TEE_AllocatePropertyEnumerator
                0x0000000000013eb0                TEE_FreePropertyEnumerator
                0x0000000000013eb4                TEE_StartPropertyEnumerator
                0x0000000000013ec4                __GP11_TEE_GetPropertyName
                0x0000000000013fec                TEE_GetPropertyName
                0x0000000000014074                TEE_GetNextProperty
 .text          0x0000000000014154      0x310 /home/avees/Linux_for_Tegra/sources/tegra/optee-src/nv-optee/optee/build/t234/export-ta_arm64/lib/libutee.a(tee_system_pta.o)
                0x00000000000141dc                tee_map_zi
                0x000000000001428c                tee_unmap
                0x0000000000014354                tee_invoke_supp_plugin
 .text          0x0000000000014464      0x34c /home/avees/Linux_for_Tegra/sources/tegra/optee-src/nv-optee/optee/build/t234/export-ta_arm64/lib/libutee.a(tcb.o)
                0x0000000000014464                __utee_tcb_init
                0x00000000000146a4                __tls_get_addr
                0x00000000000146c0                dl_iterate_phdr
 .text          0x00000000000147b0      0x258 /home/avees/Linux_for_Tegra/sources/tegra/optee-src/nv-optee/optee/build/t234/export-ta_arm64/lib/libutee.a(base64.o)
                0x00000000000147b0                _base64_enc_len
                0x00000000000147c8                _base64_enc
                0x00000000000148e4                _base64_dec
 .text          0x0000000000014a08     0x4190 /home/avees/Linux_for_Tegra/sources/tegra/optee-src/nv-optee/optee/build/t234/export-ta_arm64/lib/libmbedtls.a(bignum.o)
                0x00000000000151dc                mbedtls_mpi_init
                0x00000000000151ec                mbedtls_mpi_init_mempool
                0x0000000000015214                mbedtls_mpi_free
                0x0000000000015280                mbedtls_mpi_grow
                0x00000000000153d4                mbedtls_mpi_shrink
                0x00000000000154f4                mbedtls_mpi_copy
                0x00000000000155c0                mbedtls_mpi_swap
                0x0000000000015648                mbedtls_mpi_lset
                0x00000000000156b0                mbedtls_mpi_get_bit
                0x00000000000156dc                mbedtls_mpi_set_bit
                0x0000000000015768                mbedtls_mpi_lsb
                0x00000000000157bc                mbedtls_mpi_bitlen
                0x0000000000015818                mbedtls_mpi_size
                0x0000000000015834                mbedtls_mpi_read_binary_le
                0x00000000000158ac                mbedtls_mpi_read_binary
                0x0000000000015930                mbedtls_mpi_write_binary_le
                0x00000000000159e8                mbedtls_mpi_write_binary
                0x0000000000015aac                mbedtls_mpi_shift_l
                0x0000000000015bbc                mbedtls_mpi_shift_r
                0x0000000000015c7c                mbedtls_mpi_cmp_abs
                0x0000000000015d18                mbedtls_mpi_cmp_mpi
                0x0000000000015dec                mbedtls_mpi_cmp_int
                0x0000000000015e60                mbedtls_mpi_add_abs
                0x0000000000015f80                mbedtls_mpi_sub_abs
                0x00000000000160dc                mbedtls_mpi_add_mpi
                0x0000000000016164                mbedtls_mpi_sub_mpi
                0x00000000000161f0                mbedtls_mpi_add_int
                0x0000000000016264                mbedtls_mpi_sub_int
                0x00000000000162d8                mbedtls_mpi_mul_mpi
                0x0000000000016484                mbedtls_mpi_mul_int
                0x000000000001652c                mbedtls_mpi_read_string
                0x0000000000016738                mbedtls_mpi_div_mpi
                0x0000000000016c6c                mbedtls_mpi_div_int
                0x0000000000016ce0                mbedtls_mpi_mod_mpi
                0x0000000000016d94                mbedtls_mpi_mod_int
                0x0000000000016e30                mbedtls_mpi_write_string
                0x0000000000017164                mbedtls_mpi_montg_init
                0x000000000001716c                mbedtls_mpi_montmul
                0x0000000000017174                mbedtls_mpi_montred
                0x0000000000017178                mbedtls_mpi_exp_mod
                0x0000000000017844                mbedtls_mpi_gcd
                0x0000000000017a1c                mbedtls_mpi_fill_random
                0x0000000000017d28                mbedtls_mpi_random
                0x0000000000017ee0                mbedtls_mpi_inv_mod
                0x0000000000018338                mbedtls_mpi_is_prime_ext
                0x0000000000018414                mbedtls_mpi_is_prime
                0x0000000000018424                mbedtls_mpi_gen_prime
                0x0000000000018770                mbedtls_mpi_self_test
 .text          0x0000000000018b98      0x7c0 /home/avees/Linux_for_Tegra/sources/tegra/optee-src/nv-optee/optee/build/t234/export-ta_arm64/lib/libmbedtls.a(constant_time.o)
                0x0000000000018bb8                mbedtls_ct_memcmp
                0x0000000000018c00                mbedtls_ct_uint_mask
                0x0000000000018c10                mbedtls_ct_mpi_uint_mask
                0x0000000000018c20                mbedtls_ct_size_bool_eq
                0x0000000000018c38                mbedtls_ct_mpi_uint_lt
                0x0000000000018c54                mbedtls_ct_uint_if
                0x0000000000018c84                mbedtls_ct_mpi_uint_cond_assign
                0x0000000000018cc0                mbedtls_ct_base64_enc_char
                0x0000000000018d70                mbedtls_ct_base64_dec_value
                0x0000000000018e2c                mbedtls_mpi_safe_cond_assign
                0x0000000000018ee8                mbedtls_mpi_safe_cond_swap
                0x0000000000018fe4                mbedtls_mpi_lt_mpi_ct
                0x00000000000190dc                mbedtls_ct_rsaes_pkcs1_v15_unpadding
 .text          0x0000000000019358       0x20 /home/avees/Linux_for_Tegra/sources/tegra/optee-src/nv-optee/optee/build/t234/export-ta_arm64/lib/libmbedtls.a(platform_util.o)
                0x0000000000019358                mbedtls_platform_zeroize
 .text          0x0000000000019378      0x128 /home/avees/Linux_for_Tegra/sources/tegra/optee-src/nv-optee/optee/build/t234/export-ta_arm64/lib/libutils.a(snprintf.o)
                0x0000000000019378                snprintf
                0x0000000000019448                vsnprintf
 .text          0x00000000000194a0       0x5c /home/avees/Linux_for_Tegra/sources/tegra/optee-src/nv-optee/optee/build/t234/export-ta_arm64/lib/libutils.a(memmove.o)
                0x00000000000194a0                memmove
 .text          0x00000000000194fc       0x58 /home/avees/Linux_for_Tegra/sources/tegra/optee-src/nv-optee/optee/build/t234/export-ta_arm64/lib/libutils.a(strlcpy.o)
                0x00000000000194fc                strlcpy
 .text          0x0000000000019554      0x190 /home/avees/Linux_for_Tegra/sources/tegra/optee-src/nv-optee/optee/build/t234/export-ta_arm64/lib/libutils.a(mempool.o)
                0x0000000000019554                mempool_alloc_pool
                0x000000000001961c                mempool_alloc
                0x0000000000019680                mempool_calloc
                0x00000000000196d0                mempool_free
 .text          0x00000000000196e4       0x70 /home/avees/Linux_for_Tegra/sources/tegra/optee-src/nv-optee/optee/build/t234/export-ta_arm64/lib/libutils.a(consttime_memcmp.o)
                0x00000000000196e4                consttime_memcmp
 .text          0x0000000000019754        0x0 /home/avees/Linux_for_Tegra/sources/tegra/optee-src/nv-optee/optee/build/t234/export-ta_arm64/lib/libutee.a(utee_syscalls_a64.o)
 .text          0x0000000000019754        0x0 /home/avees/Linux_for_Tegra/sources/tegra/optee-src/nv-optee/optee/build/t234/export-ta_arm64/lib/libutee.a(abort.o)
 *(SORT_BY_ALIGNMENT(.stub))
 *(SORT_BY_ALIGNMENT(.glue_7))
 *(SORT_BY_ALIGNMENT(.glue_7t))
 *(SORT_BY_ALIGNMENT(.gnu.linkonce.t.*))
 *(SORT_BY_ALIGNMENT(.vfp11_veneer))
                0x0000000000019754                __text_end = .

.note.gnu.property
 *(SORT_BY_ALIGNMENT(.note.gnu.property))

.plt            0x0000000000019754        0x0
 *(SORT_BY_ALIGNMENT(.plt))
 .plt           0x0000000000019754        0x0 ./darknetp_ta.o

.eh_frame_hdr
 *(SORT_BY_ALIGNMENT(.eh_frame_hdr))
 *(SORT_BY_ALIGNMENT(.eh_frame_entry) SORT_BY_ALIGNMENT(.eh_frame_entry.*))

.eh_frame       0x0000000000019758     0x51f4
 *(SORT_BY_ALIGNMENT(.eh_frame))
 .eh_frame      0x0000000000019758      0x338 ./darknetp_ta.o
 .eh_frame      0x0000000000019a90       0x88 ./utils_TA.o
                                         0xa0 (size before relaxing)
 .eh_frame      0x0000000000019b18      0x118 ./activations_TA.o
                                        0x128 (size before relaxing)
 .eh_frame      0x0000000000019c30      0x120 ./connected_layer_TA.o
                                        0x130 (size before relaxing)
 .eh_frame      0x0000000000019d50      0x368 ./math_TA.o
                                        0x380 (size before relaxing)
 .eh_frame      0x000000000001a0b8       0xe0 ./parser_TA.o
                                         0xf8 (size before relaxing)
 .eh_frame      0x000000000001a198      0x210 ./blas_TA.o
                                        0x220 (size before relaxing)
 .eh_frame      0x000000000001a3a8       0xc0 ./maxpool_layer_TA.o
                                         0xd8 (size before relaxing)
 .eh_frame      0x000000000001a468      0x198 ./network_TA.o
                                        0x1b0 (size before relaxing)
 .eh_frame      0x000000000001a600       0xa8 ./softmax_layer_TA.o
                                         0xb8 (size before relaxing)
 .eh_frame      0x000000000001a6a8      0x1b0 ./aes_TA.o
                                        0x1c0 (size before relaxing)
 .eh_frame      0x000000000001a858       0x58 ./im2col_TA.o
                                         0x70 (size before relaxing)
 .eh_frame      0x000000000001a8b0      0x198 ./batchnorm_layer_TA.o
                                        0x1b0 (size before relaxing)
 .eh_frame      0x000000000001aa48       0x98 ./dropout_layer_TA.o
                                         0xa8 (size before relaxing)
 .eh_frame      0x000000000001aae0      0x218 ./convolutional_layer_TA.o
                                        0x228 (size before relaxing)
 .eh_frame      0x000000000001acf8       0xc8 ./cost_layer_TA.o
                                         0xe0 (size before relaxing)
 .eh_frame      0x000000000001adc0       0x78 ./avgpool_layer_TA.o
                                         0x88 (size before relaxing)
 .eh_frame      0x000000000001ae38       0x58 ./col2im_TA.o
                                         0x70 (size before relaxing)
 .eh_frame      0x000000000001ae90       0x78 ./gemm_TA.o
                                         0x90 (size before relaxing)
 .eh_frame      0x000000000001af08       0x40 ./diffprivate_TA.o
                                         0x50 (size before relaxing)
 .eh_frame      0x000000000001af48       0x30 ./user_ta_header.o
                                         0x40 (size before relaxing)
 .eh_frame      0x000000000001af78      0x2d8 /home/avees/Linux_for_Tegra/sources/tegra/optee-src/nv-optee/optee/build/t234/export-ta_arm64/lib/libutils.a(bget_malloc.o)
                                        0x2e8 (size before relaxing)
 .eh_frame      0x000000000001b250       0x18 /home/avees/Linux_for_Tegra/sources/tegra/optee-src/nv-optee/optee/build/t234/export-ta_arm64/lib/libutils.a(stack_check.o)
                                         0x30 (size before relaxing)
 .eh_frame      0x000000000001b268       0x18 /home/avees/Linux_for_Tegra/sources/tegra/optee-src/nv-optee/optee/build/t234/export-ta_arm64/lib/libutils.a(memcpy.o)
                                         0x28 (size before relaxing)
 .eh_frame      0x000000000001b280       0x18 /home/avees/Linux_for_Tegra/sources/tegra/optee-src/nv-optee/optee/build/t234/export-ta_arm64/lib/libutils.a(memset.o)
                                         0x28 (size before relaxing)
 .eh_frame      0x000000000001b298       0x18 /home/avees/Linux_for_Tegra/sources/tegra/optee-src/nv-optee/optee/build/t234/export-ta_arm64/lib/libutils.a(strcmp.o)
                                         0x28 (size before relaxing)
 .eh_frame      0x000000000001b2b0       0x18 /home/avees/Linux_for_Tegra/sources/tegra/optee-src/nv-optee/optee/build/t234/export-ta_arm64/lib/libutils.a(strncmp.o)
                                         0x28 (size before relaxing)
 .eh_frame      0x000000000001b2c8       0xb8 /home/avees/Linux_for_Tegra/sources/tegra/optee-src/nv-optee/optee/build/t234/export-ta_arm64/lib/libutils.a(trace.o)
                                         0xc8 (size before relaxing)
 .eh_frame      0x000000000001b380       0xf0 /home/avees/Linux_for_Tegra/sources/tegra/optee-src/nv-optee/optee/build/t234/export-ta_arm64/lib/libutils.a(snprintk.o)
                                        0x100 (size before relaxing)
 .eh_frame      0x000000000001b470       0x18 /home/avees/Linux_for_Tegra/sources/tegra/optee-src/nv-optee/optee/build/t234/export-ta_arm64/lib/libutils.a(memchr.o)
                                         0x28 (size before relaxing)
 .eh_frame      0x000000000001b488       0x18 /home/avees/Linux_for_Tegra/sources/tegra/optee-src/nv-optee/optee/build/t234/export-ta_arm64/lib/libutils.a(strlen.o)
                                         0x28 (size before relaxing)
 .eh_frame      0x000000000001b4a0       0x38 /home/avees/Linux_for_Tegra/sources/tegra/optee-src/nv-optee/optee/build/t234/export-ta_arm64/lib/libutee.a(assert.o)
                                         0x50 (size before relaxing)
 .eh_frame      0x000000000001b4d8       0xa8 /home/avees/Linux_for_Tegra/sources/tegra/optee-src/nv-optee/optee/build/t234/export-ta_arm64/lib/libutee.a(trace_ext.o)
                                         0xc0 (size before relaxing)
 .eh_frame      0x000000000001b580      0xaf0 /home/avees/Linux_for_Tegra/sources/tegra/optee-src/nv-optee/optee/build/t234/export-ta_arm64/lib/libutee.a(tee_api_operations.o)
                                        0xb08 (size before relaxing)
 .eh_frame      0x000000000001c070      0x180 /home/avees/Linux_for_Tegra/sources/tegra/optee-src/nv-optee/optee/build/t234/export-ta_arm64/lib/libutee.a(tee_api_panic.o)
                                        0x198 (size before relaxing)
 .eh_frame      0x000000000001c1f0      0x150 /home/avees/Linux_for_Tegra/sources/tegra/optee-src/nv-optee/optee/build/t234/export-ta_arm64/lib/libutee.a(user_ta_entry.o)
                                        0x168 (size before relaxing)
 .eh_frame      0x000000000001c340       0x18 /home/avees/Linux_for_Tegra/sources/tegra/optee-src/nv-optee/optee/build/t234/export-ta_arm64/lib/libutee.a(abort.o)
                                         0x30 (size before relaxing)
 .eh_frame      0x000000000001c358      0x588 /home/avees/Linux_for_Tegra/sources/tegra/optee-src/nv-optee/optee/build/t234/export-ta_arm64/lib/libutee.a(tee_api.o)
                                        0x5a0 (size before relaxing)
 .eh_frame      0x000000000001c8e0      0x7d0 /home/avees/Linux_for_Tegra/sources/tegra/optee-src/nv-optee/optee/build/t234/export-ta_arm64/lib/libutee.a(tee_api_arith_mpi.o)
                                        0x7e0 (size before relaxing)
 .eh_frame      0x000000000001d0b0      0x750 /home/avees/Linux_for_Tegra/sources/tegra/optee-src/nv-optee/optee/build/t234/export-ta_arm64/lib/libutee.a(tee_api_objects.o)
                                        0x768 (size before relaxing)
 .eh_frame      0x000000000001d800      0x2f8 /home/avees/Linux_for_Tegra/sources/tegra/optee-src/nv-optee/optee/build/t234/export-ta_arm64/lib/libutee.a(tee_api_property.o)
                                        0x308 (size before relaxing)
 .eh_frame      0x000000000001daf8       0xc0 /home/avees/Linux_for_Tegra/sources/tegra/optee-src/nv-optee/optee/build/t234/export-ta_arm64/lib/libutee.a(tee_system_pta.o)
                                         0xd0 (size before relaxing)
 .eh_frame      0x000000000001dbb8       0x90 /home/avees/Linux_for_Tegra/sources/tegra/optee-src/nv-optee/optee/build/t234/export-ta_arm64/lib/libutee.a(tcb.o)
                                         0xa8 (size before relaxing)
 .eh_frame      0x000000000001dc48       0x58 /home/avees/Linux_for_Tegra/sources/tegra/optee-src/nv-optee/optee/build/t234/export-ta_arm64/lib/libutee.a(base64.o)
                                         0x70 (size before relaxing)
 .eh_frame      0x000000000001dca0      0x988 /home/avees/Linux_for_Tegra/sources/tegra/optee-src/nv-optee/optee/build/t234/export-ta_arm64/lib/libmbedtls.a(bignum.o)
                                        0x9a0 (size before relaxing)
 .eh_frame      0x000000000001e628      0x1e0 /home/avees/Linux_for_Tegra/sources/tegra/optee-src/nv-optee/optee/build/t234/export-ta_arm64/lib/libmbedtls.a(constant_time.o)
                                        0x1f8 (size before relaxing)
 .eh_frame      0x000000000001e808       0x18 /home/avees/Linux_for_Tegra/sources/tegra/optee-src/nv-optee/optee/build/t234/export-ta_arm64/lib/libmbedtls.a(platform_util.o)
                                         0x28 (size before relaxing)
 .eh_frame      0x000000000001e820       0x58 /home/avees/Linux_for_Tegra/sources/tegra/optee-src/nv-optee/optee/build/t234/export-ta_arm64/lib/libutils.a(snprintf.o)
                                         0x68 (size before relaxing)
 .eh_frame      0x000000000001e878       0x18 /home/avees/Linux_for_Tegra/sources/tegra/optee-src/nv-optee/optee/build/t234/export-ta_arm64/lib/libutils.a(memmove.o)
                                         0x28 (size before relaxing)
 .eh_frame      0x000000000001e890       0x18 /home/avees/Linux_for_Tegra/sources/tegra/optee-src/nv-optee/optee/build/t234/export-ta_arm64/lib/libutils.a(strlcpy.o)
                                         0x28 (size before relaxing)
 .eh_frame      0x000000000001e8a8       0x88 /home/avees/Linux_for_Tegra/sources/tegra/optee-src/nv-optee/optee/build/t234/export-ta_arm64/lib/libutils.a(mempool.o)
                                         0xa0 (size before relaxing)
 .eh_frame      0x000000000001e930       0x1c /home/avees/Linux_for_Tegra/sources/tegra/optee-src/nv-optee/optee/build/t234/export-ta_arm64/lib/libutils.a(consttime_memcmp.o)
                                         0x30 (size before relaxing)
 *(SORT_BY_ALIGNMENT(.eh_frame.*))

.gcc_except_table
 *(SORT_BY_ALIGNMENT(.gcc_except_table) SORT_BY_ALIGNMENT(.gcc_except_table.*))

.rodata         0x000000000001e950     0x1935
 *(SORT_BY_ALIGNMENT(.gnu.linkonce.r.*))
 *(SORT_BY_ALIGNMENT(.rodata) SORT_BY_ALIGNMENT(.rodata.*))
 .rodata.cst8   0x000000000001e950       0x30 ./activations_TA.o
 .rodata.cst8   0x000000000001e980       0x50 ./math_TA.o
                                         0x58 (size before relaxing)
 .rodata.cst8   0x000000000001e9d0        0x8 ./blas_TA.o
 .rodata.cst8   0x000000000001e9d8        0x8 ./network_TA.o
                                         0x10 (size before relaxing)
 .rodata.cst8   0x000000000001e9e0        0x8 ./diffprivate_TA.o
 .rodata.user_ta_header.c
                0x000000000001e9e8       0x33 ./user_ta_header.o
                0x000000000001e9e8                ta_num_props
                0x000000000001ea08                __ta_no_share_heap_size
                0x000000000001ea10                ta_heap_size
                0x000000000001ea18                trace_ext_prefix
 *fill*         0x000000000001ea1b        0x5 
 .rodata.lib/libutee/tee_api.c
                0x000000000001ea20       0x20 /home/avees/Linux_for_Tegra/sources/tegra/optee-src/nv-optee/optee/build/t234/export-ta_arm64/lib/libutee.a(tee_api.o)
 .rodata.darknetp_ta.c
                0x000000000001ea40       0x9a ./darknetp_ta.o
 *fill*         0x000000000001eada        0x2 
 .rodata.cst4   0x000000000001eadc        0x4 ./darknetp_ta.o
 .rodata.activations_TA.c
                0x000000000001eae0       0x3a ./activations_TA.o
 *fill*         0x000000000001eb1a        0x2 
 .rodata.cst4   0x000000000001eb1c        0xc ./activations_TA.o
 .rodata.cst4   0x000000000001eb28        0x4 ./blas_TA.o
 .rodata.cst4   0x000000000001eb2c        0x4 ./maxpool_layer_TA.o
 .rodata.cst4   0x000000000001eb2c        0x4 ./batchnorm_layer_TA.o
                                          0xc (size before relaxing)
 .rodata.cost_layer_TA.c
                0x000000000001eb30       0x16 ./cost_layer_TA.o
 *fill*         0x000000000001eb46        0x2 
 .rodata.cst4   0x000000000001eb48        0x4 ./cost_layer_TA.o
 .rodata.lib/libutils/ext/snprintk.c
                0x000000000001eb4c       0xac /home/avees/Linux_for_Tegra/sources/tegra/optee-src/nv-optee/optee/build/t234/export-ta_arm64/lib/libutils.a(snprintk.o)
 .rodata.lib/libutee/tee_api_operations.c
                0x000000000001ebf8       0x1c /home/avees/Linux_for_Tegra/sources/tegra/optee-src/nv-optee/optee/build/t234/export-ta_arm64/lib/libutee.a(tee_api_operations.o)
 .rodata.lib/libutee/tee_api_property.c
                0x000000000001ec14       0x20 /home/avees/Linux_for_Tegra/sources/tegra/optee-src/nv-optee/optee/build/t234/export-ta_arm64/lib/libutee.a(tee_api_property.o)
 .rodata.lib/libutee/tee_system_pta.c
                0x000000000001ec34       0x31 /home/avees/Linux_for_Tegra/sources/tegra/optee-src/nv-optee/optee/build/t234/export-ta_arm64/lib/libutee.a(tee_system_pta.o)
 *fill*         0x000000000001ec65        0x3 
 .rodata.lib/libutee/base64.c
                0x000000000001ec68       0x45 /home/avees/Linux_for_Tegra/sources/tegra/optee-src/nv-optee/optee/build/t234/export-ta_arm64/lib/libutee.a(base64.o)
 *fill*         0x000000000001ecad        0x3 
 .rodata.lib/libmbedtls/mbedtls/library/bignum.c
                0x000000000001ecb0      0x2c4 /home/avees/Linux_for_Tegra/sources/tegra/optee-src/nv-optee/optee/build/t234/export-ta_arm64/lib/libmbedtls.a(bignum.o)
 .rodata.str1.1.darknetp_ta.c
                0x000000000001ef74      0x18e ./darknetp_ta.o
 .rodata.str1.1.activations_TA.c
                0x000000000001f102       0x4f ./activations_TA.o
                                         0x53 (size before relaxing)
 .rodata.str1.1.parser_TA.c
                0x000000000001f151       0x23 ./parser_TA.o
 .rodata.parser_TA.c
                0x000000000001f174        0xb ./parser_TA.o
 .rodata.str1.1.network_TA.c
                0x000000000001f17f       0x55 ./network_TA.o
 .rodata.network_TA.c
                0x000000000001f1d4       0x15 ./network_TA.o
 .rodata.str1.1.softmax_layer_TA.c
                0x000000000001f1e9       0x26 ./softmax_layer_TA.o
 .rodata.softmax_layer_TA.c
                0x000000000001f20f       0x1a ./softmax_layer_TA.o
 .rodata.aes_TA.c
                0x000000000001f229      0x20b ./aes_TA.o
 .rodata.str1.1.cost_layer_TA.c
                0x000000000001f434       0x4a ./cost_layer_TA.o
 .rodata.str1.1.user_ta_header.c
                0x000000000001f47e      0x133 ./user_ta_header.o
 .rodata.str1.1.lib/libutils/isoc/bget_malloc.c
                0x000000000001f5b1      0x290 /home/avees/Linux_for_Tegra/sources/tegra/optee-src/nv-optee/optee/build/t234/export-ta_arm64/lib/libutils.a(bget_malloc.o)
                                        0x29b (size before relaxing)
 .rodata.lib/libutils/isoc/bget_malloc.c
                0x000000000001f841       0x51 /home/avees/Linux_for_Tegra/sources/tegra/optee-src/nv-optee/optee/build/t234/export-ta_arm64/lib/libutils.a(bget_malloc.o)
 .rodata.str1.1.lib/libutils/isoc/stack_check.c
                0x000000000001f892       0x18 /home/avees/Linux_for_Tegra/sources/tegra/optee-src/nv-optee/optee/build/t234/export-ta_arm64/lib/libutils.a(stack_check.o)
 .rodata.str1.1.lib/libutils/ext/trace.c
                0x000000000001f8aa       0x1a /home/avees/Linux_for_Tegra/sources/tegra/optee-src/nv-optee/optee/build/t234/export-ta_arm64/lib/libutils.a(trace.o)
                                         0x1b (size before relaxing)
 .rodata.lib/libutils/ext/trace.c
                0x000000000001f8c4        0x5 /home/avees/Linux_for_Tegra/sources/tegra/optee-src/nv-optee/optee/build/t234/export-ta_arm64/lib/libutils.a(trace.o)
 .rodata.str1.1.lib/libutils/ext/snprintk.c
                0x000000000001f8c9       0x38 /home/avees/Linux_for_Tegra/sources/tegra/optee-src/nv-optee/optee/build/t234/export-ta_arm64/lib/libutils.a(snprintk.o)
 .rodata.str1.1.lib/libutee/assert.c
                0x000000000001f901       0x27 /home/avees/Linux_for_Tegra/sources/tegra/optee-src/nv-optee/optee/build/t234/export-ta_arm64/lib/libutee.a(assert.o)
 .rodata.str1.1.lib/libutee/trace_ext.c
                0x000000000001f928       0x27 /home/avees/Linux_for_Tegra/sources/tegra/optee-src/nv-optee/optee/build/t234/export-ta_arm64/lib/libutee.a(trace_ext.o)
                                          0x2 (size before relaxing)
 .rodata.str1.1.lib/libutee/tee_api_operations.c
                0x000000000001f928       0x39 /home/avees/Linux_for_Tegra/sources/tegra/optee-src/nv-optee/optee/build/t234/export-ta_arm64/lib/libutee.a(tee_api_operations.o)
 .rodata.str1.1.lib/libutee/user_ta_entry.c
                0x000000000001f961       0x4f /home/avees/Linux_for_Tegra/sources/tegra/optee-src/nv-optee/optee/build/t234/export-ta_arm64/lib/libutee.a(user_ta_entry.o)
 .rodata.lib/libutee/user_ta_entry.c
                0x000000000001f9b0       0x16 /home/avees/Linux_for_Tegra/sources/tegra/optee-src/nv-optee/optee/build/t234/export-ta_arm64/lib/libutee.a(user_ta_entry.o)
 .rodata.str1.1.lib/libutee/abort.c
                0x000000000001f9c6        0x7 /home/avees/Linux_for_Tegra/sources/tegra/optee-src/nv-optee/optee/build/t234/export-ta_arm64/lib/libutee.a(abort.o)
 .rodata.str1.1.lib/libutee/tee_api.c
                0x000000000001f9cd       0x11 /home/avees/Linux_for_Tegra/sources/tegra/optee-src/nv-optee/optee/build/t234/export-ta_arm64/lib/libutee.a(tee_api.o)
 .rodata.str1.1.lib/libutee/tee_api_arith_mpi.c
                0x000000000001f9de       0xc9 /home/avees/Linux_for_Tegra/sources/tegra/optee-src/nv-optee/optee/build/t234/export-ta_arm64/lib/libutee.a(tee_api_arith_mpi.o)
 .rodata.lib/libutee/tee_api_arith_mpi.c
                0x000000000001faa7      0x14e /home/avees/Linux_for_Tegra/sources/tegra/optee-src/nv-optee/optee/build/t234/export-ta_arm64/lib/libutee.a(tee_api_arith_mpi.o)
 .rodata.str1.1.lib/libutee/tee_api_property.c
                0x000000000001fbf5       0x83 /home/avees/Linux_for_Tegra/sources/tegra/optee-src/nv-optee/optee/build/t234/export-ta_arm64/lib/libutee.a(tee_api_property.o)
                                         0x88 (size before relaxing)
 .rodata.str1.1.lib/libutee/tee_system_pta.c
                0x000000000001fc78       0x55 /home/avees/Linux_for_Tegra/sources/tegra/optee-src/nv-optee/optee/build/t234/export-ta_arm64/lib/libutee.a(tee_system_pta.o)
 .rodata.str1.1.lib/libutee/tcb.c
                0x000000000001fccd       0x8d /home/avees/Linux_for_Tegra/sources/tegra/optee-src/nv-optee/optee/build/t234/export-ta_arm64/lib/libutee.a(tcb.o)
 .rodata.lib/libutee/tcb.c
                0x000000000001fd5a       0x20 /home/avees/Linux_for_Tegra/sources/tegra/optee-src/nv-optee/optee/build/t234/export-ta_arm64/lib/libutee.a(tcb.o)
 .rodata.str1.1.lib/libmbedtls/mbedtls/library/bignum.c
                0x000000000001fd7a      0x456 /home/avees/Linux_for_Tegra/sources/tegra/optee-src/nv-optee/optee/build/t234/export-ta_arm64/lib/libmbedtls.a(bignum.o)
                                        0x45d (size before relaxing)
 .rodata.str1.1.lib/libutils/ext/mempool.c
                0x00000000000201d0       0x89 /home/avees/Linux_for_Tegra/sources/tegra/optee-src/nv-optee/optee/build/t234/export-ta_arm64/lib/libutils.a(mempool.o)
 .rodata.lib/libutils/ext/mempool.c
                0x0000000000020259       0x2c /home/avees/Linux_for_Tegra/sources/tegra/optee-src/nv-optee/optee/build/t234/export-ta_arm64/lib/libutils.a(mempool.o)

.gnu.version_d  0x0000000000020288        0x0
 .gnu.version_d
                0x0000000000020288        0x0 ./darknetp_ta.o

.gnu.version    0x0000000000020286        0x0
 .gnu.version   0x0000000000020286        0x0 ./darknetp_ta.o

.gnu.version_r  0x0000000000020288        0x0
 .gnu.version_r
                0x0000000000020288        0x0 ./darknetp_ta.o

.gnu.hash       0x0000000000020288       0x30
 .gnu.hash      0x0000000000020288       0x30 ./darknetp_ta.o

.ARM.extab
 *(SORT_BY_ALIGNMENT(.ARM.extab*) SORT_BY_ALIGNMENT(.gnu.linkonce.armextab.*))
                [!provide]                        PROVIDE (__exidx_start = .)

.ARM.exidx
 *(SORT_BY_ALIGNMENT(.ARM.exidx*) SORT_BY_ALIGNMENT(.gnu.linkonce.armexidx.*))
                [!provide]                        PROVIDE (__exidx_end = .)

.ctors
 *(SORT_BY_ALIGNMENT(.ctors))

.dtors
 *(SORT_BY_ALIGNMENT(.dtors))

.dynsym         0x00000000000202b8       0x90
 *(SORT_BY_ALIGNMENT(.dynsym))
 .dynsym        0x00000000000202b8       0x90 ./darknetp_ta.o

.dynstr         0x0000000000020348       0x2e
 *(SORT_BY_ALIGNMENT(.dynstr))
 .dynstr        0x0000000000020348       0x2e ./darknetp_ta.o

.hash           0x0000000000020378       0x2c
 *(SORT_BY_ALIGNMENT(.hash))
 .hash          0x0000000000020378       0x2c ./darknetp_ta.o

.rela.dyn       0x00000000000203a8      0x348
 .rela.data.rel.ro
                0x00000000000203a8        0x0 ./darknetp_ta.o
 .rela.ifunc    0x00000000000203a8        0x0 ./darknetp_ta.o
 .rela.data.rel.ro.local
                0x00000000000203a8      0x2d0 ./darknetp_ta.o
 .rela.data.rel.local
                0x0000000000020678       0x60 ./darknetp_ta.o
 .rela.data.rel
                0x00000000000206d8       0x18 ./darknetp_ta.o
                0x0000000000021000                . = ALIGN (0x1000)

.dynamic        0x0000000000021000      0x110
 *(SORT_BY_ALIGNMENT(.dynamic))
 .dynamic       0x0000000000021000      0x110 ./darknetp_ta.o
                0x0000000000021000                _DYNAMIC

.tdata
 *(SORT_BY_ALIGNMENT(.tdata) SORT_BY_ALIGNMENT(.tdata.*) SORT_BY_ALIGNMENT(.gnu.linkonce.td.*))

.tbss
 *(SORT_BY_ALIGNMENT(.tbss) SORT_BY_ALIGNMENT(.tbss.*) SORT_BY_ALIGNMENT(.gnu.linkonce.tb.*))
 *(SORT_BY_ALIGNMENT(.tcommon))

.got            0x0000000000021110      0x1b0
 *(SORT_BY_ALIGNMENT(.got.plt))
 .got.plt       0x0000000000021110       0x18 ./darknetp_ta.o
 *(SORT_BY_ALIGNMENT(.got))
 .got           0x0000000000021128      0x198 ./darknetp_ta.o
                0x0000000000021128                _GLOBAL_OFFSET_TABLE_

.rel.text
 *(SORT_BY_ALIGNMENT(.rel.text))
 *(SORT_BY_ALIGNMENT(.rel.gnu.linkonce.t*))

.rela.text
 *(SORT_BY_ALIGNMENT(.rela.text))
 *(SORT_BY_ALIGNMENT(.rela.gnu.linkonce.t*))

.rel.data
 *(SORT_BY_ALIGNMENT(.rel.data))
 *(SORT_BY_ALIGNMENT(.rel.gnu.linkonce.d*))

.rela.data
 *(SORT_BY_ALIGNMENT(.rela.data))
 *(SORT_BY_ALIGNMENT(.rela.gnu.linkonce.d*))

.rel.tdata
 *(SORT_BY_ALIGNMENT(.rel.tdata) SORT_BY_ALIGNMENT(.rel.tdata.*) SORT_BY_ALIGNMENT(.rel.gnu.linkonce.td.*))

.rela.tdata
 *(SORT_BY_ALIGNMENT(.rela.tdata) SORT_BY_ALIGNMENT(.rela.tdata.*) SORT_BY_ALIGNMENT(.rela.gnu.linkonce.td.*))

.rel.tbss
 *(SORT_BY_ALIGNMENT(.rel.tbss) SORT_BY_ALIGNMENT(.rel.tbss.*) SORT_BY_ALIGNMENT(.rel.gnu.linkonce.tb.*))

.rela.tbss
 *(SORT_BY_ALIGNMENT(.rela.tbss) SORT_BY_ALIGNMENT(.rela.tbss.*) SORT_BY_ALIGNMENT(.rela.gnu.linkonce.tb.*))

.rel.rodata
 *(SORT_BY_ALIGNMENT(.rel.rodata))
 *(SORT_BY_ALIGNMENT(.rel.gnu.linkonce.r*))

.rela.rodata
 *(SORT_BY_ALIGNMENT(.rela.rodata))
 *(SORT_BY_ALIGNMENT(.rela.gnu.linkonce.r*))

.rel.dyn
 *(SORT_BY_ALIGNMENT(.rel.dyn))

.rel.got
 *(SORT_BY_ALIGNMENT(.rel.got))

.rela.got       0x00000000000212c0      0x4b0
 *(SORT_BY_ALIGNMENT(.rela.got))
 .rela.got      0x00000000000212c0      0x4b0 ./darknetp_ta.o

.rel.ctors
 *(SORT_BY_ALIGNMENT(.rel.ctors))

.rela.ctors
 *(SORT_BY_ALIGNMENT(.rela.ctors))

.rel.dtors
 *(SORT_BY_ALIGNMENT(.rel.dtors))

.rela.dtors
 *(SORT_BY_ALIGNMENT(.rela.dtors))

.rel.init
 *(SORT_BY_ALIGNMENT(.rel.init))

.rela.init
 *(SORT_BY_ALIGNMENT(.rela.init))

.rel.fini
 *(SORT_BY_ALIGNMENT(.rel.fini))

.rela.fini
 *(SORT_BY_ALIGNMENT(.rela.fini))

.rel.bss
 *(SORT_BY_ALIGNMENT(.rel.bss))

.rela.bss       0x0000000000021770        0x0
 *(SORT_BY_ALIGNMENT(.rela.bss))
 .rela.bss      0x0000000000021770        0x0 ./darknetp_ta.o

.rel.plt
 *(SORT_BY_ALIGNMENT(.rel.plt))

.rela.plt       0x0000000000021770        0x0
 *(SORT_BY_ALIGNMENT(.rela.plt))
 .rela.plt      0x0000000000021770        0x0 ./darknetp_ta.o

.data           0x0000000000021770      0x1d4
 *(SORT_BY_ALIGNMENT(.data) SORT_BY_ALIGNMENT(.data.*) SORT_BY_ALIGNMENT(.gnu.linkonce.d.*))
 .data.rel.ro.local
                0x0000000000021770      0x108 ./user_ta_header.o
                0x0000000000021770                ta_props
 .data.rel.local
                0x0000000000021878       0x30 /home/avees/Linux_for_Tegra/sources/tegra/optee-src/nv-optee/optee/build/t234/export-ta_arm64/lib/libutils.a(bget_malloc.o)
 .data          0x00000000000218a8        0x8 /home/avees/Linux_for_Tegra/sources/tegra/optee-src/nv-optee/optee/build/t234/export-ta_arm64/lib/libutils.a(stack_check.o)
                0x00000000000218a8                __stack_chk_guard
 .data.rel.local
                0x00000000000218b0       0x20 /home/avees/Linux_for_Tegra/sources/tegra/optee-src/nv-optee/optee/build/t234/export-ta_arm64/lib/libutee.a(user_ta_entry.o)
 .data.rel.ro.local
                0x00000000000218d0       0x60 /home/avees/Linux_for_Tegra/sources/tegra/optee-src/nv-optee/optee/build/t234/export-ta_arm64/lib/libutee.a(tee_api_property.o)
                0x00000000000218d0                tee_props
 .data.rel      0x0000000000021930        0x8 /home/avees/Linux_for_Tegra/sources/tegra/optee-src/nv-optee/optee/build/t234/export-ta_arm64/lib/libmbedtls.a(platform_util.o)
 .data          0x0000000000021938        0x4 ./darknetp_ta.o
                0x0000000000021938                norm_output
 .data          0x000000000002193c        0x4 ./network_TA.o
                0x000000000002193c                avg_loss
 .data          0x0000000000021940        0x4 ./user_ta_header.o
                0x0000000000021940                trace_level
 .data.rel.ro   0x0000000000021944        0x0 ./darknetp_ta.o
 .data          0x0000000000021944        0x0 ./utils_TA.o
 .data          0x0000000000021944        0x0 ./activations_TA.o
 .data          0x0000000000021944        0x0 ./connected_layer_TA.o
 .data          0x0000000000021944        0x0 ./math_TA.o
 .data          0x0000000000021944        0x0 ./parser_TA.o
 .data          0x0000000000021944        0x0 ./blas_TA.o
 .data          0x0000000000021944        0x0 ./maxpool_layer_TA.o
 .data          0x0000000000021944        0x0 ./softmax_layer_TA.o
 .data          0x0000000000021944        0x0 ./aes_TA.o
 .data          0x0000000000021944        0x0 ./im2col_TA.o
 .data          0x0000000000021944        0x0 ./batchnorm_layer_TA.o
 .data          0x0000000000021944        0x0 ./dropout_layer_TA.o
 .data          0x0000000000021944        0x0 ./convolutional_layer_TA.o
 .data          0x0000000000021944        0x0 ./cost_layer_TA.o
 .data          0x0000000000021944        0x0 ./avgpool_layer_TA.o
 .data          0x0000000000021944        0x0 ./col2im_TA.o
 .data          0x0000000000021944        0x0 ./gemm_TA.o
 .data          0x0000000000021944        0x0 ./diffprivate_TA.o
 .data          0x0000000000021944        0x0 /home/avees/Linux_for_Tegra/sources/tegra/optee-src/nv-optee/optee/build/t234/export-ta_arm64/lib/libutils.a(bget_malloc.o)
 .data          0x0000000000021944        0x0 /home/avees/Linux_for_Tegra/sources/tegra/optee-src/nv-optee/optee/build/t234/export-ta_arm64/lib/libutils.a(memcpy.o)
 .data          0x0000000000021944        0x0 /home/avees/Linux_for_Tegra/sources/tegra/optee-src/nv-optee/optee/build/t234/export-ta_arm64/lib/libutils.a(memset.o)
 .data          0x0000000000021944        0x0 /home/avees/Linux_for_Tegra/sources/tegra/optee-src/nv-optee/optee/build/t234/export-ta_arm64/lib/libutils.a(strcmp.o)
 .data          0x0000000000021944        0x0 /home/avees/Linux_for_Tegra/sources/tegra/optee-src/nv-optee/optee/build/t234/export-ta_arm64/lib/libutils.a(strncmp.o)
 .data          0x0000000000021944        0x0 /home/avees/Linux_for_Tegra/sources/tegra/optee-src/nv-optee/optee/build/t234/export-ta_arm64/lib/libutils.a(trace.o)
 .data          0x0000000000021944        0x0 /home/avees/Linux_for_Tegra/sources/tegra/optee-src/nv-optee/optee/build/t234/export-ta_arm64/lib/libutils.a(snprintk.o)
 .data          0x0000000000021944        0x0 /home/avees/Linux_for_Tegra/sources/tegra/optee-src/nv-optee/optee/build/t234/export-ta_arm64/lib/libutils.a(memchr.o)
 .data          0x0000000000021944        0x0 /home/avees/Linux_for_Tegra/sources/tegra/optee-src/nv-optee/optee/build/t234/export-ta_arm64/lib/libutils.a(strlen.o)
 .data          0x0000000000021944        0x0 /home/avees/Linux_for_Tegra/sources/tegra/optee-src/nv-optee/optee/build/t234/export-ta_arm64/lib/libutee.a(assert.o)
 .data          0x0000000000021944        0x0 /home/avees/Linux_for_Tegra/sources/tegra/optee-src/nv-optee/optee/build/t234/export-ta_arm64/lib/libutee.a(trace_ext.o)
 .data          0x0000000000021944        0x0 /home/avees/Linux_for_Tegra/sources/tegra/optee-src/nv-optee/optee/build/t234/export-ta_arm64/lib/libutee.a(tee_api_operations.o)
 .data          0x0000000000021944        0x0 /home/avees/Linux_for_Tegra/sources/tegra/optee-src/nv-optee/optee/build/t234/export-ta_arm64/lib/libutee.a(tee_api_panic.o)
 .data          0x0000000000021944        0x0 /home/avees/Linux_for_Tegra/sources/tegra/optee-src/nv-optee/optee/build/t234/export-ta_arm64/lib/libutee.a(user_ta_entry.o)
 .data          0x0000000000021944        0x0 /home/avees/Linux_for_Tegra/sources/tegra/optee-src/nv-optee/optee/build/t234/export-ta_arm64/lib/libutee.a(utee_syscalls_a64.o)
 .data          0x0000000000021944        0x0 /home/avees/Linux_for_Tegra/sources/tegra/optee-src/nv-optee/optee/build/t234/export-ta_arm64/lib/libutee.a(abort.o)
 .data          0x0000000000021944        0x0 /home/avees/Linux_for_Tegra/sources/tegra/optee-src/nv-optee/optee/build/t234/export-ta_arm64/lib/libutee.a(tee_api.o)
 .data          0x0000000000021944        0x0 /home/avees/Linux_for_Tegra/sources/tegra/optee-src/nv-optee/optee/build/t234/export-ta_arm64/lib/libutee.a(tee_api_arith_mpi.o)
 .data          0x0000000000021944        0x0 /home/avees/Linux_for_Tegra/sources/tegra/optee-src/nv-optee/optee/build/t234/export-ta_arm64/lib/libutee.a(tee_api_objects.o)
 .data          0x0000000000021944        0x0 /home/avees/Linux_for_Tegra/sources/tegra/optee-src/nv-optee/optee/build/t234/export-ta_arm64/lib/libutee.a(tee_api_property.o)
 .data          0x0000000000021944        0x0 /home/avees/Linux_for_Tegra/sources/tegra/optee-src/nv-optee/optee/build/t234/export-ta_arm64/lib/libutee.a(tee_system_pta.o)
 .data          0x0000000000021944        0x0 /home/avees/Linux_for_Tegra/sources/tegra/optee-src/nv-optee/optee/build/t234/export-ta_arm64/lib/libutee.a(tcb.o)
 .data          0x0000000000021944        0x0 /home/avees/Linux_for_Tegra/sources/tegra/optee-src/nv-optee/optee/build/t234/export-ta_arm64/lib/libutee.a(base64.o)
 .data          0x0000000000021944        0x0 /home/avees/Linux_for_Tegra/sources/tegra/optee-src/nv-optee/optee/build/t234/export-ta_arm64/lib/libmbedtls.a(bignum.o)
 .data          0x0000000000021944        0x0 /home/avees/Linux_for_Tegra/sources/tegra/optee-src/nv-optee/optee/build/t234/export-ta_arm64/lib/libmbedtls.a(constant_time.o)
 .data          0x0000000000021944        0x0 /home/avees/Linux_for_Tegra/sources/tegra/optee-src/nv-optee/optee/build/t234/export-ta_arm64/lib/libmbedtls.a(platform_util.o)
 .data          0x0000000000021944        0x0 /home/avees/Linux_for_Tegra/sources/tegra/optee-src/nv-optee/optee/build/t234/export-ta_arm64/lib/libutils.a(snprintf.o)
 .data          0x0000000000021944        0x0 /home/avees/Linux_for_Tegra/sources/tegra/optee-src/nv-optee/optee/build/t234/export-ta_arm64/lib/libutils.a(memmove.o)
 .data          0x0000000000021944        0x0 /home/avees/Linux_for_Tegra/sources/tegra/optee-src/nv-optee/optee/build/t234/export-ta_arm64/lib/libutils.a(strlcpy.o)
 .data          0x0000000000021944        0x0 /home/avees/Linux_for_Tegra/sources/tegra/optee-src/nv-optee/optee/build/t234/export-ta_arm64/lib/libutils.a(mempool.o)
 .data          0x0000000000021944        0x0 /home/avees/Linux_for_Tegra/sources/tegra/optee-src/nv-optee/optee/build/t234/export-ta_arm64/lib/libutils.a(consttime_memcmp.o)

.bss            0x0000000000021948   0xa04208
 *(SORT_BY_ALIGNMENT(.bss) SORT_BY_ALIGNMENT(.bss.*) SORT_BY_ALIGNMENT(.gnu.linkonce.b.*) SORT_BY_ALIGNMENT(COMMON))
 .bss           0x0000000000021948       0x1c ./darknetp_ta.o
                0x0000000000021958                debug_summary_pass
                0x000000000002195c                debug_summary_com
                0x0000000000021960                netnum
 *fill*         0x0000000000021964        0x4 
 COMMON         0x0000000000021968        0x8 ./darknetp_ta.o
                0x0000000000021968                netta_truth
 COMMON         0x0000000000021970      0x130 ./network_TA.o
                0x0000000000021970                ta_net_delta
                0x0000000000021978                ta_net_input
                0x0000000000021980                netta
                0x0000000000021a98                ta_net_output
 .bss           0x0000000000021aa0        0x9 /home/avees/Linux_for_Tegra/sources/tegra/optee-src/nv-optee/optee/build/t234/export-ta_arm64/lib/libutee.a(user_ta_entry.o)
 *fill*         0x0000000000021aa9        0x7 
 COMMON         0x0000000000021ab0       0x60 /home/avees/Linux_for_Tegra/sources/tegra/optee-src/nv-optee/optee/build/t234/export-ta_arm64/lib/libutee.a(user_ta_entry.o)
                0x0000000000021ab0                ta_param_types
                0x0000000000021ab8                __ta_no_share_malloc_ctx
                0x0000000000021ac0                ta_params
                0x0000000000021b00                __elf_phdr_info
 .bss           0x0000000000021b10       0x10 /home/avees/Linux_for_Tegra/sources/tegra/optee-src/nv-optee/optee/build/t234/export-ta_arm64/lib/libutee.a(tee_api.o)
 .bss           0x0000000000021b20     0x4000 /home/avees/Linux_for_Tegra/sources/tegra/optee-src/nv-optee/optee/build/t234/export-ta_arm64/lib/libutee.a(tee_api_arith_mpi.o)
 .bss           0x0000000000025b20        0x8 /home/avees/Linux_for_Tegra/sources/tegra/optee-src/nv-optee/optee/build/t234/export-ta_arm64/lib/libutee.a(tee_system_pta.o)
 .bss           0x0000000000025b28       0x10 /home/avees/Linux_for_Tegra/sources/tegra/optee-src/nv-optee/optee/build/t234/export-ta_arm64/lib/libutee.a(tcb.o)
 COMMON         0x0000000000025b38        0x8 /home/avees/Linux_for_Tegra/sources/tegra/optee-src/nv-optee/optee/build/t234/export-ta_arm64/lib/libmbedtls.a(bignum.o)
                0x0000000000025b38                mbedtls_mpi_mempool
 .bss           0x0000000000025b40        0x8 ./utils_TA.o
 .bss           0x0000000000025b48        0x8 ./network_TA.o
                0x0000000000025b48                err_sum
                0x0000000000025b4c                roundnum
 .bss           0x0000000000025b50        0x0 ./activations_TA.o
 .bss           0x0000000000025b50        0x0 ./connected_layer_TA.o
 .bss           0x0000000000025b50        0x0 ./math_TA.o
 .bss           0x0000000000025b50        0x0 ./parser_TA.o
 .bss           0x0000000000025b50        0x0 ./blas_TA.o
 .bss           0x0000000000025b50        0x0 ./maxpool_layer_TA.o
 .bss           0x0000000000025b50        0x0 ./softmax_layer_TA.o
 .bss           0x0000000000025b50        0x0 ./aes_TA.o
 .bss           0x0000000000025b50        0x0 ./im2col_TA.o
 .bss           0x0000000000025b50        0x0 ./batchnorm_layer_TA.o
 .bss           0x0000000000025b50        0x0 ./dropout_layer_TA.o
 .bss           0x0000000000025b50        0x0 ./convolutional_layer_TA.o
 .bss           0x0000000000025b50        0x0 ./cost_layer_TA.o
 .bss           0x0000000000025b50        0x0 ./avgpool_layer_TA.o
 .bss           0x0000000000025b50        0x0 ./col2im_TA.o
 .bss           0x0000000000025b50        0x0 ./gemm_TA.o
 .bss           0x0000000000025b50        0x0 ./diffprivate_TA.o
 .bss           0x0000000000025b50        0x0 ./user_ta_header.o
 COMMON         0x0000000000025b50   0xa00000 ./user_ta_header.o
                0x0000000000025b50                ta_heap
                0x0000000000a25b50                __ta_no_share_heap
 .bss           0x0000000000a25b50        0x0 /home/avees/Linux_for_Tegra/sources/tegra/optee-src/nv-optee/optee/build/t234/export-ta_arm64/lib/libutils.a(bget_malloc.o)
 .bss           0x0000000000a25b50        0x0 /home/avees/Linux_for_Tegra/sources/tegra/optee-src/nv-optee/optee/build/t234/export-ta_arm64/lib/libutils.a(stack_check.o)
 .bss           0x0000000000a25b50        0x0 /home/avees/Linux_for_Tegra/sources/tegra/optee-src/nv-optee/optee/build/t234/export-ta_arm64/lib/libutils.a(memcpy.o)
 .bss           0x0000000000a25b50        0x0 /home/avees/Linux_for_Tegra/sources/tegra/optee-src/nv-optee/optee/build/t234/export-ta_arm64/lib/libutils.a(memset.o)
 .bss           0x0000000000a25b50        0x0 /home/avees/Linux_for_Tegra/sources/tegra/optee-src/nv-optee/optee/build/t234/export-ta_arm64/lib/libutils.a(strcmp.o)
 .bss           0x0000000000a25b50        0x0 /home/avees/Linux_for_Tegra/sources/tegra/optee-src/nv-optee/optee/build/t234/export-ta_arm64/lib/libutils.a(strncmp.o)
 .bss           0x0000000000a25b50        0x0 /home/avees/Linux_for_Tegra/sources/tegra/optee-src/nv-optee/optee/build/t234/export-ta_arm64/lib/libutils.a(trace.o)
 .bss           0x0000000000a25b50        0x0 /home/avees/Linux_for_Tegra/sources/tegra/optee-src/nv-optee/optee/build/t234/export-ta_arm64/lib/libutils.a(snprintk.o)
 .bss           0x0000000000a25b50        0x0 /home/avees/Linux_for_Tegra/sources/tegra/optee-src/nv-optee/optee/build/t234/export-ta_arm64/lib/libutils.a(memchr.o)
 .bss           0x0000000000a25b50        0x0 /home/avees/Linux_for_Tegra/sources/tegra/optee-src/nv-optee/optee/build/t234/export-ta_arm64/lib/libutils.a(strlen.o)
 .bss           0x0000000000a25b50        0x0 /home/avees/Linux_for_Tegra/sources/tegra/optee-src/nv-optee/optee/build/t234/export-ta_arm64/lib/libutee.a(assert.o)
 .bss           0x0000000000a25b50        0x0 /home/avees/Linux_for_Tegra/sources/tegra/optee-src/nv-optee/optee/build/t234/export-ta_arm64/lib/libutee.a(trace_ext.o)
 .bss           0x0000000000a25b50        0x0 /home/avees/Linux_for_Tegra/sources/tegra/optee-src/nv-optee/optee/build/t234/export-ta_arm64/lib/libutee.a(tee_api_operations.o)
 .bss           0x0000000000a25b50        0x0 /home/avees/Linux_for_Tegra/sources/tegra/optee-src/nv-optee/optee/build/t234/export-ta_arm64/lib/libutee.a(tee_api_panic.o)
 .bss           0x0000000000a25b50        0x0 /home/avees/Linux_for_Tegra/sources/tegra/optee-src/nv-optee/optee/build/t234/export-ta_arm64/lib/libutee.a(utee_syscalls_a64.o)