Archive member included to satisfy reference by file (symbol)

/home/avees/Linux_for_Tegra/sources/tegra/optee-src/nv-optee/optee/build/t234/export-ta_arm64/lib/libutils.a(bget_malloc.o)
                              ./dropout_layer_TA.o (malloc)
/home/avees/Linux_for_Tegra/sources/tegra/optee-src/nv-optee/optee/build/t234/export-ta_arm64/lib/libutils.a(stack_check.o)
                              ./dropout_layer_TA.o (__stack_chk_fail)
/home/avees/Linux_for_Tegra/sources/tegra/optee-src/nv-optee/optee/build/t234/export-ta_arm64/lib/libutils.a(memcpy.o)
                              ./connected_layer_TA.o (memcpy)
/home/avees/Linux_for_Tegra/sources/tegra/optee-src/nv-optee/optee/build/t234/export-ta_arm64/lib/libutils.a(memset.o)
                              ./softmax_layer_TA.o (memset)
/home/avees/Linux_for_Tegra/sources/tegra/optee-src/nv-optee/optee/build/t234/export-ta_arm64/lib/libutils.a(strcmp.o)
                              ./activations_TA.o (strcmp)
/home/avees/Linux_for_Tegra/sources/tegra/optee-src/nv-optee/optee/build/t234/export-ta_arm64/lib/libutils.a(strncmp.o)
                              ./parser_TA.o (strncmp)
/home/avees/Linux_for_Tegra/sources/tegra/optee-src/nv-optee/optee/build/t234/export-ta_arm64/lib/libutils.a(trace.o)
                              ./cost_layer_TA.o (trace_printf)
/home/avees/Linux_for_Tegra/sources/tegra/optee-src/nv-optee/optee/build/t234/export-ta_arm64/lib/libutils.a(snprintk.o)
                              /home/avees/Linux_for_Tegra/sources/tegra/optee-src/nv-optee/optee/build/t234/export-ta_arm64/lib/libutils.a(trace.o) (vsnprintk)
/home/avees/Linux_for_Tegra/sources/tegra/optee-src/nv-optee/optee/build/t234/export-ta_arm64/lib/libutils.a(memchr.o)
                              /home/avees/Linux_for_Tegra/sources/tegra/optee-src/nv-optee/optee/build/t234/export-ta_arm64/lib/libutils.a(snprintk.o) (memchr)
/home/avees/Linux_for_Tegra/sources/tegra/optee-src/nv-optee/optee/build/t234/export-ta_arm64/lib/libutils.a(strlen.o)
                              /home/avees/Linux_for_Tegra/sources/tegra/optee-src/nv-optee/optee/build/t234/export-ta_arm64/lib/libutils.a(snprintk.o) (strlen)
/home/avees/Linux_for_Tegra/sources/tegra/optee-src/nv-optee/optee/build/t234/export-ta_arm64/lib/libutee.a(assert.o)
                              ./softmax_layer_TA.o (_assert_log)
/home/avees/Linux_for_Tegra/sources/tegra/optee-src/nv-optee/optee/build/t234/export-ta_arm64/lib/libutee.a(trace_ext.o)
                              /home/avees/Linux_for_Tegra/sources/tegra/optee-src/nv-optee/optee/build/t234/export-ta_arm64/lib/libutils.a(trace.o) (trace_ext_puts)
/home/avees/Linux_for_Tegra/sources/tegra/optee-src/nv-optee/optee/build/t234/export-ta_arm64/lib/libutee.a(tee_api.o)
                              ./darknetp_ta.o (TEE_MemMove)
/home/avees/Linux_for_Tegra/sources/tegra/optee-src/nv-optee/optee/build/t234/export-ta_arm64/lib/libutee.a(tee_api_operations.o)
                              ./math_TA.o (TEE_GenerateRandom)
/home/avees/Linux_for_Tegra/sources/tegra/optee-src/nv-optee/optee/build/t234/export-ta_arm64/lib/libutee.a(tee_api_panic.o)
                              /home/avees/Linux_for_Tegra/sources/tegra/optee-src/nv-optee/optee/build/t234/export-ta_arm64/lib/libutee.a(tee_api.o) (TEE_Panic)
/home/avees/Linux_for_Tegra/sources/tegra/optee-src/nv-optee/optee/build/t234/export-ta_arm64/lib/libutee.a(tee_system_pta.o)
                              /home/avees/Linux_for_Tegra/sources/tegra/optee-src/nv-optee/optee/build/t234/export-ta_arm64/lib/libutee.a(tee_api.o) (tee_map_zi)
/home/avees/Linux_for_Tegra/sources/tegra/optee-src/nv-optee/optee/build/t234/export-ta_arm64/lib/libutee.a(user_ta_entry.o)
                              ./user_ta_header.o (__utee_entry)
/home/avees/Linux_for_Tegra/sources/tegra/optee-src/nv-optee/optee/build/t234/export-ta_arm64/lib/libutee.a(utee_syscalls_a64.o)
                              /home/avees/Linux_for_Tegra/sources/tegra/optee-src/nv-optee/optee/build/t234/export-ta_arm64/lib/libutils.a(stack_check.o) (_utee_panic)
/home/avees/Linux_for_Tegra/sources/tegra/optee-src/nv-optee/optee/build/t234/export-ta_arm64/lib/libutee.a(abort.o)
                              /home/avees/Linux_for_Tegra/sources/tegra/optee-src/nv-optee/optee/build/t234/export-ta_arm64/lib/libutee.a(user_ta_entry.o) (abort)
/home/avees/Linux_for_Tegra/sources/tegra/optee-src/nv-optee/optee/build/t234/export-ta_arm64/lib/libutee.a(tee_api_arith_mpi.o)
                              /home/avees/Linux_for_Tegra/sources/tegra/optee-src/nv-optee/optee/build/t234/export-ta_arm64/lib/libutee.a(user_ta_entry.o) (_TEE_MathAPI_Init)
/home/avees/Linux_for_Tegra/sources/tegra/optee-src/nv-optee/optee/build/t234/export-ta_arm64/lib/libutee.a(tee_api_objects.o)
                              /home/avees/Linux_for_Tegra/sources/tegra/optee-src/nv-optee/optee/build/t234/export-ta_arm64/lib/libutee.a(tee_api_operations.o) (__utee_from_attr)
[...]
Memory Configuration

Name             Origin             Length             Attributes
*default*        0x0000000000000000 0xffffffffffffffff

Linker script and memory map


.ta_head        0x0000000000000000       0x20
 *(SORT_BY_ALIGNMENT(.ta_head))
 .ta_head       0x0000000000000000       0x20 ./user_ta_header.o
                0x0000000000000000                ta_head

.text           0x0000000000000020    0x19764
                0x0000000000000020                __text_start = .
 *(SORT_BY_ALIGNMENT(.text) SORT_BY_ALIGNMENT(.text.*))
 .text          0x0000000000000020       0xec /home/avees/Linux_for_Tegra/sources/tegra/optee-src/nv-optee/optee/build/t234/export-ta_arm64/lib/libutils.a(memcpy.o)
                0x0000000000000020                memcpy
 .text          0x000000000000010c      0x278 ./softmax_layer_TA.o
                0x000000000000010c                forward_softmax_layer_TA
                0x000000000000022c                backward_softmax_layer_TA
                0x0000000000000250                make_softmax_layer_TA_new
 .text          0x0000000000000384      0x790 ./activations_TA.o
                0x0000000000000384                get_activation_string_TA
                0x000000000000044c                get_activation_TA
                0x00000000000005ec                activate_TA
                0x000000000000089c                activate_array_TA
                0x00000000000008f0                gradient_TA
                0x0000000000000aac                gradient_array_TA
 .text          0x0000000000000b14      0x31c ./cost_layer_TA.o
                0x0000000000000b14                forward_cost_layer_TA
                0x0000000000000be4                backward_cost_layer_TA
                0x0000000000000c08                get_cost_type_TA
                0x0000000000000ce8                get_cost_string_TA
                0x0000000000000d54                make_cost_layer_TA_new
 .text          0x0000000000000e30      0x2c0 ./gemm_TA.o
                0x0000000000000e30                gemm_nn_TA
                0x0000000000000eb4                gemm_nt_TA
                0x0000000000000f3c                gemm_tn_TA
                0x0000000000000fbc                gemm_tt_TA
                0x0000000000001044                gemm_cpu_TA
                0x00000000000010ec                gemm_TA
 .text          0x00000000000010f0      0x6f0 ./connected_layer_TA.o
                0x00000000000010f0                forward_connected_layer_TA_new
                0x00000000000011e8                backward_connected_layer_TA_new
                0x000000000000131c                update_connected_layer_TA_new
                0x0000000000001444                make_connected_layer_TA_new
 .text          0x00000000000017e0      0x20c ./dropout_layer_TA.o
                0x00000000000017e0                forward_dropout_layer_TA_new
                0x0000000000001814                backward_dropout_layer_TA_new
                0x0000000000001878                make_dropout_layer_TA_new
                0x00000000000019b4                resize_dropout_layer_TA
 .text          0x00000000000019ec      0x95c ./math_TA.o
                0x00000000000019ec                ta_max
                0x00000000000019f8                ta_pow
                0x0000000000001a48                ta_eee
                0x0000000000001ae8                ta_exp
                0x0000000000001b44                ta_rand
                0x0000000000001bdc                ta_floor
                0x0000000000001bf0                ta_sqrt
                0x0000000000001c64                F1
                0x0000000000001c70                F2
                0x0000000000001c98                simpson
                0x0000000000001d2c                asr
                0x0000000000001e10                asr0
                0x0000000000001e60                ta_ln
                0x0000000000001e78                ta_log
                0x0000000000001eac                ta_cos
                0x0000000000001ffc                ta_sin
                0x0000000000002150                ta_tan
                0x0000000000002180                reverse
                0x00000000000021b4                intToStr
                0x0000000000002254                ftoa
                0x00000000000022fc                bubble_sort_top
 .text          0x0000000000002348      0x510 ./parser_TA.o
                0x0000000000002348                aes_cbc_TA
                0x0000000000002570                transpose_matrix_TA
                0x0000000000002614                load_weights_TA
                0x0000000000002780                save_weights_TA
 .text          0x0000000000002858      0x638 ./blas_TA.o
                0x0000000000002858                fill_cpu_TA
                0x0000000000002878                copy_cpu_TA
                0x00000000000028a0                mean_cpu_TA
                0x000000000000292c                variance_cpu_TA
                0x0000000000002a3c                scal_cpu_TA
                0x0000000000002a64                axpy_cpu_TA
                0x0000000000002a94                normalize_cpu_TA
                0x0000000000002b84                softmax_TA
                0x0000000000002c6c                softmax_cpu_TA
                0x0000000000002d28                softmax_x_ent_cpu_TA
                0x0000000000002db4                smooth_l1_cpu_TA
                0x0000000000002e18                l1_cpu_TA
                0x0000000000002e60                l2_cpu_TA
 .text          0x0000000000002e90      0x410 ./maxpool_layer_TA.o
                0x0000000000002e90                forward_maxpool_layer_TA_new
                0x0000000000003070                backward_maxpool_layer_TA_new
                0x00000000000030c8                make_maxpool_layer_TA
                0x00000000000031f8                resize_maxpool_layer_TA
 .text          0x00000000000032a0      0x7a4 ./network_TA.o
                0x00000000000032a0                make_network_TA
                0x000000000000342c                update_network_TA
                0x00000000000034e8                calc_network_cost_TA
                0x0000000000003560                forward_network_TA
                0x000000000000377c                calc_network_loss_TA
                0x0000000000003880                backward_network_TA
 .text          0x0000000000003a44      0x158 ./utils_TA.o
                0x0000000000003a44                sum_array_TA
                0x0000000000003a68                rand_uniform_TA
                0x0000000000003aa4                rand_normal_TA
 .text          0x0000000000003b9c      0x8d8 ./aes_TA.o
                0x00000000000041c4                AES_init_ctx
                0x00000000000041c8                AES_init_ctx_iv
                0x00000000000041f0                AES_ctx_set_iv
                0x00000000000041fc                AES_ECB_encrypt
                0x000000000000420c                AES_ECB_decrypt
                0x000000000000421c                AES_CBC_encrypt_buffer
                0x00000000000042a8                AES_CBC_decrypt_buffer
                0x0000000000004380                AES_CTR_xcrypt_buffer
 .text          0x0000000000004474      0x17c ./im2col_TA.o
                0x0000000000004474                im2col_get_pixel_TA
                0x00000000000044a8                im2col_cpu_TA
 .text          0x00000000000045f0      0x724 ./batchnorm_layer_TA.o
                0x00000000000045f0                forward_batchnorm_layer_TA
                0x00000000000047cc                backward_scale_cpu_TA
                0x0000000000004844                mean_delta_cpu_TA
                0x0000000000004938                variance_delta_cpu_TA
                0x0000000000004a50                normalize_delta_cpu_TA
                0x0000000000004b94                backward_batchnorm_layer_TA
 .text          0x0000000000004d14      0xe4c ./convolutional_layer_TA.o
                0x0000000000004d14                update_convolutional_layer_TA_new
                0x0000000000004e34                swap_binary_TA
                0x0000000000004e48                add_bias_TA
                0x0000000000004eb0                scale_bias_TA
                0x0000000000004f18                backward_bias_TA
                0x0000000000004fb8                backward_convolutional_layer_TA_new
                0x00000000000052a0                convolutional_out_height_TA
                0x00000000000052c4                convolutional_out_width_TA
                0x00000000000052e8                binarize_weights_TA
                0x0000000000005370                binarize_cpu_TA
                0x00000000000053a0                forward_convolutional_layer_TA_new
                0x00000000000055f0                make_convolutional_layer_TA_new
 .text          0x0000000000005b60      0x20c ./avgpool_layer_TA.o
                0x0000000000005b60                forward_avgpool_layer_TA_new
                0x0000000000005c00                backward_avgpool_layer_TA_new
                0x0000000000005c94                make_avgpool_layer_TA
                0x0000000000005d54                resize_avgpool_layer_TA
 .text          0x0000000000005d6c      0x17c ./col2im_TA.o
                0x0000000000005d6c                col2im_add_pixel_TA
                0x0000000000005da4                col2im_cpu_TA
 .text          0x0000000000005ee8     0x1080 ./darknetp_ta.o
                0x00000000000065d0                summary_array
                0x0000000000006720                TA_CreateEntryPoint
                0x0000000000006758                TA_DestroyEntryPoint
                0x000000000000677c                TA_OpenSessionEntryPoint
                0x00000000000067ec                TA_CloseSessionEntryPoint
                0x0000000000006810                TA_InvokeCommandEntryPoint
 .text          0x0000000000006f68       0xc4 ./diffprivate_TA.o
                0x0000000000006f68                diff_private_SGD
 .text          0x000000000000702c       0x1c ./user_ta_header.o
                0x000000000000702c                __ta_entry
                0x0000000000007040                tahead_get_trace_level
 .text          0x0000000000007048      0xd00 /home/avees/Linux_for_Tegra/sources/tegra/optee-src/nv-optee/optee/build/t234/export-ta_arm64/lib/libutils.a(bget_malloc.o)
                0x0000000000007080                bget
                0x0000000000007348                bgetz
                0x00000000000073d0                brel
                0x0000000000007654                bgetr
                0x0000000000007724                bpool
                0x00000000000077f4                raw_memalign
                0x0000000000007848                raw_malloc
                0x0000000000007858                raw_free
                0x0000000000007868                raw_calloc
                0x00000000000078b8                raw_realloc
                0x00000000000079a0                malloc
                0x00000000000079b8                calloc
                0x00000000000079d4                realloc
                0x00000000000079ec                memalign
                0x0000000000007a08                aligned_alloc
                0x0000000000007a20                free
                0x0000000000007a30                free_wipe
                0x0000000000007a40                raw_malloc_get_ctx_size
                0x0000000000007a48                raw_malloc_init_ctx
                0x0000000000007a74                raw_malloc_add_pool
                0x0000000000007b3c                raw_malloc_buffer_overlaps_heap
                0x0000000000007bbc                raw_malloc_buffer_is_within_alloced
                0x0000000000007d0c                malloc_add_pool
                0x0000000000007d20                malloc_buffer_is_within_alloced
                0x0000000000007d34                malloc_buffer_overlaps_heap
 .text          0x0000000000007d48       0x30 /home/avees/Linux_for_Tegra/sources/tegra/optee-src/nv-optee/optee/build/t234/export-ta_arm64/lib/libutils.a(stack_check.o)
                0x0000000000007d48                __stack_chk_fail
 .text          0x0000000000007d78       0x1c /home/avees/Linux_for_Tegra/sources/tegra/optee-src/nv-optee/optee/build/t234/export-ta_arm64/lib/libutils.a(memset.o)
                0x0000000000007d78                memset
 .text          0x0000000000007d94       0x24 /home/avees/Linux_for_Tegra/sources/tegra/optee-src/nv-optee/optee/build/t234/export-ta_arm64/lib/libutils.a(strcmp.o)
                0x0000000000007d94                strcmp
 .text          0x0000000000007db8       0x3c /home/avees/Linux_for_Tegra/sources/tegra/optee-src/nv-optee/optee/build/t234/export-ta_arm64/lib/libutils.a(strncmp.o)
                0x0000000000007db8                strncmp
 .text          0x0000000000007df4      0x32c /home/avees/Linux_for_Tegra/sources/tegra/optee-src/nv-optee/optee/build/t234/export-ta_arm64/lib/libutils.a(trace.o)
                0x0000000000007df4                trace_set_level
                0x0000000000007e10                trace_get_level
                0x0000000000007e20                trace_vprintf
                0x000000000000803c                trace_printf
                0x000000000000811c                dhex_dump
 .text          0x0000000000008120      0xe10 /home/avees/Linux_for_Tegra/sources/tegra/optee-src/nv-optee/optee/build/t234/export-ta_arm64/lib/libutils.a(snprintk.o)
                0x0000000000008120                __vsnprintf
                0x00000000000081e0                vsnprintk
                0x0000000000008238                snprintk
                0x0000000000008ee4                __vsprintf
 .text          0x0000000000008f30       0x2c /home/avees/Linux_for_Tegra/sources/tegra/optee-src/nv-optee/optee/build/t234/export-ta_arm64/lib/libutils.a(memchr.o)
                0x0000000000008f30                memchr
 .text          0x0000000000008f5c       0x1c /home/avees/Linux_for_Tegra/sources/tegra/optee-src/nv-optee/optee/build/t234/export-ta_arm64/lib/libutils.a(strlen.o)
                0x0000000000008f5c                strlen
 .text          0x0000000000008f78       0x58 /home/avees/Linux_for_Tegra/sources/tegra/optee-src/nv-optee/optee/build/t234/export-ta_arm64/lib/libutee.a(assert.o)
                0x0000000000008f78                _assert_log
                0x0000000000008fbc                _assert_break
 .text          0x0000000000008fd0      0x1e0 /home/avees/Linux_for_Tegra/sources/tegra/optee-src/nv-optee/optee/build/t234/export-ta_arm64/lib/libutee.a(trace_ext.o)
                0x0000000000008fd0                trace_ext_puts
                0x0000000000008ff8                trace_ext_get_thread_id
                0x0000000000009000                printf
                0x0000000000009100                puts
                0x0000000000009140                putchar
 .text          0x00000000000091b0     0x10c0 /home/avees/Linux_for_Tegra/sources/tegra/optee-src/nv-optee/optee/build/t234/export-ta_arm64/lib/libutee.a(tee_api.o)
                0x0000000000009560                TEE_CloseTASession
                0x0000000000009588                TEE_GetCancellationFlag
                0x00000000000095e8                TEE_UnmaskCancellation
                0x0000000000009648                TEE_MaskCancellation
                0x00000000000096a8                TEE_CheckMemoryAccessRights
                0x00000000000098cc                TEE_OpenTASession
                0x0000000000009a20                __GP11_TEE_OpenTASession
                0x0000000000009b68                TEE_InvokeTACommand
                0x0000000000009cec                __GP11_TEE_InvokeTACommand
                0x0000000000009e64                __GP11_TEE_CheckMemoryAccessRights
                0x0000000000009e6c                TEE_SetInstanceData
                0x0000000000009e78                TEE_GetInstanceData
                0x0000000000009e84                TEE_MemMove
                0x0000000000009e88                __GP11_TEE_MemMove
                0x0000000000009e90                TEE_MemCompare
                0x0000000000009e94                __GP11_TEE_MemCompare
                0x0000000000009e9c                TEE_MemFill
                0x0000000000009ea0                __GP11_TEE_MemFill
                0x0000000000009ea8                TEE_GetSystemTime
                0x0000000000009ed0                TEE_Wait
                0x0000000000009f0c                TEE_GetTAPersistentTime
                0x0000000000009f80                TEE_SetTAPersistentTime
                0x0000000000009fc4                TEE_GetREETime
                0x0000000000009fec                TEE_Malloc
                0x000000000000a110                __GP11_TEE_Malloc
                0x000000000000a118                TEE_Free
                0x000000000000a178                TEE_Realloc
                0x000000000000a250                __GP11_TEE_Realloc
                0x000000000000a258                TEE_CacheClean
                0x000000000000a260                TEE_CacheFlush
                0x000000000000a268                TEE_CacheInvalidate
 .text          0x000000000000a270     0x472c /home/avees/Linux_for_Tegra/sources/tegra/optee-src/nv-optee/optee/build/t234/export-ta_arm64/lib/libutee.a(tee_api_operations.o)
                0x000000000000a99c                TEE_FreeOperation
                0x000000000000a9dc                TEE_AllocateOperation
                0x000000000000b714                __GP11_TEE_FreeOperation
                0x000000000000b740                TEE_GetOperationInfo
                0x000000000000b794                TEE_GetOperationInfoMultiple
                0x000000000000b944                __GP11_TEE_GetOperationInfoMultiple
                0x000000000000b9cc                TEE_ResetOperation
                0x000000000000ba08                TEE_SetOperationKey
                0x000000000000bb54                __GP11_TEE_SetOperationKey
                0x000000000000bb90                TEE_SetOperationKey2
                0x000000000000bbb0                __GP11_TEE_SetOperationKey2
                0x000000000000bbfc                TEE_CopyOperation
                0x000000000000bd58                TEE_DigestUpdate
                0x000000000000bdc8                __GP11_TEE_DigestUpdate
                0x000000000000bdd0                TEE_DigestDoFinal
                0x000000000000bf3c                __GP11_TEE_DigestDoFinal
                0x000000000000bfdc                TEE_DigestExtract
                0x000000000000c180                TEE_CipherInit
                0x000000000000c260                __GP11_TEE_CipherInit
                0x000000000000c268                TEE_CipherUpdate
                0x000000000000c3fc                __GP11_TEE_CipherUpdate
                0x000000000000c49c                TEE_CipherDoFinal
                0x000000000000c6b4                __GP11_TEE_CipherDoFinal
                0x000000000000c764                TEE_MACInit
                0x000000000000c808                __GP11_TEE_MACInit
                0x000000000000c810                TEE_MACUpdate
                0x000000000000c8b0                __GP11_TEE_MACUpdate
                0x000000000000c8b8                TEE_MACComputeFinal
                0x000000000000c9c8                __GP11_TEE_MACComputeFinal
                0x000000000000ca68                TEE_MACCompareFinal
                0x000000000000cb6c                __GP11_TEE_MACCompareFinal
                0x000000000000cb78                TEE_AEInit
                0x000000000000cc3c                __GP11_TEE_AEInit
                0x000000000000cc4c                TEE_AEUpdateAAD
                0x000000000000cce8                __GP11_TEE_AEUpdateAAD
                0x000000000000cd7c                TEE_AEUpdate
                0x000000000000ce5c                __GP11_TEE_AEUpdate
                0x000000000000cf7c                TEE_AEEncryptFinal
                0x000000000000d17c                __GP11_TEE_AEEncryptFinal
                0x000000000000d250                TEE_AEDecryptFinal
                0x000000000000d424                __GP11_TEE_AEDecryptFinal
                0x000000000000d4dc                TEE_AsymmetricEncrypt
                0x000000000000d6a0                __GP11_TEE_AsymmetricEncrypt
                0x000000000000d848                TEE_AsymmetricDecrypt
                0x000000000000da10                __GP11_TEE_AsymmetricDecrypt
                0x000000000000dbbc                TEE_AsymmetricSignDigest
                0x000000000000dd5c                __GP11_TEE_AsymmetricSignDigest
                0x000000000000defc                TEE_AsymmetricVerifyDigest
                0x000000000000e088                __GP11_TEE_AsymmetricVerifyDigest
                0x000000000000e214                TEE_DeriveKey
                0x000000000000e3c4                __GP11_TEE_DeriveKey
                0x000000000000e574                TEE_GenerateRandom
                0x000000000000e594                __GP11_TEE_GenerateRandom
                0x000000000000e59c                rand
                0x000000000000e5f4                TEE_IsAlgorithmSupported
 .text          0x000000000000e99c      0x21c /home/avees/Linux_for_Tegra/sources/tegra/optee-src/nv-optee/optee/build/t234/export-ta_arm64/lib/libutee.a(tee_api_panic.o)
                0x000000000000e9b8                TEE_Panic
                0x000000000000e9d0                __utee_check_outbuf_annotation
                0x000000000000ea1c                __utee_check_gp11_outbuf_annotation
                0x000000000000ea68                __utee_check_instring_annotation
                0x000000000000ea98                __utee_check_outstring_annotation
                0x000000000000eae4                __utee_check_gp11_outstring_annotation
                0x000000000000eb30                __utee_check_out_annotation
                0x000000000000eb50                __utee_check_attr_in_annotation
                0x000000000000eb74                __utee_check_gp11_attr_in_annotation
                0x000000000000eb98                __utee_check_inout_annotation
 .text          0x000000000000ebb8      0x310 /home/avees/Linux_for_Tegra/sources/tegra/optee-src/nv-optee/optee/build/t234/export-ta_arm64/lib/libutee.a(tee_system_pta.o)
                0x000000000000ec40                tee_map_zi
                0x000000000000ecf0                tee_unmap
                0x000000000000edb8                tee_invoke_supp_plugin
 .text          0x000000000000eec8      0x74c /home/avees/Linux_for_Tegra/sources/tegra/optee-src/nv-optee/optee/build/t234/export-ta_arm64/lib/libutee.a(user_ta_entry.o)
                0x000000000000f18c                __utee_call_elf_init_fn
                0x000000000000f2e4                __utee_call_elf_fini_fn
                0x000000000000f38c                __utee_entry
 .text._utee_panic
                0x000000000000f614        0xc /home/avees/Linux_for_Tegra/sources/tegra/optee-src/nv-optee/optee/build/t234/export-ta_arm64/lib/libutee.a(utee_syscalls_a64.o)
                0x000000000000f614                _utee_panic
 .text._utee_return
                0x000000000000f620        0xc /home/avees/Linux_for_Tegra/sources/tegra/optee-src/nv-optee/optee/build/t234/export-ta_arm64/lib/libutee.a(utee_syscalls_a64.o)
                0x000000000000f620                _utee_return
 .text._utee_log
                0x000000000000f62c        0xc /home/avees/Linux_for_Tegra/sources/tegra/optee-src/nv-optee/optee/build/t234/export-ta_arm64/lib/libutee.a(utee_syscalls_a64.o)
                0x000000000000f62c                _utee_log
 .text.__utee_panic
                0x000000000000f638        0xc /home/avees/Linux_for_Tegra/sources/tegra/optee-src/nv-optee/optee/build/t234/export-ta_arm64/lib/libutee.a(utee_syscalls_a64.o)
                0x000000000000f638                __utee_panic
 .text._utee_get_property
                0x000000000000f644        0xc /home/avees/Linux_for_Tegra/sources/tegra/optee-src/nv-optee/optee/build/t234/export-ta_arm64/lib/libutee.a(utee_syscalls_a64.o)
                0x000000000000f644                _utee_get_property
 .text._utee_get_property_name_to_index
                0x000000000000f650        0xc /home/avees/Linux_for_Tegra/sources/tegra/optee-src/nv-optee/optee/build/t234/export-ta_arm64/lib/libutee.a(utee_syscalls_a64.o)
                0x000000000000f650                _utee_get_property_name_to_index
 .text._utee_open_ta_session
                0x000000000000f65c        0xc /home/avees/Linux_for_Tegra/sources/tegra/optee-src/nv-optee/optee/build/t234/export-ta_arm64/lib/libutee.a(utee_syscalls_a64.o)
                0x000000000000f65c                _utee_open_ta_session
 .text._utee_close_ta_session
                0x000000000000f668        0xc /home/avees/Linux_for_Tegra/sources/tegra/optee-src/nv-optee/optee/build/t234/export-ta_arm64/lib/libutee.a(utee_syscalls_a64.o)
                0x000000000000f668                _utee_close_ta_session
 .text._utee_invoke_ta_command
                0x000000000000f674        0xc /home/avees/Linux_for_Tegra/sources/tegra/optee-src/nv-optee/optee/build/t234/export-ta_arm64/lib/libutee.a(utee_syscalls_a64.o)
                0x000000000000f674                _utee_invoke_ta_command
 .text._utee_get_cancellation_flag
                0x000000000000f680        0xc /home/avees/Linux_for_Tegra/sources/tegra/optee-src/nv-optee/optee/build/t234/export-ta_arm64/lib/libutee.a(utee_syscalls_a64.o)
                0x000000000000f680                _utee_get_cancellation_flag
 .text._utee_check_access_rights
                0x000000000000f68c        0xc /home/avees/Linux_for_Tegra/sources/tegra/optee-src/nv-optee/optee/build/t234/export-ta_arm64/lib/libutee.a(utee_syscalls_a64.o)
                0x000000000000f68c                _utee_check_access_rights
 .text._utee_unmask_cancellation
                0x000000000000f698        0xc /home/avees/Linux_for_Tegra/sources/tegra/optee-src/nv-optee/optee/build/t234/export-ta_arm64/lib/libutee.a(utee_syscalls_a64.o)
                0x000000000000f698                _utee_unmask_cancellation
 .text._utee_mask_cancellation
                0x000000000000f6a4        0xc /home/avees/Linux_for_Tegra/sources/tegra/optee-src/nv-optee/optee/build/t234/export-ta_arm64/lib/libutee.a(utee_syscalls_a64.o)
                0x000000000000f6a4                _utee_mask_cancellation
 .text._utee_wait
                0x000000000000f6b0        0xc /home/avees/Linux_for_Tegra/sources/tegra/optee-src/nv-optee/optee/build/t234/export-ta_arm64/lib/libutee.a(utee_syscalls_a64.o)
                0x000000000000f6b0                _utee_wait
 .text._utee_get_time
                0x000000000000f6bc        0xc /home/avees/Linux_for_Tegra/sources/tegra/optee-src/nv-optee/optee/build/t234/export-ta_arm64/lib/libutee.a(utee_syscalls_a64.o)
                0x000000000000f6bc                _utee_get_time
 .text._utee_set_ta_time
                0x000000000000f6c8        0xc /home/avees/Linux_for_Tegra/sources/tegra/optee-src/nv-optee/optee/build/t234/export-ta_arm64/lib/libutee.a(utee_syscalls_a64.o)
                0x000000000000f6c8                _utee_set_ta_time
 .text._utee_cryp_state_alloc
                0x000000000000f6d4        0xc /home/avees/Linux_for_Tegra/sources/tegra/optee-src/nv-optee/optee/build/t234/export-ta_arm64/lib/libutee.a(utee_syscalls_a64.o)
                0x000000000000f6d4                _utee_cryp_state_alloc
 .text._utee_cryp_state_copy
                0x000000000000f6e0        0xc /home/avees/Linux_for_Tegra/sources/tegra/optee-src/nv-optee/optee/build/t234/export-ta_arm64/lib/libutee.a(utee_syscalls_a64.o)
                0x000000000000f6e0                _utee_cryp_state_copy
 .text._utee_cryp_state_free
                0x000000000000f6ec        0xc /home/avees/Linux_for_Tegra/sources/tegra/optee-src/nv-optee/optee/build/t234/export-ta_arm64/lib/libutee.a(utee_syscalls_a64.o)
                0x000000000000f6ec                _utee_cryp_state_free
 .text._utee_hash_init
                0x000000000000f6f8        0xc /home/avees/Linux_for_Tegra/sources/tegra/optee-src/nv-optee/optee/build/t234/export-ta_arm64/lib/libutee.a(utee_syscalls_a64.o)
                0x000000000000f6f8                _utee_hash_init
 .text._utee_hash_update
                0x000000000000f704        0xc /home/avees/Linux_for_Tegra/sources/tegra/optee-src/nv-optee/optee/build/t234/export-ta_arm64/lib/libutee.a(utee_syscalls_a64.o)
                0x000000000000f704                _utee_hash_update
 .text._utee_hash_final
                0x000000000000f710        0xc /home/avees/Linux_for_Tegra/sources/tegra/optee-src/nv-optee/optee/build/t234/export-ta_arm64/lib/libutee.a(utee_syscalls_a64.o)
                0x000000000000f710                _utee_hash_final
 .text._utee_cipher_init
                0x000000000000f71c        0xc /home/avees/Linux_for_Tegra/sources/tegra/optee-src/nv-optee/optee/build/t234/export-ta_arm64/lib/libutee.a(utee_syscalls_a64.o)
                0x000000000000f71c                _utee_cipher_init
 .text._utee_cipher_update
                0x000000000000f728        0xc /home/avees/Linux_for_Tegra/sources/tegra/optee-src/nv-optee/optee/build/t234/export-ta_arm64/lib/libutee.a(utee_syscalls_a64.o)
                0x000000000000f728                _utee_cipher_update
 .text._utee_cipher_final
                0x000000000000f734        0xc /home/avees/Linux_for_Tegra/sources/tegra/optee-src/nv-optee/optee/build/t234/export-ta_arm64/lib/libutee.a(utee_syscalls_a64.o)
                0x000000000000f734                _utee_cipher_final
 .text._utee_cryp_obj_get_info
                0x000000000000f740        0xc /home/avees/Linux_for_Tegra/sources/tegra/optee-src/nv-optee/optee/build/t234/export-ta_arm64/lib/libutee.a(utee_syscalls_a64.o)
                0x000000000000f740                _utee_cryp_obj_get_info
 .text._utee_cryp_obj_restrict_usage
                0x000000000000f74c        0xc /home/avees/Linux_for_Tegra/sources/tegra/optee-src/nv-optee/optee/build/t234/export-ta_arm64/lib/libutee.a(utee_syscalls_a64.o)
                0x000000000000f74c                _utee_cryp_obj_restrict_usage
 .text._utee_cryp_obj_get_attr
                0x000000000000f758        0xc /home/avees/Linux_for_Tegra/sources/tegra/optee-src/nv-optee/optee/build/t234/export-ta_arm64/lib/libutee.a(utee_syscalls_a64.o)
                0x000000000000f758                _utee_cryp_obj_get_attr
 .text._utee_cryp_obj_alloc
                0x000000000000f764        0xc /home/avees/Linux_for_Tegra/sources/tegra/optee-src/nv-optee/optee/build/t234/export-ta_arm64/lib/libutee.a(utee_syscalls_a64.o)
                0x000000000000f764                _utee_cryp_obj_alloc
 .text._utee_cryp_obj_close
                0x000000000000f770        0xc /home/avees/Linux_for_Tegra/sources/tegra/optee-src/nv-optee/optee/build/t234/export-ta_arm64/lib/libutee.a(utee_syscalls_a64.o)
                0x000000000000f770                _utee_cryp_obj_close
 .text._utee_cryp_obj_reset
                0x000000000000f77c        0xc /home/avees/Linux_for_Tegra/sources/tegra/optee-src/nv-optee/optee/build/t234/export-ta_arm64/lib/libutee.a(utee_syscalls_a64.o)
                0x000000000000f77c                _utee_cryp_obj_reset
 .text._utee_cryp_obj_populate
                0x000000000000f788        0xc /home/avees/Linux_for_Tegra/sources/tegra/optee-src/nv-optee/optee/build/t234/export-ta_arm64/lib/libutee.a(utee_syscalls_a64.o)
                0x000000000000f788                _utee_cryp_obj_populate
 .text._utee_cryp_obj_copy
                0x000000000000f794        0xc /home/avees/Linux_for_Tegra/sources/tegra/optee-src/nv-optee/optee/build/t234/export-ta_arm64/lib/libutee.a(utee_syscalls_a64.o)
                0x000000000000f794                _utee_cryp_obj_copy
 .text._utee_cryp_derive_key
                0x000000000000f7a0        0xc /home/avees/Linux_for_Tegra/sources/tegra/optee-src/nv-optee/optee/build/t234/export-ta_arm64/lib/libutee.a(utee_syscalls_a64.o)
                0x000000000000f7a0                _utee_cryp_derive_key
 .text._utee_cryp_random_number_generate
                0x000000000000f7ac        0xc /home/avees/Linux_for_Tegra/sources/tegra/optee-src/nv-optee/optee/build/t234/export-ta_arm64/lib/libutee.a(utee_syscalls_a64.o)
                0x000000000000f7ac                _utee_cryp_random_number_generate
 .text._utee_authenc_init
                0x000000000000f7b8        0xc /home/avees/Linux_for_Tegra/sources/tegra/optee-src/nv-optee/optee/build/t234/export-ta_arm64/lib/libutee.a(utee_syscalls_a64.o)
                0x000000000000f7b8                _utee_authenc_init
 .text._utee_authenc_update_aad
                0x000000000000f7c4        0xc /home/avees/Linux_for_Tegra/sources/tegra/optee-src/nv-optee/optee/build/t234/export-ta_arm64/lib/libutee.a(utee_syscalls_a64.o)
                0x000000000000f7c4                _utee_authenc_update_aad
 .text._utee_authenc_update_payload
                0x000000000000f7d0        0xc /home/avees/Linux_for_Tegra/sources/tegra/optee-src/nv-optee/optee/build/t234/export-ta_arm64/lib/libutee.a(utee_syscalls_a64.o)
                0x000000000000f7d0                _utee_authenc_update_payload
 .text._utee_authenc_enc_final
                0x000000000000f7dc        0xc /home/avees/Linux_for_Tegra/sources/tegra/optee-src/nv-optee/optee/build/t234/export-ta_arm64/lib/libutee.a(utee_syscalls_a64.o)
                0x000000000000f7dc                _utee_authenc_enc_final
 .text._utee_authenc_dec_final
                0x000000000000f7e8        0xc /home/avees/Linux_for_Tegra/sources/tegra/optee-src/nv-optee/optee/build/t234/export-ta_arm64/lib/libutee.a(utee_syscalls_a64.o)
                0x000000000000f7e8                _utee_authenc_dec_final
 .text._utee_asymm_operate
                0x000000000000f7f4        0xc /home/avees/Linux_for_Tegra/sources/tegra/optee-src/nv-optee/optee/build/t234/export-ta_arm64/lib/libutee.a(utee_syscalls_a64.o)
                0x000000000000f7f4                _utee_asymm_operate
 .text._utee_asymm_verify
                0x000000000000f800        0xc /home/avees/Linux_for_Tegra/sources/tegra/optee-src/nv-optee/optee/build/t234/export-ta_arm64/lib/libutee.a(utee_syscalls_a64.o)
                0x000000000000f800                _utee_asymm_verify
 .text._utee_storage_obj_open
                0x000000000000f80c        0xc /home/avees/Linux_for_Tegra/sources/tegra/optee-src/nv-optee/optee/build/t234/export-ta_arm64/lib/libutee.a(utee_syscalls_a64.o)
                0x000000000000f80c                _utee_storage_obj_open
 .text._utee_storage_obj_create
                0x000000000000f818        0xc /home/avees/Linux_for_Tegra/sources/tegra/optee-src/nv-optee/optee/build/t234/export-ta_arm64/lib/libutee.a(utee_syscalls_a64.o)
                0x000000000000f818                _utee_storage_obj_create
 .text._utee_storage_obj_del
                0x000000000000f824        0xc /home/avees/Linux_for_Tegra/sources/tegra/optee-src/nv-optee/optee/build/t234/export-ta_arm64/lib/libutee.a(utee_syscalls_a64.o)
                0x000000000000f824                _utee_storage_obj_del
 .text._utee_storage_obj_rename
                0x000000000000f830        0xc /home/avees/Linux_for_Tegra/sources/tegra/optee-src/nv-optee/optee/build/t234/export-ta_arm64/lib/libutee.a(utee_syscalls_a64.o)
                0x000000000000f830                _utee_storage_obj_rename
 .text._utee_storage_alloc_enum
                0x000000000000f83c        0xc /home/avees/Linux_for_Tegra/sources/tegra/optee-src/nv-optee/optee/build/t234/export-ta_arm64/lib/libutee.a(utee_syscalls_a64.o)
                0x000000000000f83c                _utee_storage_alloc_enum
 .text._utee_storage_free_enum
                0x000000000000f848        0xc /home/avees/Linux_for_Tegra/sources/tegra/optee-src/nv-optee/optee/build/t234/export-ta_arm64/lib/libutee.a(utee_syscalls_a64.o)
                0x000000000000f848                _utee_storage_free_enum
 .text._utee_storage_reset_enum
                0x000000000000f854        0xc /home/avees/Linux_for_Tegra/sources/tegra/optee-src/nv-optee/optee/build/t234/export-ta_arm64/lib/libutee.a(utee_syscalls_a64.o)
                0x000000000000f854                _utee_storage_reset_enum
 .text._utee_storage_start_enum
                0x000000000000f860        0xc /home/avees/Linux_for_Tegra/sources/tegra/optee-src/nv-optee/optee/build/t234/export-ta_arm64/lib/libutee.a(utee_syscalls_a64.o)
                0x000000000000f860                _utee_storage_start_enum
 .text._utee_storage_next_enum
                0x000000000000f86c        0xc /home/avees/Linux_for_Tegra/sources/tegra/optee-src/nv-optee/optee/build/t234/export-ta_arm64/lib/libutee.a(utee_syscalls_a64.o)
                0x000000000000f86c                _utee_storage_next_enum
 .text._utee_storage_obj_read
                0x000000000000f878        0xc /home/avees/Linux_for_Tegra/sources/tegra/optee-src/nv-optee/optee/build/t234/export-ta_arm64/lib/libutee.a(utee_syscalls_a64.o)
                0x000000000000f878                _utee_storage_obj_read
 .text._utee_storage_obj_write
                0x000000000000f884        0xc /home/avees/Linux_for_Tegra/sources/tegra/optee-src/nv-optee/optee/build/t234/export-ta_arm64/lib/libutee.a(utee_syscalls_a64.o)
                0x000000000000f884                _utee_storage_obj_write
 .text._utee_storage_obj_trunc
                0x000000000000f890        0xc /home/avees/Linux_for_Tegra/sources/tegra/optee-src/nv-optee/optee/build/t234/export-ta_arm64/lib/libutee.a(utee_syscalls_a64.o)
                0x000000000000f890                _utee_storage_obj_trunc
 .text._utee_storage_obj_seek
                0x000000000000f89c        0xc /home/avees/Linux_for_Tegra/sources/tegra/optee-src/nv-optee/optee/build/t234/export-ta_arm64/lib/libutee.a(utee_syscalls_a64.o)
                0x000000000000f89c                _utee_storage_obj_seek
 .text._utee_cryp_obj_generate_key
                0x000000000000f8a8        0xc /home/avees/Linux_for_Tegra/sources/tegra/optee-src/nv-optee/optee/build/t234/export-ta_arm64/lib/libutee.a(utee_syscalls_a64.o)
                0x000000000000f8a8                _utee_cryp_obj_generate_key
 .text._utee_cache_operation
                0x000000000000f8b4        0xc /home/avees/Linux_for_Tegra/sources/tegra/optee-src/nv-optee/optee/build/t234/export-ta_arm64/lib/libutee.a(utee_syscalls_a64.o)
                0x000000000000f8b4                _utee_cache_operation
 .text.unlikely
                0x000000000000f8c0       0x20 /home/avees/Linux_for_Tegra/sources/tegra/optee-src/nv-optee/optee/build/t234/export-ta_arm64/lib/libutee.a(abort.o)
                0x000000000000f8c0                abort
 .text          0x000000000000f8e0     0x212c /home/avees/Linux_for_Tegra/sources/tegra/optee-src/nv-optee/optee/build/t234/export-ta_arm64/lib/libutee.a(tee_api_arith_mpi.o)
                0x0000000000010144                _TEE_MathAPI_Init
                0x0000000000010194                TEE_BigIntInit
                0x00000000000101f4                __GP11_TEE_BigIntInit
                0x00000000000101fc                TEE_BigIntConvertFromOctetString
                0x00000000000102c4                __GP11_TEE_BigIntConvertFromOctetString
                0x00000000000102cc                TEE_BigIntConvertToOctetString
                0x0000000000010394                __GP11_TEE_BigIntConvertToOctetString
                0x00000000000103f4                TEE_BigIntConvertFromS32
                0x00000000000104a4                TEE_BigIntConvertToS32
                0x0000000000010560                TEE_BigIntCmp
                0x00000000000105f4                TEE_BigIntCmpS32
                0x0000000000010840                TEE_BigIntShiftRight
                0x00000000000109e0                __GP11_TEE_BigIntShiftRight
                0x00000000000109e8                TEE_BigIntGetBit
                0x0000000000010a68                TEE_BigIntGetBitCount
                0x0000000000010adc                TEE_BigIntSetBit
                0x0000000000010b8c                TEE_BigIntAssign
                0x0000000000010bdc                TEE_BigIntAbs
                0x0000000000010c08                TEE_BigIntAdd
                0x0000000000010c14                TEE_BigIntSub
                0x0000000000010c20                TEE_BigIntNeg
                0x0000000000010d04                TEE_BigIntMul
                0x0000000000010e18                TEE_BigIntSquare
                0x0000000000010e20                TEE_BigIntDiv
                0x0000000000010fd4                TEE_BigIntMod
                0x0000000000011040                TEE_BigIntAddMod
                0x000000000001104c                TEE_BigIntSubMod
                0x0000000000011058                TEE_BigIntMulMod
                0x0000000000011064                TEE_BigIntSquareMod
                0x0000000000011070                TEE_BigIntInvMod
                0x00000000000111c0                TEE_BigIntRelativePrime
                0x00000000000112c8                TEE_BigIntExpMod
                0x000000000001149c                TEE_BigIntComputeExtendedGcd
                0x0000000000011704                TEE_BigIntIsProbablePrime
                0x0000000000011788                TEE_BigIntInitFMM
                0x000000000001178c                __GP11_TEE_BigIntInitFMM
                0x0000000000011794                TEE_BigIntInitFMMContext
                0x0000000000011798                __GP11_TEE_BigIntInitFMMContext
                0x00000000000117a0                TEE_BigIntInitFMMContext1
                0x00000000000117a8                TEE_BigIntFMMSizeInU32
                0x00000000000117b8                __GP11_TEE_BigIntFMMSizeInU32
                0x00000000000117d0                TEE_BigIntFMMContextSizeInU32
                0x00000000000117d8                __GP11_TEE_BigIntFMMContextSizeInU32
                0x00000000000117f0                TEE_BigIntConvertToFMM
                0x00000000000117f4                TEE_BigIntConvertFromFMM
                0x00000000000118c4                TEE_BigIntComputeFMM
 .text          0x0000000000011a0c     0x1b10 /home/avees/Linux_for_Tegra/sources/tegra/optee-src/nv-optee/optee/build/t234/export-ta_arm64/lib/libutee.a(tee_api_objects.o)
                0x0000000000011a0c                __utee_from_attr
                0x0000000000011a5c                __utee_from_gp11_attr
                0x0000000000011aac                TEE_GetObjectInfo
                0x0000000000011b68                __GP11_TEE_GetObjectInfo
                0x0000000000011c2c                TEE_GetObjectInfo1
                0x0000000000011cdc                __GP11_TEE_GetObjectInfo1
                0x0000000000011d9c                TEE_RestrictObjectUsage1
                0x0000000000011de0                TEE_RestrictObjectUsage
                0x0000000000011e70                TEE_GetObjectBufferAttribute
                0x0000000000011f74                __GP11_TEE_GetObjectBufferAttribute
                0x000000000001200c                TEE_GetObjectValueAttribute
                0x0000000000012144                TEE_CloseObject
                0x000000000001216c                __GP11_TEE_AllocateTransientObject
                0x0000000000012220                TEE_AllocateTransientObject
                0x000000000001223c                TEE_FreeTransientObject
                0x00000000000122cc                TEE_ResetTransientObject
                0x000000000001235c                TEE_PopulateTransientObject
                0x00000000000124a0                __GP11_TEE_PopulateTransientObject
                0x00000000000125e4                TEE_InitRefAttribute
                0x0000000000012630                __GP11_TEE_InitRefAttribute
                0x0000000000012680                TEE_InitValueAttribute
                0x00000000000126cc                __GP11_TEE_InitValueAttribute
                0x0000000000012718                TEE_CopyObjectAttributes1
                0x0000000000012810                TEE_CopyObjectAttributes
                0x00000000000128a4                TEE_GenerateKey
                0x00000000000129b0                __GP11_TEE_GenerateKey
                0x0000000000012abc                TEE_OpenPersistentObject
                0x0000000000012ba0                __GP11_TEE_OpenPersistentObject
                0x0000000000012ba8                TEE_CreatePersistentObject
                0x0000000000012cec                __GP11_TEE_CreatePersistentObject
                0x0000000000012d68                TEE_CloseAndDeletePersistentObject1
                0x0000000000012db0                TEE_CloseAndDeletePersistentObject
                0x0000000000012ddc                TEE_RenamePersistentObject
                0x0000000000012e38                __GP11_TEE_RenamePersistentObject
                0x0000000000012e40                TEE_AllocatePersistentObjectEnumerator
                0x0000000000012ed0                TEE_FreePersistentObjectEnumerator
                0x0000000000012ef8                TEE_ResetPersistentObjectEnumerator
                0x0000000000012f20                TEE_StartPersistentObjectEnumerator
                0x0000000000012f70                TEE_GetNextPersistentObject
                0x000000000001308c                __GP11_TEE_GetNextPersistentObject
                0x00000000000131b8                TEE_ReadObjectData
                0x0000000000013280                __GP11_TEE_ReadObjectData
                0x0000000000013318                TEE_WriteObjectData
                0x0000000000013390                __GP11_TEE_WriteObjectData
                0x0000000000013398                TEE_TruncateObjectData
                0x00000000000133f4                __GP11_TEE_TruncateObjectData
                0x00000000000133fc                TEE_SeekObjectData
                0x0000000000013514                __GP11_TEE_SeekObjectData
 .text          0x000000000001351c      0xf78 /home/avees/Linux_for_Tegra/sources/tegra/optee-src/nv-optee/optee/build/t234/export-ta_arm64/lib/libutee.a(tee_api_property.o)
                0x00000000000138ac                TEE_GetPropertyAsString
                0x0000000000013b08                __GP11_TEE_GetPropertyAsString
                0x0000000000013ba0                TEE_GetPropertyAsBool
                0x0000000000013c78                TEE_GetPropertyAsU32
                0x0000000000013d60                TEE_GetPropertyAsU64
                0x0000000000013e48                __GP11_TEE_GetPropertyAsBinaryBlock
                0x0000000000013f34                TEE_GetPropertyAsBinaryBlock
                0x0000000000013fcc                TEE_GetPropertyAsUUID
                0x00000000000140b4                TEE_GetPropertyAsIdentity
                0x000000000001419c                TEE_ResetPropertyEnumerator
                0x00000000000141a8                TEE_AllocatePropertyEnumerator
                0x00000000000141f0                TEE_FreePropertyEnumerator
                0x00000000000141f4                TEE_StartPropertyEnumerator
                0x0000000000014204                __GP11_TEE_GetPropertyName
                0x000000000001432c                TEE_GetPropertyName
                0x00000000000143b4                TEE_GetNextProperty
 .text          0x0000000000014494      0x34c /home/avees/Linux_for_Tegra/sources/tegra/optee-src/nv-optee/optee/build/t234/export-ta_arm64/lib/libutee.a(tcb.o)
                0x0000000000014494                __utee_tcb_init
                0x00000000000146d4                __tls_get_addr
                0x00000000000146f0                dl_iterate_phdr
 .text          0x00000000000147e0      0x258 /home/avees/Linux_for_Tegra/sources/tegra/optee-src/nv-optee/optee/build/t234/export-ta_arm64/lib/libutee.a(base64.o)
                0x00000000000147e0                _base64_enc_len
                0x00000000000147f8                _base64_enc
                0x0000000000014914                _base64_dec
 .text          0x0000000000014a38     0x4190 /home/avees/Linux_for_Tegra/sources/tegra/optee-src/nv-optee/optee/build/t234/export-ta_arm64/lib/libmbedtls.a(bignum.o)
                0x000000000001520c                mbedtls_mpi_init
                0x000000000001521c                mbedtls_mpi_init_mempool
                0x0000000000015244                mbedtls_mpi_free
                0x00000000000152b0                mbedtls_mpi_grow
                0x0000000000015404                mbedtls_mpi_shrink
                0x0000000000015524                mbedtls_mpi_copy
                0x00000000000155f0                mbedtls_mpi_swap
                0x0000000000015678                mbedtls_mpi_lset
                0x00000000000156e0                mbedtls_mpi_get_bit
                0x000000000001570c                mbedtls_mpi_set_bit
                0x0000000000015798                mbedtls_mpi_lsb
                0x00000000000157ec                mbedtls_mpi_bitlen
                0x0000000000015848                mbedtls_mpi_size
                0x0000000000015864                mbedtls_mpi_read_binary_le
                0x00000000000158dc                mbedtls_mpi_read_binary
                0x0000000000015960                mbedtls_mpi_write_binary_le
                0x0000000000015a18                mbedtls_mpi_write_binary
                0x0000000000015adc                mbedtls_mpi_shift_l
                0x0000000000015bec                mbedtls_mpi_shift_r
                0x0000000000015cac                mbedtls_mpi_cmp_abs
                0x0000000000015d48                mbedtls_mpi_cmp_mpi
                0x0000000000015e1c                mbedtls_mpi_cmp_int
                0x0000000000015e90                mbedtls_mpi_add_abs
                0x0000000000015fb0                mbedtls_mpi_sub_abs
                0x000000000001610c                mbedtls_mpi_add_mpi
                0x0000000000016194                mbedtls_mpi_sub_mpi
                0x0000000000016220                mbedtls_mpi_add_int
                0x0000000000016294                mbedtls_mpi_sub_int
                0x0000000000016308                mbedtls_mpi_mul_mpi
                0x00000000000164b4                mbedtls_mpi_mul_int
                0x000000000001655c                mbedtls_mpi_read_string
                0x0000000000016768                mbedtls_mpi_div_mpi
                0x0000000000016c9c                mbedtls_mpi_div_int
                0x0000000000016d10                mbedtls_mpi_mod_mpi
                0x0000000000016dc4                mbedtls_mpi_mod_int
                0x0000000000016e60                mbedtls_mpi_write_string
                0x0000000000017194                mbedtls_mpi_montg_init
                0x000000000001719c                mbedtls_mpi_montmul
                0x00000000000171a4                mbedtls_mpi_montred
                0x00000000000171a8                mbedtls_mpi_exp_mod
                0x0000000000017874                mbedtls_mpi_gcd
                0x0000000000017a4c                mbedtls_mpi_fill_random
                0x0000000000017d58                mbedtls_mpi_random
                0x0000000000017f10                mbedtls_mpi_inv_mod
                0x0000000000018368                mbedtls_mpi_is_prime_ext
                0x0000000000018444                mbedtls_mpi_is_prime
                0x0000000000018454                mbedtls_mpi_gen_prime
                0x00000000000187a0                mbedtls_mpi_self_test
 .text          0x0000000000018bc8      0x7c0 /home/avees/Linux_for_Tegra/sources/tegra/optee-src/nv-optee/optee/build/t234/export-ta_arm64/lib/libmbedtls.a(constant_time.o)
                0x0000000000018be8                mbedtls_ct_memcmp
                0x0000000000018c30                mbedtls_ct_uint_mask
                0x0000000000018c40                mbedtls_ct_mpi_uint_mask
                0x0000000000018c50                mbedtls_ct_size_bool_eq
                0x0000000000018c68                mbedtls_ct_mpi_uint_lt
                0x0000000000018c84                mbedtls_ct_uint_if
                0x0000000000018cb4                mbedtls_ct_mpi_uint_cond_assign
                0x0000000000018cf0                mbedtls_ct_base64_enc_char
                0x0000000000018da0                mbedtls_ct_base64_dec_value
                0x0000000000018e5c                mbedtls_mpi_safe_cond_assign
                0x0000000000018f18                mbedtls_mpi_safe_cond_swap
                0x0000000000019014                mbedtls_mpi_lt_mpi_ct
                0x000000000001910c                mbedtls_ct_rsaes_pkcs1_v15_unpadding
 .text          0x0000000000019388       0x20 /home/avees/Linux_for_Tegra/sources/tegra/optee-src/nv-optee/optee/build/t234/export-ta_arm64/lib/libmbedtls.a(platform_util.o)
                0x0000000000019388                mbedtls_platform_zeroize
 .text          0x00000000000193a8      0x128 /home/avees/Linux_for_Tegra/sources/tegra/optee-src/nv-optee/optee/build/t234/export-ta_arm64/lib/libutils.a(snprintf.o)
                0x00000000000193a8                snprintf
                0x0000000000019478                vsnprintf
 .text          0x00000000000194d0       0x5c /home/avees/Linux_for_Tegra/sources/tegra/optee-src/nv-optee/optee/build/t234/export-ta_arm64/lib/libutils.a(memmove.o)
                0x00000000000194d0                memmove
 .text          0x000000000001952c       0x58 /home/avees/Linux_for_Tegra/sources/tegra/optee-src/nv-optee/optee/build/t234/export-ta_arm64/lib/libutils.a(strlcpy.o)
                0x000000000001952c                strlcpy
 .text          0x0000000000019584      0x190 /home/avees/Linux_for_Tegra/sources/tegra/optee-src/nv-optee/optee/build/t234/export-ta_arm64/lib/libutils.a(mempool.o)
                0x0000000000019584                mempool_alloc_pool
                0x000000000001964c                mempool_alloc
                0x00000000000196b0                mempool_calloc
                0x0000000000019700                mempool_free
 .text          0x0000000000019714       0x70 /home/avees/Linux_for_Tegra/sources/tegra/optee-src/nv-optee/optee/build/t234/export-ta_arm64/lib/libutils.a(consttime_memcmp.o)
                0x0000000000019714                consttime_memcmp
 .text          0x0000000000019784        0x0 /home/avees/Linux_for_Tegra/sources/tegra/optee-src/nv-optee/optee/build/t234/export-ta_arm64/lib/libutee.a(utee_syscalls_a64.o)
 .text          0x0000000000019784        0x0 /home/avees/Linux_for_Tegra/sources/tegra/optee-src/nv-optee/optee/build/t234/export-ta_arm64/lib/libutee.a(abort.o)
 *(SORT_BY_ALIGNMENT(.stub))
 *(SORT_BY_ALIGNMENT(.glue_7))
 *(SORT_BY_ALIGNMENT(.glue_7t))
 *(SORT_BY_ALIGNMENT(.gnu.linkonce.t.*))
 *(SORT_BY_ALIGNMENT(.vfp11_veneer))
                0x0000000000019784                __text_end = .

.note.gnu.property
 *(SORT_BY_ALIGNMENT(.note.gnu.property))

.plt            0x0000000000019784        0x0
 *(SORT_BY_ALIGNMENT(.plt))
 .plt           0x0000000000019784        0x0 ./softmax_layer_TA.o

.eh_frame_hdr
 *(SORT_BY_ALIGNMENT(.eh_frame_hdr))
 *(SORT_BY_ALIGNMENT(.eh_frame_entry) SORT_BY_ALIGNMENT(.eh_frame_entry.*))

.eh_frame       0x0000000000019788     0x51fc
 *(SORT_BY_ALIGNMENT(.eh_frame))
 .eh_frame      0x0000000000019788       0xb8 ./softmax_layer_TA.o
 .eh_frame      0x0000000000019840      0x118 ./activations_TA.o
                                        0x128 (size before relaxing)
 .eh_frame      0x0000000000019958       0xc8 ./cost_layer_TA.o
                                         0xe0 (size before relaxing)
 .eh_frame      0x0000000000019a20       0x78 ./gemm_TA.o
                                         0x90 (size before relaxing)
 .eh_frame      0x0000000000019a98      0x120 ./connected_layer_TA.o
                                        0x130 (size before relaxing)
 .eh_frame      0x0000000000019bb8       0x98 ./dropout_layer_TA.o
                                         0xa8 (size before relaxing)
 .eh_frame      0x0000000000019c50      0x368 ./math_TA.o
                                        0x380 (size before relaxing)
 .eh_frame      0x0000000000019fb8       0xe0 ./parser_TA.o
                                         0xf8 (size before relaxing)
 .eh_frame      0x000000000001a098      0x210 ./blas_TA.o
                                        0x220 (size before relaxing)
 .eh_frame      0x000000000001a2a8       0xc0 ./maxpool_layer_TA.o
                                         0xd8 (size before relaxing)
 .eh_frame      0x000000000001a368      0x198 ./network_TA.o
                                        0x1b0 (size before relaxing)
 .eh_frame      0x000000000001a500       0x88 ./utils_TA.o
                                         0xa0 (size before relaxing)
 .eh_frame      0x000000000001a588      0x1b0 ./aes_TA.o
                                        0x1c0 (size before relaxing)
 .eh_frame      0x000000000001a738       0x58 ./im2col_TA.o
                                         0x70 (size before relaxing)
 .eh_frame      0x000000000001a790      0x198 ./batchnorm_layer_TA.o
                                        0x1b0 (size before relaxing)
 .eh_frame      0x000000000001a928      0x218 ./convolutional_layer_TA.o
                                        0x228 (size before relaxing)
 .eh_frame      0x000000000001ab40       0x78 ./avgpool_layer_TA.o
                                         0x88 (size before relaxing)
 .eh_frame      0x000000000001abb8       0x58 ./col2im_TA.o
                                         0x70 (size before relaxing)
 .eh_frame      0x000000000001ac10      0x330 ./darknetp_ta.o
                                        0x348 (size before relaxing)
 .eh_frame      0x000000000001af40       0x40 ./diffprivate_TA.o
                                         0x50 (size before relaxing)
 .eh_frame      0x000000000001af80       0x30 ./user_ta_header.o
                                         0x40 (size before relaxing)
 .eh_frame      0x000000000001afb0      0x2d8 /home/avees/Linux_for_Tegra/sources/tegra/optee-src/nv-optee/optee/build/t234/export-ta_arm64/lib/libutils.a(bget_malloc.o)
                                        0x2e8 (size before relaxing)
 .eh_frame      0x000000000001b288       0x18 /home/avees/Linux_for_Tegra/sources/tegra/optee-src/nv-optee/optee/build/t234/export-ta_arm64/lib/libutils.a(stack_check.o)
                                         0x30 (size before relaxing)
 .eh_frame      0x000000000001b2a0       0x18 /home/avees/Linux_for_Tegra/sources/tegra/optee-src/nv-optee/optee/build/t234/export-ta_arm64/lib/libutils.a(memcpy.o)
                                         0x28 (size before relaxing)
 .eh_frame      0x000000000001b2b8       0x18 /home/avees/Linux_for_Tegra/sources/tegra/optee-src/nv-optee/optee/build/t234/export-ta_arm64/lib/libutils.a(memset.o)
                                         0x28 (size before relaxing)
 .eh_frame      0x000000000001b2d0       0x18 /home/avees/Linux_for_Tegra/sources/tegra/optee-src/nv-optee/optee/build/t234/export-ta_arm64/lib/libutils.a(strcmp.o)
                                         0x28 (size before relaxing)
 .eh_frame      0x000000000001b2e8       0x18 /home/avees/Linux_for_Tegra/sources/tegra/optee-src/nv-optee/optee/build/t234/export-ta_arm64/lib/libutils.a(strncmp.o)
                                         0x28 (size before relaxing)
 .eh_frame      0x000000000001b300       0xb8 /home/avees/Linux_for_Tegra/sources/tegra/optee-src/nv-optee/optee/build/t234/export-ta_arm64/lib/libutils.a(trace.o)
                                         0xc8 (size before relaxing)
 .eh_frame      0x000000000001b3b8       0xf0 /home/avees/Linux_for_Tegra/sources/tegra/optee-src/nv-optee/optee/build/t234/export-ta_arm64/lib/libutils.a(snprintk.o)
                                        0x100 (size before relaxing)
 .eh_frame      0x000000000001b4a8       0x18 /home/avees/Linux_for_Tegra/sources/tegra/optee-src/nv-optee/optee/build/t234/export-ta_arm64/lib/libutils.a(memchr.o)
                                         0x28 (size before relaxing)
 .eh_frame      0x000000000001b4c0       0x18 /home/avees/Linux_for_Tegra/sources/tegra/optee-src/nv-optee/optee/build/t234/export-ta_arm64/lib/libutils.a(strlen.o)
                                         0x28 (size before relaxing)
 .eh_frame      0x000000000001b4d8       0x38 /home/avees/Linux_for_Tegra/sources/tegra/optee-src/nv-optee/optee/build/t234/export-ta_arm64/lib/libutee.a(assert.o)
                                         0x50 (size before relaxing)
 .eh_frame      0x000000000001b510       0xa8 /home/avees/Linux_for_Tegra/sources/tegra/optee-src/nv-optee/optee/build/t234/export-ta_arm64/lib/libutee.a(trace_ext.o)
                                         0xc0 (size before relaxing)
 .eh_frame      0x000000000001b5b8      0x588 /home/avees/Linux_for_Tegra/sources/tegra/optee-src/nv-optee/optee/build/t234/export-ta_arm64/lib/libutee.a(tee_api.o)
                                        0x5a0 (size before relaxing)
 .eh_frame      0x000000000001bb40      0xaf0 /home/avees/Linux_for_Tegra/sources/tegra/optee-src/nv-optee/optee/build/t234/export-ta_arm64/lib/libutee.a(tee_api_operations.o)
                                        0xb08 (size before relaxing)
 .eh_frame      0x000000000001c630      0x180 /home/avees/Linux_for_Tegra/sources/tegra/optee-src/nv-optee/optee/build/t234/export-ta_arm64/lib/libutee.a(tee_api_panic.o)
                                        0x198 (size before relaxing)
 .eh_frame      0x000000000001c7b0       0xc0 /home/avees/Linux_for_Tegra/sources/tegra/optee-src/nv-optee/optee/build/t234/export-ta_arm64/lib/libutee.a(tee_system_pta.o)
                                         0xd0 (size before relaxing)
 .eh_frame      0x000000000001c870      0x150 /home/avees/Linux_for_Tegra/sources/tegra/optee-src/nv-optee/optee/build/t234/export-ta_arm64/lib/libutee.a(user_ta_entry.o)
                                        0x168 (size before relaxing)
 .eh_frame      0x000000000001c9c0       0x18 /home/avees/Linux_for_Tegra/sources/tegra/optee-src/nv-optee/optee/build/t234/export-ta_arm64/lib/libutee.a(abort.o)
                                         0x30 (size before relaxing)
 .eh_frame      0x000000000001c9d8      0x7d0 /home/avees/Linux_for_Tegra/sources/tegra/optee-src/nv-optee/optee/build/t234/export-ta_arm64/lib/libutee.a(tee_api_arith_mpi.o)
                                        0x7e0 (size before relaxing)
 .eh_frame      0x000000000001d1a8      0x750 /home/avees/Linux_for_Tegra/sources/tegra/optee-src/nv-optee/optee/build/t234/export-ta_arm64/lib/libutee.a(tee_api_objects.o)
                                        0x768 (size before relaxing)
 .eh_frame      0x000000000001d8f8      0x2f8 /home/avees/Linux_for_Tegra/sources/tegra/optee-src/nv-optee/optee/build/t234/export-ta_arm64/lib/libutee.a(tee_api_property.o)
                                        0x308 (size before relaxing)
 .eh_frame      0x000000000001dbf0       0x90 /home/avees/Linux_for_Tegra/sources/tegra/optee-src/nv-optee/optee/build/t234/export-ta_arm64/lib/libutee.a(tcb.o)
                                         0xa8 (size before relaxing)
 .eh_frame      0x000000000001dc80       0x58 /home/avees/Linux_for_Tegra/sources/tegra/optee-src/nv-optee/optee/build/t234/export-ta_arm64/lib/libutee.a(base64.o)
                                         0x70 (size before relaxing)
 .eh_frame      0x000000000001dcd8      0x988 /home/avees/Linux_for_Tegra/sources/tegra/optee-src/nv-optee/optee/build/t234/export-ta_arm64/lib/libmbedtls.a(bignum.o)
                                        0x9a0 (size before relaxing)
 .eh_frame      0x000000000001e660      0x1e0 /home/avees/Linux_for_Tegra/sources/tegra/optee-src/nv-optee/optee/build/t234/export-ta_arm64/lib/libmbedtls.a(constant_time.o)
                                        0x1f8 (size before relaxing)
 .eh_frame      0x000000000001e840       0x18 /home/avees/Linux_for_Tegra/sources/tegra/optee-src/nv-optee/optee/build/t234/export-ta_arm64/lib/libmbedtls.a(platform_util.o)
                                         0x28 (size before relaxing)
 .eh_frame      0x000000000001e858       0x58 /home/avees/Linux_for_Tegra/sources/tegra/optee-src/nv-optee/optee/build/t234/export-ta_arm64/lib/libutils.a(snprintf.o)
                                         0x68 (size before relaxing)
 .eh_frame      0x000000000001e8b0       0x18 /home/avees/Linux_for_Tegra/sources/tegra/optee-src/nv-optee/optee/build/t234/export-ta_arm64/lib/libutils.a(memmove.o)
                                         0x28 (size before relaxing)
 .eh_frame      0x000000000001e8c8       0x18 /home/avees/Linux_for_Tegra/sources/tegra/optee-src/nv-optee/optee/build/t234/export-ta_arm64/lib/libutils.a(strlcpy.o)
                                         0x28 (size before relaxing)
 .eh_frame      0x000000000001e8e0       0x88 /home/avees/Linux_for_Tegra/sources/tegra/optee-src/nv-optee/optee/build/t234/export-ta_arm64/lib/libutils.a(mempool.o)
                                         0xa0 (size before relaxing)
 .eh_frame      0x000000000001e968       0x1c /home/avees/Linux_for_Tegra/sources/tegra/optee-src/nv-optee/optee/build/t234/export-ta_arm64/lib/libutils.a(consttime_memcmp.o)
                                         0x30 (size before relaxing)
 *(SORT_BY_ALIGNMENT(.eh_frame.*))

.gcc_except_table
 *(SORT_BY_ALIGNMENT(.gcc_except_table) SORT_BY_ALIGNMENT(.gcc_except_table.*))

.rodata         0x000000000001e988     0x1935
 *(SORT_BY_ALIGNMENT(.gnu.linkonce.r.*))
 *(SORT_BY_ALIGNMENT(.rodata) SORT_BY_ALIGNMENT(.rodata.*))
 .rodata.cst8   0x000000000001e988       0x30 ./activations_TA.o
 .rodata.cst8   0x000000000001e9b8       0x50 ./math_TA.o
                                         0x58 (size before relaxing)
 .rodata.cst8   0x000000000001ea08        0x8 ./blas_TA.o
 .rodata.cst8   0x000000000001ea10        0x8 ./network_TA.o
                                         0x10 (size before relaxing)
 .rodata.cst8   0x000000000001ea18        0x8 ./diffprivate_TA.o
 .rodata.user_ta_header.c
                0x000000000001ea20       0x33 ./user_ta_header.o
                0x000000000001ea20                ta_num_props
                0x000000000001ea40                __ta_no_share_heap_size
                0x000000000001ea48                ta_heap_size
                0x000000000001ea50                trace_ext_prefix
 *fill*         0x000000000001ea53        0x5 
 .rodata.lib/libutee/tee_api.c
                0x000000000001ea58       0x20 /home/avees/Linux_for_Tegra/sources/tegra/optee-src/nv-optee/optee/build/t234/export-ta_arm64/lib/libutee.a(tee_api.o)
 .rodata.activations_TA.c
                0x000000000001ea78       0x3a ./activations_TA.o
 *fill*         0x000000000001eab2        0x2 
 .rodata.cst4   0x000000000001eab4        0xc ./activations_TA.o
 .rodata.cost_layer_TA.c
                0x000000000001eac0       0x16 ./cost_layer_TA.o
 *fill*         0x000000000001ead6        0x2 
 .rodata.cst4   0x000000000001ead8        0x4 ./cost_layer_TA.o
 .rodata.cst4   0x000000000001eadc        0x4 ./blas_TA.o
 .rodata.cst4   0x000000000001eae0        0x4 ./maxpool_layer_TA.o
 .rodata.cst4   0x000000000001eae0        0x8 ./batchnorm_layer_TA.o
                                          0xc (size before relaxing)
 .rodata.darknetp_ta.c
                0x000000000001eae8       0x9a ./darknetp_ta.o
 .rodata.cst4   0x000000000001eb82        0x4 ./darknetp_ta.o
 *fill*         0x000000000001eb82        0x2 
 .rodata.lib/libutils/ext/snprintk.c
                0x000000000001eb84       0xac /home/avees/Linux_for_Tegra/sources/tegra/optee-src/nv-optee/optee/build/t234/export-ta_arm64/lib/libutils.a(snprintk.o)
 .rodata.lib/libutee/tee_api_operations.c
                0x000000000001ec30       0x1c /home/avees/Linux_for_Tegra/sources/tegra/optee-src/nv-optee/optee/build/t234/export-ta_arm64/lib/libutee.a(tee_api_operations.o)
 .rodata.lib/libutee/tee_system_pta.c
                0x000000000001ec4c       0x31 /home/avees/Linux_for_Tegra/sources/tegra/optee-src/nv-optee/optee/build/t234/export-ta_arm64/lib/libutee.a(tee_system_pta.o)
 *fill*         0x000000000001ec7d        0x3 
 .rodata.lib/libutee/tee_api_property.c
                0x000000000001ec80       0x20 /home/avees/Linux_for_Tegra/sources/tegra/optee-src/nv-optee/optee/build/t234/export-ta_arm64/lib/libutee.a(tee_api_property.o)
 .rodata.lib/libutee/base64.c
                0x000000000001eca0       0x45 /home/avees/Linux_for_Tegra/sources/tegra/optee-src/nv-optee/optee/build/t234/export-ta_arm64/lib/libutee.a(base64.o)
 *fill*         0x000000000001ece5        0x3 
 .rodata.lib/libmbedtls/mbedtls/library/bignum.c
                0x000000000001ece8      0x2c4 /home/avees/Linux_for_Tegra/sources/tegra/optee-src/nv-optee/optee/build/t234/export-ta_arm64/lib/libmbedtls.a(bignum.o)
 .rodata.str1.1.softmax_layer_TA.c
                0x000000000001efac       0x26 ./softmax_layer_TA.o
 .rodata.softmax_layer_TA.c
                0x000000000001efd2       0x1a ./softmax_layer_TA.o
 .rodata.str1.1.activations_TA.c
                0x000000000001efec       0x4f ./activations_TA.o
                                         0x53 (size before relaxing)
 .rodata.str1.1.cost_layer_TA.c
                0x000000000001f03b       0x4a ./cost_layer_TA.o
 .rodata.str1.1.parser_TA.c
                0x000000000001f085       0x23 ./parser_TA.o
 .rodata.parser_TA.c
                0x000000000001f0a8        0xb ./parser_TA.o
 .rodata.str1.1.network_TA.c
                0x000000000001f0b3       0x55 ./network_TA.o
 .rodata.network_TA.c
                0x000000000001f108       0x15 ./network_TA.o
 .rodata.aes_TA.c
                0x000000000001f11d      0x20b ./aes_TA.o
 .rodata.str1.1.darknetp_ta.c
                0x000000000001f328      0x18e ./darknetp_ta.o
 .rodata.str1.1.user_ta_header.c
                0x000000000001f4b6      0x133 ./user_ta_header.o
 .rodata.str1.1.lib/libutils/isoc/bget_malloc.c
                0x000000000001f5e9      0x290 /home/avees/Linux_for_Tegra/sources/tegra/optee-src/nv-optee/optee/build/t234/export-ta_arm64/lib/libutils.a(bget_malloc.o)
                                        0x29b (size before relaxing)
 .rodata.lib/libutils/isoc/bget_malloc.c
                0x000000000001f879       0x51 /home/avees/Linux_for_Tegra/sources/tegra/optee-src/nv-optee/optee/build/t234/export-ta_arm64/lib/libutils.a(bget_malloc.o)
 .rodata.str1.1.lib/libutils/isoc/stack_check.c
                0x000000000001f8ca       0x18 /home/avees/Linux_for_Tegra/sources/tegra/optee-src/nv-optee/optee/build/t234/export-ta_arm64/lib/libutils.a(stack_check.o)
 .rodata.str1.1.lib/libutils/ext/trace.c
                0x000000000001f8e2       0x1a /home/avees/Linux_for_Tegra/sources/tegra/optee-src/nv-optee/optee/build/t234/export-ta_arm64/lib/libutils.a(trace.o)
                                         0x1b (size before relaxing)
 .rodata.lib/libutils/ext/trace.c
                0x000000000001f8fc        0x5 /home/avees/Linux_for_Tegra/sources/tegra/optee-src/nv-optee/optee/build/t234/export-ta_arm64/lib/libutils.a(trace.o)
 .rodata.str1.1.lib/libutils/ext/snprintk.c
                0x000000000001f901       0x38 /home/avees/Linux_for_Tegra/sources/tegra/optee-src/nv-optee/optee/build/t234/export-ta_arm64/lib/libutils.a(snprintk.o)
 .rodata.str1.1.lib/libutee/assert.c
                0x000000000001f939       0x27 /home/avees/Linux_for_Tegra/sources/tegra/optee-src/nv-optee/optee/build/t234/export-ta_arm64/lib/libutee.a(assert.o)
 .rodata.str1.1.lib/libutee/trace_ext.c
                0x000000000001f960       0x27 /home/avees/Linux_for_Tegra/sources/tegra/optee-src/nv-optee/optee/build/t234/export-ta_arm64/lib/libutee.a(trace_ext.o)
                                          0x2 (size before relaxing)
 .rodata.str1.1.lib/libutee/tee_api.c
                0x000000000001f960       0x11 /home/avees/Linux_for_Tegra/sources/tegra/optee-src/nv-optee/optee/build/t234/export-ta_arm64/lib/libutee.a(tee_api.o)
 .rodata.str1.1.lib/libutee/tee_api_operations.c
                0x000000000001f971       0x39 /home/avees/Linux_for_Tegra/sources/tegra/optee-src/nv-optee/optee/build/t234/export-ta_arm64/lib/libutee.a(tee_api_operations.o)
 .rodata.str1.1.lib/libutee/tee_system_pta.c
                0x000000000001f9aa       0x55 /home/avees/Linux_for_Tegra/sources/tegra/optee-src/nv-optee/optee/build/t234/export-ta_arm64/lib/libutee.a(tee_system_pta.o)
 .rodata.str1.1.lib/libutee/user_ta_entry.c
                0x000000000001f9ff       0x4f /home/avees/Linux_for_Tegra/sources/tegra/optee-src/nv-optee/optee/build/t234/export-ta_arm64/lib/libutee.a(user_ta_entry.o)
 .rodata.lib/libutee/user_ta_entry.c
                0x000000000001fa4e       0x16 /home/avees/Linux_for_Tegra/sources/tegra/optee-src/nv-optee/optee/build/t234/export-ta_arm64/lib/libutee.a(user_ta_entry.o)
 .rodata.str1.1.lib/libutee/abort.c
                0x000000000001fa64        0x7 /home/avees/Linux_for_Tegra/sources/tegra/optee-src/nv-optee/optee/build/t234/export-ta_arm64/lib/libutee.a(abort.o)
 .rodata.str1.1.lib/libutee/tee_api_arith_mpi.c
                0x000000000001fa6b       0xc9 /home/avees/Linux_for_Tegra/sources/tegra/optee-src/nv-optee/optee/build/t234/export-ta_arm64/lib/libutee.a(tee_api_arith_mpi.o)
 .rodata.lib/libutee/tee_api_arith_mpi.c
                0x000000000001fb34      0x14e /home/avees/Linux_for_Tegra/sources/tegra/optee-src/nv-optee/optee/build/t234/export-ta_arm64/lib/libutee.a(tee_api_arith_mpi.o)
 .rodata.str1.1.lib/libutee/tee_api_property.c
                0x000000000001fc82       0x83 /home/avees/Linux_for_Tegra/sources/tegra/optee-src/nv-optee/optee/build/t234/export-ta_arm64/lib/libutee.a(tee_api_property.o)
                                         0x88 (size before relaxing)
 .rodata.str1.1.lib/libutee/tcb.c
                0x000000000001fd05       0x8d /home/avees/Linux_for_Tegra/sources/tegra/optee-src/nv-optee/optee/build/t234/export-ta_arm64/lib/libutee.a(tcb.o)
 .rodata.lib/libutee/tcb.c
                0x000000000001fd92       0x20 /home/avees/Linux_for_Tegra/sources/tegra/optee-src/nv-optee/optee/build/t234/export-ta_arm64/lib/libutee.a(tcb.o)
 .rodata.str1.1.lib/libmbedtls/mbedtls/library/bignum.c
                0x000000000001fdb2      0x456 /home/avees/Linux_for_Tegra/sources/tegra/optee-src/nv-optee/optee/build/t234/export-ta_arm64/lib/libmbedtls.a(bignum.o)
                                        0x45d (size before relaxing)
 .rodata.str1.1.lib/libutils/ext/mempool.c
                0x0000000000020208       0x89 /home/avees/Linux_for_Tegra/sources/tegra/optee-src/nv-optee/optee/build/t234/export-ta_arm64/lib/libutils.a(mempool.o)
 .rodata.lib/libutils/ext/mempool.c
                0x0000000000020291       0x2c /home/avees/Linux_for_Tegra/sources/tegra/optee-src/nv-optee/optee/build/t234/export-ta_arm64/lib/libutils.a(mempool.o)

.gnu.version_d  0x00000000000202c0        0x0
 .gnu.version_d
                0x00000000000202c0        0x0 ./softmax_layer_TA.o

.gnu.version    0x00000000000202be        0x0
 .gnu.version   0x00000000000202be        0x0 ./softmax_layer_TA.o

.gnu.version_r  0x00000000000202c0        0x0
 .gnu.version_r
                0x00000000000202c0        0x0 ./softmax_layer_TA.o

.gnu.hash       0x00000000000202c0       0x30
 .gnu.hash      0x00000000000202c0       0x30 ./softmax_layer_TA.o

.ARM.extab
 *(SORT_BY_ALIGNMENT(.ARM.extab*) SORT_BY_ALIGNMENT(.gnu.linkonce.armextab.*))
                [!provide]                        PROVIDE (__exidx_start = .)

.ARM.exidx
 *(SORT_BY_ALIGNMENT(.ARM.exidx*) SORT_BY_ALIGNMENT(.gnu.linkonce.armexidx.*))
                [!provide]                        PROVIDE (__exidx_end = .)

.ctors
 *(SORT_BY_ALIGNMENT(.ctors))

.dtors
 *(SORT_BY_ALIGNMENT(.dtors))

.dynsym         0x00000000000202f0       0x90
 *(SORT_BY_ALIGNMENT(.dynsym))
 .dynsym        0x00000000000202f0       0x90 ./softmax_layer_TA.o

.dynstr         0x0000000000020380       0x2e
 *(SORT_BY_ALIGNMENT(.dynstr))
 .dynstr        0x0000000000020380       0x2e ./softmax_layer_TA.o

.hash           0x00000000000203b0       0x2c
 *(SORT_BY_ALIGNMENT(.hash))
 .hash          0x00000000000203b0       0x2c ./softmax_layer_TA.o

.rela.dyn       0x00000000000203e0      0x348
 .rela.data.rel.ro
                0x00000000000203e0        0x0 ./softmax_layer_TA.o
 .rela.ifunc    0x00000000000203e0        0x0 ./softmax_layer_TA.o
 .rela.data.rel.ro.local
                0x00000000000203e0      0x2d0 ./softmax_layer_TA.o
 .rela.data.rel.local
                0x00000000000206b0       0x60 ./softmax_layer_TA.o
 .rela.data.rel
                0x0000000000020710       0x18 ./softmax_layer_TA.o
                0x0000000000021000                . = ALIGN (0x1000)

.dynamic        0x0000000000021000      0x110
 *(SORT_BY_ALIGNMENT(.dynamic))
 .dynamic       0x0000000000021000      0x110 ./softmax_layer_TA.o
                0x0000000000021000                _DYNAMIC

.tdata
 *(SORT_BY_ALIGNMENT(.tdata) SORT_BY_ALIGNMENT(.tdata.*) SORT_BY_ALIGNMENT(.gnu.linkonce.td.*))

.tbss
 *(SORT_BY_ALIGNMENT(.tbss) SORT_BY_ALIGNMENT(.tbss.*) SORT_BY_ALIGNMENT(.gnu.linkonce.tb.*))
 *(SORT_BY_ALIGNMENT(.tcommon))

.got            0x0000000000021110      0x1b0
 *(SORT_BY_ALIGNMENT(.got.plt))
 .got.plt       0x0000000000021110       0x18 ./softmax_layer_TA.o
 *(SORT_BY_ALIGNMENT(.got))
 .got           0x0000000000021128      0x198 ./softmax_layer_TA.o
                0x0000000000021128                _GLOBAL_OFFSET_TABLE_

.rel.text
 *(SORT_BY_ALIGNMENT(.rel.text))
 *(SORT_BY_ALIGNMENT(.rel.gnu.linkonce.t*))

.rela.text
 *(SORT_BY_ALIGNMENT(.rela.text))
 *(SORT_BY_ALIGNMENT(.rela.gnu.linkonce.t*))

.rel.data
 *(SORT_BY_ALIGNMENT(.rel.data))
 *(SORT_BY_ALIGNMENT(.rel.gnu.linkonce.d*))

.rela.data
 *(SORT_BY_ALIGNMENT(.rela.data))
 *(SORT_BY_ALIGNMENT(.rela.gnu.linkonce.d*))

.rel.tdata
 *(SORT_BY_ALIGNMENT(.rel.tdata) SORT_BY_ALIGNMENT(.rel.tdata.*) SORT_BY_ALIGNMENT(.rel.gnu.linkonce.td.*))

.rela.tdata
 *(SORT_BY_ALIGNMENT(.rela.tdata) SORT_BY_ALIGNMENT(.rela.tdata.*) SORT_BY_ALIGNMENT(.rela.gnu.linkonce.td.*))

.rel.tbss
 *(SORT_BY_ALIGNMENT(.rel.tbss) SORT_BY_ALIGNMENT(.rel.tbss.*) SORT_BY_ALIGNMENT(.rel.gnu.linkonce.tb.*))

.rela.tbss
 *(SORT_BY_ALIGNMENT(.rela.tbss) SORT_BY_ALIGNMENT(.rela.tbss.*) SORT_BY_ALIGNMENT(.rela.gnu.linkonce.tb.*))

.rel.rodata
 *(SORT_BY_ALIGNMENT(.rel.rodata))
 *(SORT_BY_ALIGNMENT(.rel.gnu.linkonce.r*))

.rela.rodata
 *(SORT_BY_ALIGNMENT(.rela.rodata))
 *(SORT_BY_ALIGNMENT(.rela.gnu.linkonce.r*))

.rel.dyn
 *(SORT_BY_ALIGNMENT(.rel.dyn))

.rel.got
 *(SORT_BY_ALIGNMENT(.rel.got))

.rela.got       0x00000000000212c0      0x4b0
 *(SORT_BY_ALIGNMENT(.rela.got))
 .rela.got      0x00000000000212c0      0x4b0 ./softmax_layer_TA.o

.rel.ctors
 *(SORT_BY_ALIGNMENT(.rel.ctors))

.rela.ctors
 *(SORT_BY_ALIGNMENT(.rela.ctors))

.rel.dtors
 *(SORT_BY_ALIGNMENT(.rel.dtors))

.rela.dtors
 *(SORT_BY_ALIGNMENT(.rela.dtors))

.rel.init
 *(SORT_BY_ALIGNMENT(.rel.init))

.rela.init
 *(SORT_BY_ALIGNMENT(.rela.init))

.rel.fini
 *(SORT_BY_ALIGNMENT(.rel.fini))

.rela.fini
 *(SORT_BY_ALIGNMENT(.rela.fini))

.rel.bss
 *(SORT_BY_ALIGNMENT(.rel.bss))

.rela.bss       0x0000000000021770        0x0
 *(SORT_BY_ALIGNMENT(.rela.bss))
 .rela.bss      0x0000000000021770        0x0 ./softmax_layer_TA.o

.rel.plt
 *(SORT_BY_ALIGNMENT(.rel.plt))

.rela.plt       0x0000000000021770        0x0
 *(SORT_BY_ALIGNMENT(.rela.plt))
 .rela.plt      0x0000000000021770        0x0 ./softmax_layer_TA.o

.data           0x0000000000021770      0x1d4
 *(SORT_BY_ALIGNMENT(.data) SORT_BY_ALIGNMENT(.data.*) SORT_BY_ALIGNMENT(.gnu.linkonce.d.*))
 .data.rel.ro.local
                0x0000000000021770      0x108 ./user_ta_header.o
                0x0000000000021770                ta_props
 .data.rel.local
                0x0000000000021878       0x30 /home/avees/Linux_for_Tegra/sources/tegra/optee-src/nv-optee/optee/build/t234/export-ta_arm64/lib/libutils.a(bget_malloc.o)
 .data          0x00000000000218a8        0x8 /home/avees/Linux_for_Tegra/sources/tegra/optee-src/nv-optee/optee/build/t234/export-ta_arm64/lib/libutils.a(stack_check.o)
                0x00000000000218a8                __stack_chk_guard
 .data.rel.local
                0x00000000000218b0       0x20 /home/avees/Linux_for_Tegra/sources/tegra/optee-src/nv-optee/optee/build/t234/export-ta_arm64/lib/libutee.a(user_ta_entry.o)
 .data.rel.ro.local
                0x00000000000218d0       0x60 /home/avees/Linux_for_Tegra/sources/tegra/optee-src/nv-optee/optee/build/t234/export-ta_arm64/lib/libutee.a(tee_api_property.o)
                0x00000000000218d0                tee_props
 .data.rel      0x0000000000021930        0x8 /home/avees/Linux_for_Tegra/sources/tegra/optee-src/nv-optee/optee/build/t234/export-ta_arm64/lib/libmbedtls.a(platform_util.o)
 .data          0x0000000000021938        0x4 ./network_TA.o
                0x0000000000021938                avg_loss
 .data          0x000000000002193c        0x4 ./darknetp_ta.o
                0x000000000002193c                norm_output
 .data          0x0000000000021940        0x4 ./user_ta_header.o
                0x0000000000021940                trace_level
 .data          0x0000000000021944        0x0 ./softmax_layer_TA.o
 .data.rel.ro   0x0000000000021944        0x0 ./softmax_layer_TA.o
 .data          0x0000000000021944        0x0 ./activations_TA.o
 .data          0x0000000000021944        0x0 ./cost_layer_TA.o
 .data          0x0000000000021944        0x0 ./gemm_TA.o
 .data          0x0000000000021944        0x0 ./connected_layer_TA.o
 .data          0x0000000000021944        0x0 ./dropout_layer_TA.o
 .data          0x0000000000021944        0x0 ./math_TA.o
 .data          0x0000000000021944        0x0 ./parser_TA.o
 .data          0x0000000000021944        0x0 ./blas_TA.o
 .data          0x0000000000021944        0x0 ./maxpool_layer_TA.o
 .data          0x0000000000021944        0x0 ./utils_TA.o
 .data          0x0000000000021944        0x0 ./aes_TA.o
 .data          0x0000000000021944        0x0 ./im2col_TA.o
 .data          0x0000000000021944        0x0 ./batchnorm_layer_TA.o
 .data          0x0000000000021944        0x0 ./convolutional_layer_TA.o
 .data          0x0000000000021944        0x0 ./avgpool_layer_TA.o
 .data          0x0000000000021944        0x0 ./col2im_TA.o
 .data          0x0000000000021944        0x0 ./diffprivate_TA.o
 .data          0x0000000000021944        0x0 /home/avees/Linux_for_Tegra/sources/tegra/optee-src/nv-optee/optee/build/t234/export-ta_arm64/lib/libutils.a(bget_malloc.o)
 .data          0x0000000000021944        0x0 /home/avees/Linux_for_Tegra/sources/tegra/optee-src/nv-optee/optee/build/t234/export-ta_arm64/lib/libutils.a(memcpy.o)
 .data          0x0000000000021944        0x0 /home/avees/Linux_for_Tegra/sources/tegra/optee-src/nv-optee/optee/build/t234/export-ta_arm64/lib/libutils.a(memset.o)
 .data          0x0000000000021944        0x0 /home/avees/Linux_for_Tegra/sources/tegra/optee-src/nv-optee/optee/build/t234/export-ta_arm64/lib/libutils.a(strcmp.o)
 .data          0x0000000000021944        0x0 /home/avees/Linux_for_Tegra/sources/tegra/optee-src/nv-optee/optee/build/t234/export-ta_arm64/lib/libutils.a(strncmp.o)
 .data          0x0000000000021944        0x0 /home/avees/Linux_for_Tegra/sources/tegra/optee-src/nv-optee/optee/build/t234/export-ta_arm64/lib/libutils.a(trace.o)
 .data          0x0000000000021944        0x0 /home/avees/Linux_for_Tegra/sources/tegra/optee-src/nv-optee/optee/build/t234/export-ta_arm64/lib/libutils.a(snprintk.o)
 .data          0x0000000000021944        0x0 /home/avees/Linux_for_Tegra/sources/tegra/optee-src/nv-optee/optee/build/t234/export-ta_arm64/lib/libutils.a(memchr.o)
 .data          0x0000000000021944        0x0 /home/avees/Linux_for_Tegra/sources/tegra/optee-src/nv-optee/optee/build/t234/export-ta_arm64/lib/libutils.a(strlen.o)
 .data          0x0000000000021944        0x0 /home/avees/Linux_for_Tegra/sources/tegra/optee-src/nv-optee/optee/build/t234/export-ta_arm64/lib/libutee.a(assert.o)
 .data          0x0000000000021944        0x0 /home/avees/Linux_for_Tegra/sources/tegra/optee-src/nv-optee/optee/build/t234/export-ta_arm64/lib/libutee.a(trace_ext.o)
 .data          0x0000000000021944        0x0 /home/avees/Linux_for_Tegra/sources/tegra/optee-src/nv-optee/optee/build/t234/export-ta_arm64/lib/libutee.a(tee_api.o)
 .data          0x0000000000021944        0x0 /home/avees/Linux_for_Tegra/sources/tegra/optee-src/nv-optee/optee/build/t234/export-ta_arm64/lib/libutee.a(tee_api_operations.o)
 .data          0x0000000000021944        0x0 /home/avees/Linux_for_Tegra/sources/tegra/optee-src/nv-optee/optee/build/t234/export-ta_arm64/lib/libutee.a(tee_api_panic.o)
 .data          0x0000000000021944        0x0 /home/avees/Linux_for_Tegra/sources/tegra/optee-src/nv-optee/optee/build/t234/export-ta_arm64/lib/libutee.a(tee_system_pta.o)
 .data          0x0000000000021944        0x0 /home/avees/Linux_for_Tegra/sources/tegra/optee-src/nv-optee/optee/build/t234/export-ta_arm64/lib/libutee.a(user_ta_entry.o)
 .data          0x0000000000021944        0x0 /home/avees/Linux_for_Tegra/sources/tegra/optee-src/nv-optee/optee/build/t234/export-ta_arm64/lib/libutee.a(utee_syscalls_a64.o)
 .data          0x0000000000021944        0x0 /home/avees/Linux_for_Tegra/sources/tegra/optee-src/nv-optee/optee/build/t234/export-ta_arm64/lib/libutee.a(abort.o)
 .data          0x0000000000021944        0x0 /home/avees/Linux_for_Tegra/sources/tegra/optee-src/nv-optee/optee/build/t234/export-ta_arm64/lib/libutee.a(tee_api_arith_mpi.o)
 .data          0x0000000000021944        0x0 /home/avees/Linux_for_Tegra/sources/tegra/optee-src/nv-optee/optee/build/t234/export-ta_arm64/lib/libutee.a(tee_api_objects.o)
 .data          0x0000000000021944        0x0 /home/avees/Linux_for_Tegra/sources/tegra/optee-src/nv-optee/optee/build/t234/export-ta_arm64/lib/libutee.a(tee_api_property.o)
 .data          0x0000000000021944        0x0 /home/avees/Linux_for_Tegra/sources/tegra/optee-src/nv-optee/optee/build/t234/export-ta_arm64/lib/libutee.a(tcb.o)
 .data          0x0000000000021944        0x0 /home/avees/Linux_for_Tegra/sources/tegra/optee-src/nv-optee/optee/build/t234/export-ta_arm64/lib/libutee.a(base64.o)
 .data          0x0000000000021944        0x0 /home/avees/Linux_for_Tegra/sources/tegra/optee-src/nv-optee/optee/build/t234/export-ta_arm64/lib/libmbedtls.a(bignum.o)
 .data          0x0000000000021944        0x0 /home/avees/Linux_for_Tegra/sources/tegra/optee-src/nv-optee/optee/build/t234/export-ta_arm64/lib/libmbedtls.a(constant_time.o)
 .data          0x0000000000021944        0x0 /home/avees/Linux_for_Tegra/sources/tegra/optee-src/nv-optee/optee/build/t234/export-ta_arm64/lib/libmbedtls.a(platform_util.o)
 .data          0x0000000000021944        0x0 /home/avees/Linux_for_Tegra/sources/tegra/optee-src/nv-optee/optee/build/t234/export-ta_arm64/lib/libutils.a(snprintf.o)
 .data          0x0000000000021944        0x0 /home/avees/Linux_for_Tegra/sources/tegra/optee-src/nv-optee/optee/build/t234/export-ta_arm64/lib/libutils.a(memmove.o)
 .data          0x0000000000021944        0x0 /home/avees/Linux_for_Tegra/sources/tegra/optee-src/nv-optee/optee/build/t234/export-ta_arm64/lib/libutils.a(strlcpy.o)
 .data          0x0000000000021944        0x0 /home/avees/Linux_for_Tegra/sources/tegra/optee-src/nv-optee/optee/build/t234/export-ta_arm64/lib/libutils.a(mempool.o)
 .data          0x0000000000021944        0x0 /home/avees/Linux_for_Tegra/sources/tegra/optee-src/nv-optee/optee/build/t234/export-ta_arm64/lib/libutils.a(consttime_memcmp.o)

.bss            0x0000000000021948   0xa04208
 *(SORT_BY_ALIGNMENT(.bss) SORT_BY_ALIGNMENT(.bss.*) SORT_BY_ALIGNMENT(.gnu.linkonce.b.*) SORT_BY_ALIGNMENT(COMMON))
 COMMON         0x0000000000021948      0x130 ./network_TA.o
                0x0000000000021948                ta_net_delta
                0x0000000000021950                ta_net_input
                0x0000000000021958                netta
                0x0000000000021a70                ta_net_output
 .bss           0x0000000000021a78       0x1c ./darknetp_ta.o
                0x0000000000021a88                debug_summary_pass
                0x0000000000021a8c                debug_summary_com
                0x0000000000021a90                netnum
 *fill*         0x0000000000021a94        0x4 
 COMMON         0x0000000000021a98        0x8 ./darknetp_ta.o
                0x0000000000021a98                netta_truth
 .bss           0x0000000000021aa0       0x10 /home/avees/Linux_for_Tegra/sources/tegra/optee-src/nv-optee/optee/build/t234/export-ta_arm64/lib/libutee.a(tee_api.o)
 .bss           0x0000000000021ab0        0x8 /home/avees/Linux_for_Tegra/sources/tegra/optee-src/nv-optee/optee/build/t234/export-ta_arm64/lib/libutee.a(tee_system_pta.o)
 .bss           0x0000000000021ab8        0x9 /home/avees/Linux_for_Tegra/sources/tegra/optee-src/nv-optee/optee/build/t234/export-ta_arm64/lib/libutee.a(user_ta_entry.o)
 *fill*         0x0000000000021ac1        0x7 
 COMMON         0x0000000000021ac8       0x60 /home/avees/Linux_for_Tegra/sources/tegra/optee-src/nv-optee/optee/build/t234/export-ta_arm64/lib/libutee.a(user_ta_entry.o)
                0x0000000000021ac8                ta_param_types
                0x0000000000021ad0                __ta_no_share_malloc_ctx
                0x0000000000021ad8                ta_params
                0x0000000000021b18                __elf_phdr_info
 .bss           0x0000000000021b28     0x4000 /home/avees/Linux_for_Tegra/sources/tegra/optee-src/nv-optee/optee/build/t234/export-ta_arm64/lib/libutee.a(tee_api_arith_mpi.o)
 .bss           0x0000000000025b28       0x10 /home/avees/Linux_for_Tegra/sources/tegra/optee-src/nv-optee/optee/build/t234/export-ta_arm64/lib/libutee.a(tcb.o)
 COMMON         0x0000000000025b38        0x8 /home/avees/Linux_for_Tegra/sources/tegra/optee-src/nv-optee/optee/build/t234/export-ta_arm64/lib/libmbedtls.a(bignum.o)
                0x0000000000025b38                mbedtls_mpi_mempool
 .bss           0x0000000000025b40        0x8 ./network_TA.o
                0x0000000000025b40                err_sum
                0x0000000000025b44                roundnum
 .bss           0x0000000000025b48        0x8 ./utils_TA.o
 .bss           0x0000000000025b50        0x0 ./softmax_layer_TA.o
 .bss           0x0000000000025b50        0x0 ./activations_TA.o
 .bss           0x0000000000025b50        0x0 ./cost_layer_TA.o
 .bss           0x0000000000025b50        0x0 ./gemm_TA.o
 .bss           0x0000000000025b50        0x0 ./connected_layer_TA.o
 .bss           0x0000000000025b50        0x0 ./dropout_layer_TA.o
 .bss           0x0000000000025b50        0x0 ./math_TA.o
 .bss           0x0000000000025b50        0x0 ./parser_TA.o
 .bss           0x0000000000025b50        0x0 ./blas_TA.o
 .bss           0x0000000000025b50        0x0 ./maxpool_layer_TA.o
 .bss           0x0000000000025b50        0x0 ./aes_TA.o
 .bss           0x0000000000025b50        0x0 ./im2col_TA.o
 .bss           0x0000000000025b50        0x0 ./batchnorm_layer_TA.o
 .bss           0x0000000000025b50        0x0 ./convolutional_layer_TA.o
 .bss           0x0000000000025b50        0x0 ./avgpool_layer_TA.o
 .bss           0x0000000000025b50        0x0 ./col2im_TA.o
 .bss           0x0000000000025b50        0x0 ./diffprivate_TA.o
 .bss           0x0000000000025b50        0x0 ./user_ta_header.o
 COMMON         0x0000000000025b50   0xa00000 ./user_ta_header.o
                0x0000000000025b50                ta_heap
                0x0000000000a25b50                __ta_no_share_heap
 .bss           0x0000000000a25b50        0x0 /home/avees/Linux_for_Tegra/sources/tegra/optee-src/nv-optee/optee/build/t234/export-ta_arm64/lib/libutils.a(bget_malloc.o)
 .bss           0x0000000000a25b50        0x0 /home/avees/Linux_for_Tegra/sources/tegra/optee-src/nv-optee/optee/build/t234/export-ta_arm64/lib/libutils.a(stack_check.o)
 .bss           0x0000000000a25b50        0x0 /home/avees/Linux_for_Tegra/sources/tegra/optee-src/nv-optee/optee/build/t234/export-ta_arm64/lib/libutils.a(memcpy.o)
 .bss           0x0000000000a25b50        0x0 /home/avees/Linux_for_Tegra/sources/tegra/optee-src/nv-optee/optee/build/t234/export-ta_arm64/lib/libutils.a(memset.o)
 .bss           0x0000000000a25b50        0x0 /home/avees/Linux_for_Tegra/sources/tegra/optee-src/nv-optee/optee/build/t234/export-ta_arm64/lib/libutils.a(strcmp.o)
 .bss           0x0000000000a25b50        0x0 /home/avees/Linux_for_Tegra/sources/tegra/optee-src/nv-optee/optee/build/t234/export-ta_arm64/lib/libutils.a(strncmp.o)
 .bss           0x0000000000a25b50        0x0 /home/avees/Linux_for_Tegra/sources/tegra/optee-src/nv-optee/optee/build/t234/export-ta_arm64/lib/libutils.a(trace.o)
 .bss           0x0000000000a25b50        0x0 /home/avees/Linux_for_Tegra/sources/tegra/optee-src/nv-optee/optee/build/t234/export-ta_arm64/lib/libutils.a(snprintk.o)
 .bss           0x0000000000a25b50        0x0 /home/avees/Linux_for_Tegra/sources/tegra/optee-src/nv-optee/optee/build/t234/export-ta_arm64/lib/libutils.a(memchr.o)
 .bss           0x0000000000a25b50        0x0 /home/avees/Linux_for_Tegra/sources/tegra/optee-src/nv-optee/optee/build/t234/export-ta_arm64/lib/libutils.a(strlen.o)
 .bss           0x0000000000a25b50        0x0 /home/avees/Linux_for_Tegra/sources/tegra/optee-src/nv-optee/optee/build/t234/export-ta_arm64/lib/libutee.a(assert.o)
 .bss           0x0000000000a25b50        0x0 /home/avees/Linux_for_Tegra/sources/tegra/optee-src/nv-optee/optee/build/t234/export-ta_arm64/lib/libutee.a(trace_ext.o)
 .bss           0x0000000000a25b50        0x0 /home/avees/Linux_for_Tegra/sources/tegra/optee-src/nv-optee/optee/build/t234/export-ta_arm64/lib/libutee.a(tee_api_operations.o)
 .bss           0x0000000000a25b50        0x0 /home/avees/Linux_for_Tegra/sources/tegra/optee-src/nv-optee/optee/build/t234/export-ta_arm64/lib/libutee.a(tee_api_panic.o)
 .bss           0x0000000000a25b50        0x0 /home/avees/Linux_for_Tegra/sources/tegra/optee-src/nv-optee/optee/build/t234/export-ta_arm64/lib/libutee.a(utee_syscalls_a64.o)