Archive member included to satisfy reference by file (symbol)

/home/avees/Linux_for_Tegra/sources/tegra/optee-src/nv-optee/optee/build/t234/export-ta_arm64/lib/libutils.a(bget_malloc.o)
                              ./darknetp_ta.o (malloc)
/home/avees/Linux_for_Tegra/sources/tegra/optee-src/nv-optee/optee/build/t234/export-ta_arm64/lib/libutils.a(stack_check.o)
                              ./darknetp_ta.o (__stack_chk_fail)
/home/avees/Linux_for_Tegra/sources/tegra/optee-src/nv-optee/optee/build/t234/export-ta_arm64/lib/libutils.a(memcpy.o)
                              ./darknetp_ta.o (memcpy)
/home/avees/Linux_for_Tegra/sources/tegra/optee-src/nv-optee/optee/build/t234/export-ta_arm64/lib/libutils.a(memset.o)
                              ./softmax_layer_TA.o (memset)
/home/avees/Linux_for_Tegra/sources/tegra/optee-src/nv-optee/optee/build/t234/export-ta_arm64/lib/libutils.a(strcmp.o)
                              ./activations_TA.o (strcmp)
/home/avees/Linux_for_Tegra/sources/tegra/optee-src/nv-optee/optee/build/t234/export-ta_arm64/lib/libutils.a(strncmp.o)
                              ./parser_TA.o (strncmp)
/home/avees/Linux_for_Tegra/sources/tegra/optee-src/nv-optee/optee/build/t234/export-ta_arm64/lib/libutils.a(trace.o)
                              ./darknetp_ta.o (trace_printf)
/home/avees/Linux_for_Tegra/sources/tegra/optee-src/nv-optee/optee/build/t234/export-ta_arm64/lib/libutils.a(snprintk.o)
                              /home/avees/Linux_for_Tegra/sources/tegra/optee-src/nv-optee/optee/build/t234/export-ta_arm64/lib/libutils.a(trace.o) (vsnprintk)
/home/avees/Linux_for_Tegra/sources/tegra/optee-src/nv-optee/optee/build/t234/export-ta_arm64/lib/libutils.a(memchr.o)
                              /home/avees/Linux_for_Tegra/sources/tegra/optee-src/nv-optee/optee/build/t234/export-ta_arm64/lib/libutils.a(snprintk.o) (memchr)
/home/avees/Linux_for_Tegra/sources/tegra/optee-src/nv-optee/optee/build/t234/export-ta_arm64/lib/libutils.a(strlen.o)
                              /home/avees/Linux_for_Tegra/sources/tegra/optee-src/nv-optee/optee/build/t234/export-ta_arm64/lib/libutils.a(snprintk.o) (strlen)
/home/avees/Linux_for_Tegra/sources/tegra/optee-src/nv-optee/optee/build/t234/export-ta_arm64/lib/libutee.a(assert.o)
                              ./softmax_layer_TA.o (_assert_log)
/home/avees/Linux_for_Tegra/sources/tegra/optee-src/nv-optee/optee/build/t234/export-ta_arm64/lib/libutee.a(trace_ext.o)
                              /home/avees/Linux_for_Tegra/sources/tegra/optee-src/nv-optee/optee/build/t234/export-ta_arm64/lib/libutils.a(trace.o) (trace_ext_puts)
/home/avees/Linux_for_Tegra/sources/tegra/optee-src/nv-optee/optee/build/t234/export-ta_arm64/lib/libutee.a(tee_api_operations.o)
                              ./math_TA.o (TEE_GenerateRandom)
/home/avees/Linux_for_Tegra/sources/tegra/optee-src/nv-optee/optee/build/t234/export-ta_arm64/lib/libutee.a(tee_api_panic.o)
                              /home/avees/Linux_for_Tegra/sources/tegra/optee-src/nv-optee/optee/build/t234/export-ta_arm64/lib/libutee.a(tee_api_operations.o) (TEE_Panic)
/home/avees/Linux_for_Tegra/sources/tegra/optee-src/nv-optee/optee/build/t234/export-ta_arm64/lib/libutee.a(user_ta_entry.o)
                              ./user_ta_header.o (__utee_entry)
/home/avees/Linux_for_Tegra/sources/tegra/optee-src/nv-optee/optee/build/t234/export-ta_arm64/lib/libutee.a(utee_syscalls_a64.o)
                              /home/avees/Linux_for_Tegra/sources/tegra/optee-src/nv-optee/optee/build/t234/export-ta_arm64/lib/libutils.a(stack_check.o) (_utee_panic)
/home/avees/Linux_for_Tegra/sources/tegra/optee-src/nv-optee/optee/build/t234/export-ta_arm64/lib/libutee.a(abort.o)
                              /home/avees/Linux_for_Tegra/sources/tegra/optee-src/nv-optee/optee/build/t234/export-ta_arm64/lib/libutee.a(user_ta_entry.o) (abort)
/home/avees/Linux_for_Tegra/sources/tegra/optee-src/nv-optee/optee/build/t234/export-ta_arm64/lib/libutee.a(tee_api.o)
                              /home/avees/Linux_for_Tegra/sources/tegra/optee-src/nv-optee/optee/build/t234/export-ta_arm64/lib/libutee.a(tee_api_panic.o) (TEE_CheckMemoryAccessRights)
/home/avees/Linux_for_Tegra/sources/tegra/optee-src/nv-optee/optee/build/t234/export-ta_arm64/lib/libutee.a(tee_api_arith_mpi.o)
                              /home/avees/Linux_for_Tegra/sources/tegra/optee-src/nv-optee/optee/build/t234/export-ta_arm64/lib/libutee.a(user_ta_entry.o) (_TEE_MathAPI_Init)
/home/avees/Linux_for_Tegra/sources/tegra/optee-src/nv-optee/optee/build/t234/export-ta_arm64/lib/libutee.a(tee_api_objects.o)
                              /home/avees/Linux_for_Tegra/sources/tegra/optee-src/nv-optee/optee/build/t234/export-ta_arm64/lib/libutee.a(tee_api_operations.o) (__utee_from_attr)
/home/avees/Linux_for_Tegra/sources/tegra/optee-src/nv-optee/optee/build/t234/export-ta_arm64/lib/libutee.a(tee_api_property.o)
[...]
Memory Configuration

Name             Origin             Length             Attributes
*default*        0x0000000000000000 0xffffffffffffffff

Linker script and memory map


.ta_head        0x0000000000000000       0x20
 *(SORT_BY_ALIGNMENT(.ta_head))
 .ta_head       0x0000000000000000       0x20 ./user_ta_header.o
                0x0000000000000000                ta_head

.text           0x0000000000000020    0x196c0
                0x0000000000000020                __text_start = .
 *(SORT_BY_ALIGNMENT(.text) SORT_BY_ALIGNMENT(.text.*))
 .text          0x0000000000000020       0xec /home/avees/Linux_for_Tegra/sources/tegra/optee-src/nv-optee/optee/build/t234/export-ta_arm64/lib/libutils.a(memcpy.o)
                0x0000000000000020                memcpy
 .text          0x000000000000010c      0xfdc ./darknetp_ta.o
                0x00000000000007f4                summary_array
                0x0000000000000944                TA_CreateEntryPoint
                0x000000000000097c                TA_DestroyEntryPoint
                0x00000000000009a0                TA_OpenSessionEntryPoint
                0x0000000000000a10                TA_CloseSessionEntryPoint
                0x0000000000000a34                TA_InvokeCommandEntryPoint
 .text          0x00000000000010e8      0x278 ./softmax_layer_TA.o
                0x00000000000010e8                forward_softmax_layer_TA
                0x0000000000001208                backward_softmax_layer_TA
                0x000000000000122c                make_softmax_layer_TA_new
 .text          0x0000000000001360      0x158 ./utils_TA.o
                0x0000000000001360                sum_array_TA
                0x0000000000001384                rand_uniform_TA
                0x00000000000013c0                rand_normal_TA
 .text          0x00000000000014b8      0x6f0 ./connected_layer_TA.o
                0x00000000000014b8                forward_connected_layer_TA_new
                0x00000000000015b0                backward_connected_layer_TA_new
                0x00000000000016e4                update_connected_layer_TA_new
                0x000000000000180c                make_connected_layer_TA_new
 .text          0x0000000000001ba8      0x95c ./math_TA.o
                0x0000000000001ba8                ta_max
                0x0000000000001bb4                ta_pow
                0x0000000000001c04                ta_eee
                0x0000000000001ca4                ta_exp
                0x0000000000001d00                ta_rand
                0x0000000000001d98                ta_floor
                0x0000000000001dac                ta_sqrt
                0x0000000000001e20                F1
                0x0000000000001e2c                F2
                0x0000000000001e54                simpson
                0x0000000000001ee8                asr
                0x0000000000001fcc                asr0
                0x000000000000201c                ta_ln
                0x0000000000002034                ta_log
                0x0000000000002068                ta_cos
                0x00000000000021b8                ta_sin
                0x000000000000230c                ta_tan
                0x000000000000233c                reverse
                0x0000000000002370                intToStr
                0x0000000000002410                ftoa
                0x00000000000024b8                bubble_sort_top
 .text          0x0000000000002504      0x510 ./parser_TA.o
                0x0000000000002504                aes_cbc_TA
                0x000000000000272c                transpose_matrix_TA
                0x00000000000027d0                load_weights_TA
                0x000000000000293c                save_weights_TA
 .text          0x0000000000002a14      0x790 ./activations_TA.o
                0x0000000000002a14                get_activation_string_TA
                0x0000000000002adc                get_activation_TA
                0x0000000000002c7c                activate_TA
                0x0000000000002f2c                activate_array_TA
                0x0000000000002f80                gradient_TA
                0x000000000000313c                gradient_array_TA
 .text          0x00000000000031a4      0x638 ./blas_TA.o
                0x00000000000031a4                fill_cpu_TA
                0x00000000000031c4                copy_cpu_TA
                0x00000000000031ec                mean_cpu_TA
                0x0000000000003278                variance_cpu_TA
                0x0000000000003388                scal_cpu_TA
                0x00000000000033b0                axpy_cpu_TA
                0x00000000000033e0                normalize_cpu_TA
                0x00000000000034d0                softmax_TA
                0x00000000000035b8                softmax_cpu_TA
                0x0000000000003674                softmax_x_ent_cpu_TA
                0x0000000000003700                smooth_l1_cpu_TA
                0x0000000000003764                l1_cpu_TA
                0x00000000000037ac                l2_cpu_TA
 .text          0x00000000000037dc      0x410 ./maxpool_layer_TA.o
                0x00000000000037dc                forward_maxpool_layer_TA_new
                0x00000000000039bc                backward_maxpool_layer_TA_new
                0x0000000000003a14                make_maxpool_layer_TA
                0x0000000000003b44                resize_maxpool_layer_TA
 .text          0x0000000000003bec      0x7a4 ./network_TA.o
                0x0000000000003bec                make_network_TA
                0x0000000000003d78                update_network_TA
                0x0000000000003e34                calc_network_cost_TA
                0x0000000000003eac                forward_network_TA
                0x00000000000040c8                calc_network_loss_TA
                0x00000000000041cc                backward_network_TA
 .text          0x0000000000004390      0x8d8 ./aes_TA.o
                0x00000000000049b8                AES_init_ctx
                0x00000000000049bc                AES_init_ctx_iv
                0x00000000000049e4                AES_ctx_set_iv
                0x00000000000049f0                AES_ECB_encrypt
                0x0000000000004a00                AES_ECB_decrypt
                0x0000000000004a10                AES_CBC_encrypt_buffer
                0x0000000000004a9c                AES_CBC_decrypt_buffer
                0x0000000000004b74                AES_CTR_xcrypt_buffer
 .text          0x0000000000004c68      0x17c ./im2col_TA.o
                0x0000000000004c68                im2col_get_pixel_TA
                0x0000000000004c9c                im2col_cpu_TA
 .text          0x0000000000004de4      0x724 ./batchnorm_layer_TA.o
                0x0000000000004de4                forward_batchnorm_layer_TA
                0x0000000000004fc0                backward_scale_cpu_TA
                0x0000000000005038                mean_delta_cpu_TA
                0x000000000000512c                variance_delta_cpu_TA
                0x0000000000005244                normalize_delta_cpu_TA
                0x0000000000005388                backward_batchnorm_layer_TA
 .text          0x0000000000005508      0x20c ./dropout_layer_TA.o
                0x0000000000005508                forward_dropout_layer_TA_new
                0x000000000000553c                backward_dropout_layer_TA_new
                0x00000000000055a0                make_dropout_layer_TA_new
                0x00000000000056dc                resize_dropout_layer_TA
 .text          0x0000000000005714      0xe4c ./convolutional_layer_TA.o
                0x0000000000005714                update_convolutional_layer_TA_new
                0x0000000000005834                swap_binary_TA
                0x0000000000005848                add_bias_TA
                0x00000000000058b0                scale_bias_TA
                0x0000000000005918                backward_bias_TA
                0x00000000000059b8                backward_convolutional_layer_TA_new
                0x0000000000005ca0                convolutional_out_height_TA
                0x0000000000005cc4                convolutional_out_width_TA
                0x0000000000005ce8                binarize_weights_TA
                0x0000000000005d70                binarize_cpu_TA
                0x0000000000005da0                forward_convolutional_layer_TA_new
                0x0000000000005ff0                make_convolutional_layer_TA_new
 .text          0x0000000000006560      0x31c ./cost_layer_TA.o
                0x0000000000006560                forward_cost_layer_TA
                0x0000000000006630                backward_cost_layer_TA
                0x0000000000006654                get_cost_type_TA
                0x0000000000006734                get_cost_string_TA
                0x00000000000067a0                make_cost_layer_TA_new
 .text          0x000000000000687c      0x20c ./avgpool_layer_TA.o
                0x000000000000687c                forward_avgpool_layer_TA_new
                0x000000000000691c                backward_avgpool_layer_TA_new
                0x00000000000069b0                make_avgpool_layer_TA
                0x0000000000006a70                resize_avgpool_layer_TA
 .text          0x0000000000006a88      0x17c ./col2im_TA.o
                0x0000000000006a88                col2im_add_pixel_TA
                0x0000000000006ac0                col2im_cpu_TA
 .text          0x0000000000006c04      0x2c0 ./gemm_TA.o
                0x0000000000006c04                gemm_nn_TA
                0x0000000000006c88                gemm_nt_TA
                0x0000000000006d10                gemm_tn_TA
                0x0000000000006d90                gemm_tt_TA
                0x0000000000006e18                gemm_cpu_TA
                0x0000000000006ec0                gemm_TA
 .text          0x0000000000006ec4       0xc4 ./diffprivate_TA.o
                0x0000000000006ec4                diff_private_SGD
 .text          0x0000000000006f88       0x1c ./user_ta_header.o
                0x0000000000006f88                __ta_entry
                0x0000000000006f9c                tahead_get_trace_level
 .text          0x0000000000006fa4      0xd00 /home/avees/Linux_for_Tegra/sources/tegra/optee-src/nv-optee/optee/build/t234/export-ta_arm64/lib/libutils.a(bget_malloc.o)
                0x0000000000006fdc                bget
                0x00000000000072a4                bgetz
                0x000000000000732c                brel
                0x00000000000075b0                bgetr
                0x0000000000007680                bpool
                0x0000000000007750                raw_memalign
                0x00000000000077a4                raw_malloc
                0x00000000000077b4                raw_free
                0x00000000000077c4                raw_calloc
                0x0000000000007814                raw_realloc
                0x00000000000078fc                malloc
                0x0000000000007914                calloc
                0x0000000000007930                realloc
                0x0000000000007948                memalign
                0x0000000000007964                aligned_alloc
                0x000000000000797c                free
                0x000000000000798c                free_wipe
                0x000000000000799c                raw_malloc_get_ctx_size
                0x00000000000079a4                raw_malloc_init_ctx
                0x00000000000079d0                raw_malloc_add_pool
                0x0000000000007a98                raw_malloc_buffer_overlaps_heap
                0x0000000000007b18                raw_malloc_buffer_is_within_alloced
                0x0000000000007c68                malloc_add_pool
                0x0000000000007c7c                malloc_buffer_is_within_alloced
                0x0000000000007c90                malloc_buffer_overlaps_heap
 .text          0x0000000000007ca4       0x30 /home/avees/Linux_for_Tegra/sources/tegra/optee-src/nv-optee/optee/build/t234/export-ta_arm64/lib/libutils.a(stack_check.o)
                0x0000000000007ca4                __stack_chk_fail
 .text          0x0000000000007cd4       0x1c /home/avees/Linux_for_Tegra/sources/tegra/optee-src/nv-optee/optee/build/t234/export-ta_arm64/lib/libutils.a(memset.o)
                0x0000000000007cd4                memset
 .text          0x0000000000007cf0       0x24 /home/avees/Linux_for_Tegra/sources/tegra/optee-src/nv-optee/optee/build/t234/export-ta_arm64/lib/libutils.a(strcmp.o)
                0x0000000000007cf0                strcmp
 .text          0x0000000000007d14       0x3c /home/avees/Linux_for_Tegra/sources/tegra/optee-src/nv-optee/optee/build/t234/export-ta_arm64/lib/libutils.a(strncmp.o)
                0x0000000000007d14                strncmp
 .text          0x0000000000007d50      0x32c /home/avees/Linux_for_Tegra/sources/tegra/optee-src/nv-optee/optee/build/t234/export-ta_arm64/lib/libutils.a(trace.o)
                0x0000000000007d50                trace_set_level
                0x0000000000007d6c                trace_get_level
                0x0000000000007d7c                trace_vprintf
                0x0000000000007f98                trace_printf
                0x0000000000008078                dhex_dump
 .text          0x000000000000807c      0xe10 /home/avees/Linux_for_Tegra/sources/tegra/optee-src/nv-optee/optee/build/t234/export-ta_arm64/lib/libutils.a(snprintk.o)
                0x000000000000807c                __vsnprintf
                0x000000000000813c                vsnprintk
                0x0000000000008194                snprintk
                0x0000000000008e40                __vsprintf
 .text          0x0000000000008e8c       0x2c /home/avees/Linux_for_Tegra/sources/tegra/optee-src/nv-optee/optee/build/t234/export-ta_arm64/lib/libutils.a(memchr.o)
                0x0000000000008e8c                memchr
 .text          0x0000000000008eb8       0x1c /home/avees/Linux_for_Tegra/sources/tegra/optee-src/nv-optee/optee/build/t234/export-ta_arm64/lib/libutils.a(strlen.o)
                0x0000000000008eb8                strlen
 .text          0x0000000000008ed4       0x58 /home/avees/Linux_for_Tegra/sources/tegra/optee-src/nv-optee/optee/build/t234/export-ta_arm64/lib/libutee.a(assert.o)
                0x0000000000008ed4                _assert_log
                0x0000000000008f18                _assert_break
 .text          0x0000000000008f2c      0x1e0 /home/avees/Linux_for_Tegra/sources/tegra/optee-src/nv-optee/optee/build/t234/export-ta_arm64/lib/libutee.a(trace_ext.o)
                0x0000000000008f2c                trace_ext_puts
                0x0000000000008f54                trace_ext_get_thread_id
                0x0000000000008f5c                printf
                0x000000000000905c                puts
                0x000000000000909c                putchar
 .text          0x000000000000910c     0x472c /home/avees/Linux_for_Tegra/sources/tegra/optee-src/nv-optee/optee/build/t234/export-ta_arm64/lib/libutee.a(tee_api_operations.o)
                0x0000000000009838                TEE_FreeOperation
                0x0000000000009878                TEE_AllocateOperation
                0x000000000000a5b0                __GP11_TEE_FreeOperation
                0x000000000000a5dc                TEE_GetOperationInfo
                0x000000000000a630                TEE_GetOperationInfoMultiple
                0x000000000000a7e0                __GP11_TEE_GetOperationInfoMultiple
                0x000000000000a868                TEE_ResetOperation
                0x000000000000a8a4                TEE_SetOperationKey
                0x000000000000a9f0                __GP11_TEE_SetOperationKey
                0x000000000000aa2c                TEE_SetOperationKey2
                0x000000000000aa4c                __GP11_TEE_SetOperationKey2
                0x000000000000aa98                TEE_CopyOperation
                0x000000000000abf4                TEE_DigestUpdate
                0x000000000000ac64                __GP11_TEE_DigestUpdate
                0x000000000000ac6c                TEE_DigestDoFinal
                0x000000000000add8                __GP11_TEE_DigestDoFinal
                0x000000000000ae78                TEE_DigestExtract
                0x000000000000b01c                TEE_CipherInit
                0x000000000000b0fc                __GP11_TEE_CipherInit
                0x000000000000b104                TEE_CipherUpdate
                0x000000000000b298                __GP11_TEE_CipherUpdate
                0x000000000000b338                TEE_CipherDoFinal
                0x000000000000b550                __GP11_TEE_CipherDoFinal
                0x000000000000b600                TEE_MACInit
                0x000000000000b6a4                __GP11_TEE_MACInit
                0x000000000000b6ac                TEE_MACUpdate
                0x000000000000b74c                __GP11_TEE_MACUpdate
                0x000000000000b754                TEE_MACComputeFinal
                0x000000000000b864                __GP11_TEE_MACComputeFinal
                0x000000000000b904                TEE_MACCompareFinal
                0x000000000000ba08                __GP11_TEE_MACCompareFinal
                0x000000000000ba14                TEE_AEInit
                0x000000000000bad8                __GP11_TEE_AEInit
                0x000000000000bae8                TEE_AEUpdateAAD
                0x000000000000bb84                __GP11_TEE_AEUpdateAAD
                0x000000000000bc18                TEE_AEUpdate
                0x000000000000bcf8                __GP11_TEE_AEUpdate
                0x000000000000be18                TEE_AEEncryptFinal
                0x000000000000c018                __GP11_TEE_AEEncryptFinal
                0x000000000000c0ec                TEE_AEDecryptFinal
                0x000000000000c2c0                __GP11_TEE_AEDecryptFinal
                0x000000000000c378                TEE_AsymmetricEncrypt
                0x000000000000c53c                __GP11_TEE_AsymmetricEncrypt
                0x000000000000c6e4                TEE_AsymmetricDecrypt
                0x000000000000c8ac                __GP11_TEE_AsymmetricDecrypt
                0x000000000000ca58                TEE_AsymmetricSignDigest
                0x000000000000cbf8                __GP11_TEE_AsymmetricSignDigest
                0x000000000000cd98                TEE_AsymmetricVerifyDigest
                0x000000000000cf24                __GP11_TEE_AsymmetricVerifyDigest
                0x000000000000d0b0                TEE_DeriveKey
                0x000000000000d260                __GP11_TEE_DeriveKey
                0x000000000000d410                TEE_GenerateRandom
                0x000000000000d430                __GP11_TEE_GenerateRandom
                0x000000000000d438                rand
                0x000000000000d490                TEE_IsAlgorithmSupported
 .text          0x000000000000d838      0x21c /home/avees/Linux_for_Tegra/sources/tegra/optee-src/nv-optee/optee/build/t234/export-ta_arm64/lib/libutee.a(tee_api_panic.o)
                0x000000000000d854                TEE_Panic
                0x000000000000d86c                __utee_check_outbuf_annotation
                0x000000000000d8b8                __utee_check_gp11_outbuf_annotation
                0x000000000000d904                __utee_check_instring_annotation
                0x000000000000d934                __utee_check_outstring_annotation
                0x000000000000d980                __utee_check_gp11_outstring_annotation
                0x000000000000d9cc                __utee_check_out_annotation
                0x000000000000d9ec                __utee_check_attr_in_annotation
                0x000000000000da10                __utee_check_gp11_attr_in_annotation
                0x000000000000da34                __utee_check_inout_annotation
 .text          0x000000000000da54      0x74c /home/avees/Linux_for_Tegra/sources/tegra/optee-src/nv-optee/optee/build/t234/export-ta_arm64/lib/libutee.a(user_ta_entry.o)
                0x000000000000dd18                __utee_call_elf_init_fn
                0x000000000000de70                __utee_call_elf_fini_fn
                0x000000000000df18                __utee_entry
 .text._utee_panic
                0x000000000000e1a0        0xc /home/avees/Linux_for_Tegra/sources/tegra/optee-src/nv-optee/optee/build/t234/export-ta_arm64/lib/libutee.a(utee_syscalls_a64.o)
                0x000000000000e1a0                _utee_panic
 .text._utee_return
                0x000000000000e1ac        0xc /home/avees/Linux_for_Tegra/sources/tegra/optee-src/nv-optee/optee/build/t234/export-ta_arm64/lib/libutee.a(utee_syscalls_a64.o)
                0x000000000000e1ac                _utee_return
 .text._utee_log
                0x000000000000e1b8        0xc /home/avees/Linux_for_Tegra/sources/tegra/optee-src/nv-optee/optee/build/t234/export-ta_arm64/lib/libutee.a(utee_syscalls_a64.o)
                0x000000000000e1b8                _utee_log
 .text.__utee_panic
                0x000000000000e1c4        0xc /home/avees/Linux_for_Tegra/sources/tegra/optee-src/nv-optee/optee/build/t234/export-ta_arm64/lib/libutee.a(utee_syscalls_a64.o)
                0x000000000000e1c4                __utee_panic
 .text._utee_get_property
                0x000000000000e1d0        0xc /home/avees/Linux_for_Tegra/sources/tegra/optee-src/nv-optee/optee/build/t234/export-ta_arm64/lib/libutee.a(utee_syscalls_a64.o)
                0x000000000000e1d0                _utee_get_property
 .text._utee_get_property_name_to_index
                0x000000000000e1dc        0xc /home/avees/Linux_for_Tegra/sources/tegra/optee-src/nv-optee/optee/build/t234/export-ta_arm64/lib/libutee.a(utee_syscalls_a64.o)
                0x000000000000e1dc                _utee_get_property_name_to_index
 .text._utee_open_ta_session
                0x000000000000e1e8        0xc /home/avees/Linux_for_Tegra/sources/tegra/optee-src/nv-optee/optee/build/t234/export-ta_arm64/lib/libutee.a(utee_syscalls_a64.o)
                0x000000000000e1e8                _utee_open_ta_session
 .text._utee_close_ta_session
                0x000000000000e1f4        0xc /home/avees/Linux_for_Tegra/sources/tegra/optee-src/nv-optee/optee/build/t234/export-ta_arm64/lib/libutee.a(utee_syscalls_a64.o)
                0x000000000000e1f4                _utee_close_ta_session
 .text._utee_invoke_ta_command
                0x000000000000e200        0xc /home/avees/Linux_for_Tegra/sources/tegra/optee-src/nv-optee/optee/build/t234/export-ta_arm64/lib/libutee.a(utee_syscalls_a64.o)
                0x000000000000e200                _utee_invoke_ta_command
 .text._utee_get_cancellation_flag
                0x000000000000e20c        0xc /home/avees/Linux_for_Tegra/sources/tegra/optee-src/nv-optee/optee/build/t234/export-ta_arm64/lib/libutee.a(utee_syscalls_a64.o)
                0x000000000000e20c                _utee_get_cancellation_flag
 .text._utee_check_access_rights
                0x000000000000e218        0xc /home/avees/Linux_for_Tegra/sources/tegra/optee-src/nv-optee/optee/build/t234/export-ta_arm64/lib/libutee.a(utee_syscalls_a64.o)
                0x000000000000e218                _utee_check_access_rights
 .text._utee_unmask_cancellation
                0x000000000000e224        0xc /home/avees/Linux_for_Tegra/sources/tegra/optee-src/nv-optee/optee/build/t234/export-ta_arm64/lib/libutee.a(utee_syscalls_a64.o)
                0x000000000000e224                _utee_unmask_cancellation
 .text._utee_mask_cancellation
                0x000000000000e230        0xc /home/avees/Linux_for_Tegra/sources/tegra/optee-src/nv-optee/optee/build/t234/export-ta_arm64/lib/libutee.a(utee_syscalls_a64.o)
                0x000000000000e230                _utee_mask_cancellation
 .text._utee_wait
                0x000000000000e23c        0xc /home/avees/Linux_for_Tegra/sources/tegra/optee-src/nv-optee/optee/build/t234/export-ta_arm64/lib/libutee.a(utee_syscalls_a64.o)
                0x000000000000e23c                _utee_wait
 .text._utee_get_time
                0x000000000000e248        0xc /home/avees/Linux_for_Tegra/sources/tegra/optee-src/nv-optee/optee/build/t234/export-ta_arm64/lib/libutee.a(utee_syscalls_a64.o)
                0x000000000000e248                _utee_get_time
 .text._utee_set_ta_time
                0x000000000000e254        0xc /home/avees/Linux_for_Tegra/sources/tegra/optee-src/nv-optee/optee/build/t234/export-ta_arm64/lib/libutee.a(utee_syscalls_a64.o)
                0x000000000000e254                _utee_set_ta_time
 .text._utee_cryp_state_alloc
                0x000000000000e260        0xc /home/avees/Linux_for_Tegra/sources/tegra/optee-src/nv-optee/optee/build/t234/export-ta_arm64/lib/libutee.a(utee_syscalls_a64.o)
                0x000000000000e260                _utee_cryp_state_alloc
 .text._utee_cryp_state_copy
                0x000000000000e26c        0xc /home/avees/Linux_for_Tegra/sources/tegra/optee-src/nv-optee/optee/build/t234/export-ta_arm64/lib/libutee.a(utee_syscalls_a64.o)
                0x000000000000e26c                _utee_cryp_state_copy
 .text._utee_cryp_state_free
                0x000000000000e278        0xc /home/avees/Linux_for_Tegra/sources/tegra/optee-src/nv-optee/optee/build/t234/export-ta_arm64/lib/libutee.a(utee_syscalls_a64.o)
                0x000000000000e278                _utee_cryp_state_free
 .text._utee_hash_init
                0x000000000000e284        0xc /home/avees/Linux_for_Tegra/sources/tegra/optee-src/nv-optee/optee/build/t234/export-ta_arm64/lib/libutee.a(utee_syscalls_a64.o)
                0x000000000000e284                _utee_hash_init
 .text._utee_hash_update
                0x000000000000e290        0xc /home/avees/Linux_for_Tegra/sources/tegra/optee-src/nv-optee/optee/build/t234/export-ta_arm64/lib/libutee.a(utee_syscalls_a64.o)
                0x000000000000e290                _utee_hash_update
 .text._utee_hash_final
                0x000000000000e29c        0xc /home/avees/Linux_for_Tegra/sources/tegra/optee-src/nv-optee/optee/build/t234/export-ta_arm64/lib/libutee.a(utee_syscalls_a64.o)
                0x000000000000e29c                _utee_hash_final
 .text._utee_cipher_init
                0x000000000000e2a8        0xc /home/avees/Linux_for_Tegra/sources/tegra/optee-src/nv-optee/optee/build/t234/export-ta_arm64/lib/libutee.a(utee_syscalls_a64.o)
                0x000000000000e2a8                _utee_cipher_init
 .text._utee_cipher_update
                0x000000000000e2b4        0xc /home/avees/Linux_for_Tegra/sources/tegra/optee-src/nv-optee/optee/build/t234/export-ta_arm64/lib/libutee.a(utee_syscalls_a64.o)
                0x000000000000e2b4                _utee_cipher_update
 .text._utee_cipher_final
                0x000000000000e2c0        0xc /home/avees/Linux_for_Tegra/sources/tegra/optee-src/nv-optee/optee/build/t234/export-ta_arm64/lib/libutee.a(utee_syscalls_a64.o)
                0x000000000000e2c0                _utee_cipher_final
 .text._utee_cryp_obj_get_info
                0x000000000000e2cc        0xc /home/avees/Linux_for_Tegra/sources/tegra/optee-src/nv-optee/optee/build/t234/export-ta_arm64/lib/libutee.a(utee_syscalls_a64.o)
                0x000000000000e2cc                _utee_cryp_obj_get_info
 .text._utee_cryp_obj_restrict_usage
                0x000000000000e2d8        0xc /home/avees/Linux_for_Tegra/sources/tegra/optee-src/nv-optee/optee/build/t234/export-ta_arm64/lib/libutee.a(utee_syscalls_a64.o)
                0x000000000000e2d8                _utee_cryp_obj_restrict_usage
 .text._utee_cryp_obj_get_attr
                0x000000000000e2e4        0xc /home/avees/Linux_for_Tegra/sources/tegra/optee-src/nv-optee/optee/build/t234/export-ta_arm64/lib/libutee.a(utee_syscalls_a64.o)
                0x000000000000e2e4                _utee_cryp_obj_get_attr
 .text._utee_cryp_obj_alloc
                0x000000000000e2f0        0xc /home/avees/Linux_for_Tegra/sources/tegra/optee-src/nv-optee/optee/build/t234/export-ta_arm64/lib/libutee.a(utee_syscalls_a64.o)
                0x000000000000e2f0                _utee_cryp_obj_alloc
 .text._utee_cryp_obj_close
                0x000000000000e2fc        0xc /home/avees/Linux_for_Tegra/sources/tegra/optee-src/nv-optee/optee/build/t234/export-ta_arm64/lib/libutee.a(utee_syscalls_a64.o)
                0x000000000000e2fc                _utee_cryp_obj_close
 .text._utee_cryp_obj_reset
                0x000000000000e308        0xc /home/avees/Linux_for_Tegra/sources/tegra/optee-src/nv-optee/optee/build/t234/export-ta_arm64/lib/libutee.a(utee_syscalls_a64.o)
                0x000000000000e308                _utee_cryp_obj_reset
 .text._utee_cryp_obj_populate
                0x000000000000e314        0xc /home/avees/Linux_for_Tegra/sources/tegra/optee-src/nv-optee/optee/build/t234/export-ta_arm64/lib/libutee.a(utee_syscalls_a64.o)
                0x000000000000e314                _utee_cryp_obj_populate
 .text._utee_cryp_obj_copy
                0x000000000000e320        0xc /home/avees/Linux_for_Tegra/sources/tegra/optee-src/nv-optee/optee/build/t234/export-ta_arm64/lib/libutee.a(utee_syscalls_a64.o)
                0x000000000000e320                _utee_cryp_obj_copy
 .text._utee_cryp_derive_key
                0x000000000000e32c        0xc /home/avees/Linux_for_Tegra/sources/tegra/optee-src/nv-optee/optee/build/t234/export-ta_arm64/lib/libutee.a(utee_syscalls_a64.o)
                0x000000000000e32c                _utee_cryp_derive_key
 .text._utee_cryp_random_number_generate
                0x000000000000e338        0xc /home/avees/Linux_for_Tegra/sources/tegra/optee-src/nv-optee/optee/build/t234/export-ta_arm64/lib/libutee.a(utee_syscalls_a64.o)
                0x000000000000e338                _utee_cryp_random_number_generate
 .text._utee_authenc_init
                0x000000000000e344        0xc /home/avees/Linux_for_Tegra/sources/tegra/optee-src/nv-optee/optee/build/t234/export-ta_arm64/lib/libutee.a(utee_syscalls_a64.o)
                0x000000000000e344                _utee_authenc_init
 .text._utee_authenc_update_aad
                0x000000000000e350        0xc /home/avees/Linux_for_Tegra/sources/tegra/optee-src/nv-optee/optee/build/t234/export-ta_arm64/lib/libutee.a(utee_syscalls_a64.o)
                0x000000000000e350                _utee_authenc_update_aad
 .text._utee_authenc_update_payload
                0x000000000000e35c        0xc /home/avees/Linux_for_Tegra/sources/tegra/optee-src/nv-optee/optee/build/t234/export-ta_arm64/lib/libutee.a(utee_syscalls_a64.o)
                0x000000000000e35c                _utee_authenc_update_payload
 .text._utee_authenc_enc_final
                0x000000000000e368        0xc /home/avees/Linux_for_Tegra/sources/tegra/optee-src/nv-optee/optee/build/t234/export-ta_arm64/lib/libutee.a(utee_syscalls_a64.o)
                0x000000000000e368                _utee_authenc_enc_final
 .text._utee_authenc_dec_final
                0x000000000000e374        0xc /home/avees/Linux_for_Tegra/sources/tegra/optee-src/nv-optee/optee/build/t234/export-ta_arm64/lib/libutee.a(utee_syscalls_a64.o)
                0x000000000000e374                _utee_authenc_dec_final
 .text._utee_asymm_operate
                0x000000000000e380        0xc /home/avees/Linux_for_Tegra/sources/tegra/optee-src/nv-optee/optee/build/t234/export-ta_arm64/lib/libutee.a(utee_syscalls_a64.o)
                0x000000000000e380                _utee_asymm_operate
 .text._utee_asymm_verify
                0x000000000000e38c        0xc /home/avees/Linux_for_Tegra/sources/tegra/optee-src/nv-optee/optee/build/t234/export-ta_arm64/lib/libutee.a(utee_syscalls_a64.o)
                0x000000000000e38c                _utee_asymm_verify
 .text._utee_storage_obj_open
                0x000000000000e398        0xc /home/avees/Linux_for_Tegra/sources/tegra/optee-src/nv-optee/optee/build/t234/export-ta_arm64/lib/libutee.a(utee_syscalls_a64.o)
                0x000000000000e398                _utee_storage_obj_open
 .text._utee_storage_obj_create
                0x000000000000e3a4        0xc /home/avees/Linux_for_Tegra/sources/tegra/optee-src/nv-optee/optee/build/t234/export-ta_arm64/lib/libutee.a(utee_syscalls_a64.o)
                0x000000000000e3a4                _utee_storage_obj_create
 .text._utee_storage_obj_del
                0x000000000000e3b0        0xc /home/avees/Linux_for_Tegra/sources/tegra/optee-src/nv-optee/optee/build/t234/export-ta_arm64/lib/libutee.a(utee_syscalls_a64.o)
                0x000000000000e3b0                _utee_storage_obj_del
 .text._utee_storage_obj_rename
                0x000000000000e3bc        0xc /home/avees/Linux_for_Tegra/sources/tegra/optee-src/nv-optee/optee/build/t234/export-ta_arm64/lib/libutee.a(utee_syscalls_a64.o)
                0x000000000000e3bc                _utee_storage_obj_rename
 .text._utee_storage_alloc_enum
                0x000000000000e3c8        0xc /home/avees/Linux_for_Tegra/sources/tegra/optee-src/nv-optee/optee/build/t234/export-ta_arm64/lib/libutee.a(utee_syscalls_a64.o)
                0x000000000000e3c8                _utee_storage_alloc_enum
 .text._utee_storage_free_enum
                0x000000000000e3d4        0xc /home/avees/Linux_for_Tegra/sources/tegra/optee-src/nv-optee/optee/build/t234/export-ta_arm64/lib/libutee.a(utee_syscalls_a64.o)
                0x000000000000e3d4                _utee_storage_free_enum
 .text._utee_storage_reset_enum
                0x000000000000e3e0        0xc /home/avees/Linux_for_Tegra/sources/tegra/optee-src/nv-optee/optee/build/t234/export-ta_arm64/lib/libutee.a(utee_syscalls_a64.o)
                0x000000000000e3e0                _utee_storage_reset_enum
 .text._utee_storage_start_enum
                0x000000000000e3ec        0xc /home/avees/Linux_for_Tegra/sources/tegra/optee-src/nv-optee/optee/build/t234/export-ta_arm64/lib/libutee.a(utee_syscalls_a64.o)
                0x000000000000e3ec                _utee_storage_start_enum
 .text._utee_storage_next_enum
                0x000000000000e3f8        0xc /home/avees/Linux_for_Tegra/sources/tegra/optee-src/nv-optee/optee/build/t234/export-ta_arm64/lib/libutee.a(utee_syscalls_a64.o)
                0x000000000000e3f8                _utee_storage_next_enum
 .text._utee_storage_obj_read
                0x000000000000e404        0xc /home/avees/Linux_for_Tegra/sources/tegra/optee-src/nv-optee/optee/build/t234/export-ta_arm64/lib/libutee.a(utee_syscalls_a64.o)
                0x000000000000e404                _utee_storage_obj_read
 .text._utee_storage_obj_write
                0x000000000000e410        0xc /home/avees/Linux_for_Tegra/sources/tegra/optee-src/nv-optee/optee/build/t234/export-ta_arm64/lib/libutee.a(utee_syscalls_a64.o)
                0x000000000000e410                _utee_storage_obj_write
 .text._utee_storage_obj_trunc
                0x000000000000e41c        0xc /home/avees/Linux_for_Tegra/sources/tegra/optee-src/nv-optee/optee/build/t234/export-ta_arm64/lib/libutee.a(utee_syscalls_a64.o)
                0x000000000000e41c                _utee_storage_obj_trunc
 .text._utee_storage_obj_seek
                0x000000000000e428        0xc /home/avees/Linux_for_Tegra/sources/tegra/optee-src/nv-optee/optee/build/t234/export-ta_arm64/lib/libutee.a(utee_syscalls_a64.o)
                0x000000000000e428                _utee_storage_obj_seek
 .text._utee_cryp_obj_generate_key
                0x000000000000e434        0xc /home/avees/Linux_for_Tegra/sources/tegra/optee-src/nv-optee/optee/build/t234/export-ta_arm64/lib/libutee.a(utee_syscalls_a64.o)
                0x000000000000e434                _utee_cryp_obj_generate_key
 .text._utee_cache_operation
                0x000000000000e440        0xc /home/avees/Linux_for_Tegra/sources/tegra/optee-src/nv-optee/optee/build/t234/export-ta_arm64/lib/libutee.a(utee_syscalls_a64.o)
                0x000000000000e440                _utee_cache_operation
 .text.unlikely
                0x000000000000e44c       0x20 /home/avees/Linux_for_Tegra/sources/tegra/optee-src/nv-optee/optee/build/t234/export-ta_arm64/lib/libutee.a(abort.o)
                0x000000000000e44c                abort
 .text          0x000000000000e46c     0x10c0 /home/avees/Linux_for_Tegra/sources/tegra/optee-src/nv-optee/optee/build/t234/export-ta_arm64/lib/libutee.a(tee_api.o)
                0x000000000000e81c                TEE_CloseTASession
                0x000000000000e844                TEE_GetCancellationFlag
                0x000000000000e8a4                TEE_UnmaskCancellation
                0x000000000000e904                TEE_MaskCancellation
                0x000000000000e964                TEE_CheckMemoryAccessRights
                0x000000000000eb88                TEE_OpenTASession
                0x000000000000ecdc                __GP11_TEE_OpenTASession
                0x000000000000ee24                TEE_InvokeTACommand
                0x000000000000efa8                __GP11_TEE_InvokeTACommand
                0x000000000000f120                __GP11_TEE_CheckMemoryAccessRights
                0x000000000000f128                TEE_SetInstanceData
                0x000000000000f134                TEE_GetInstanceData
                0x000000000000f140                TEE_MemMove
                0x000000000000f144                __GP11_TEE_MemMove
                0x000000000000f14c                TEE_MemCompare
                0x000000000000f150                __GP11_TEE_MemCompare
                0x000000000000f158                TEE_MemFill
                0x000000000000f15c                __GP11_TEE_MemFill
                0x000000000000f164                TEE_GetSystemTime
                0x000000000000f18c                TEE_Wait
                0x000000000000f1c8                TEE_GetTAPersistentTime
                0x000000000000f23c                TEE_SetTAPersistentTime
                0x000000000000f280                TEE_GetREETime
                0x000000000000f2a8                TEE_Malloc
                0x000000000000f3cc                __GP11_TEE_Malloc
                0x000000000000f3d4                TEE_Free
                0x000000000000f434                TEE_Realloc
                0x000000000000f50c                __GP11_TEE_Realloc
                0x000000000000f514                TEE_CacheClean
                0x000000000000f51c                TEE_CacheFlush
                0x000000000000f524                TEE_CacheInvalidate
 .text          0x000000000000f52c     0x212c /home/avees/Linux_for_Tegra/sources/tegra/optee-src/nv-optee/optee/build/t234/export-ta_arm64/lib/libutee.a(tee_api_arith_mpi.o)
                0x000000000000fd90                _TEE_MathAPI_Init
                0x000000000000fde0                TEE_BigIntInit
                0x000000000000fe40                __GP11_TEE_BigIntInit
                0x000000000000fe48                TEE_BigIntConvertFromOctetString
                0x000000000000ff10                __GP11_TEE_BigIntConvertFromOctetString
                0x000000000000ff18                TEE_BigIntConvertToOctetString
                0x000000000000ffe0                __GP11_TEE_BigIntConvertToOctetString
                0x0000000000010040                TEE_BigIntConvertFromS32
                0x00000000000100f0                TEE_BigIntConvertToS32
                0x00000000000101ac                TEE_BigIntCmp
                0x0000000000010240                TEE_BigIntCmpS32
                0x000000000001048c                TEE_BigIntShiftRight
                0x000000000001062c                __GP11_TEE_BigIntShiftRight
                0x0000000000010634                TEE_BigIntGetBit
                0x00000000000106b4                TEE_BigIntGetBitCount
                0x0000000000010728                TEE_BigIntSetBit
                0x00000000000107d8                TEE_BigIntAssign
                0x0000000000010828                TEE_BigIntAbs
                0x0000000000010854                TEE_BigIntAdd
                0x0000000000010860                TEE_BigIntSub
                0x000000000001086c                TEE_BigIntNeg
                0x0000000000010950                TEE_BigIntMul
                0x0000000000010a64                TEE_BigIntSquare
                0x0000000000010a6c                TEE_BigIntDiv
                0x0000000000010c20                TEE_BigIntMod
                0x0000000000010c8c                TEE_BigIntAddMod
                0x0000000000010c98                TEE_BigIntSubMod
                0x0000000000010ca4                TEE_BigIntMulMod
                0x0000000000010cb0                TEE_BigIntSquareMod
                0x0000000000010cbc                TEE_BigIntInvMod
                0x0000000000010e0c                TEE_BigIntRelativePrime
                0x0000000000010f14                TEE_BigIntExpMod
                0x00000000000110e8                TEE_BigIntComputeExtendedGcd
                0x0000000000011350                TEE_BigIntIsProbablePrime
                0x00000000000113d4                TEE_BigIntInitFMM
                0x00000000000113d8                __GP11_TEE_BigIntInitFMM
                0x00000000000113e0                TEE_BigIntInitFMMContext
                0x00000000000113e4                __GP11_TEE_BigIntInitFMMContext
                0x00000000000113ec                TEE_BigIntInitFMMContext1
                0x00000000000113f4                TEE_BigIntFMMSizeInU32
                0x0000000000011404                __GP11_TEE_BigIntFMMSizeInU32
                0x000000000001141c                TEE_BigIntFMMContextSizeInU32
                0x0000000000011424                __GP11_TEE_BigIntFMMContextSizeInU32
                0x000000000001143c                TEE_BigIntConvertToFMM
                0x0000000000011440                TEE_BigIntConvertFromFMM
                0x0000000000011510                TEE_BigIntComputeFMM
 .text          0x0000000000011658     0x1b10 /home/avees/Linux_for_Tegra/sources/tegra/optee-src/nv-optee/optee/build/t234/export-ta_arm64/lib/libutee.a(tee_api_objects.o)
                0x0000000000011658                __utee_from_attr
                0x00000000000116a8                __utee_from_gp11_attr
                0x00000000000116f8                TEE_GetObjectInfo
                0x00000000000117b4                __GP11_TEE_GetObjectInfo
                0x0000000000011878                TEE_GetObjectInfo1
                0x0000000000011928                __GP11_TEE_GetObjectInfo1
                0x00000000000119e8                TEE_RestrictObjectUsage1
                0x0000000000011a2c                TEE_RestrictObjectUsage
                0x0000000000011abc                TEE_GetObjectBufferAttribute
                0x0000000000011bc0                __GP11_TEE_GetObjectBufferAttribute
                0x0000000000011c58                TEE_GetObjectValueAttribute
                0x0000000000011d90                TEE_CloseObject
                0x0000000000011db8                __GP11_TEE_AllocateTransientObject
                0x0000000000011e6c                TEE_AllocateTransientObject
                0x0000000000011e88                TEE_FreeTransientObject
                0x0000000000011f18                TEE_ResetTransientObject
                0x0000000000011fa8                TEE_PopulateTransientObject
                0x00000000000120ec                __GP11_TEE_PopulateTransientObject
                0x0000000000012230                TEE_InitRefAttribute
                0x000000000001227c                __GP11_TEE_InitRefAttribute
                0x00000000000122cc                TEE_InitValueAttribute
                0x0000000000012318                __GP11_TEE_InitValueAttribute
                0x0000000000012364                TEE_CopyObjectAttributes1
                0x000000000001245c                TEE_CopyObjectAttributes
                0x00000000000124f0                TEE_GenerateKey
                0x00000000000125fc                __GP11_TEE_GenerateKey
                0x0000000000012708                TEE_OpenPersistentObject
                0x00000000000127ec                __GP11_TEE_OpenPersistentObject
                0x00000000000127f4                TEE_CreatePersistentObject
                0x0000000000012938                __GP11_TEE_CreatePersistentObject
                0x00000000000129b4                TEE_CloseAndDeletePersistentObject1
                0x00000000000129fc                TEE_CloseAndDeletePersistentObject
                0x0000000000012a28                TEE_RenamePersistentObject
                0x0000000000012a84                __GP11_TEE_RenamePersistentObject
                0x0000000000012a8c                TEE_AllocatePersistentObjectEnumerator
                0x0000000000012b1c                TEE_FreePersistentObjectEnumerator
                0x0000000000012b44                TEE_ResetPersistentObjectEnumerator
                0x0000000000012b6c                TEE_StartPersistentObjectEnumerator
                0x0000000000012bbc                TEE_GetNextPersistentObject
                0x0000000000012cd8                __GP11_TEE_GetNextPersistentObject
                0x0000000000012e04                TEE_ReadObjectData
                0x0000000000012ecc                __GP11_TEE_ReadObjectData
                0x0000000000012f64                TEE_WriteObjectData
                0x0000000000012fdc                __GP11_TEE_WriteObjectData
                0x0000000000012fe4                TEE_TruncateObjectData
                0x0000000000013040                __GP11_TEE_TruncateObjectData
                0x0000000000013048                TEE_SeekObjectData
                0x0000000000013160                __GP11_TEE_SeekObjectData
 .text          0x0000000000013168      0xf78 /home/avees/Linux_for_Tegra/sources/tegra/optee-src/nv-optee/optee/build/t234/export-ta_arm64/lib/libutee.a(tee_api_property.o)
                0x00000000000134f8                TEE_GetPropertyAsString
                0x0000000000013754                __GP11_TEE_GetPropertyAsString
                0x00000000000137ec                TEE_GetPropertyAsBool
                0x00000000000138c4                TEE_GetPropertyAsU32
                0x00000000000139ac                TEE_GetPropertyAsU64
                0x0000000000013a94                __GP11_TEE_GetPropertyAsBinaryBlock
                0x0000000000013b80                TEE_GetPropertyAsBinaryBlock
                0x0000000000013c18                TEE_GetPropertyAsUUID
                0x0000000000013d00                TEE_GetPropertyAsIdentity
                0x0000000000013de8                TEE_ResetPropertyEnumerator
                0x0000000000013df4                TEE_AllocatePropertyEnumerator
                0x0000000000013e3c                TEE_FreePropertyEnumerator
                0x0000000000013e40                TEE_StartPropertyEnumerator
                0x0000000000013e50                __GP11_TEE_GetPropertyName
                0x0000000000013f78                TEE_GetPropertyName
                0x0000000000014000                TEE_GetNextProperty
 .text          0x00000000000140e0      0x310 /home/avees/Linux_for_Tegra/sources/tegra/optee-src/nv-optee/optee/build/t234/export-ta_arm64/lib/libutee.a(tee_system_pta.o)
                0x0000000000014168                tee_map_zi
                0x0000000000014218                tee_unmap
                0x00000000000142e0                tee_invoke_supp_plugin
 .text          0x00000000000143f0      0x34c /home/avees/Linux_for_Tegra/sources/tegra/optee-src/nv-optee/optee/build/t234/export-ta_arm64/lib/libutee.a(tcb.o)
                0x00000000000143f0                __utee_tcb_init
                0x0000000000014630                __tls_get_addr
                0x000000000001464c                dl_iterate_phdr
 .text          0x000000000001473c      0x258 /home/avees/Linux_for_Tegra/sources/tegra/optee-src/nv-optee/optee/build/t234/export-ta_arm64/lib/libutee.a(base64.o)
                0x000000000001473c                _base64_enc_len
                0x0000000000014754                _base64_enc
                0x0000000000014870                _base64_dec
 .text          0x0000000000014994     0x4190 /home/avees/Linux_for_Tegra/sources/tegra/optee-src/nv-optee/optee/build/t234/export-ta_arm64/lib/libmbedtls.a(bignum.o)
                0x0000000000015168                mbedtls_mpi_init
                0x0000000000015178                mbedtls_mpi_init_mempool
                0x00000000000151a0                mbedtls_mpi_free
                0x000000000001520c                mbedtls_mpi_grow
                0x0000000000015360                mbedtls_mpi_shrink
                0x0000000000015480                mbedtls_mpi_copy
                0x000000000001554c                mbedtls_mpi_swap
                0x00000000000155d4                mbedtls_mpi_lset
                0x000000000001563c                mbedtls_mpi_get_bit
                0x0000000000015668                mbedtls_mpi_set_bit
                0x00000000000156f4                mbedtls_mpi_lsb
                0x0000000000015748                mbedtls_mpi_bitlen
                0x00000000000157a4                mbedtls_mpi_size
                0x00000000000157c0                mbedtls_mpi_read_binary_le
                0x0000000000015838                mbedtls_mpi_read_binary
                0x00000000000158bc                mbedtls_mpi_write_binary_le
                0x0000000000015974                mbedtls_mpi_write_binary
                0x0000000000015a38                mbedtls_mpi_shift_l
                0x0000000000015b48                mbedtls_mpi_shift_r
                0x0000000000015c08                mbedtls_mpi_cmp_abs
                0x0000000000015ca4                mbedtls_mpi_cmp_mpi
                0x0000000000015d78                mbedtls_mpi_cmp_int
                0x0000000000015dec                mbedtls_mpi_add_abs
                0x0000000000015f0c                mbedtls_mpi_sub_abs
                0x0000000000016068                mbedtls_mpi_add_mpi
                0x00000000000160f0                mbedtls_mpi_sub_mpi
                0x000000000001617c                mbedtls_mpi_add_int
                0x00000000000161f0                mbedtls_mpi_sub_int
                0x0000000000016264                mbedtls_mpi_mul_mpi
                0x0000000000016410                mbedtls_mpi_mul_int
                0x00000000000164b8                mbedtls_mpi_read_string
                0x00000000000166c4                mbedtls_mpi_div_mpi
                0x0000000000016bf8                mbedtls_mpi_div_int
                0x0000000000016c6c                mbedtls_mpi_mod_mpi
                0x0000000000016d20                mbedtls_mpi_mod_int
                0x0000000000016dbc                mbedtls_mpi_write_string
                0x00000000000170f0                mbedtls_mpi_montg_init
                0x00000000000170f8                mbedtls_mpi_montmul
                0x0000000000017100                mbedtls_mpi_montred
                0x0000000000017104                mbedtls_mpi_exp_mod
                0x00000000000177d0                mbedtls_mpi_gcd
                0x00000000000179a8                mbedtls_mpi_fill_random
                0x0000000000017cb4                mbedtls_mpi_random
                0x0000000000017e6c                mbedtls_mpi_inv_mod
                0x00000000000182c4                mbedtls_mpi_is_prime_ext
                0x00000000000183a0                mbedtls_mpi_is_prime
                0x00000000000183b0                mbedtls_mpi_gen_prime
                0x00000000000186fc                mbedtls_mpi_self_test
 .text          0x0000000000018b24      0x7c0 /home/avees/Linux_for_Tegra/sources/tegra/optee-src/nv-optee/optee/build/t234/export-ta_arm64/lib/libmbedtls.a(constant_time.o)
                0x0000000000018b44                mbedtls_ct_memcmp
                0x0000000000018b8c                mbedtls_ct_uint_mask
                0x0000000000018b9c                mbedtls_ct_mpi_uint_mask
                0x0000000000018bac                mbedtls_ct_size_bool_eq
                0x0000000000018bc4                mbedtls_ct_mpi_uint_lt
                0x0000000000018be0                mbedtls_ct_uint_if
                0x0000000000018c10                mbedtls_ct_mpi_uint_cond_assign
                0x0000000000018c4c                mbedtls_ct_base64_enc_char
                0x0000000000018cfc                mbedtls_ct_base64_dec_value
                0x0000000000018db8                mbedtls_mpi_safe_cond_assign
                0x0000000000018e74                mbedtls_mpi_safe_cond_swap
                0x0000000000018f70                mbedtls_mpi_lt_mpi_ct
                0x0000000000019068                mbedtls_ct_rsaes_pkcs1_v15_unpadding
 .text          0x00000000000192e4       0x20 /home/avees/Linux_for_Tegra/sources/tegra/optee-src/nv-optee/optee/build/t234/export-ta_arm64/lib/libmbedtls.a(platform_util.o)
                0x00000000000192e4                mbedtls_platform_zeroize
 .text          0x0000000000019304      0x128 /home/avees/Linux_for_Tegra/sources/tegra/optee-src/nv-optee/optee/build/t234/export-ta_arm64/lib/libutils.a(snprintf.o)
                0x0000000000019304                snprintf
                0x00000000000193d4                vsnprintf
 .text          0x000000000001942c       0x5c /home/avees/Linux_for_Tegra/sources/tegra/optee-src/nv-optee/optee/build/t234/export-ta_arm64/lib/libutils.a(memmove.o)
                0x000000000001942c                memmove
 .text          0x0000000000019488       0x58 /home/avees/Linux_for_Tegra/sources/tegra/optee-src/nv-optee/optee/build/t234/export-ta_arm64/lib/libutils.a(strlcpy.o)
                0x0000000000019488                strlcpy
 .text          0x00000000000194e0      0x190 /home/avees/Linux_for_Tegra/sources/tegra/optee-src/nv-optee/optee/build/t234/export-ta_arm64/lib/libutils.a(mempool.o)
                0x00000000000194e0                mempool_alloc_pool
                0x00000000000195a8                mempool_alloc
                0x000000000001960c                mempool_calloc
                0x000000000001965c                mempool_free
 .text          0x0000000000019670       0x70 /home/avees/Linux_for_Tegra/sources/tegra/optee-src/nv-optee/optee/build/t234/export-ta_arm64/lib/libutils.a(consttime_memcmp.o)
                0x0000000000019670                consttime_memcmp
 .text          0x00000000000196e0        0x0 /home/avees/Linux_for_Tegra/sources/tegra/optee-src/nv-optee/optee/build/t234/export-ta_arm64/lib/libutee.a(utee_syscalls_a64.o)
 .text          0x00000000000196e0        0x0 /home/avees/Linux_for_Tegra/sources/tegra/optee-src/nv-optee/optee/build/t234/export-ta_arm64/lib/libutee.a(abort.o)
 *(SORT_BY_ALIGNMENT(.stub))
 *(SORT_BY_ALIGNMENT(.glue_7))
 *(SORT_BY_ALIGNMENT(.glue_7t))
 *(SORT_BY_ALIGNMENT(.gnu.linkonce.t.*))
 *(SORT_BY_ALIGNMENT(.vfp11_veneer))
                0x00000000000196e0                __text_end = .

.note.gnu.property
 *(SORT_BY_ALIGNMENT(.note.gnu.property))

.plt            0x00000000000196e0        0x0
 *(SORT_BY_ALIGNMENT(.plt))
 .plt           0x00000000000196e0        0x0 ./darknetp_ta.o

.eh_frame_hdr
 *(SORT_BY_ALIGNMENT(.eh_frame_hdr))
 *(SORT_BY_ALIGNMENT(.eh_frame_entry) SORT_BY_ALIGNMENT(.eh_frame_entry.*))

.eh_frame       0x00000000000196e0     0x51f4
 *(SORT_BY_ALIGNMENT(.eh_frame))
 .eh_frame      0x00000000000196e0      0x338 ./darknetp_ta.o
 .eh_frame      0x0000000000019a18       0xa8 ./softmax_layer_TA.o
                                         0xb8 (size before relaxing)
 .eh_frame      0x0000000000019ac0       0x88 ./utils_TA.o
                                         0xa0 (size before relaxing)
 .eh_frame      0x0000000000019b48      0x120 ./connected_layer_TA.o
                                        0x130 (size before relaxing)
 .eh_frame      0x0000000000019c68      0x368 ./math_TA.o
                                        0x380 (size before relaxing)
 .eh_frame      0x0000000000019fd0       0xe0 ./parser_TA.o
                                         0xf8 (size before relaxing)
 .eh_frame      0x000000000001a0b0      0x118 ./activations_TA.o
                                        0x128 (size before relaxing)
 .eh_frame      0x000000000001a1c8      0x210 ./blas_TA.o
                                        0x220 (size before relaxing)
 .eh_frame      0x000000000001a3d8       0xc0 ./maxpool_layer_TA.o
                                         0xd8 (size before relaxing)
 .eh_frame      0x000000000001a498      0x198 ./network_TA.o
                                        0x1b0 (size before relaxing)
 .eh_frame      0x000000000001a630      0x1b0 ./aes_TA.o
                                        0x1c0 (size before relaxing)
 .eh_frame      0x000000000001a7e0       0x58 ./im2col_TA.o
                                         0x70 (size before relaxing)
 .eh_frame      0x000000000001a838      0x198 ./batchnorm_layer_TA.o
                                        0x1b0 (size before relaxing)
 .eh_frame      0x000000000001a9d0       0x98 ./dropout_layer_TA.o
                                         0xa8 (size before relaxing)
 .eh_frame      0x000000000001aa68      0x218 ./convolutional_layer_TA.o
                                        0x228 (size before relaxing)
 .eh_frame      0x000000000001ac80       0xc8 ./cost_layer_TA.o
                                         0xe0 (size before relaxing)
 .eh_frame      0x000000000001ad48       0x78 ./avgpool_layer_TA.o
                                         0x88 (size before relaxing)
 .eh_frame      0x000000000001adc0       0x58 ./col2im_TA.o
                                         0x70 (size before relaxing)
 .eh_frame      0x000000000001ae18       0x78 ./gemm_TA.o
                                         0x90 (size before relaxing)
 .eh_frame      0x000000000001ae90       0x40 ./diffprivate_TA.o
                                         0x50 (size before relaxing)
 .eh_frame      0x000000000001aed0       0x30 ./user_ta_header.o
                                         0x40 (size before relaxing)
 .eh_frame      0x000000000001af00      0x2d8 /home/avees/Linux_for_Tegra/sources/tegra/optee-src/nv-optee/optee/build/t234/export-ta_arm64/lib/libutils.a(bget_malloc.o)
                                        0x2e8 (size before relaxing)
 .eh_frame      0x000000000001b1d8       0x18 /home/avees/Linux_for_Tegra/sources/tegra/optee-src/nv-optee/optee/build/t234/export-ta_arm64/lib/libutils.a(stack_check.o)
                                         0x30 (size before relaxing)
 .eh_frame      0x000000000001b1f0       0x18 /home/avees/Linux_for_Tegra/sources/tegra/optee-src/nv-optee/optee/build/t234/export-ta_arm64/lib/libutils.a(memcpy.o)
                                         0x28 (size before relaxing)
 .eh_frame      0x000000000001b208       0x18 /home/avees/Linux_for_Tegra/sources/tegra/optee-src/nv-optee/optee/build/t234/export-ta_arm64/lib/libutils.a(memset.o)
                                         0x28 (size before relaxing)
 .eh_frame      0x000000000001b220       0x18 /home/avees/Linux_for_Tegra/sources/tegra/optee-src/nv-optee/optee/build/t234/export-ta_arm64/lib/libutils.a(strcmp.o)
                                         0x28 (size before relaxing)
 .eh_frame      0x000000000001b238       0x18 /home/avees/Linux_for_Tegra/sources/tegra/optee-src/nv-optee/optee/build/t234/export-ta_arm64/lib/libutils.a(strncmp.o)
                                         0x28 (size before relaxing)
 .eh_frame      0x000000000001b250       0xb8 /home/avees/Linux_for_Tegra/sources/tegra/optee-src/nv-optee/optee/build/t234/export-ta_arm64/lib/libutils.a(trace.o)
                                         0xc8 (size before relaxing)
 .eh_frame      0x000000000001b308       0xf0 /home/avees/Linux_for_Tegra/sources/tegra/optee-src/nv-optee/optee/build/t234/export-ta_arm64/lib/libutils.a(snprintk.o)
                                        0x100 (size before relaxing)
 .eh_frame      0x000000000001b3f8       0x18 /home/avees/Linux_for_Tegra/sources/tegra/optee-src/nv-optee/optee/build/t234/export-ta_arm64/lib/libutils.a(memchr.o)
                                         0x28 (size before relaxing)
 .eh_frame      0x000000000001b410       0x18 /home/avees/Linux_for_Tegra/sources/tegra/optee-src/nv-optee/optee/build/t234/export-ta_arm64/lib/libutils.a(strlen.o)
                                         0x28 (size before relaxing)
 .eh_frame      0x000000000001b428       0x38 /home/avees/Linux_for_Tegra/sources/tegra/optee-src/nv-optee/optee/build/t234/export-ta_arm64/lib/libutee.a(assert.o)
                                         0x50 (size before relaxing)
 .eh_frame      0x000000000001b460       0xa8 /home/avees/Linux_for_Tegra/sources/tegra/optee-src/nv-optee/optee/build/t234/export-ta_arm64/lib/libutee.a(trace_ext.o)
                                         0xc0 (size before relaxing)
 .eh_frame      0x000000000001b508      0xaf0 /home/avees/Linux_for_Tegra/sources/tegra/optee-src/nv-optee/optee/build/t234/export-ta_arm64/lib/libutee.a(tee_api_operations.o)
                                        0xb08 (size before relaxing)
 .eh_frame      0x000000000001bff8      0x180 /home/avees/Linux_for_Tegra/sources/tegra/optee-src/nv-optee/optee/build/t234/export-ta_arm64/lib/libutee.a(tee_api_panic.o)
                                        0x198 (size before relaxing)
 .eh_frame      0x000000000001c178      0x150 /home/avees/Linux_for_Tegra/sources/tegra/optee-src/nv-optee/optee/build/t234/export-ta_arm64/lib/libutee.a(user_ta_entry.o)
                                        0x168 (size before relaxing)
 .eh_frame      0x000000000001c2c8       0x18 /home/avees/Linux_for_Tegra/sources/tegra/optee-src/nv-optee/optee/build/t234/export-ta_arm64/lib/libutee.a(abort.o)
                                         0x30 (size before relaxing)
 .eh_frame      0x000000000001c2e0      0x588 /home/avees/Linux_for_Tegra/sources/tegra/optee-src/nv-optee/optee/build/t234/export-ta_arm64/lib/libutee.a(tee_api.o)
                                        0x5a0 (size before relaxing)
 .eh_frame      0x000000000001c868      0x7d0 /home/avees/Linux_for_Tegra/sources/tegra/optee-src/nv-optee/optee/build/t234/export-ta_arm64/lib/libutee.a(tee_api_arith_mpi.o)
                                        0x7e0 (size before relaxing)
 .eh_frame      0x000000000001d038      0x750 /home/avees/Linux_for_Tegra/sources/tegra/optee-src/nv-optee/optee/build/t234/export-ta_arm64/lib/libutee.a(tee_api_objects.o)
                                        0x768 (size before relaxing)
 .eh_frame      0x000000000001d788      0x2f8 /home/avees/Linux_for_Tegra/sources/tegra/optee-src/nv-optee/optee/build/t234/export-ta_arm64/lib/libutee.a(tee_api_property.o)
                                        0x308 (size before relaxing)
 .eh_frame      0x000000000001da80       0xc0 /home/avees/Linux_for_Tegra/sources/tegra/optee-src/nv-optee/optee/build/t234/export-ta_arm64/lib/libutee.a(tee_system_pta.o)
                                         0xd0 (size before relaxing)
 .eh_frame      0x000000000001db40       0x90 /home/avees/Linux_for_Tegra/sources/tegra/optee-src/nv-optee/optee/build/t234/export-ta_arm64/lib/libutee.a(tcb.o)
                                         0xa8 (size before relaxing)
 .eh_frame      0x000000000001dbd0       0x58 /home/avees/Linux_for_Tegra/sources/tegra/optee-src/nv-optee/optee/build/t234/export-ta_arm64/lib/libutee.a(base64.o)
                                         0x70 (size before relaxing)
 .eh_frame      0x000000000001dc28      0x988 /home/avees/Linux_for_Tegra/sources/tegra/optee-src/nv-optee/optee/build/t234/export-ta_arm64/lib/libmbedtls.a(bignum.o)
                                        0x9a0 (size before relaxing)
 .eh_frame      0x000000000001e5b0      0x1e0 /home/avees/Linux_for_Tegra/sources/tegra/optee-src/nv-optee/optee/build/t234/export-ta_arm64/lib/libmbedtls.a(constant_time.o)
                                        0x1f8 (size before relaxing)
 .eh_frame      0x000000000001e790       0x18 /home/avees/Linux_for_Tegra/sources/tegra/optee-src/nv-optee/optee/build/t234/export-ta_arm64/lib/libmbedtls.a(platform_util.o)
                                         0x28 (size before relaxing)
 .eh_frame      0x000000000001e7a8       0x58 /home/avees/Linux_for_Tegra/sources/tegra/optee-src/nv-optee/optee/build/t234/export-ta_arm64/lib/libutils.a(snprintf.o)
                                         0x68 (size before relaxing)
 .eh_frame      0x000000000001e800       0x18 /home/avees/Linux_for_Tegra/sources/tegra/optee-src/nv-optee/optee/build/t234/export-ta_arm64/lib/libutils.a(memmove.o)
                                         0x28 (size before relaxing)
 .eh_frame      0x000000000001e818       0x18 /home/avees/Linux_for_Tegra/sources/tegra/optee-src/nv-optee/optee/build/t234/export-ta_arm64/lib/libutils.a(strlcpy.o)
                                         0x28 (size before relaxing)
 .eh_frame      0x000000000001e830       0x88 /home/avees/Linux_for_Tegra/sources/tegra/optee-src/nv-optee/optee/build/t234/export-ta_arm64/lib/libutils.a(mempool.o)
                                         0xa0 (size before relaxing)
 .eh_frame      0x000000000001e8b8       0x1c /home/avees/Linux_for_Tegra/sources/tegra/optee-src/nv-optee/optee/build/t234/export-ta_arm64/lib/libutils.a(consttime_memcmp.o)
                                         0x30 (size before relaxing)
 *(SORT_BY_ALIGNMENT(.eh_frame.*))

.gcc_except_table
 *(SORT_BY_ALIGNMENT(.gcc_except_table) SORT_BY_ALIGNMENT(.gcc_except_table.*))

.rodata         0x000000000001e8d8     0x192d
 *(SORT_BY_ALIGNMENT(.gnu.linkonce.r.*))
 *(SORT_BY_ALIGNMENT(.rodata) SORT_BY_ALIGNMENT(.rodata.*))
 .rodata.cst8   0x000000000001e8d8       0x58 ./math_TA.o
 .rodata.cst8   0x000000000001e930       0x28 ./activations_TA.o
                                         0x30 (size before relaxing)
 .rodata.cst8   0x000000000001e958        0x8 ./blas_TA.o
 .rodata.cst8   0x000000000001e960        0x8 ./network_TA.o
                                         0x10 (size before relaxing)
 .rodata.cst8   0x000000000001e968        0x8 ./diffprivate_TA.o
 .rodata.user_ta_header.c
                0x000000000001e970       0x33 ./user_ta_header.o
                0x000000000001e970                ta_num_props
                0x000000000001e990                __ta_no_share_heap_size
                0x000000000001e998                ta_heap_size
                0x000000000001e9a0                trace_ext_prefix
 *fill*         0x000000000001e9a3        0x5 
 .rodata.lib/libutee/tee_api.c
                0x000000000001e9a8       0x20 /home/avees/Linux_for_Tegra/sources/tegra/optee-src/nv-optee/optee/build/t234/export-ta_arm64/lib/libutee.a(tee_api.o)
 .rodata.darknetp_ta.c
                0x000000000001e9c8       0x94 ./darknetp_ta.o
 .rodata.cst4   0x000000000001ea5c        0x4 ./darknetp_ta.o
 .rodata.activations_TA.c
                0x000000000001ea60       0x3a ./activations_TA.o
 *fill*         0x000000000001ea9a        0x2 
 .rodata.cst4   0x000000000001ea9c        0xc ./activations_TA.o
 .rodata.cst4   0x000000000001eaa8        0x4 ./blas_TA.o
 .rodata.cst4   0x000000000001eaac        0x4 ./maxpool_layer_TA.o
 .rodata.cst4   0x000000000001eaac        0x4 ./batchnorm_layer_TA.o
                                          0xc (size before relaxing)
 .rodata.cost_layer_TA.c
                0x000000000001eab0       0x16 ./cost_layer_TA.o
 *fill*         0x000000000001eac6        0x2 
 .rodata.cst4   0x000000000001eac8        0x4 ./cost_layer_TA.o
 .rodata.lib/libutils/ext/snprintk.c
                0x000000000001eacc       0xac /home/avees/Linux_for_Tegra/sources/tegra/optee-src/nv-optee/optee/build/t234/export-ta_arm64/lib/libutils.a(snprintk.o)
 .rodata.lib/libutee/tee_api_operations.c
                0x000000000001eb78       0x1c /home/avees/Linux_for_Tegra/sources/tegra/optee-src/nv-optee/optee/build/t234/export-ta_arm64/lib/libutee.a(tee_api_operations.o)
 .rodata.lib/libutee/tee_api_property.c
                0x000000000001eb94       0x20 /home/avees/Linux_for_Tegra/sources/tegra/optee-src/nv-optee/optee/build/t234/export-ta_arm64/lib/libutee.a(tee_api_property.o)
 .rodata.lib/libutee/tee_system_pta.c
                0x000000000001ebb4       0x31 /home/avees/Linux_for_Tegra/sources/tegra/optee-src/nv-optee/optee/build/t234/export-ta_arm64/lib/libutee.a(tee_system_pta.o)
 *fill*         0x000000000001ebe5        0x3 
 .rodata.lib/libutee/base64.c
                0x000000000001ebe8       0x45 /home/avees/Linux_for_Tegra/sources/tegra/optee-src/nv-optee/optee/build/t234/export-ta_arm64/lib/libutee.a(base64.o)
 *fill*         0x000000000001ec2d        0x3 
 .rodata.lib/libmbedtls/mbedtls/library/bignum.c
                0x000000000001ec30      0x2c4 /home/avees/Linux_for_Tegra/sources/tegra/optee-src/nv-optee/optee/build/t234/export-ta_arm64/lib/libmbedtls.a(bignum.o)
 .rodata.str1.1.darknetp_ta.c
                0x000000000001eef4      0x18e ./darknetp_ta.o
 .rodata.str1.1.softmax_layer_TA.c
                0x000000000001f082       0x26 ./softmax_layer_TA.o
 .rodata.softmax_layer_TA.c
                0x000000000001f0a8       0x1a ./softmax_layer_TA.o
 .rodata.str1.1.parser_TA.c
                0x000000000001f0c2       0x23 ./parser_TA.o
 .rodata.parser_TA.c
                0x000000000001f0e5        0xb ./parser_TA.o
 .rodata.str1.1.activations_TA.c
                0x000000000001f0f0       0x4f ./activations_TA.o
                                         0x53 (size before relaxing)
 .rodata.str1.1.network_TA.c
                0x000000000001f13f       0x55 ./network_TA.o
 .rodata.network_TA.c
                0x000000000001f194       0x15 ./network_TA.o
 .rodata.aes_TA.c
                0x000000000001f1a9      0x20b ./aes_TA.o
 .rodata.str1.1.cost_layer_TA.c
                0x000000000001f3b4       0x4a ./cost_layer_TA.o
 .rodata.str1.1.user_ta_header.c
                0x000000000001f3fe      0x133 ./user_ta_header.o
 .rodata.str1.1.lib/libutils/isoc/bget_malloc.c
                0x000000000001f531      0x290 /home/avees/Linux_for_Tegra/sources/tegra/optee-src/nv-optee/optee/build/t234/export-ta_arm64/lib/libutils.a(bget_malloc.o)
                                        0x29b (size before relaxing)
 .rodata.lib/libutils/isoc/bget_malloc.c
                0x000000000001f7c1       0x51 /home/avees/Linux_for_Tegra/sources/tegra/optee-src/nv-optee/optee/build/t234/export-ta_arm64/lib/libutils.a(bget_malloc.o)
 .rodata.str1.1.lib/libutils/isoc/stack_check.c
                0x000000000001f812       0x18 /home/avees/Linux_for_Tegra/sources/tegra/optee-src/nv-optee/optee/build/t234/export-ta_arm64/lib/libutils.a(stack_check.o)
 .rodata.str1.1.lib/libutils/ext/trace.c
                0x000000000001f82a       0x1a /home/avees/Linux_for_Tegra/sources/tegra/optee-src/nv-optee/optee/build/t234/export-ta_arm64/lib/libutils.a(trace.o)
                                         0x1b (size before relaxing)
 .rodata.lib/libutils/ext/trace.c
                0x000000000001f844        0x5 /home/avees/Linux_for_Tegra/sources/tegra/optee-src/nv-optee/optee/build/t234/export-ta_arm64/lib/libutils.a(trace.o)
 .rodata.str1.1.lib/libutils/ext/snprintk.c
                0x000000000001f849       0x38 /home/avees/Linux_for_Tegra/sources/tegra/optee-src/nv-optee/optee/build/t234/export-ta_arm64/lib/libutils.a(snprintk.o)
 .rodata.str1.1.lib/libutee/assert.c
                0x000000000001f881       0x27 /home/avees/Linux_for_Tegra/sources/tegra/optee-src/nv-optee/optee/build/t234/export-ta_arm64/lib/libutee.a(assert.o)
 .rodata.str1.1.lib/libutee/trace_ext.c
                0x000000000001f8a8       0x27 /home/avees/Linux_for_Tegra/sources/tegra/optee-src/nv-optee/optee/build/t234/export-ta_arm64/lib/libutee.a(trace_ext.o)
                                          0x2 (size before relaxing)
 .rodata.str1.1.lib/libutee/tee_api_operations.c
                0x000000000001f8a8       0x39 /home/avees/Linux_for_Tegra/sources/tegra/optee-src/nv-optee/optee/build/t234/export-ta_arm64/lib/libutee.a(tee_api_operations.o)
 .rodata.str1.1.lib/libutee/user_ta_entry.c
                0x000000000001f8e1       0x4f /home/avees/Linux_for_Tegra/sources/tegra/optee-src/nv-optee/optee/build/t234/export-ta_arm64/lib/libutee.a(user_ta_entry.o)
 .rodata.lib/libutee/user_ta_entry.c
                0x000000000001f930       0x16 /home/avees/Linux_for_Tegra/sources/tegra/optee-src/nv-optee/optee/build/t234/export-ta_arm64/lib/libutee.a(user_ta_entry.o)
 .rodata.str1.1.lib/libutee/abort.c
                0x000000000001f946        0x7 /home/avees/Linux_for_Tegra/sources/tegra/optee-src/nv-optee/optee/build/t234/export-ta_arm64/lib/libutee.a(abort.o)
 .rodata.str1.1.lib/libutee/tee_api.c
                0x000000000001f94d       0x11 /home/avees/Linux_for_Tegra/sources/tegra/optee-src/nv-optee/optee/build/t234/export-ta_arm64/lib/libutee.a(tee_api.o)
 .rodata.str1.1.lib/libutee/tee_api_arith_mpi.c
                0x000000000001f95e       0xc9 /home/avees/Linux_for_Tegra/sources/tegra/optee-src/nv-optee/optee/build/t234/export-ta_arm64/lib/libutee.a(tee_api_arith_mpi.o)
 .rodata.lib/libutee/tee_api_arith_mpi.c
                0x000000000001fa27      0x14e /home/avees/Linux_for_Tegra/sources/tegra/optee-src/nv-optee/optee/build/t234/export-ta_arm64/lib/libutee.a(tee_api_arith_mpi.o)
 .rodata.str1.1.lib/libutee/tee_api_property.c
                0x000000000001fb75       0x83 /home/avees/Linux_for_Tegra/sources/tegra/optee-src/nv-optee/optee/build/t234/export-ta_arm64/lib/libutee.a(tee_api_property.o)
                                         0x88 (size before relaxing)
 .rodata.str1.1.lib/libutee/tee_system_pta.c
                0x000000000001fbf8       0x55 /home/avees/Linux_for_Tegra/sources/tegra/optee-src/nv-optee/optee/build/t234/export-ta_arm64/lib/libutee.a(tee_system_pta.o)
 .rodata.str1.1.lib/libutee/tcb.c
                0x000000000001fc4d       0x8d /home/avees/Linux_for_Tegra/sources/tegra/optee-src/nv-optee/optee/build/t234/export-ta_arm64/lib/libutee.a(tcb.o)
 .rodata.lib/libutee/tcb.c
                0x000000000001fcda       0x20 /home/avees/Linux_for_Tegra/sources/tegra/optee-src/nv-optee/optee/build/t234/export-ta_arm64/lib/libutee.a(tcb.o)
 .rodata.str1.1.lib/libmbedtls/mbedtls/library/bignum.c
                0x000000000001fcfa      0x456 /home/avees/Linux_for_Tegra/sources/tegra/optee-src/nv-optee/optee/build/t234/export-ta_arm64/lib/libmbedtls.a(bignum.o)
                                        0x45d (size before relaxing)
 .rodata.str1.1.lib/libutils/ext/mempool.c
                0x0000000000020150       0x89 /home/avees/Linux_for_Tegra/sources/tegra/optee-src/nv-optee/optee/build/t234/export-ta_arm64/lib/libutils.a(mempool.o)
 .rodata.lib/libutils/ext/mempool.c
                0x00000000000201d9       0x2c /home/avees/Linux_for_Tegra/sources/tegra/optee-src/nv-optee/optee/build/t234/export-ta_arm64/lib/libutils.a(mempool.o)

.gnu.version_d  0x0000000000020208        0x0
 .gnu.version_d
                0x0000000000020208        0x0 ./darknetp_ta.o

.gnu.version    0x0000000000020206        0x0
 .gnu.version   0x0000000000020206        0x0 ./darknetp_ta.o

.gnu.version_r  0x0000000000020208        0x0
 .gnu.version_r
                0x0000000000020208        0x0 ./darknetp_ta.o

.gnu.hash       0x0000000000020208       0x30
 .gnu.hash      0x0000000000020208       0x30 ./darknetp_ta.o

.ARM.extab
 *(SORT_BY_ALIGNMENT(.ARM.extab*) SORT_BY_ALIGNMENT(.gnu.linkonce.armextab.*))
                [!provide]                        PROVIDE (__exidx_start = .)

.ARM.exidx
 *(SORT_BY_ALIGNMENT(.ARM.exidx*) SORT_BY_ALIGNMENT(.gnu.linkonce.armexidx.*))
                [!provide]                        PROVIDE (__exidx_end = .)

.ctors
 *(SORT_BY_ALIGNMENT(.ctors))

.dtors
 *(SORT_BY_ALIGNMENT(.dtors))

.dynsym         0x0000000000020238       0x90
 *(SORT_BY_ALIGNMENT(.dynsym))
 .dynsym        0x0000000000020238       0x90 ./darknetp_ta.o

.dynstr         0x00000000000202c8       0x2e
 *(SORT_BY_ALIGNMENT(.dynstr))
 .dynstr        0x00000000000202c8       0x2e ./darknetp_ta.o

.hash           0x00000000000202f8       0x2c
 *(SORT_BY_ALIGNMENT(.hash))
 .hash          0x00000000000202f8       0x2c ./darknetp_ta.o

.rela.dyn       0x0000000000020328      0x348
 .rela.data.rel.ro
                0x0000000000020328        0x0 ./darknetp_ta.o
 .rela.ifunc    0x0000000000020328        0x0 ./darknetp_ta.o
 .rela.data.rel.ro.local
                0x0000000000020328      0x2d0 ./darknetp_ta.o
 .rela.data.rel.local
                0x00000000000205f8       0x60 ./darknetp_ta.o
 .rela.data.rel
                0x0000000000020658       0x18 ./darknetp_ta.o
                0x0000000000021000                . = ALIGN (0x1000)

.dynamic        0x0000000000021000      0x110
 *(SORT_BY_ALIGNMENT(.dynamic))
 .dynamic       0x0000000000021000      0x110 ./darknetp_ta.o
                0x0000000000021000                _DYNAMIC

.tdata
 *(SORT_BY_ALIGNMENT(.tdata) SORT_BY_ALIGNMENT(.tdata.*) SORT_BY_ALIGNMENT(.gnu.linkonce.td.*))

.tbss
 *(SORT_BY_ALIGNMENT(.tbss) SORT_BY_ALIGNMENT(.tbss.*) SORT_BY_ALIGNMENT(.gnu.linkonce.tb.*))
 *(SORT_BY_ALIGNMENT(.tcommon))

.got            0x0000000000021110      0x1b0
 *(SORT_BY_ALIGNMENT(.got.plt))
 .got.plt       0x0000000000021110       0x18 ./darknetp_ta.o
 *(SORT_BY_ALIGNMENT(.got))
 .got           0x0000000000021128      0x198 ./darknetp_ta.o
                0x0000000000021128                _GLOBAL_OFFSET_TABLE_

.rel.text
 *(SORT_BY_ALIGNMENT(.rel.text))
 *(SORT_BY_ALIGNMENT(.rel.gnu.linkonce.t*))

.rela.text
 *(SORT_BY_ALIGNMENT(.rela.text))
 *(SORT_BY_ALIGNMENT(.rela.gnu.linkonce.t*))

.rel.data
 *(SORT_BY_ALIGNMENT(.rel.data))
 *(SORT_BY_ALIGNMENT(.rel.gnu.linkonce.d*))

.rela.data
 *(SORT_BY_ALIGNMENT(.rela.data))
 *(SORT_BY_ALIGNMENT(.rela.gnu.linkonce.d*))

.rel.tdata
 *(SORT_BY_ALIGNMENT(.rel.tdata) SORT_BY_ALIGNMENT(.rel.tdata.*) SORT_BY_ALIGNMENT(.rel.gnu.linkonce.td.*))

.rela.tdata
 *(SORT_BY_ALIGNMENT(.rela.tdata) SORT_BY_ALIGNMENT(.rela.tdata.*) SORT_BY_ALIGNMENT(.rela.gnu.linkonce.td.*))

.rel.tbss
 *(SORT_BY_ALIGNMENT(.rel.tbss) SORT_BY_ALIGNMENT(.rel.tbss.*) SORT_BY_ALIGNMENT(.rel.gnu.linkonce.tb.*))

.rela.tbss
 *(SORT_BY_ALIGNMENT(.rela.tbss) SORT_BY_ALIGNMENT(.rela.tbss.*) SORT_BY_ALIGNMENT(.rela.gnu.linkonce.tb.*))

.rel.rodata
 *(SORT_BY_ALIGNMENT(.rel.rodata))
 *(SORT_BY_ALIGNMENT(.rel.gnu.linkonce.r*))

.rela.rodata
 *(SORT_BY_ALIGNMENT(.rela.rodata))
 *(SORT_BY_ALIGNMENT(.rela.gnu.linkonce.r*))

.rel.dyn
 *(SORT_BY_ALIGNMENT(.rel.dyn))

.rel.got
 *(SORT_BY_ALIGNMENT(.rel.got))

.rela.got       0x00000000000212c0      0x4b0
 *(SORT_BY_ALIGNMENT(.rela.got))
 .rela.got      0x00000000000212c0      0x4b0 ./darknetp_ta.o

.rel.ctors
 *(SORT_BY_ALIGNMENT(.rel.ctors))

.rela.ctors
 *(SORT_BY_ALIGNMENT(.rela.ctors))

.rel.dtors
 *(SORT_BY_ALIGNMENT(.rel.dtors))

.rela.dtors
 *(SORT_BY_ALIGNMENT(.rela.dtors))

.rel.init
 *(SORT_BY_ALIGNMENT(.rel.init))

.rela.init
 *(SORT_BY_ALIGNMENT(.rela.init))

.rel.fini
 *(SORT_BY_ALIGNMENT(.rel.fini))

.rela.fini
 *(SORT_BY_ALIGNMENT(.rela.fini))

.rel.bss
 *(SORT_BY_ALIGNMENT(.rel.bss))

.rela.bss       0x0000000000021770        0x0
 *(SORT_BY_ALIGNMENT(.rela.bss))
 .rela.bss      0x0000000000021770        0x0 ./darknetp_ta.o

.rel.plt
 *(SORT_BY_ALIGNMENT(.rel.plt))

.rela.plt       0x0000000000021770        0x0
 *(SORT_BY_ALIGNMENT(.rela.plt))
 .rela.plt      0x0000000000021770        0x0 ./darknetp_ta.o

.data           0x0000000000021770      0x1d4
 *(SORT_BY_ALIGNMENT(.data) SORT_BY_ALIGNMENT(.data.*) SORT_BY_ALIGNMENT(.gnu.linkonce.d.*))
 .data.rel.ro.local
                0x0000000000021770      0x108 ./user_ta_header.o
                0x0000000000021770                ta_props
 .data.rel.local
                0x0000000000021878       0x30 /home/avees/Linux_for_Tegra/sources/tegra/optee-src/nv-optee/optee/build/t234/export-ta_arm64/lib/libutils.a(bget_malloc.o)
 .data          0x00000000000218a8        0x8 /home/avees/Linux_for_Tegra/sources/tegra/optee-src/nv-optee/optee/build/t234/export-ta_arm64/lib/libutils.a(stack_check.o)
                0x00000000000218a8                __stack_chk_guard
 .data.rel.local
                0x00000000000218b0       0x20 /home/avees/Linux_for_Tegra/sources/tegra/optee-src/nv-optee/optee/build/t234/export-ta_arm64/lib/libutee.a(user_ta_entry.o)
 .data.rel.ro.local
                0x00000000000218d0       0x60 /home/avees/Linux_for_Tegra/sources/tegra/optee-src/nv-optee/optee/build/t234/export-ta_arm64/lib/libutee.a(tee_api_property.o)
                0x00000000000218d0                tee_props
 .data.rel      0x0000000000021930        0x8 /home/avees/Linux_for_Tegra/sources/tegra/optee-src/nv-optee/optee/build/t234/export-ta_arm64/lib/libmbedtls.a(platform_util.o)
 .data          0x0000000000021938        0x4 ./darknetp_ta.o
                0x0000000000021938                norm_output
 .data          0x000000000002193c        0x4 ./network_TA.o
                0x000000000002193c                avg_loss
 .data          0x0000000000021940        0x4 ./user_ta_header.o
                0x0000000000021940                trace_level
 .data.rel.ro   0x0000000000021944        0x0 ./darknetp_ta.o
 .data          0x0000000000021944        0x0 ./softmax_layer_TA.o
 .data          0x0000000000021944        0x0 ./utils_TA.o
 .data          0x0000000000021944        0x0 ./connected_layer_TA.o
 .data          0x0000000000021944        0x0 ./math_TA.o
 .data          0x0000000000021944        0x0 ./parser_TA.o
 .data          0x0000000000021944        0x0 ./activations_TA.o
 .data          0x0000000000021944        0x0 ./blas_TA.o
 .data          0x0000000000021944        0x0 ./maxpool_layer_TA.o
 .data          0x0000000000021944        0x0 ./aes_TA.o
 .data          0x0000000000021944        0x0 ./im2col_TA.o
 .data          0x0000000000021944        0x0 ./batchnorm_layer_TA.o
 .data          0x0000000000021944        0x0 ./dropout_layer_TA.o
 .data          0x0000000000021944        0x0 ./convolutional_layer_TA.o
 .data          0x0000000000021944        0x0 ./cost_layer_TA.o
 .data          0x0000000000021944        0x0 ./avgpool_layer_TA.o
 .data          0x0000000000021944        0x0 ./col2im_TA.o
 .data          0x0000000000021944        0x0 ./gemm_TA.o
 .data          0x0000000000021944        0x0 ./diffprivate_TA.o
 .data          0x0000000000021944        0x0 /home/avees/Linux_for_Tegra/sources/tegra/optee-src/nv-optee/optee/build/t234/export-ta_arm64/lib/libutils.a(bget_malloc.o)
 .data          0x0000000000021944        0x0 /home/avees/Linux_for_Tegra/sources/tegra/optee-src/nv-optee/optee/build/t234/export-ta_arm64/lib/libutils.a(memcpy.o)
 .data          0x0000000000021944        0x0 /home/avees/Linux_for_Tegra/sources/tegra/optee-src/nv-optee/optee/build/t234/export-ta_arm64/lib/libutils.a(memset.o)
 .data          0x0000000000021944        0x0 /home/avees/Linux_for_Tegra/sources/tegra/optee-src/nv-optee/optee/build/t234/export-ta_arm64/lib/libutils.a(strcmp.o)
 .data          0x0000000000021944        0x0 /home/avees/Linux_for_Tegra/sources/tegra/optee-src/nv-optee/optee/build/t234/export-ta_arm64/lib/libutils.a(strncmp.o)
 .data          0x0000000000021944        0x0 /home/avees/Linux_for_Tegra/sources/tegra/optee-src/nv-optee/optee/build/t234/export-ta_arm64/lib/libutils.a(trace.o)
 .data          0x0000000000021944        0x0 /home/avees/Linux_for_Tegra/sources/tegra/optee-src/nv-optee/optee/build/t234/export-ta_arm64/lib/libutils.a(snprintk.o)
 .data          0x0000000000021944        0x0 /home/avees/Linux_for_Tegra/sources/tegra/optee-src/nv-optee/optee/build/t234/export-ta_arm64/lib/libutils.a(memchr.o)
 .data          0x0000000000021944        0x0 /home/avees/Linux_for_Tegra/sources/tegra/optee-src/nv-optee/optee/build/t234/export-ta_arm64/lib/libutils.a(strlen.o)
 .data          0x0000000000021944        0x0 /home/avees/Linux_for_Tegra/sources/tegra/optee-src/nv-optee/optee/build/t234/export-ta_arm64/lib/libutee.a(assert.o)
 .data          0x0000000000021944        0x0 /home/avees/Linux_for_Tegra/sources/tegra/optee-src/nv-optee/optee/build/t234/export-ta_arm64/lib/libutee.a(trace_ext.o)
 .data          0x0000000000021944        0x0 /home/avees/Linux_for_Tegra/sources/tegra/optee-src/nv-optee/optee/build/t234/export-ta_arm64/lib/libutee.a(tee_api_operations.o)
 .data          0x0000000000021944        0x0 /home/avees/Linux_for_Tegra/sources/tegra/optee-src/nv-optee/optee/build/t234/export-ta_arm64/lib/libutee.a(tee_api_panic.o)
 .data          0x0000000000021944        0x0 /home/avees/Linux_for_Tegra/sources/tegra/optee-src/nv-optee/optee/build/t234/export-ta_arm64/lib/libutee.a(user_ta_entry.o)
 .data          0x0000000000021944        0x0 /home/avees/Linux_for_Tegra/sources/tegra/optee-src/nv-optee/optee/build/t234/export-ta_arm64/lib/libutee.a(utee_syscalls_a64.o)
 .data          0x0000000000021944        0x0 /home/avees/Linux_for_Tegra/sources/tegra/optee-src/nv-optee/optee/build/t234/export-ta_arm64/lib/libutee.a(abort.o)
 .data          0x0000000000021944        0x0 /home/avees/Linux_for_Tegra/sources/tegra/optee-src/nv-optee/optee/build/t234/export-ta_arm64/lib/libutee.a(tee_api.o)
 .data          0x0000000000021944        0x0 /home/avees/Linux_for_Tegra/sources/tegra/optee-src/nv-optee/optee/build/t234/export-ta_arm64/lib/libutee.a(tee_api_arith_mpi.o)
 .data          0x0000000000021944        0x0 /home/avees/Linux_for_Tegra/sources/tegra/optee-src/nv-optee/optee/build/t234/export-ta_arm64/lib/libutee.a(tee_api_objects.o)
 .data          0x0000000000021944        0x0 /home/avees/Linux_for_Tegra/sources/tegra/optee-src/nv-optee/optee/build/t234/export-ta_arm64/lib/libutee.a(tee_api_property.o)
 .data          0x0000000000021944        0x0 /home/avees/Linux_for_Tegra/sources/tegra/optee-src/nv-optee/optee/build/t234/export-ta_arm64/lib/libutee.a(tee_system_pta.o)
 .data          0x0000000000021944        0x0 /home/avees/Linux_for_Tegra/sources/tegra/optee-src/nv-optee/optee/build/t234/export-ta_arm64/lib/libutee.a(tcb.o)
 .data          0x0000000000021944        0x0 /home/avees/Linux_for_Tegra/sources/tegra/optee-src/nv-optee/optee/build/t234/export-ta_arm64/lib/libutee.a(base64.o)
 .data          0x0000000000021944        0x0 /home/avees/Linux_for_Tegra/sources/tegra/optee-src/nv-optee/optee/build/t234/export-ta_arm64/lib/libmbedtls.a(bignum.o)
 .data          0x0000000000021944        0x0 /home/avees/Linux_for_Tegra/sources/tegra/optee-src/nv-optee/optee/build/t234/export-ta_arm64/lib/libmbedtls.a(constant_time.o)
 .data          0x0000000000021944        0x0 /home/avees/Linux_for_Tegra/sources/tegra/optee-src/nv-optee/optee/build/t234/export-ta_arm64/lib/libmbedtls.a(platform_util.o)
 .data          0x0000000000021944        0x0 /home/avees/Linux_for_Tegra/sources/tegra/optee-src/nv-optee/optee/build/t234/export-ta_arm64/lib/libutils.a(snprintf.o)
 .data          0x0000000000021944        0x0 /home/avees/Linux_for_Tegra/sources/tegra/optee-src/nv-optee/optee/build/t234/export-ta_arm64/lib/libutils.a(memmove.o)
 .data          0x0000000000021944        0x0 /home/avees/Linux_for_Tegra/sources/tegra/optee-src/nv-optee/optee/build/t234/export-ta_arm64/lib/libutils.a(strlcpy.o)
 .data          0x0000000000021944        0x0 /home/avees/Linux_for_Tegra/sources/tegra/optee-src/nv-optee/optee/build/t234/export-ta_arm64/lib/libutils.a(mempool.o)
 .data          0x0000000000021944        0x0 /home/avees/Linux_for_Tegra/sources/tegra/optee-src/nv-optee/optee/build/t234/export-ta_arm64/lib/libutils.a(consttime_memcmp.o)

.bss            0x0000000000021948   0xa041f8
 *(SORT_BY_ALIGNMENT(.bss) SORT_BY_ALIGNMENT(.bss.*) SORT_BY_ALIGNMENT(.gnu.linkonce.b.*) SORT_BY_ALIGNMENT(COMMON))
 COMMON         0x0000000000021948        0x8 ./darknetp_ta.o
                0x0000000000021948                netta_truth
 COMMON         0x0000000000021950      0x130 ./network_TA.o
                0x0000000000021950                ta_net_delta
                0x0000000000021958                ta_net_input
                0x0000000000021960                netta
                0x0000000000021a78                ta_net_output
 .bss           0x0000000000021a80        0x9 /home/avees/Linux_for_Tegra/sources/tegra/optee-src/nv-optee/optee/build/t234/export-ta_arm64/lib/libutee.a(user_ta_entry.o)
 *fill*         0x0000000000021a89        0x7 
 COMMON         0x0000000000021a90       0x60 /home/avees/Linux_for_Tegra/sources/tegra/optee-src/nv-optee/optee/build/t234/export-ta_arm64/lib/libutee.a(user_ta_entry.o)
                0x0000000000021a90                ta_param_types
                0x0000000000021a98                __ta_no_share_malloc_ctx
                0x0000000000021aa0                ta_params
                0x0000000000021ae0                __elf_phdr_info
 .bss           0x0000000000021af0       0x10 /home/avees/Linux_for_Tegra/sources/tegra/optee-src/nv-optee/optee/build/t234/export-ta_arm64/lib/libutee.a(tee_api.o)
 .bss           0x0000000000021b00     0x4000 /home/avees/Linux_for_Tegra/sources/tegra/optee-src/nv-optee/optee/build/t234/export-ta_arm64/lib/libutee.a(tee_api_arith_mpi.o)
 .bss           0x0000000000025b00        0x8 /home/avees/Linux_for_Tegra/sources/tegra/optee-src/nv-optee/optee/build/t234/export-ta_arm64/lib/libutee.a(tee_system_pta.o)
 .bss           0x0000000000025b08       0x10 /home/avees/Linux_for_Tegra/sources/tegra/optee-src/nv-optee/optee/build/t234/export-ta_arm64/lib/libutee.a(tcb.o)
 COMMON         0x0000000000025b18        0x8 /home/avees/Linux_for_Tegra/sources/tegra/optee-src/nv-optee/optee/build/t234/export-ta_arm64/lib/libmbedtls.a(bignum.o)
                0x0000000000025b18                mbedtls_mpi_mempool
 .bss           0x0000000000025b20        0xc ./darknetp_ta.o
                0x0000000000025b20                debug_summary_pass
                0x0000000000025b24                debug_summary_com
                0x0000000000025b28                netnum
 .bss           0x0000000000025b2c        0x8 ./utils_TA.o
 .bss           0x0000000000025b34        0x8 ./network_TA.o
                0x0000000000025b34                err_sum
                0x0000000000025b38                roundnum
 .bss           0x0000000000025b3c        0x0 ./softmax_layer_TA.o
 .bss           0x0000000000025b3c        0x0 ./connected_layer_TA.o
 .bss           0x0000000000025b3c        0x0 ./math_TA.o
 .bss           0x0000000000025b3c        0x0 ./parser_TA.o
 .bss           0x0000000000025b3c        0x0 ./activations_TA.o
 .bss           0x0000000000025b3c        0x0 ./blas_TA.o
 .bss           0x0000000000025b3c        0x0 ./maxpool_layer_TA.o
 .bss           0x0000000000025b3c        0x0 ./aes_TA.o
 .bss           0x0000000000025b3c        0x0 ./im2col_TA.o
 .bss           0x0000000000025b3c        0x0 ./batchnorm_layer_TA.o
 .bss           0x0000000000025b3c        0x0 ./dropout_layer_TA.o
 .bss           0x0000000000025b3c        0x0 ./convolutional_layer_TA.o
 .bss           0x0000000000025b3c        0x0 ./cost_layer_TA.o
 .bss           0x0000000000025b3c        0x0 ./avgpool_layer_TA.o
 .bss           0x0000000000025b3c        0x0 ./col2im_TA.o
 .bss           0x0000000000025b3c        0x0 ./gemm_TA.o
 .bss           0x0000000000025b3c        0x0 ./diffprivate_TA.o
 .bss           0x0000000000025b3c        0x0 ./user_ta_header.o
 COMMON         0x0000000000025b3c   0xa00000 ./user_ta_header.o
                0x0000000000025b3c                ta_heap
                0x0000000000a25b3c                __ta_no_share_heap
 .bss           0x0000000000a25b3c        0x0 /home/avees/Linux_for_Tegra/sources/tegra/optee-src/nv-optee/optee/build/t234/export-ta_arm64/lib/libutils.a(bget_malloc.o)
 .bss           0x0000000000a25b3c        0x0 /home/avees/Linux_for_Tegra/sources/tegra/optee-src/nv-optee/optee/build/t234/export-ta_arm64/lib/libutils.a(stack_check.o)
 .bss           0x0000000000a25b3c        0x0 /home/avees/Linux_for_Tegra/sources/tegra/optee-src/nv-optee/optee/build/t234/export-ta_arm64/lib/libutils.a(memcpy.o)
 .bss           0x0000000000a25b3c        0x0 /home/avees/Linux_for_Tegra/sources/tegra/optee-src/nv-optee/optee/build/t234/export-ta_arm64/lib/libutils.a(memset.o)
 .bss           0x0000000000a25b3c        0x0 /home/avees/Linux_for_Tegra/sources/tegra/optee-src/nv-optee/optee/build/t234/export-ta_arm64/lib/libutils.a(strcmp.o)
 .bss           0x0000000000a25b3c        0x0 /home/avees/Linux_for_Tegra/sources/tegra/optee-src/nv-optee/optee/build/t234/export-ta_arm64/lib/libutils.a(strncmp.o)
 .bss           0x0000000000a25b3c        0x0 /home/avees/Linux_for_Tegra/sources/tegra/optee-src/nv-optee/optee/build/t234/export-ta_arm64/lib/libutils.a(trace.o)
 .bss           0x0000000000a25b3c        0x0 /home/avees/Linux_for_Tegra/sources/tegra/optee-src/nv-optee/optee/build/t234/export-ta_arm64/lib/libutils.a(snprintk.o)
 .bss           0x0000000000a25b3c        0x0 /home/avees/Linux_for_Tegra/sources/tegra/optee-src/nv-optee/optee/build/t234/export-ta_arm64/lib/libutils.a(memchr.o)
 .bss           0x0000000000a25b3c        0x0 /home/avees/Linux_for_Tegra/sources/tegra/optee-src/nv-optee/optee/build/t234/export-ta_arm64/lib/libutils.a(strlen.o)
 .bss           0x0000000000a25b3c        0x0 /home/avees/Linux_for_Tegra/sources/tegra/optee-src/nv-optee/optee/build/t234/export-ta_arm64/lib/libutee.a(assert.o)
 .bss           0x0000000000a25b3c        0x0 /home/avees/Linux_for_Tegra/sources/tegra/optee-src/nv-optee/optee/build/t234/export-ta_arm64/lib/libutee.a(trace_ext.o)
 .bss           0x0000000000a25b3c        0x0 /home/avees/Linux_for_Tegra/sources/tegra/optee-src/nv-optee/optee/build/t234/export-ta_arm64/lib/libutee.a(tee_api_operations.o)
 .bss           0x0000000000a25b3c        0x0 /home/avees/Linux_for_Tegra/sources/tegra/optee-src/nv-optee/optee/build/t234/export-ta_arm64/lib/libutee.a(tee_api_panic.o)
 .bss           0x0000000000a25b3c        0x0 /home/avees/Linux_for_Tegra/sources/tegra/optee-src/nv-optee/optee/build/t234/export-ta_arm64/lib/libutee.a(utee_syscalls_a64.o)
 .bss           0x0000000000a25b3c        0x0 /home/avees/Linux_for_Tegra/sources/tegra/optee-src/nv-optee/optee/build/t234/export-ta_arm64/lib/libutee.a(abort.o)