Archive member included to satisfy reference by file (symbol)

/home/avees/Linux_for_Tegra/sources/tegra/optee-src/nv-optee/optee/build/t234/export-ta_arm64/lib/libutils.a(bget_malloc.o)
                              ./darknetp_ta.o (malloc)
/home/avees/Linux_for_Tegra/sources/tegra/optee-src/nv-optee/optee/build/t234/export-ta_arm64/lib/libutils.a(stack_check.o)
                              ./darknetp_ta.o (__stack_chk_fail)
/home/avees/Linux_for_Tegra/sources/tegra/optee-src/nv-optee/optee/build/t234/export-ta_arm64/lib/libutils.a(memcpy.o)
                              ./darknetp_ta.o (memcpy)
/home/avees/Linux_for_Tegra/sources/tegra/optee-src/nv-optee/optee/build/t234/export-ta_arm64/lib/libutils.a(memset.o)
                              ./connected_layer_TA.o (memset)
/home/avees/Linux_for_Tegra/sources/tegra/optee-src/nv-optee/optee/build/t234/export-ta_arm64/lib/libutils.a(strcmp.o)
                              ./activations_TA.o (strcmp)
/home/avees/Linux_for_Tegra/sources/tegra/optee-src/nv-optee/optee/build/t234/export-ta_arm64/lib/libutils.a(strncmp.o)
                              ./parser_TA.o (strncmp)
/home/avees/Linux_for_Tegra/sources/tegra/optee-src/nv-optee/optee/build/t234/export-ta_arm64/lib/libutils.a(trace.o)
                              ./darknetp_ta.o (trace_printf)
/home/avees/Linux_for_Tegra/sources/tegra/optee-src/nv-optee/optee/build/t234/export-ta_arm64/lib/libutils.a(snprintk.o)
                              /home/avees/Linux_for_Tegra/sources/tegra/optee-src/nv-optee/optee/build/t234/export-ta_arm64/lib/libutils.a(trace.o) (vsnprintk)
/home/avees/Linux_for_Tegra/sources/tegra/optee-src/nv-optee/optee/build/t234/export-ta_arm64/lib/libutils.a(memchr.o)
                              /home/avees/Linux_for_Tegra/sources/tegra/optee-src/nv-optee/optee/build/t234/export-ta_arm64/lib/libutils.a(snprintk.o) (memchr)
/home/avees/Linux_for_Tegra/sources/tegra/optee-src/nv-optee/optee/build/t234/export-ta_arm64/lib/libutils.a(strlen.o)
                              /home/avees/Linux_for_Tegra/sources/tegra/optee-src/nv-optee/optee/build/t234/export-ta_arm64/lib/libutils.a(snprintk.o) (strlen)
/home/avees/Linux_for_Tegra/sources/tegra/optee-src/nv-optee/optee/build/t234/export-ta_arm64/lib/libutee.a(assert.o)
                              ./softmax_layer_TA.o (_assert_log)
/home/avees/Linux_for_Tegra/sources/tegra/optee-src/nv-optee/optee/build/t234/export-ta_arm64/lib/libutee.a(trace_ext.o)
                              /home/avees/Linux_for_Tegra/sources/tegra/optee-src/nv-optee/optee/build/t234/export-ta_arm64/lib/libutils.a(trace.o) (trace_ext_puts)
/home/avees/Linux_for_Tegra/sources/tegra/optee-src/nv-optee/optee/build/t234/export-ta_arm64/lib/libutee.a(tee_api.o)
                              ./darknetp_ta.o (TEE_MemMove)
/home/avees/Linux_for_Tegra/sources/tegra/optee-src/nv-optee/optee/build/t234/export-ta_arm64/lib/libutee.a(tee_api_operations.o)
                              ./math_TA.o (TEE_GenerateRandom)
/home/avees/Linux_for_Tegra/sources/tegra/optee-src/nv-optee/optee/build/t234/export-ta_arm64/lib/libutee.a(tee_api_panic.o)
                              /home/avees/Linux_for_Tegra/sources/tegra/optee-src/nv-optee/optee/build/t234/export-ta_arm64/lib/libutee.a(tee_api.o) (TEE_Panic)
/home/avees/Linux_for_Tegra/sources/tegra/optee-src/nv-optee/optee/build/t234/export-ta_arm64/lib/libutee.a(tee_system_pta.o)
                              /home/avees/Linux_for_Tegra/sources/tegra/optee-src/nv-optee/optee/build/t234/export-ta_arm64/lib/libutee.a(tee_api.o) (tee_map_zi)
/home/avees/Linux_for_Tegra/sources/tegra/optee-src/nv-optee/optee/build/t234/export-ta_arm64/lib/libutee.a(user_ta_entry.o)
                              ./user_ta_header.o (__utee_entry)
/home/avees/Linux_for_Tegra/sources/tegra/optee-src/nv-optee/optee/build/t234/export-ta_arm64/lib/libutee.a(utee_syscalls_a64.o)
                              /home/avees/Linux_for_Tegra/sources/tegra/optee-src/nv-optee/optee/build/t234/export-ta_arm64/lib/libutils.a(stack_check.o) (_utee_panic)
/home/avees/Linux_for_Tegra/sources/tegra/optee-src/nv-optee/optee/build/t234/export-ta_arm64/lib/libutee.a(abort.o)
                              /home/avees/Linux_for_Tegra/sources/tegra/optee-src/nv-optee/optee/build/t234/export-ta_arm64/lib/libutee.a(user_ta_entry.o) (abort)
/home/avees/Linux_for_Tegra/sources/tegra/optee-src/nv-optee/optee/build/t234/export-ta_arm64/lib/libutee.a(tee_api_arith_mpi.o)
                              /home/avees/Linux_for_Tegra/sources/tegra/optee-src/nv-optee/optee/build/t234/export-ta_arm64/lib/libutee.a(user_ta_entry.o) (_TEE_MathAPI_Init)
/home/avees/Linux_for_Tegra/sources/tegra/optee-src/nv-optee/optee/build/t234/export-ta_arm64/lib/libutee.a(tee_api_objects.o)
                              /home/avees/Linux_for_Tegra/sources/tegra/optee-src/nv-optee/optee/build/t234/export-ta_arm64/lib/libutee.a(tee_api_operations.o) (__utee_from_attr)
[...]
Memory Configuration

Name             Origin             Length             Attributes
*default*        0x0000000000000000 0xffffffffffffffff

Linker script and memory map


.ta_head        0x0000000000000000       0x20
 *(SORT_BY_ALIGNMENT(.ta_head))
 .ta_head       0x0000000000000000       0x20 ./user_ta_header.o
                0x0000000000000000                ta_head

.text           0x0000000000000020    0x196e8
                0x0000000000000020                __text_start = .
 *(SORT_BY_ALIGNMENT(.text) SORT_BY_ALIGNMENT(.text.*))
 .text          0x0000000000000020       0xec /home/avees/Linux_for_Tegra/sources/tegra/optee-src/nv-optee/optee/build/t234/export-ta_arm64/lib/libutils.a(memcpy.o)
                0x0000000000000020                memcpy
 .text          0x000000000000010c     0x1004 ./darknetp_ta.o
                0x00000000000007f4                summary_array
                0x0000000000000944                TA_CreateEntryPoint
                0x000000000000097c                TA_DestroyEntryPoint
                0x00000000000009a0                TA_OpenSessionEntryPoint
                0x0000000000000a10                TA_CloseSessionEntryPoint
                0x0000000000000a34                TA_InvokeCommandEntryPoint
 .text          0x0000000000001110      0x158 ./utils_TA.o
                0x0000000000001110                sum_array_TA
                0x0000000000001134                rand_uniform_TA
                0x0000000000001170                rand_normal_TA
 .text          0x0000000000001268      0x790 ./activations_TA.o
                0x0000000000001268                get_activation_string_TA
                0x0000000000001330                get_activation_TA
                0x00000000000014d0                activate_TA
                0x0000000000001780                activate_array_TA
                0x00000000000017d4                gradient_TA
                0x0000000000001990                gradient_array_TA
 .text          0x00000000000019f8      0x6f0 ./connected_layer_TA.o
                0x00000000000019f8                forward_connected_layer_TA_new
                0x0000000000001af0                backward_connected_layer_TA_new
                0x0000000000001c24                update_connected_layer_TA_new
                0x0000000000001d4c                make_connected_layer_TA_new
 .text          0x00000000000020e8      0x95c ./math_TA.o
                0x00000000000020e8                ta_max
                0x00000000000020f4                ta_pow
                0x0000000000002144                ta_eee
                0x00000000000021e4                ta_exp
                0x0000000000002240                ta_rand
                0x00000000000022d8                ta_floor
                0x00000000000022ec                ta_sqrt
                0x0000000000002360                F1
                0x000000000000236c                F2
                0x0000000000002394                simpson
                0x0000000000002428                asr
                0x000000000000250c                asr0
                0x000000000000255c                ta_ln
                0x0000000000002574                ta_log
                0x00000000000025a8                ta_cos
                0x00000000000026f8                ta_sin
                0x000000000000284c                ta_tan
                0x000000000000287c                reverse
                0x00000000000028b0                intToStr
                0x0000000000002950                ftoa
                0x00000000000029f8                bubble_sort_top
 .text          0x0000000000002a44      0x510 ./parser_TA.o
                0x0000000000002a44                aes_cbc_TA
                0x0000000000002c6c                transpose_matrix_TA
                0x0000000000002d10                load_weights_TA
                0x0000000000002e7c                save_weights_TA
 .text          0x0000000000002f54      0x638 ./blas_TA.o
                0x0000000000002f54                fill_cpu_TA
                0x0000000000002f74                copy_cpu_TA
                0x0000000000002f9c                mean_cpu_TA
                0x0000000000003028                variance_cpu_TA
                0x0000000000003138                scal_cpu_TA
                0x0000000000003160                axpy_cpu_TA
                0x0000000000003190                normalize_cpu_TA
                0x0000000000003280                softmax_TA
                0x0000000000003368                softmax_cpu_TA
                0x0000000000003424                softmax_x_ent_cpu_TA
                0x00000000000034b0                smooth_l1_cpu_TA
                0x0000000000003514                l1_cpu_TA
                0x000000000000355c                l2_cpu_TA
 .text          0x000000000000358c      0x410 ./maxpool_layer_TA.o
                0x000000000000358c                forward_maxpool_layer_TA_new
                0x000000000000376c                backward_maxpool_layer_TA_new
                0x00000000000037c4                make_maxpool_layer_TA
                0x00000000000038f4                resize_maxpool_layer_TA
 .text          0x000000000000399c      0x7a4 ./network_TA.o
                0x000000000000399c                make_network_TA
                0x0000000000003b28                update_network_TA
                0x0000000000003be4                calc_network_cost_TA
                0x0000000000003c5c                forward_network_TA
                0x0000000000003e78                calc_network_loss_TA
                0x0000000000003f7c                backward_network_TA
 .text          0x0000000000004140      0x278 ./softmax_layer_TA.o
                0x0000000000004140                forward_softmax_layer_TA
                0x0000000000004260                backward_softmax_layer_TA
                0x0000000000004284                make_softmax_layer_TA_new
 .text          0x00000000000043b8      0x8d8 ./aes_TA.o
                0x00000000000049e0                AES_init_ctx
                0x00000000000049e4                AES_init_ctx_iv
                0x0000000000004a0c                AES_ctx_set_iv
                0x0000000000004a18                AES_ECB_encrypt
                0x0000000000004a28                AES_ECB_decrypt
                0x0000000000004a38                AES_CBC_encrypt_buffer
                0x0000000000004ac4                AES_CBC_decrypt_buffer
                0x0000000000004b9c                AES_CTR_xcrypt_buffer
 .text          0x0000000000004c90      0x17c ./im2col_TA.o
                0x0000000000004c90                im2col_get_pixel_TA
                0x0000000000004cc4                im2col_cpu_TA
 .text          0x0000000000004e0c      0x724 ./batchnorm_layer_TA.o
                0x0000000000004e0c                forward_batchnorm_layer_TA
                0x0000000000004fe8                backward_scale_cpu_TA
                0x0000000000005060                mean_delta_cpu_TA
                0x0000000000005154                variance_delta_cpu_TA
                0x000000000000526c                normalize_delta_cpu_TA
                0x00000000000053b0                backward_batchnorm_layer_TA
 .text          0x0000000000005530      0x20c ./dropout_layer_TA.o
                0x0000000000005530                forward_dropout_layer_TA_new
                0x0000000000005564                backward_dropout_layer_TA_new
                0x00000000000055c8                make_dropout_layer_TA_new
                0x0000000000005704                resize_dropout_layer_TA
 .text          0x000000000000573c      0xe4c ./convolutional_layer_TA.o
                0x000000000000573c                update_convolutional_layer_TA_new
                0x000000000000585c                swap_binary_TA
                0x0000000000005870                add_bias_TA
                0x00000000000058d8                scale_bias_TA
                0x0000000000005940                backward_bias_TA
                0x00000000000059e0                backward_convolutional_layer_TA_new
                0x0000000000005cc8                convolutional_out_height_TA
                0x0000000000005cec                convolutional_out_width_TA
                0x0000000000005d10                binarize_weights_TA
                0x0000000000005d98                binarize_cpu_TA
                0x0000000000005dc8                forward_convolutional_layer_TA_new
                0x0000000000006018                make_convolutional_layer_TA_new
 .text          0x0000000000006588      0x31c ./cost_layer_TA.o
                0x0000000000006588                forward_cost_layer_TA
                0x0000000000006658                backward_cost_layer_TA
                0x000000000000667c                get_cost_type_TA
                0x000000000000675c                get_cost_string_TA
                0x00000000000067c8                make_cost_layer_TA_new
 .text          0x00000000000068a4      0x20c ./avgpool_layer_TA.o
                0x00000000000068a4                forward_avgpool_layer_TA_new
                0x0000000000006944                backward_avgpool_layer_TA_new
                0x00000000000069d8                make_avgpool_layer_TA
                0x0000000000006a98                resize_avgpool_layer_TA
 .text          0x0000000000006ab0      0x17c ./col2im_TA.o
                0x0000000000006ab0                col2im_add_pixel_TA
                0x0000000000006ae8                col2im_cpu_TA
 .text          0x0000000000006c2c      0x2c0 ./gemm_TA.o
                0x0000000000006c2c                gemm_nn_TA
                0x0000000000006cb0                gemm_nt_TA
                0x0000000000006d38                gemm_tn_TA
                0x0000000000006db8                gemm_tt_TA
                0x0000000000006e40                gemm_cpu_TA
                0x0000000000006ee8                gemm_TA
 .text          0x0000000000006eec       0xc4 ./diffprivate_TA.o
                0x0000000000006eec                diff_private_SGD
 .text          0x0000000000006fb0       0x1c ./user_ta_header.o
                0x0000000000006fb0                __ta_entry
                0x0000000000006fc4                tahead_get_trace_level
 .text          0x0000000000006fcc      0xd00 /home/avees/Linux_for_Tegra/sources/tegra/optee-src/nv-optee/optee/build/t234/export-ta_arm64/lib/libutils.a(bget_malloc.o)
                0x0000000000007004                bget
                0x00000000000072cc                bgetz
                0x0000000000007354                brel
                0x00000000000075d8                bgetr
                0x00000000000076a8                bpool
                0x0000000000007778                raw_memalign
                0x00000000000077cc                raw_malloc
                0x00000000000077dc                raw_free
                0x00000000000077ec                raw_calloc
                0x000000000000783c                raw_realloc
                0x0000000000007924                malloc
                0x000000000000793c                calloc
                0x0000000000007958                realloc
                0x0000000000007970                memalign
                0x000000000000798c                aligned_alloc
                0x00000000000079a4                free
                0x00000000000079b4                free_wipe
                0x00000000000079c4                raw_malloc_get_ctx_size
                0x00000000000079cc                raw_malloc_init_ctx
                0x00000000000079f8                raw_malloc_add_pool
                0x0000000000007ac0                raw_malloc_buffer_overlaps_heap
                0x0000000000007b40                raw_malloc_buffer_is_within_alloced
                0x0000000000007c90                malloc_add_pool
                0x0000000000007ca4                malloc_buffer_is_within_alloced
                0x0000000000007cb8                malloc_buffer_overlaps_heap
 .text          0x0000000000007ccc       0x30 /home/avees/Linux_for_Tegra/sources/tegra/optee-src/nv-optee/optee/build/t234/export-ta_arm64/lib/libutils.a(stack_check.o)
                0x0000000000007ccc                __stack_chk_fail
 .text          0x0000000000007cfc       0x1c /home/avees/Linux_for_Tegra/sources/tegra/optee-src/nv-optee/optee/build/t234/export-ta_arm64/lib/libutils.a(memset.o)
                0x0000000000007cfc                memset
 .text          0x0000000000007d18       0x24 /home/avees/Linux_for_Tegra/sources/tegra/optee-src/nv-optee/optee/build/t234/export-ta_arm64/lib/libutils.a(strcmp.o)
                0x0000000000007d18                strcmp
 .text          0x0000000000007d3c       0x3c /home/avees/Linux_for_Tegra/sources/tegra/optee-src/nv-optee/optee/build/t234/export-ta_arm64/lib/libutils.a(strncmp.o)
                0x0000000000007d3c                strncmp
 .text          0x0000000000007d78      0x32c /home/avees/Linux_for_Tegra/sources/tegra/optee-src/nv-optee/optee/build/t234/export-ta_arm64/lib/libutils.a(trace.o)
                0x0000000000007d78                trace_set_level
                0x0000000000007d94                trace_get_level
                0x0000000000007da4                trace_vprintf
                0x0000000000007fc0                trace_printf
                0x00000000000080a0                dhex_dump
 .text          0x00000000000080a4      0xe10 /home/avees/Linux_for_Tegra/sources/tegra/optee-src/nv-optee/optee/build/t234/export-ta_arm64/lib/libutils.a(snprintk.o)
                0x00000000000080a4                __vsnprintf
                0x0000000000008164                vsnprintk
                0x00000000000081bc                snprintk
                0x0000000000008e68                __vsprintf
 .text          0x0000000000008eb4       0x2c /home/avees/Linux_for_Tegra/sources/tegra/optee-src/nv-optee/optee/build/t234/export-ta_arm64/lib/libutils.a(memchr.o)
                0x0000000000008eb4                memchr
 .text          0x0000000000008ee0       0x1c /home/avees/Linux_for_Tegra/sources/tegra/optee-src/nv-optee/optee/build/t234/export-ta_arm64/lib/libutils.a(strlen.o)
                0x0000000000008ee0                strlen
 .text          0x0000000000008efc       0x58 /home/avees/Linux_for_Tegra/sources/tegra/optee-src/nv-optee/optee/build/t234/export-ta_arm64/lib/libutee.a(assert.o)
                0x0000000000008efc                _assert_log
                0x0000000000008f40                _assert_break
 .text          0x0000000000008f54      0x1e0 /home/avees/Linux_for_Tegra/sources/tegra/optee-src/nv-optee/optee/build/t234/export-ta_arm64/lib/libutee.a(trace_ext.o)
                0x0000000000008f54                trace_ext_puts
                0x0000000000008f7c                trace_ext_get_thread_id
                0x0000000000008f84                printf
                0x0000000000009084                puts
                0x00000000000090c4                putchar
 .text          0x0000000000009134     0x10c0 /home/avees/Linux_for_Tegra/sources/tegra/optee-src/nv-optee/optee/build/t234/export-ta_arm64/lib/libutee.a(tee_api.o)
                0x00000000000094e4                TEE_CloseTASession
                0x000000000000950c                TEE_GetCancellationFlag
                0x000000000000956c                TEE_UnmaskCancellation
                0x00000000000095cc                TEE_MaskCancellation
                0x000000000000962c                TEE_CheckMemoryAccessRights
                0x0000000000009850                TEE_OpenTASession
                0x00000000000099a4                __GP11_TEE_OpenTASession
                0x0000000000009aec                TEE_InvokeTACommand
                0x0000000000009c70                __GP11_TEE_InvokeTACommand
                0x0000000000009de8                __GP11_TEE_CheckMemoryAccessRights
                0x0000000000009df0                TEE_SetInstanceData
                0x0000000000009dfc                TEE_GetInstanceData
                0x0000000000009e08                TEE_MemMove
                0x0000000000009e0c                __GP11_TEE_MemMove
                0x0000000000009e14                TEE_MemCompare
                0x0000000000009e18                __GP11_TEE_MemCompare
                0x0000000000009e20                TEE_MemFill
                0x0000000000009e24                __GP11_TEE_MemFill
                0x0000000000009e2c                TEE_GetSystemTime
                0x0000000000009e54                TEE_Wait
                0x0000000000009e90                TEE_GetTAPersistentTime
                0x0000000000009f04                TEE_SetTAPersistentTime
                0x0000000000009f48                TEE_GetREETime
                0x0000000000009f70                TEE_Malloc
                0x000000000000a094                __GP11_TEE_Malloc
                0x000000000000a09c                TEE_Free
                0x000000000000a0fc                TEE_Realloc
                0x000000000000a1d4                __GP11_TEE_Realloc
                0x000000000000a1dc                TEE_CacheClean
                0x000000000000a1e4                TEE_CacheFlush
                0x000000000000a1ec                TEE_CacheInvalidate
 .text          0x000000000000a1f4     0x472c /home/avees/Linux_for_Tegra/sources/tegra/optee-src/nv-optee/optee/build/t234/export-ta_arm64/lib/libutee.a(tee_api_operations.o)
                0x000000000000a920                TEE_FreeOperation
                0x000000000000a960                TEE_AllocateOperation
                0x000000000000b698                __GP11_TEE_FreeOperation
                0x000000000000b6c4                TEE_GetOperationInfo
                0x000000000000b718                TEE_GetOperationInfoMultiple
                0x000000000000b8c8                __GP11_TEE_GetOperationInfoMultiple
                0x000000000000b950                TEE_ResetOperation
                0x000000000000b98c                TEE_SetOperationKey
                0x000000000000bad8                __GP11_TEE_SetOperationKey
                0x000000000000bb14                TEE_SetOperationKey2
                0x000000000000bb34                __GP11_TEE_SetOperationKey2
                0x000000000000bb80                TEE_CopyOperation
                0x000000000000bcdc                TEE_DigestUpdate
                0x000000000000bd4c                __GP11_TEE_DigestUpdate
                0x000000000000bd54                TEE_DigestDoFinal
                0x000000000000bec0                __GP11_TEE_DigestDoFinal
                0x000000000000bf60                TEE_DigestExtract
                0x000000000000c104                TEE_CipherInit
                0x000000000000c1e4                __GP11_TEE_CipherInit
                0x000000000000c1ec                TEE_CipherUpdate
                0x000000000000c380                __GP11_TEE_CipherUpdate
                0x000000000000c420                TEE_CipherDoFinal
                0x000000000000c638                __GP11_TEE_CipherDoFinal
                0x000000000000c6e8                TEE_MACInit
                0x000000000000c78c                __GP11_TEE_MACInit
                0x000000000000c794                TEE_MACUpdate
                0x000000000000c834                __GP11_TEE_MACUpdate
                0x000000000000c83c                TEE_MACComputeFinal
                0x000000000000c94c                __GP11_TEE_MACComputeFinal
                0x000000000000c9ec                TEE_MACCompareFinal
                0x000000000000caf0                __GP11_TEE_MACCompareFinal
                0x000000000000cafc                TEE_AEInit
                0x000000000000cbc0                __GP11_TEE_AEInit
                0x000000000000cbd0                TEE_AEUpdateAAD
                0x000000000000cc6c                __GP11_TEE_AEUpdateAAD
                0x000000000000cd00                TEE_AEUpdate
                0x000000000000cde0                __GP11_TEE_AEUpdate
                0x000000000000cf00                TEE_AEEncryptFinal
                0x000000000000d100                __GP11_TEE_AEEncryptFinal
                0x000000000000d1d4                TEE_AEDecryptFinal
                0x000000000000d3a8                __GP11_TEE_AEDecryptFinal
                0x000000000000d460                TEE_AsymmetricEncrypt
                0x000000000000d624                __GP11_TEE_AsymmetricEncrypt
                0x000000000000d7cc                TEE_AsymmetricDecrypt
                0x000000000000d994                __GP11_TEE_AsymmetricDecrypt
                0x000000000000db40                TEE_AsymmetricSignDigest
                0x000000000000dce0                __GP11_TEE_AsymmetricSignDigest
                0x000000000000de80                TEE_AsymmetricVerifyDigest
                0x000000000000e00c                __GP11_TEE_AsymmetricVerifyDigest
                0x000000000000e198                TEE_DeriveKey
                0x000000000000e348                __GP11_TEE_DeriveKey
                0x000000000000e4f8                TEE_GenerateRandom
                0x000000000000e518                __GP11_TEE_GenerateRandom
                0x000000000000e520                rand
                0x000000000000e578                TEE_IsAlgorithmSupported
 .text          0x000000000000e920      0x21c /home/avees/Linux_for_Tegra/sources/tegra/optee-src/nv-optee/optee/build/t234/export-ta_arm64/lib/libutee.a(tee_api_panic.o)
                0x000000000000e93c                TEE_Panic
                0x000000000000e954                __utee_check_outbuf_annotation
                0x000000000000e9a0                __utee_check_gp11_outbuf_annotation
                0x000000000000e9ec                __utee_check_instring_annotation
                0x000000000000ea1c                __utee_check_outstring_annotation
                0x000000000000ea68                __utee_check_gp11_outstring_annotation
                0x000000000000eab4                __utee_check_out_annotation
                0x000000000000ead4                __utee_check_attr_in_annotation
                0x000000000000eaf8                __utee_check_gp11_attr_in_annotation
                0x000000000000eb1c                __utee_check_inout_annotation
 .text          0x000000000000eb3c      0x310 /home/avees/Linux_for_Tegra/sources/tegra/optee-src/nv-optee/optee/build/t234/export-ta_arm64/lib/libutee.a(tee_system_pta.o)
                0x000000000000ebc4                tee_map_zi
                0x000000000000ec74                tee_unmap
                0x000000000000ed3c                tee_invoke_supp_plugin
 .text          0x000000000000ee4c      0x74c /home/avees/Linux_for_Tegra/sources/tegra/optee-src/nv-optee/optee/build/t234/export-ta_arm64/lib/libutee.a(user_ta_entry.o)
                0x000000000000f110                __utee_call_elf_init_fn
                0x000000000000f268                __utee_call_elf_fini_fn
                0x000000000000f310                __utee_entry
 .text._utee_panic
                0x000000000000f598        0xc /home/avees/Linux_for_Tegra/sources/tegra/optee-src/nv-optee/optee/build/t234/export-ta_arm64/lib/libutee.a(utee_syscalls_a64.o)
                0x000000000000f598                _utee_panic
 .text._utee_return
                0x000000000000f5a4        0xc /home/avees/Linux_for_Tegra/sources/tegra/optee-src/nv-optee/optee/build/t234/export-ta_arm64/lib/libutee.a(utee_syscalls_a64.o)
                0x000000000000f5a4                _utee_return
 .text._utee_log
                0x000000000000f5b0        0xc /home/avees/Linux_for_Tegra/sources/tegra/optee-src/nv-optee/optee/build/t234/export-ta_arm64/lib/libutee.a(utee_syscalls_a64.o)
                0x000000000000f5b0                _utee_log
 .text.__utee_panic
                0x000000000000f5bc        0xc /home/avees/Linux_for_Tegra/sources/tegra/optee-src/nv-optee/optee/build/t234/export-ta_arm64/lib/libutee.a(utee_syscalls_a64.o)
                0x000000000000f5bc                __utee_panic
 .text._utee_get_property
                0x000000000000f5c8        0xc /home/avees/Linux_for_Tegra/sources/tegra/optee-src/nv-optee/optee/build/t234/export-ta_arm64/lib/libutee.a(utee_syscalls_a64.o)
                0x000000000000f5c8                _utee_get_property
 .text._utee_get_property_name_to_index
                0x000000000000f5d4        0xc /home/avees/Linux_for_Tegra/sources/tegra/optee-src/nv-optee/optee/build/t234/export-ta_arm64/lib/libutee.a(utee_syscalls_a64.o)
                0x000000000000f5d4                _utee_get_property_name_to_index
 .text._utee_open_ta_session
                0x000000000000f5e0        0xc /home/avees/Linux_for_Tegra/sources/tegra/optee-src/nv-optee/optee/build/t234/export-ta_arm64/lib/libutee.a(utee_syscalls_a64.o)
                0x000000000000f5e0                _utee_open_ta_session
 .text._utee_close_ta_session
                0x000000000000f5ec        0xc /home/avees/Linux_for_Tegra/sources/tegra/optee-src/nv-optee/optee/build/t234/export-ta_arm64/lib/libutee.a(utee_syscalls_a64.o)
                0x000000000000f5ec                _utee_close_ta_session
 .text._utee_invoke_ta_command
                0x000000000000f5f8        0xc /home/avees/Linux_for_Tegra/sources/tegra/optee-src/nv-optee/optee/build/t234/export-ta_arm64/lib/libutee.a(utee_syscalls_a64.o)
                0x000000000000f5f8                _utee_invoke_ta_command
 .text._utee_get_cancellation_flag
                0x000000000000f604        0xc /home/avees/Linux_for_Tegra/sources/tegra/optee-src/nv-optee/optee/build/t234/export-ta_arm64/lib/libutee.a(utee_syscalls_a64.o)
                0x000000000000f604                _utee_get_cancellation_flag
 .text._utee_check_access_rights
                0x000000000000f610        0xc /home/avees/Linux_for_Tegra/sources/tegra/optee-src/nv-optee/optee/build/t234/export-ta_arm64/lib/libutee.a(utee_syscalls_a64.o)
                0x000000000000f610                _utee_check_access_rights
 .text._utee_unmask_cancellation
                0x000000000000f61c        0xc /home/avees/Linux_for_Tegra/sources/tegra/optee-src/nv-optee/optee/build/t234/export-ta_arm64/lib/libutee.a(utee_syscalls_a64.o)
                0x000000000000f61c                _utee_unmask_cancellation
 .text._utee_mask_cancellation
                0x000000000000f628        0xc /home/avees/Linux_for_Tegra/sources/tegra/optee-src/nv-optee/optee/build/t234/export-ta_arm64/lib/libutee.a(utee_syscalls_a64.o)
                0x000000000000f628                _utee_mask_cancellation
 .text._utee_wait
                0x000000000000f634        0xc /home/avees/Linux_for_Tegra/sources/tegra/optee-src/nv-optee/optee/build/t234/export-ta_arm64/lib/libutee.a(utee_syscalls_a64.o)
                0x000000000000f634                _utee_wait
 .text._utee_get_time
                0x000000000000f640        0xc /home/avees/Linux_for_Tegra/sources/tegra/optee-src/nv-optee/optee/build/t234/export-ta_arm64/lib/libutee.a(utee_syscalls_a64.o)
                0x000000000000f640                _utee_get_time
 .text._utee_set_ta_time
                0x000000000000f64c        0xc /home/avees/Linux_for_Tegra/sources/tegra/optee-src/nv-optee/optee/build/t234/export-ta_arm64/lib/libutee.a(utee_syscalls_a64.o)
                0x000000000000f64c                _utee_set_ta_time
 .text._utee_cryp_state_alloc
                0x000000000000f658        0xc /home/avees/Linux_for_Tegra/sources/tegra/optee-src/nv-optee/optee/build/t234/export-ta_arm64/lib/libutee.a(utee_syscalls_a64.o)
                0x000000000000f658                _utee_cryp_state_alloc
 .text._utee_cryp_state_copy
                0x000000000000f664        0xc /home/avees/Linux_for_Tegra/sources/tegra/optee-src/nv-optee/optee/build/t234/export-ta_arm64/lib/libutee.a(utee_syscalls_a64.o)
                0x000000000000f664                _utee_cryp_state_copy
 .text._utee_cryp_state_free
                0x000000000000f670        0xc /home/avees/Linux_for_Tegra/sources/tegra/optee-src/nv-optee/optee/build/t234/export-ta_arm64/lib/libutee.a(utee_syscalls_a64.o)
                0x000000000000f670                _utee_cryp_state_free
 .text._utee_hash_init
                0x000000000000f67c        0xc /home/avees/Linux_for_Tegra/sources/tegra/optee-src/nv-optee/optee/build/t234/export-ta_arm64/lib/libutee.a(utee_syscalls_a64.o)
                0x000000000000f67c                _utee_hash_init
 .text._utee_hash_update
                0x000000000000f688        0xc /home/avees/Linux_for_Tegra/sources/tegra/optee-src/nv-optee/optee/build/t234/export-ta_arm64/lib/libutee.a(utee_syscalls_a64.o)
                0x000000000000f688                _utee_hash_update
 .text._utee_hash_final
                0x000000000000f694        0xc /home/avees/Linux_for_Tegra/sources/tegra/optee-src/nv-optee/optee/build/t234/export-ta_arm64/lib/libutee.a(utee_syscalls_a64.o)
                0x000000000000f694                _utee_hash_final
 .text._utee_cipher_init
                0x000000000000f6a0        0xc /home/avees/Linux_for_Tegra/sources/tegra/optee-src/nv-optee/optee/build/t234/export-ta_arm64/lib/libutee.a(utee_syscalls_a64.o)
                0x000000000000f6a0                _utee_cipher_init
 .text._utee_cipher_update
                0x000000000000f6ac        0xc /home/avees/Linux_for_Tegra/sources/tegra/optee-src/nv-optee/optee/build/t234/export-ta_arm64/lib/libutee.a(utee_syscalls_a64.o)
                0x000000000000f6ac                _utee_cipher_update
 .text._utee_cipher_final
                0x000000000000f6b8        0xc /home/avees/Linux_for_Tegra/sources/tegra/optee-src/nv-optee/optee/build/t234/export-ta_arm64/lib/libutee.a(utee_syscalls_a64.o)
                0x000000000000f6b8                _utee_cipher_final
 .text._utee_cryp_obj_get_info
                0x000000000000f6c4        0xc /home/avees/Linux_for_Tegra/sources/tegra/optee-src/nv-optee/optee/build/t234/export-ta_arm64/lib/libutee.a(utee_syscalls_a64.o)
                0x000000000000f6c4                _utee_cryp_obj_get_info
 .text._utee_cryp_obj_restrict_usage
                0x000000000000f6d0        0xc /home/avees/Linux_for_Tegra/sources/tegra/optee-src/nv-optee/optee/build/t234/export-ta_arm64/lib/libutee.a(utee_syscalls_a64.o)
                0x000000000000f6d0                _utee_cryp_obj_restrict_usage
 .text._utee_cryp_obj_get_attr
                0x000000000000f6dc        0xc /home/avees/Linux_for_Tegra/sources/tegra/optee-src/nv-optee/optee/build/t234/export-ta_arm64/lib/libutee.a(utee_syscalls_a64.o)
                0x000000000000f6dc                _utee_cryp_obj_get_attr
 .text._utee_cryp_obj_alloc
                0x000000000000f6e8        0xc /home/avees/Linux_for_Tegra/sources/tegra/optee-src/nv-optee/optee/build/t234/export-ta_arm64/lib/libutee.a(utee_syscalls_a64.o)
                0x000000000000f6e8                _utee_cryp_obj_alloc
 .text._utee_cryp_obj_close
                0x000000000000f6f4        0xc /home/avees/Linux_for_Tegra/sources/tegra/optee-src/nv-optee/optee/build/t234/export-ta_arm64/lib/libutee.a(utee_syscalls_a64.o)
                0x000000000000f6f4                _utee_cryp_obj_close
 .text._utee_cryp_obj_reset
                0x000000000000f700        0xc /home/avees/Linux_for_Tegra/sources/tegra/optee-src/nv-optee/optee/build/t234/export-ta_arm64/lib/libutee.a(utee_syscalls_a64.o)
                0x000000000000f700                _utee_cryp_obj_reset
 .text._utee_cryp_obj_populate
                0x000000000000f70c        0xc /home/avees/Linux_for_Tegra/sources/tegra/optee-src/nv-optee/optee/build/t234/export-ta_arm64/lib/libutee.a(utee_syscalls_a64.o)
                0x000000000000f70c                _utee_cryp_obj_populate
 .text._utee_cryp_obj_copy
                0x000000000000f718        0xc /home/avees/Linux_for_Tegra/sources/tegra/optee-src/nv-optee/optee/build/t234/export-ta_arm64/lib/libutee.a(utee_syscalls_a64.o)
                0x000000000000f718                _utee_cryp_obj_copy
 .text._utee_cryp_derive_key
                0x000000000000f724        0xc /home/avees/Linux_for_Tegra/sources/tegra/optee-src/nv-optee/optee/build/t234/export-ta_arm64/lib/libutee.a(utee_syscalls_a64.o)
                0x000000000000f724                _utee_cryp_derive_key
 .text._utee_cryp_random_number_generate
                0x000000000000f730        0xc /home/avees/Linux_for_Tegra/sources/tegra/optee-src/nv-optee/optee/build/t234/export-ta_arm64/lib/libutee.a(utee_syscalls_a64.o)
                0x000000000000f730                _utee_cryp_random_number_generate
 .text._utee_authenc_init
                0x000000000000f73c        0xc /home/avees/Linux_for_Tegra/sources/tegra/optee-src/nv-optee/optee/build/t234/export-ta_arm64/lib/libutee.a(utee_syscalls_a64.o)
                0x000000000000f73c                _utee_authenc_init
 .text._utee_authenc_update_aad
                0x000000000000f748        0xc /home/avees/Linux_for_Tegra/sources/tegra/optee-src/nv-optee/optee/build/t234/export-ta_arm64/lib/libutee.a(utee_syscalls_a64.o)
                0x000000000000f748                _utee_authenc_update_aad
 .text._utee_authenc_update_payload
                0x000000000000f754        0xc /home/avees/Linux_for_Tegra/sources/tegra/optee-src/nv-optee/optee/build/t234/export-ta_arm64/lib/libutee.a(utee_syscalls_a64.o)
                0x000000000000f754                _utee_authenc_update_payload
 .text._utee_authenc_enc_final
                0x000000000000f760        0xc /home/avees/Linux_for_Tegra/sources/tegra/optee-src/nv-optee/optee/build/t234/export-ta_arm64/lib/libutee.a(utee_syscalls_a64.o)
                0x000000000000f760                _utee_authenc_enc_final
 .text._utee_authenc_dec_final
                0x000000000000f76c        0xc /home/avees/Linux_for_Tegra/sources/tegra/optee-src/nv-optee/optee/build/t234/export-ta_arm64/lib/libutee.a(utee_syscalls_a64.o)
                0x000000000000f76c                _utee_authenc_dec_final
 .text._utee_asymm_operate
                0x000000000000f778        0xc /home/avees/Linux_for_Tegra/sources/tegra/optee-src/nv-optee/optee/build/t234/export-ta_arm64/lib/libutee.a(utee_syscalls_a64.o)
                0x000000000000f778                _utee_asymm_operate
 .text._utee_asymm_verify
                0x000000000000f784        0xc /home/avees/Linux_for_Tegra/sources/tegra/optee-src/nv-optee/optee/build/t234/export-ta_arm64/lib/libutee.a(utee_syscalls_a64.o)
                0x000000000000f784                _utee_asymm_verify
 .text._utee_storage_obj_open
                0x000000000000f790        0xc /home/avees/Linux_for_Tegra/sources/tegra/optee-src/nv-optee/optee/build/t234/export-ta_arm64/lib/libutee.a(utee_syscalls_a64.o)
                0x000000000000f790                _utee_storage_obj_open
 .text._utee_storage_obj_create
                0x000000000000f79c        0xc /home/avees/Linux_for_Tegra/sources/tegra/optee-src/nv-optee/optee/build/t234/export-ta_arm64/lib/libutee.a(utee_syscalls_a64.o)
                0x000000000000f79c                _utee_storage_obj_create
 .text._utee_storage_obj_del
                0x000000000000f7a8        0xc /home/avees/Linux_for_Tegra/sources/tegra/optee-src/nv-optee/optee/build/t234/export-ta_arm64/lib/libutee.a(utee_syscalls_a64.o)
                0x000000000000f7a8                _utee_storage_obj_del
 .text._utee_storage_obj_rename
                0x000000000000f7b4        0xc /home/avees/Linux_for_Tegra/sources/tegra/optee-src/nv-optee/optee/build/t234/export-ta_arm64/lib/libutee.a(utee_syscalls_a64.o)
                0x000000000000f7b4                _utee_storage_obj_rename
 .text._utee_storage_alloc_enum
                0x000000000000f7c0        0xc /home/avees/Linux_for_Tegra/sources/tegra/optee-src/nv-optee/optee/build/t234/export-ta_arm64/lib/libutee.a(utee_syscalls_a64.o)
                0x000000000000f7c0                _utee_storage_alloc_enum
 .text._utee_storage_free_enum
                0x000000000000f7cc        0xc /home/avees/Linux_for_Tegra/sources/tegra/optee-src/nv-optee/optee/build/t234/export-ta_arm64/lib/libutee.a(utee_syscalls_a64.o)
                0x000000000000f7cc                _utee_storage_free_enum
 .text._utee_storage_reset_enum
                0x000000000000f7d8        0xc /home/avees/Linux_for_Tegra/sources/tegra/optee-src/nv-optee/optee/build/t234/export-ta_arm64/lib/libutee.a(utee_syscalls_a64.o)
                0x000000000000f7d8                _utee_storage_reset_enum
 .text._utee_storage_start_enum
                0x000000000000f7e4        0xc /home/avees/Linux_for_Tegra/sources/tegra/optee-src/nv-optee/optee/build/t234/export-ta_arm64/lib/libutee.a(utee_syscalls_a64.o)
                0x000000000000f7e4                _utee_storage_start_enum
 .text._utee_storage_next_enum
                0x000000000000f7f0        0xc /home/avees/Linux_for_Tegra/sources/tegra/optee-src/nv-optee/optee/build/t234/export-ta_arm64/lib/libutee.a(utee_syscalls_a64.o)
                0x000000000000f7f0                _utee_storage_next_enum
 .text._utee_storage_obj_read
                0x000000000000f7fc        0xc /home/avees/Linux_for_Tegra/sources/tegra/optee-src/nv-optee/optee/build/t234/export-ta_arm64/lib/libutee.a(utee_syscalls_a64.o)
                0x000000000000f7fc                _utee_storage_obj_read
 .text._utee_storage_obj_write
                0x000000000000f808        0xc /home/avees/Linux_for_Tegra/sources/tegra/optee-src/nv-optee/optee/build/t234/export-ta_arm64/lib/libutee.a(utee_syscalls_a64.o)
                0x000000000000f808                _utee_storage_obj_write
 .text._utee_storage_obj_trunc
                0x000000000000f814        0xc /home/avees/Linux_for_Tegra/sources/tegra/optee-src/nv-optee/optee/build/t234/export-ta_arm64/lib/libutee.a(utee_syscalls_a64.o)
                0x000000000000f814                _utee_storage_obj_trunc
 .text._utee_storage_obj_seek
                0x000000000000f820        0xc /home/avees/Linux_for_Tegra/sources/tegra/optee-src/nv-optee/optee/build/t234/export-ta_arm64/lib/libutee.a(utee_syscalls_a64.o)
                0x000000000000f820                _utee_storage_obj_seek
 .text._utee_cryp_obj_generate_key
                0x000000000000f82c        0xc /home/avees/Linux_for_Tegra/sources/tegra/optee-src/nv-optee/optee/build/t234/export-ta_arm64/lib/libutee.a(utee_syscalls_a64.o)
                0x000000000000f82c                _utee_cryp_obj_generate_key
 .text._utee_cache_operation
                0x000000000000f838        0xc /home/avees/Linux_for_Tegra/sources/tegra/optee-src/nv-optee/optee/build/t234/export-ta_arm64/lib/libutee.a(utee_syscalls_a64.o)
                0x000000000000f838                _utee_cache_operation
 .text.unlikely
                0x000000000000f844       0x20 /home/avees/Linux_for_Tegra/sources/tegra/optee-src/nv-optee/optee/build/t234/export-ta_arm64/lib/libutee.a(abort.o)
                0x000000000000f844                abort
 .text          0x000000000000f864     0x212c /home/avees/Linux_for_Tegra/sources/tegra/optee-src/nv-optee/optee/build/t234/export-ta_arm64/lib/libutee.a(tee_api_arith_mpi.o)
                0x00000000000100c8                _TEE_MathAPI_Init
                0x0000000000010118                TEE_BigIntInit
                0x0000000000010178                __GP11_TEE_BigIntInit
                0x0000000000010180                TEE_BigIntConvertFromOctetString
                0x0000000000010248                __GP11_TEE_BigIntConvertFromOctetString
                0x0000000000010250                TEE_BigIntConvertToOctetString
                0x0000000000010318                __GP11_TEE_BigIntConvertToOctetString
                0x0000000000010378                TEE_BigIntConvertFromS32
                0x0000000000010428                TEE_BigIntConvertToS32
                0x00000000000104e4                TEE_BigIntCmp
                0x0000000000010578                TEE_BigIntCmpS32
                0x00000000000107c4                TEE_BigIntShiftRight
                0x0000000000010964                __GP11_TEE_BigIntShiftRight
                0x000000000001096c                TEE_BigIntGetBit
                0x00000000000109ec                TEE_BigIntGetBitCount
                0x0000000000010a60                TEE_BigIntSetBit
                0x0000000000010b10                TEE_BigIntAssign
                0x0000000000010b60                TEE_BigIntAbs
                0x0000000000010b8c                TEE_BigIntAdd
                0x0000000000010b98                TEE_BigIntSub
                0x0000000000010ba4                TEE_BigIntNeg
                0x0000000000010c88                TEE_BigIntMul
                0x0000000000010d9c                TEE_BigIntSquare
                0x0000000000010da4                TEE_BigIntDiv
                0x0000000000010f58                TEE_BigIntMod
                0x0000000000010fc4                TEE_BigIntAddMod
                0x0000000000010fd0                TEE_BigIntSubMod
                0x0000000000010fdc                TEE_BigIntMulMod
                0x0000000000010fe8                TEE_BigIntSquareMod
                0x0000000000010ff4                TEE_BigIntInvMod
                0x0000000000011144                TEE_BigIntRelativePrime
                0x000000000001124c                TEE_BigIntExpMod
                0x0000000000011420                TEE_BigIntComputeExtendedGcd
                0x0000000000011688                TEE_BigIntIsProbablePrime
                0x000000000001170c                TEE_BigIntInitFMM
                0x0000000000011710                __GP11_TEE_BigIntInitFMM
                0x0000000000011718                TEE_BigIntInitFMMContext
                0x000000000001171c                __GP11_TEE_BigIntInitFMMContext
                0x0000000000011724                TEE_BigIntInitFMMContext1
                0x000000000001172c                TEE_BigIntFMMSizeInU32
                0x000000000001173c                __GP11_TEE_BigIntFMMSizeInU32
                0x0000000000011754                TEE_BigIntFMMContextSizeInU32
                0x000000000001175c                __GP11_TEE_BigIntFMMContextSizeInU32
                0x0000000000011774                TEE_BigIntConvertToFMM
                0x0000000000011778                TEE_BigIntConvertFromFMM
                0x0000000000011848                TEE_BigIntComputeFMM
 .text          0x0000000000011990     0x1b10 /home/avees/Linux_for_Tegra/sources/tegra/optee-src/nv-optee/optee/build/t234/export-ta_arm64/lib/libutee.a(tee_api_objects.o)
                0x0000000000011990                __utee_from_attr
                0x00000000000119e0                __utee_from_gp11_attr
                0x0000000000011a30                TEE_GetObjectInfo
                0x0000000000011aec                __GP11_TEE_GetObjectInfo
                0x0000000000011bb0                TEE_GetObjectInfo1
                0x0000000000011c60                __GP11_TEE_GetObjectInfo1
                0x0000000000011d20                TEE_RestrictObjectUsage1
                0x0000000000011d64                TEE_RestrictObjectUsage
                0x0000000000011df4                TEE_GetObjectBufferAttribute
                0x0000000000011ef8                __GP11_TEE_GetObjectBufferAttribute
                0x0000000000011f90                TEE_GetObjectValueAttribute
                0x00000000000120c8                TEE_CloseObject
                0x00000000000120f0                __GP11_TEE_AllocateTransientObject
                0x00000000000121a4                TEE_AllocateTransientObject
                0x00000000000121c0                TEE_FreeTransientObject
                0x0000000000012250                TEE_ResetTransientObject
                0x00000000000122e0                TEE_PopulateTransientObject
                0x0000000000012424                __GP11_TEE_PopulateTransientObject
                0x0000000000012568                TEE_InitRefAttribute
                0x00000000000125b4                __GP11_TEE_InitRefAttribute
                0x0000000000012604                TEE_InitValueAttribute
                0x0000000000012650                __GP11_TEE_InitValueAttribute
                0x000000000001269c                TEE_CopyObjectAttributes1
                0x0000000000012794                TEE_CopyObjectAttributes
                0x0000000000012828                TEE_GenerateKey
                0x0000000000012934                __GP11_TEE_GenerateKey
                0x0000000000012a40                TEE_OpenPersistentObject
                0x0000000000012b24                __GP11_TEE_OpenPersistentObject
                0x0000000000012b2c                TEE_CreatePersistentObject
                0x0000000000012c70                __GP11_TEE_CreatePersistentObject
                0x0000000000012cec                TEE_CloseAndDeletePersistentObject1
                0x0000000000012d34                TEE_CloseAndDeletePersistentObject
                0x0000000000012d60                TEE_RenamePersistentObject
                0x0000000000012dbc                __GP11_TEE_RenamePersistentObject
                0x0000000000012dc4                TEE_AllocatePersistentObjectEnumerator
                0x0000000000012e54                TEE_FreePersistentObjectEnumerator
                0x0000000000012e7c                TEE_ResetPersistentObjectEnumerator
                0x0000000000012ea4                TEE_StartPersistentObjectEnumerator
                0x0000000000012ef4                TEE_GetNextPersistentObject
                0x0000000000013010                __GP11_TEE_GetNextPersistentObject
                0x000000000001313c                TEE_ReadObjectData
                0x0000000000013204                __GP11_TEE_ReadObjectData
                0x000000000001329c                TEE_WriteObjectData
                0x0000000000013314                __GP11_TEE_WriteObjectData
                0x000000000001331c                TEE_TruncateObjectData
                0x0000000000013378                __GP11_TEE_TruncateObjectData
                0x0000000000013380                TEE_SeekObjectData
                0x0000000000013498                __GP11_TEE_SeekObjectData
 .text          0x00000000000134a0      0xf78 /home/avees/Linux_for_Tegra/sources/tegra/optee-src/nv-optee/optee/build/t234/export-ta_arm64/lib/libutee.a(tee_api_property.o)
                0x0000000000013830                TEE_GetPropertyAsString
                0x0000000000013a8c                __GP11_TEE_GetPropertyAsString
                0x0000000000013b24                TEE_GetPropertyAsBool
                0x0000000000013bfc                TEE_GetPropertyAsU32
                0x0000000000013ce4                TEE_GetPropertyAsU64
                0x0000000000013dcc                __GP11_TEE_GetPropertyAsBinaryBlock
                0x0000000000013eb8                TEE_GetPropertyAsBinaryBlock
                0x0000000000013f50                TEE_GetPropertyAsUUID
                0x0000000000014038                TEE_GetPropertyAsIdentity
                0x0000000000014120                TEE_ResetPropertyEnumerator
                0x000000000001412c                TEE_AllocatePropertyEnumerator
                0x0000000000014174                TEE_FreePropertyEnumerator
                0x0000000000014178                TEE_StartPropertyEnumerator
                0x0000000000014188                __GP11_TEE_GetPropertyName
                0x00000000000142b0                TEE_GetPropertyName
                0x0000000000014338                TEE_GetNextProperty
 .text          0x0000000000014418      0x34c /home/avees/Linux_for_Tegra/sources/tegra/optee-src/nv-optee/optee/build/t234/export-ta_arm64/lib/libutee.a(tcb.o)
                0x0000000000014418                __utee_tcb_init
                0x0000000000014658                __tls_get_addr
                0x0000000000014674                dl_iterate_phdr
 .text          0x0000000000014764      0x258 /home/avees/Linux_for_Tegra/sources/tegra/optee-src/nv-optee/optee/build/t234/export-ta_arm64/lib/libutee.a(base64.o)
                0x0000000000014764                _base64_enc_len
                0x000000000001477c                _base64_enc
                0x0000000000014898                _base64_dec
 .text          0x00000000000149bc     0x4190 /home/avees/Linux_for_Tegra/sources/tegra/optee-src/nv-optee/optee/build/t234/export-ta_arm64/lib/libmbedtls.a(bignum.o)
                0x0000000000015190                mbedtls_mpi_init
                0x00000000000151a0                mbedtls_mpi_init_mempool
                0x00000000000151c8                mbedtls_mpi_free
                0x0000000000015234                mbedtls_mpi_grow
                0x0000000000015388                mbedtls_mpi_shrink
                0x00000000000154a8                mbedtls_mpi_copy
                0x0000000000015574                mbedtls_mpi_swap
                0x00000000000155fc                mbedtls_mpi_lset
                0x0000000000015664                mbedtls_mpi_get_bit
                0x0000000000015690                mbedtls_mpi_set_bit
                0x000000000001571c                mbedtls_mpi_lsb
                0x0000000000015770                mbedtls_mpi_bitlen
                0x00000000000157cc                mbedtls_mpi_size
                0x00000000000157e8                mbedtls_mpi_read_binary_le
                0x0000000000015860                mbedtls_mpi_read_binary
                0x00000000000158e4                mbedtls_mpi_write_binary_le
                0x000000000001599c                mbedtls_mpi_write_binary
                0x0000000000015a60                mbedtls_mpi_shift_l
                0x0000000000015b70                mbedtls_mpi_shift_r
                0x0000000000015c30                mbedtls_mpi_cmp_abs
                0x0000000000015ccc                mbedtls_mpi_cmp_mpi
                0x0000000000015da0                mbedtls_mpi_cmp_int
                0x0000000000015e14                mbedtls_mpi_add_abs
                0x0000000000015f34                mbedtls_mpi_sub_abs
                0x0000000000016090                mbedtls_mpi_add_mpi
                0x0000000000016118                mbedtls_mpi_sub_mpi
                0x00000000000161a4                mbedtls_mpi_add_int
                0x0000000000016218                mbedtls_mpi_sub_int
                0x000000000001628c                mbedtls_mpi_mul_mpi
                0x0000000000016438                mbedtls_mpi_mul_int
                0x00000000000164e0                mbedtls_mpi_read_string
                0x00000000000166ec                mbedtls_mpi_div_mpi
                0x0000000000016c20                mbedtls_mpi_div_int
                0x0000000000016c94                mbedtls_mpi_mod_mpi
                0x0000000000016d48                mbedtls_mpi_mod_int
                0x0000000000016de4                mbedtls_mpi_write_string
                0x0000000000017118                mbedtls_mpi_montg_init
                0x0000000000017120                mbedtls_mpi_montmul
                0x0000000000017128                mbedtls_mpi_montred
                0x000000000001712c                mbedtls_mpi_exp_mod
                0x00000000000177f8                mbedtls_mpi_gcd
                0x00000000000179d0                mbedtls_mpi_fill_random
                0x0000000000017cdc                mbedtls_mpi_random
                0x0000000000017e94                mbedtls_mpi_inv_mod
                0x00000000000182ec                mbedtls_mpi_is_prime_ext
                0x00000000000183c8                mbedtls_mpi_is_prime
                0x00000000000183d8                mbedtls_mpi_gen_prime
                0x0000000000018724                mbedtls_mpi_self_test
 .text          0x0000000000018b4c      0x7c0 /home/avees/Linux_for_Tegra/sources/tegra/optee-src/nv-optee/optee/build/t234/export-ta_arm64/lib/libmbedtls.a(constant_time.o)
                0x0000000000018b6c                mbedtls_ct_memcmp
                0x0000000000018bb4                mbedtls_ct_uint_mask
                0x0000000000018bc4                mbedtls_ct_mpi_uint_mask
                0x0000000000018bd4                mbedtls_ct_size_bool_eq
                0x0000000000018bec                mbedtls_ct_mpi_uint_lt
                0x0000000000018c08                mbedtls_ct_uint_if
                0x0000000000018c38                mbedtls_ct_mpi_uint_cond_assign
                0x0000000000018c74                mbedtls_ct_base64_enc_char
                0x0000000000018d24                mbedtls_ct_base64_dec_value
                0x0000000000018de0                mbedtls_mpi_safe_cond_assign
                0x0000000000018e9c                mbedtls_mpi_safe_cond_swap
                0x0000000000018f98                mbedtls_mpi_lt_mpi_ct
                0x0000000000019090                mbedtls_ct_rsaes_pkcs1_v15_unpadding
 .text          0x000000000001930c       0x20 /home/avees/Linux_for_Tegra/sources/tegra/optee-src/nv-optee/optee/build/t234/export-ta_arm64/lib/libmbedtls.a(platform_util.o)
                0x000000000001930c                mbedtls_platform_zeroize
 .text          0x000000000001932c      0x128 /home/avees/Linux_for_Tegra/sources/tegra/optee-src/nv-optee/optee/build/t234/export-ta_arm64/lib/libutils.a(snprintf.o)
                0x000000000001932c                snprintf
                0x00000000000193fc                vsnprintf
 .text          0x0000000000019454       0x5c /home/avees/Linux_for_Tegra/sources/tegra/optee-src/nv-optee/optee/build/t234/export-ta_arm64/lib/libutils.a(memmove.o)
                0x0000000000019454                memmove
 .text          0x00000000000194b0       0x58 /home/avees/Linux_for_Tegra/sources/tegra/optee-src/nv-optee/optee/build/t234/export-ta_arm64/lib/libutils.a(strlcpy.o)
                0x00000000000194b0                strlcpy
 .text          0x0000000000019508      0x190 /home/avees/Linux_for_Tegra/sources/tegra/optee-src/nv-optee/optee/build/t234/export-ta_arm64/lib/libutils.a(mempool.o)
                0x0000000000019508                mempool_alloc_pool
                0x00000000000195d0                mempool_alloc
                0x0000000000019634                mempool_calloc
                0x0000000000019684                mempool_free
 .text          0x0000000000019698       0x70 /home/avees/Linux_for_Tegra/sources/tegra/optee-src/nv-optee/optee/build/t234/export-ta_arm64/lib/libutils.a(consttime_memcmp.o)
                0x0000000000019698                consttime_memcmp
 .text          0x0000000000019708        0x0 /home/avees/Linux_for_Tegra/sources/tegra/optee-src/nv-optee/optee/build/t234/export-ta_arm64/lib/libutee.a(utee_syscalls_a64.o)
 .text          0x0000000000019708        0x0 /home/avees/Linux_for_Tegra/sources/tegra/optee-src/nv-optee/optee/build/t234/export-ta_arm64/lib/libutee.a(abort.o)
 *(SORT_BY_ALIGNMENT(.stub))
 *(SORT_BY_ALIGNMENT(.glue_7))
 *(SORT_BY_ALIGNMENT(.glue_7t))
 *(SORT_BY_ALIGNMENT(.gnu.linkonce.t.*))
 *(SORT_BY_ALIGNMENT(.vfp11_veneer))
                0x0000000000019708                __text_end = .

.note.gnu.property
 *(SORT_BY_ALIGNMENT(.note.gnu.property))

.plt            0x0000000000019708        0x0
 *(SORT_BY_ALIGNMENT(.plt))
 .plt           0x0000000000019708        0x0 ./darknetp_ta.o

.eh_frame_hdr
 *(SORT_BY_ALIGNMENT(.eh_frame_hdr))
 *(SORT_BY_ALIGNMENT(.eh_frame_entry) SORT_BY_ALIGNMENT(.eh_frame_entry.*))

.eh_frame       0x0000000000019708     0x517c
 *(SORT_BY_ALIGNMENT(.eh_frame))
 .eh_frame      0x0000000000019708      0x2c0 ./darknetp_ta.o
 .eh_frame      0x00000000000199c8       0x88 ./utils_TA.o
                                         0xa0 (size before relaxing)
 .eh_frame      0x0000000000019a50      0x118 ./activations_TA.o
                                        0x128 (size before relaxing)
 .eh_frame      0x0000000000019b68      0x120 ./connected_layer_TA.o
                                        0x130 (size before relaxing)
 .eh_frame      0x0000000000019c88      0x368 ./math_TA.o
                                        0x380 (size before relaxing)
 .eh_frame      0x0000000000019ff0       0xe0 ./parser_TA.o
                                         0xf8 (size before relaxing)
 .eh_frame      0x000000000001a0d0      0x210 ./blas_TA.o
                                        0x220 (size before relaxing)
 .eh_frame      0x000000000001a2e0       0xc0 ./maxpool_layer_TA.o
                                         0xd8 (size before relaxing)
 .eh_frame      0x000000000001a3a0      0x198 ./network_TA.o
                                        0x1b0 (size before relaxing)
 .eh_frame      0x000000000001a538       0xa8 ./softmax_layer_TA.o
                                         0xb8 (size before relaxing)
 .eh_frame      0x000000000001a5e0      0x1b0 ./aes_TA.o
                                        0x1c0 (size before relaxing)
 .eh_frame      0x000000000001a790       0x58 ./im2col_TA.o
                                         0x70 (size before relaxing)
 .eh_frame      0x000000000001a7e8      0x198 ./batchnorm_layer_TA.o
                                        0x1b0 (size before relaxing)
 .eh_frame      0x000000000001a980       0x98 ./dropout_layer_TA.o
                                         0xa8 (size before relaxing)
 .eh_frame      0x000000000001aa18      0x218 ./convolutional_layer_TA.o
                                        0x228 (size before relaxing)
 .eh_frame      0x000000000001ac30       0xc8 ./cost_layer_TA.o
                                         0xe0 (size before relaxing)
 .eh_frame      0x000000000001acf8       0x78 ./avgpool_layer_TA.o
                                         0x88 (size before relaxing)
 .eh_frame      0x000000000001ad70       0x58 ./col2im_TA.o
                                         0x70 (size before relaxing)
 .eh_frame      0x000000000001adc8       0x78 ./gemm_TA.o
                                         0x90 (size before relaxing)
 .eh_frame      0x000000000001ae40       0x40 ./diffprivate_TA.o
                                         0x50 (size before relaxing)
 .eh_frame      0x000000000001ae80       0x30 ./user_ta_header.o
                                         0x40 (size before relaxing)
 .eh_frame      0x000000000001aeb0      0x2d8 /home/avees/Linux_for_Tegra/sources/tegra/optee-src/nv-optee/optee/build/t234/export-ta_arm64/lib/libutils.a(bget_malloc.o)
                                        0x2e8 (size before relaxing)
 .eh_frame      0x000000000001b188       0x18 /home/avees/Linux_for_Tegra/sources/tegra/optee-src/nv-optee/optee/build/t234/export-ta_arm64/lib/libutils.a(stack_check.o)
                                         0x30 (size before relaxing)
 .eh_frame      0x000000000001b1a0       0x18 /home/avees/Linux_for_Tegra/sources/tegra/optee-src/nv-optee/optee/build/t234/export-ta_arm64/lib/libutils.a(memcpy.o)
                                         0x28 (size before relaxing)
 .eh_frame      0x000000000001b1b8       0x18 /home/avees/Linux_for_Tegra/sources/tegra/optee-src/nv-optee/optee/build/t234/export-ta_arm64/lib/libutils.a(memset.o)
                                         0x28 (size before relaxing)
 .eh_frame      0x000000000001b1d0       0x18 /home/avees/Linux_for_Tegra/sources/tegra/optee-src/nv-optee/optee/build/t234/export-ta_arm64/lib/libutils.a(strcmp.o)
                                         0x28 (size before relaxing)
 .eh_frame      0x000000000001b1e8       0x18 /home/avees/Linux_for_Tegra/sources/tegra/optee-src/nv-optee/optee/build/t234/export-ta_arm64/lib/libutils.a(strncmp.o)
                                         0x28 (size before relaxing)
 .eh_frame      0x000000000001b200       0xb8 /home/avees/Linux_for_Tegra/sources/tegra/optee-src/nv-optee/optee/build/t234/export-ta_arm64/lib/libutils.a(trace.o)
                                         0xc8 (size before relaxing)
 .eh_frame      0x000000000001b2b8       0xf0 /home/avees/Linux_for_Tegra/sources/tegra/optee-src/nv-optee/optee/build/t234/export-ta_arm64/lib/libutils.a(snprintk.o)
                                        0x100 (size before relaxing)
 .eh_frame      0x000000000001b3a8       0x18 /home/avees/Linux_for_Tegra/sources/tegra/optee-src/nv-optee/optee/build/t234/export-ta_arm64/lib/libutils.a(memchr.o)
                                         0x28 (size before relaxing)
 .eh_frame      0x000000000001b3c0       0x18 /home/avees/Linux_for_Tegra/sources/tegra/optee-src/nv-optee/optee/build/t234/export-ta_arm64/lib/libutils.a(strlen.o)
                                         0x28 (size before relaxing)
 .eh_frame      0x000000000001b3d8       0x38 /home/avees/Linux_for_Tegra/sources/tegra/optee-src/nv-optee/optee/build/t234/export-ta_arm64/lib/libutee.a(assert.o)
                                         0x50 (size before relaxing)
 .eh_frame      0x000000000001b410       0xa8 /home/avees/Linux_for_Tegra/sources/tegra/optee-src/nv-optee/optee/build/t234/export-ta_arm64/lib/libutee.a(trace_ext.o)
                                         0xc0 (size before relaxing)
 .eh_frame      0x000000000001b4b8      0x588 /home/avees/Linux_for_Tegra/sources/tegra/optee-src/nv-optee/optee/build/t234/export-ta_arm64/lib/libutee.a(tee_api.o)
                                        0x5a0 (size before relaxing)
 .eh_frame      0x000000000001ba40      0xaf0 /home/avees/Linux_for_Tegra/sources/tegra/optee-src/nv-optee/optee/build/t234/export-ta_arm64/lib/libutee.a(tee_api_operations.o)
                                        0xb08 (size before relaxing)
 .eh_frame      0x000000000001c530      0x180 /home/avees/Linux_for_Tegra/sources/tegra/optee-src/nv-optee/optee/build/t234/export-ta_arm64/lib/libutee.a(tee_api_panic.o)
                                        0x198 (size before relaxing)
 .eh_frame      0x000000000001c6b0       0xc0 /home/avees/Linux_for_Tegra/sources/tegra/optee-src/nv-optee/optee/build/t234/export-ta_arm64/lib/libutee.a(tee_system_pta.o)
                                         0xd0 (size before relaxing)
 .eh_frame      0x000000000001c770      0x150 /home/avees/Linux_for_Tegra/sources/tegra/optee-src/nv-optee/optee/build/t234/export-ta_arm64/lib/libutee.a(user_ta_entry.o)
                                        0x168 (size before relaxing)
 .eh_frame      0x000000000001c8c0       0x18 /home/avees/Linux_for_Tegra/sources/tegra/optee-src/nv-optee/optee/build/t234/export-ta_arm64/lib/libutee.a(abort.o)
                                         0x30 (size before relaxing)
 .eh_frame      0x000000000001c8d8      0x7d0 /home/avees/Linux_for_Tegra/sources/tegra/optee-src/nv-optee/optee/build/t234/export-ta_arm64/lib/libutee.a(tee_api_arith_mpi.o)
                                        0x7e0 (size before relaxing)
 .eh_frame      0x000000000001d0a8      0x750 /home/avees/Linux_for_Tegra/sources/tegra/optee-src/nv-optee/optee/build/t234/export-ta_arm64/lib/libutee.a(tee_api_objects.o)
                                        0x768 (size before relaxing)
 .eh_frame      0x000000000001d7f8      0x2f8 /home/avees/Linux_for_Tegra/sources/tegra/optee-src/nv-optee/optee/build/t234/export-ta_arm64/lib/libutee.a(tee_api_property.o)
                                        0x308 (size before relaxing)
 .eh_frame      0x000000000001daf0       0x90 /home/avees/Linux_for_Tegra/sources/tegra/optee-src/nv-optee/optee/build/t234/export-ta_arm64/lib/libutee.a(tcb.o)
                                         0xa8 (size before relaxing)
 .eh_frame      0x000000000001db80       0x58 /home/avees/Linux_for_Tegra/sources/tegra/optee-src/nv-optee/optee/build/t234/export-ta_arm64/lib/libutee.a(base64.o)
                                         0x70 (size before relaxing)
 .eh_frame      0x000000000001dbd8      0x988 /home/avees/Linux_for_Tegra/sources/tegra/optee-src/nv-optee/optee/build/t234/export-ta_arm64/lib/libmbedtls.a(bignum.o)
                                        0x9a0 (size before relaxing)
 .eh_frame      0x000000000001e560      0x1e0 /home/avees/Linux_for_Tegra/sources/tegra/optee-src/nv-optee/optee/build/t234/export-ta_arm64/lib/libmbedtls.a(constant_time.o)
                                        0x1f8 (size before relaxing)
 .eh_frame      0x000000000001e740       0x18 /home/avees/Linux_for_Tegra/sources/tegra/optee-src/nv-optee/optee/build/t234/export-ta_arm64/lib/libmbedtls.a(platform_util.o)
                                         0x28 (size before relaxing)
 .eh_frame      0x000000000001e758       0x58 /home/avees/Linux_for_Tegra/sources/tegra/optee-src/nv-optee/optee/build/t234/export-ta_arm64/lib/libutils.a(snprintf.o)
                                         0x68 (size before relaxing)
 .eh_frame      0x000000000001e7b0       0x18 /home/avees/Linux_for_Tegra/sources/tegra/optee-src/nv-optee/optee/build/t234/export-ta_arm64/lib/libutils.a(memmove.o)
                                         0x28 (size before relaxing)
 .eh_frame      0x000000000001e7c8       0x18 /home/avees/Linux_for_Tegra/sources/tegra/optee-src/nv-optee/optee/build/t234/export-ta_arm64/lib/libutils.a(strlcpy.o)
                                         0x28 (size before relaxing)
 .eh_frame      0x000000000001e7e0       0x88 /home/avees/Linux_for_Tegra/sources/tegra/optee-src/nv-optee/optee/build/t234/export-ta_arm64/lib/libutils.a(mempool.o)
                                         0xa0 (size before relaxing)
 .eh_frame      0x000000000001e868       0x1c /home/avees/Linux_for_Tegra/sources/tegra/optee-src/nv-optee/optee/build/t234/export-ta_arm64/lib/libutils.a(consttime_memcmp.o)
                                         0x30 (size before relaxing)
 *(SORT_BY_ALIGNMENT(.eh_frame.*))

.gcc_except_table
 *(SORT_BY_ALIGNMENT(.gcc_except_table) SORT_BY_ALIGNMENT(.gcc_except_table.*))

.rodata         0x000000000001e888     0x18f5
 *(SORT_BY_ALIGNMENT(.gnu.linkonce.r.*))
 *(SORT_BY_ALIGNMENT(.rodata) SORT_BY_ALIGNMENT(.rodata.*))
 .rodata.cst8   0x000000000001e888       0x30 ./activations_TA.o
 .rodata.cst8   0x000000000001e8b8       0x50 ./math_TA.o
                                         0x58 (size before relaxing)
 .rodata.cst8   0x000000000001e908        0x8 ./blas_TA.o
 .rodata.cst8   0x000000000001e910        0x8 ./network_TA.o
                                         0x10 (size before relaxing)
 .rodata.cst8   0x000000000001e918        0x8 ./diffprivate_TA.o
 .rodata.user_ta_header.c
                0x000000000001e920       0x33 ./user_ta_header.o
                0x000000000001e920                ta_num_props
                0x000000000001e940                __ta_no_share_heap_size
                0x000000000001e948                ta_heap_size
                0x000000000001e950                trace_ext_prefix
 *fill*         0x000000000001e953        0x5 
 .rodata.lib/libutee/tee_api.c
                0x000000000001e958       0x20 /home/avees/Linux_for_Tegra/sources/tegra/optee-src/nv-optee/optee/build/t234/export-ta_arm64/lib/libutee.a(tee_api.o)
 .rodata.darknetp_ta.c
                0x000000000001e978       0x9a ./darknetp_ta.o
 *fill*         0x000000000001ea12        0x2 
 .rodata.cst4   0x000000000001ea14        0x4 ./darknetp_ta.o
 .rodata.activations_TA.c
                0x000000000001ea18       0x3a ./activations_TA.o
 *fill*         0x000000000001ea52        0x2 
 .rodata.cst4   0x000000000001ea54        0xc ./activations_TA.o
 .rodata.cst4   0x000000000001ea60        0x4 ./blas_TA.o
 .rodata.cst4   0x000000000001ea64        0x4 ./maxpool_layer_TA.o
 .rodata.cst4   0x000000000001ea64        0x4 ./batchnorm_layer_TA.o
                                          0xc (size before relaxing)
 .rodata.cost_layer_TA.c
                0x000000000001ea68       0x16 ./cost_layer_TA.o
 *fill*         0x000000000001ea7e        0x2 
 .rodata.cst4   0x000000000001ea80        0x4 ./cost_layer_TA.o
 .rodata.lib/libutils/ext/snprintk.c
                0x000000000001ea84       0xac /home/avees/Linux_for_Tegra/sources/tegra/optee-src/nv-optee/optee/build/t234/export-ta_arm64/lib/libutils.a(snprintk.o)
 .rodata.lib/libutee/tee_api_operations.c
                0x000000000001eb30       0x1c /home/avees/Linux_for_Tegra/sources/tegra/optee-src/nv-optee/optee/build/t234/export-ta_arm64/lib/libutee.a(tee_api_operations.o)
 .rodata.lib/libutee/tee_system_pta.c
                0x000000000001eb4c       0x31 /home/avees/Linux_for_Tegra/sources/tegra/optee-src/nv-optee/optee/build/t234/export-ta_arm64/lib/libutee.a(tee_system_pta.o)
 *fill*         0x000000000001eb7d        0x3 
 .rodata.lib/libutee/tee_api_property.c
                0x000000000001eb80       0x20 /home/avees/Linux_for_Tegra/sources/tegra/optee-src/nv-optee/optee/build/t234/export-ta_arm64/lib/libutee.a(tee_api_property.o)
 .rodata.lib/libutee/base64.c
                0x000000000001eba0       0x45 /home/avees/Linux_for_Tegra/sources/tegra/optee-src/nv-optee/optee/build/t234/export-ta_arm64/lib/libutee.a(base64.o)
 *fill*         0x000000000001ebe5        0x3 
 .rodata.lib/libmbedtls/mbedtls/library/bignum.c
                0x000000000001ebe8      0x2c4 /home/avees/Linux_for_Tegra/sources/tegra/optee-src/nv-optee/optee/build/t234/export-ta_arm64/lib/libmbedtls.a(bignum.o)
 .rodata.str1.1.darknetp_ta.c
                0x000000000001eeac      0x14e ./darknetp_ta.o
 .rodata.str1.1.activations_TA.c
                0x000000000001effa       0x4f ./activations_TA.o
                                         0x53 (size before relaxing)
 .rodata.str1.1.parser_TA.c
                0x000000000001f049       0x23 ./parser_TA.o
 .rodata.parser_TA.c
                0x000000000001f06c        0xb ./parser_TA.o
 .rodata.str1.1.network_TA.c
                0x000000000001f077       0x55 ./network_TA.o
 .rodata.network_TA.c
                0x000000000001f0cc       0x15 ./network_TA.o
 .rodata.str1.1.softmax_layer_TA.c
                0x000000000001f0e1       0x26 ./softmax_layer_TA.o
 .rodata.softmax_layer_TA.c
                0x000000000001f107       0x1a ./softmax_layer_TA.o
 .rodata.aes_TA.c
                0x000000000001f121      0x20b ./aes_TA.o
 .rodata.str1.1.cost_layer_TA.c
                0x000000000001f32c       0x4a ./cost_layer_TA.o
 .rodata.str1.1.user_ta_header.c
                0x000000000001f376      0x133 ./user_ta_header.o
 .rodata.str1.1.lib/libutils/isoc/bget_malloc.c
                0x000000000001f4a9      0x290 /home/avees/Linux_for_Tegra/sources/tegra/optee-src/nv-optee/optee/build/t234/export-ta_arm64/lib/libutils.a(bget_malloc.o)
                                        0x29b (size before relaxing)
 .rodata.lib/libutils/isoc/bget_malloc.c
                0x000000000001f739       0x51 /home/avees/Linux_for_Tegra/sources/tegra/optee-src/nv-optee/optee/build/t234/export-ta_arm64/lib/libutils.a(bget_malloc.o)
 .rodata.str1.1.lib/libutils/isoc/stack_check.c
                0x000000000001f78a       0x18 /home/avees/Linux_for_Tegra/sources/tegra/optee-src/nv-optee/optee/build/t234/export-ta_arm64/lib/libutils.a(stack_check.o)
 .rodata.str1.1.lib/libutils/ext/trace.c
                0x000000000001f7a2       0x1a /home/avees/Linux_for_Tegra/sources/tegra/optee-src/nv-optee/optee/build/t234/export-ta_arm64/lib/libutils.a(trace.o)
                                         0x1b (size before relaxing)
 .rodata.lib/libutils/ext/trace.c
                0x000000000001f7bc        0x5 /home/avees/Linux_for_Tegra/sources/tegra/optee-src/nv-optee/optee/build/t234/export-ta_arm64/lib/libutils.a(trace.o)
 .rodata.str1.1.lib/libutils/ext/snprintk.c
                0x000000000001f7c1       0x38 /home/avees/Linux_for_Tegra/sources/tegra/optee-src/nv-optee/optee/build/t234/export-ta_arm64/lib/libutils.a(snprintk.o)
 .rodata.str1.1.lib/libutee/assert.c
                0x000000000001f7f9       0x27 /home/avees/Linux_for_Tegra/sources/tegra/optee-src/nv-optee/optee/build/t234/export-ta_arm64/lib/libutee.a(assert.o)
 .rodata.str1.1.lib/libutee/trace_ext.c
                0x000000000001f820       0x27 /home/avees/Linux_for_Tegra/sources/tegra/optee-src/nv-optee/optee/build/t234/export-ta_arm64/lib/libutee.a(trace_ext.o)
                                          0x2 (size before relaxing)
 .rodata.str1.1.lib/libutee/tee_api.c
                0x000000000001f820       0x11 /home/avees/Linux_for_Tegra/sources/tegra/optee-src/nv-optee/optee/build/t234/export-ta_arm64/lib/libutee.a(tee_api.o)
 .rodata.str1.1.lib/libutee/tee_api_operations.c
                0x000000000001f831       0x39 /home/avees/Linux_for_Tegra/sources/tegra/optee-src/nv-optee/optee/build/t234/export-ta_arm64/lib/libutee.a(tee_api_operations.o)
 .rodata.str1.1.lib/libutee/tee_system_pta.c
                0x000000000001f86a       0x55 /home/avees/Linux_for_Tegra/sources/tegra/optee-src/nv-optee/optee/build/t234/export-ta_arm64/lib/libutee.a(tee_system_pta.o)
 .rodata.str1.1.lib/libutee/user_ta_entry.c
                0x000000000001f8bf       0x4f /home/avees/Linux_for_Tegra/sources/tegra/optee-src/nv-optee/optee/build/t234/export-ta_arm64/lib/libutee.a(user_ta_entry.o)
 .rodata.lib/libutee/user_ta_entry.c
                0x000000000001f90e       0x16 /home/avees/Linux_for_Tegra/sources/tegra/optee-src/nv-optee/optee/build/t234/export-ta_arm64/lib/libutee.a(user_ta_entry.o)
 .rodata.str1.1.lib/libutee/abort.c
                0x000000000001f924        0x7 /home/avees/Linux_for_Tegra/sources/tegra/optee-src/nv-optee/optee/build/t234/export-ta_arm64/lib/libutee.a(abort.o)
 .rodata.str1.1.lib/libutee/tee_api_arith_mpi.c
                0x000000000001f92b       0xc9 /home/avees/Linux_for_Tegra/sources/tegra/optee-src/nv-optee/optee/build/t234/export-ta_arm64/lib/libutee.a(tee_api_arith_mpi.o)
 .rodata.lib/libutee/tee_api_arith_mpi.c
                0x000000000001f9f4      0x14e /home/avees/Linux_for_Tegra/sources/tegra/optee-src/nv-optee/optee/build/t234/export-ta_arm64/lib/libutee.a(tee_api_arith_mpi.o)
 .rodata.str1.1.lib/libutee/tee_api_property.c
                0x000000000001fb42       0x83 /home/avees/Linux_for_Tegra/sources/tegra/optee-src/nv-optee/optee/build/t234/export-ta_arm64/lib/libutee.a(tee_api_property.o)
                                         0x88 (size before relaxing)
 .rodata.str1.1.lib/libutee/tcb.c
                0x000000000001fbc5       0x8d /home/avees/Linux_for_Tegra/sources/tegra/optee-src/nv-optee/optee/build/t234/export-ta_arm64/lib/libutee.a(tcb.o)
 .rodata.lib/libutee/tcb.c
                0x000000000001fc52       0x20 /home/avees/Linux_for_Tegra/sources/tegra/optee-src/nv-optee/optee/build/t234/export-ta_arm64/lib/libutee.a(tcb.o)
 .rodata.str1.1.lib/libmbedtls/mbedtls/library/bignum.c
                0x000000000001fc72      0x456 /home/avees/Linux_for_Tegra/sources/tegra/optee-src/nv-optee/optee/build/t234/export-ta_arm64/lib/libmbedtls.a(bignum.o)
                                        0x45d (size before relaxing)
 .rodata.str1.1.lib/libutils/ext/mempool.c
                0x00000000000200c8       0x89 /home/avees/Linux_for_Tegra/sources/tegra/optee-src/nv-optee/optee/build/t234/export-ta_arm64/lib/libutils.a(mempool.o)
 .rodata.lib/libutils/ext/mempool.c
                0x0000000000020151       0x2c /home/avees/Linux_for_Tegra/sources/tegra/optee-src/nv-optee/optee/build/t234/export-ta_arm64/lib/libutils.a(mempool.o)

.gnu.version_d  0x0000000000020180        0x0
 .gnu.version_d
                0x0000000000020180        0x0 ./darknetp_ta.o

.gnu.version    0x000000000002017e        0x0
 .gnu.version   0x000000000002017e        0x0 ./darknetp_ta.o

.gnu.version_r  0x0000000000020180        0x0
 .gnu.version_r
                0x0000000000020180        0x0 ./darknetp_ta.o

.gnu.hash       0x0000000000020180       0x30
 .gnu.hash      0x0000000000020180       0x30 ./darknetp_ta.o

.ARM.extab
 *(SORT_BY_ALIGNMENT(.ARM.extab*) SORT_BY_ALIGNMENT(.gnu.linkonce.armextab.*))
                [!provide]                        PROVIDE (__exidx_start = .)

.ARM.exidx
 *(SORT_BY_ALIGNMENT(.ARM.exidx*) SORT_BY_ALIGNMENT(.gnu.linkonce.armexidx.*))
                [!provide]                        PROVIDE (__exidx_end = .)

.ctors
 *(SORT_BY_ALIGNMENT(.ctors))

.dtors
 *(SORT_BY_ALIGNMENT(.dtors))

.dynsym         0x00000000000201b0       0x90
 *(SORT_BY_ALIGNMENT(.dynsym))
 .dynsym        0x00000000000201b0       0x90 ./darknetp_ta.o

.dynstr         0x0000000000020240       0x2e
 *(SORT_BY_ALIGNMENT(.dynstr))
 .dynstr        0x0000000000020240       0x2e ./darknetp_ta.o

.hash           0x0000000000020270       0x2c
 *(SORT_BY_ALIGNMENT(.hash))
 .hash          0x0000000000020270       0x2c ./darknetp_ta.o

.rela.dyn       0x00000000000202a0      0x348
 .rela.data.rel.ro
                0x00000000000202a0        0x0 ./darknetp_ta.o
 .rela.ifunc    0x00000000000202a0        0x0 ./darknetp_ta.o
 .rela.data.rel.ro.local
                0x00000000000202a0      0x2d0 ./darknetp_ta.o
 .rela.data.rel.local
                0x0000000000020570       0x60 ./darknetp_ta.o
 .rela.data.rel
                0x00000000000205d0       0x18 ./darknetp_ta.o
                0x0000000000021000                . = ALIGN (0x1000)

.dynamic        0x0000000000021000      0x110
 *(SORT_BY_ALIGNMENT(.dynamic))
 .dynamic       0x0000000000021000      0x110 ./darknetp_ta.o
                0x0000000000021000                _DYNAMIC

.tdata
 *(SORT_BY_ALIGNMENT(.tdata) SORT_BY_ALIGNMENT(.tdata.*) SORT_BY_ALIGNMENT(.gnu.linkonce.td.*))

.tbss
 *(SORT_BY_ALIGNMENT(.tbss) SORT_BY_ALIGNMENT(.tbss.*) SORT_BY_ALIGNMENT(.gnu.linkonce.tb.*))
 *(SORT_BY_ALIGNMENT(.tcommon))

.got            0x0000000000021110      0x1b0
 *(SORT_BY_ALIGNMENT(.got.plt))
 .got.plt       0x0000000000021110       0x18 ./darknetp_ta.o
 *(SORT_BY_ALIGNMENT(.got))
 .got           0x0000000000021128      0x198 ./darknetp_ta.o
                0x0000000000021128                _GLOBAL_OFFSET_TABLE_

.rel.text
 *(SORT_BY_ALIGNMENT(.rel.text))
 *(SORT_BY_ALIGNMENT(.rel.gnu.linkonce.t*))

.rela.text
 *(SORT_BY_ALIGNMENT(.rela.text))
 *(SORT_BY_ALIGNMENT(.rela.gnu.linkonce.t*))

.rel.data
 *(SORT_BY_ALIGNMENT(.rel.data))
 *(SORT_BY_ALIGNMENT(.rel.gnu.linkonce.d*))

.rela.data
 *(SORT_BY_ALIGNMENT(.rela.data))
 *(SORT_BY_ALIGNMENT(.rela.gnu.linkonce.d*))

.rel.tdata
 *(SORT_BY_ALIGNMENT(.rel.tdata) SORT_BY_ALIGNMENT(.rel.tdata.*) SORT_BY_ALIGNMENT(.rel.gnu.linkonce.td.*))

.rela.tdata
 *(SORT_BY_ALIGNMENT(.rela.tdata) SORT_BY_ALIGNMENT(.rela.tdata.*) SORT_BY_ALIGNMENT(.rela.gnu.linkonce.td.*))

.rel.tbss
 *(SORT_BY_ALIGNMENT(.rel.tbss) SORT_BY_ALIGNMENT(.rel.tbss.*) SORT_BY_ALIGNMENT(.rel.gnu.linkonce.tb.*))

.rela.tbss
 *(SORT_BY_ALIGNMENT(.rela.tbss) SORT_BY_ALIGNMENT(.rela.tbss.*) SORT_BY_ALIGNMENT(.rela.gnu.linkonce.tb.*))

.rel.rodata
 *(SORT_BY_ALIGNMENT(.rel.rodata))
 *(SORT_BY_ALIGNMENT(.rel.gnu.linkonce.r*))

.rela.rodata
 *(SORT_BY_ALIGNMENT(.rela.rodata))
 *(SORT_BY_ALIGNMENT(.rela.gnu.linkonce.r*))

.rel.dyn
 *(SORT_BY_ALIGNMENT(.rel.dyn))

.rel.got
 *(SORT_BY_ALIGNMENT(.rel.got))

.rela.got       0x00000000000212c0      0x4b0
 *(SORT_BY_ALIGNMENT(.rela.got))
 .rela.got      0x00000000000212c0      0x4b0 ./darknetp_ta.o

.rel.ctors
 *(SORT_BY_ALIGNMENT(.rel.ctors))

.rela.ctors
 *(SORT_BY_ALIGNMENT(.rela.ctors))

.rel.dtors
 *(SORT_BY_ALIGNMENT(.rel.dtors))

.rela.dtors
 *(SORT_BY_ALIGNMENT(.rela.dtors))

.rel.init
 *(SORT_BY_ALIGNMENT(.rel.init))

.rela.init
 *(SORT_BY_ALIGNMENT(.rela.init))

.rel.fini
 *(SORT_BY_ALIGNMENT(.rel.fini))

.rela.fini
 *(SORT_BY_ALIGNMENT(.rela.fini))

.rel.bss
 *(SORT_BY_ALIGNMENT(.rel.bss))

.rela.bss       0x0000000000021770        0x0
 *(SORT_BY_ALIGNMENT(.rela.bss))
 .rela.bss      0x0000000000021770        0x0 ./darknetp_ta.o

.rel.plt
 *(SORT_BY_ALIGNMENT(.rel.plt))

.rela.plt       0x0000000000021770        0x0
 *(SORT_BY_ALIGNMENT(.rela.plt))
 .rela.plt      0x0000000000021770        0x0 ./darknetp_ta.o

.data           0x0000000000021770      0x1d4
 *(SORT_BY_ALIGNMENT(.data) SORT_BY_ALIGNMENT(.data.*) SORT_BY_ALIGNMENT(.gnu.linkonce.d.*))
 .data.rel.ro.local
                0x0000000000021770      0x108 ./user_ta_header.o
                0x0000000000021770                ta_props
 .data.rel.local
                0x0000000000021878       0x30 /home/avees/Linux_for_Tegra/sources/tegra/optee-src/nv-optee/optee/build/t234/export-ta_arm64/lib/libutils.a(bget_malloc.o)
 .data          0x00000000000218a8        0x8 /home/avees/Linux_for_Tegra/sources/tegra/optee-src/nv-optee/optee/build/t234/export-ta_arm64/lib/libutils.a(stack_check.o)
                0x00000000000218a8                __stack_chk_guard
 .data.rel.local
                0x00000000000218b0       0x20 /home/avees/Linux_for_Tegra/sources/tegra/optee-src/nv-optee/optee/build/t234/export-ta_arm64/lib/libutee.a(user_ta_entry.o)
 .data.rel.ro.local
                0x00000000000218d0       0x60 /home/avees/Linux_for_Tegra/sources/tegra/optee-src/nv-optee/optee/build/t234/export-ta_arm64/lib/libutee.a(tee_api_property.o)
                0x00000000000218d0                tee_props
 .data.rel      0x0000000000021930        0x8 /home/avees/Linux_for_Tegra/sources/tegra/optee-src/nv-optee/optee/build/t234/export-ta_arm64/lib/libmbedtls.a(platform_util.o)
 .data          0x0000000000021938        0x4 ./darknetp_ta.o
                0x0000000000021938                norm_output
 .data          0x000000000002193c        0x4 ./network_TA.o
                0x000000000002193c                avg_loss
 .data          0x0000000000021940        0x4 ./user_ta_header.o
                0x0000000000021940                trace_level
 .data.rel.ro   0x0000000000021944        0x0 ./darknetp_ta.o
 .data          0x0000000000021944        0x0 ./utils_TA.o
 .data          0x0000000000021944        0x0 ./activations_TA.o
 .data          0x0000000000021944        0x0 ./connected_layer_TA.o
 .data          0x0000000000021944        0x0 ./math_TA.o
 .data          0x0000000000021944        0x0 ./parser_TA.o
 .data          0x0000000000021944        0x0 ./blas_TA.o
 .data          0x0000000000021944        0x0 ./maxpool_layer_TA.o
 .data          0x0000000000021944        0x0 ./softmax_layer_TA.o
 .data          0x0000000000021944        0x0 ./aes_TA.o
 .data          0x0000000000021944        0x0 ./im2col_TA.o
 .data          0x0000000000021944        0x0 ./batchnorm_layer_TA.o
 .data          0x0000000000021944        0x0 ./dropout_layer_TA.o
 .data          0x0000000000021944        0x0 ./convolutional_layer_TA.o
 .data          0x0000000000021944        0x0 ./cost_layer_TA.o
 .data          0x0000000000021944        0x0 ./avgpool_layer_TA.o
 .data          0x0000000000021944        0x0 ./col2im_TA.o
 .data          0x0000000000021944        0x0 ./gemm_TA.o
 .data          0x0000000000021944        0x0 ./diffprivate_TA.o
 .data          0x0000000000021944        0x0 /home/avees/Linux_for_Tegra/sources/tegra/optee-src/nv-optee/optee/build/t234/export-ta_arm64/lib/libutils.a(bget_malloc.o)
 .data          0x0000000000021944        0x0 /home/avees/Linux_for_Tegra/sources/tegra/optee-src/nv-optee/optee/build/t234/export-ta_arm64/lib/libutils.a(memcpy.o)
 .data          0x0000000000021944        0x0 /home/avees/Linux_for_Tegra/sources/tegra/optee-src/nv-optee/optee/build/t234/export-ta_arm64/lib/libutils.a(memset.o)
 .data          0x0000000000021944        0x0 /home/avees/Linux_for_Tegra/sources/tegra/optee-src/nv-optee/optee/build/t234/export-ta_arm64/lib/libutils.a(strcmp.o)
 .data          0x0000000000021944        0x0 /home/avees/Linux_for_Tegra/sources/tegra/optee-src/nv-optee/optee/build/t234/export-ta_arm64/lib/libutils.a(strncmp.o)
 .data          0x0000000000021944        0x0 /home/avees/Linux_for_Tegra/sources/tegra/optee-src/nv-optee/optee/build/t234/export-ta_arm64/lib/libutils.a(trace.o)
 .data          0x0000000000021944        0x0 /home/avees/Linux_for_Tegra/sources/tegra/optee-src/nv-optee/optee/build/t234/export-ta_arm64/lib/libutils.a(snprintk.o)
 .data          0x0000000000021944        0x0 /home/avees/Linux_for_Tegra/sources/tegra/optee-src/nv-optee/optee/build/t234/export-ta_arm64/lib/libutils.a(memchr.o)
 .data          0x0000000000021944        0x0 /home/avees/Linux_for_Tegra/sources/tegra/optee-src/nv-optee/optee/build/t234/export-ta_arm64/lib/libutils.a(strlen.o)
 .data          0x0000000000021944        0x0 /home/avees/Linux_for_Tegra/sources/tegra/optee-src/nv-optee/optee/build/t234/export-ta_arm64/lib/libutee.a(assert.o)
 .data          0x0000000000021944        0x0 /home/avees/Linux_for_Tegra/sources/tegra/optee-src/nv-optee/optee/build/t234/export-ta_arm64/lib/libutee.a(trace_ext.o)
 .data          0x0000000000021944        0x0 /home/avees/Linux_for_Tegra/sources/tegra/optee-src/nv-optee/optee/build/t234/export-ta_arm64/lib/libutee.a(tee_api.o)
 .data          0x0000000000021944        0x0 /home/avees/Linux_for_Tegra/sources/tegra/optee-src/nv-optee/optee/build/t234/export-ta_arm64/lib/libutee.a(tee_api_operations.o)
 .data          0x0000000000021944        0x0 /home/avees/Linux_for_Tegra/sources/tegra/optee-src/nv-optee/optee/build/t234/export-ta_arm64/lib/libutee.a(tee_api_panic.o)
 .data          0x0000000000021944        0x0 /home/avees/Linux_for_Tegra/sources/tegra/optee-src/nv-optee/optee/build/t234/export-ta_arm64/lib/libutee.a(tee_system_pta.o)
 .data          0x0000000000021944        0x0 /home/avees/Linux_for_Tegra/sources/tegra/optee-src/nv-optee/optee/build/t234/export-ta_arm64/lib/libutee.a(user_ta_entry.o)
 .data          0x0000000000021944        0x0 /home/avees/Linux_for_Tegra/sources/tegra/optee-src/nv-optee/optee/build/t234/export-ta_arm64/lib/libutee.a(utee_syscalls_a64.o)
 .data          0x0000000000021944        0x0 /home/avees/Linux_for_Tegra/sources/tegra/optee-src/nv-optee/optee/build/t234/export-ta_arm64/lib/libutee.a(abort.o)
 .data          0x0000000000021944        0x0 /home/avees/Linux_for_Tegra/sources/tegra/optee-src/nv-optee/optee/build/t234/export-ta_arm64/lib/libutee.a(tee_api_arith_mpi.o)
 .data          0x0000000000021944        0x0 /home/avees/Linux_for_Tegra/sources/tegra/optee-src/nv-optee/optee/build/t234/export-ta_arm64/lib/libutee.a(tee_api_objects.o)
 .data          0x0000000000021944        0x0 /home/avees/Linux_for_Tegra/sources/tegra/optee-src/nv-optee/optee/build/t234/export-ta_arm64/lib/libutee.a(tee_api_property.o)
 .data          0x0000000000021944        0x0 /home/avees/Linux_for_Tegra/sources/tegra/optee-src/nv-optee/optee/build/t234/export-ta_arm64/lib/libutee.a(tcb.o)
 .data          0x0000000000021944        0x0 /home/avees/Linux_for_Tegra/sources/tegra/optee-src/nv-optee/optee/build/t234/export-ta_arm64/lib/libutee.a(base64.o)
 .data          0x0000000000021944        0x0 /home/avees/Linux_for_Tegra/sources/tegra/optee-src/nv-optee/optee/build/t234/export-ta_arm64/lib/libmbedtls.a(bignum.o)
 .data          0x0000000000021944        0x0 /home/avees/Linux_for_Tegra/sources/tegra/optee-src/nv-optee/optee/build/t234/export-ta_arm64/lib/libmbedtls.a(constant_time.o)
 .data          0x0000000000021944        0x0 /home/avees/Linux_for_Tegra/sources/tegra/optee-src/nv-optee/optee/build/t234/export-ta_arm64/lib/libmbedtls.a(platform_util.o)
 .data          0x0000000000021944        0x0 /home/avees/Linux_for_Tegra/sources/tegra/optee-src/nv-optee/optee/build/t234/export-ta_arm64/lib/libutils.a(snprintf.o)
 .data          0x0000000000021944        0x0 /home/avees/Linux_for_Tegra/sources/tegra/optee-src/nv-optee/optee/build/t234/export-ta_arm64/lib/libutils.a(memmove.o)
 .data          0x0000000000021944        0x0 /home/avees/Linux_for_Tegra/sources/tegra/optee-src/nv-optee/optee/build/t234/export-ta_arm64/lib/libutils.a(strlcpy.o)
 .data          0x0000000000021944        0x0 /home/avees/Linux_for_Tegra/sources/tegra/optee-src/nv-optee/optee/build/t234/export-ta_arm64/lib/libutils.a(mempool.o)
 .data          0x0000000000021944        0x0 /home/avees/Linux_for_Tegra/sources/tegra/optee-src/nv-optee/optee/build/t234/export-ta_arm64/lib/libutils.a(consttime_memcmp.o)

.bss            0x0000000000021948   0xa04208
 *(SORT_BY_ALIGNMENT(.bss) SORT_BY_ALIGNMENT(.bss.*) SORT_BY_ALIGNMENT(.gnu.linkonce.b.*) SORT_BY_ALIGNMENT(COMMON))
 .bss           0x0000000000021948       0x1c ./darknetp_ta.o
                0x0000000000021958                debug_summary_pass
                0x000000000002195c                debug_summary_com
                0x0000000000021960                netnum
 *fill*         0x0000000000021964        0x4 
 COMMON         0x0000000000021968        0x8 ./darknetp_ta.o
                0x0000000000021968                netta_truth
 COMMON         0x0000000000021970      0x130 ./network_TA.o
                0x0000000000021970                ta_net_delta
                0x0000000000021978                ta_net_input
                0x0000000000021980                netta
                0x0000000000021a98                ta_net_output
 .bss           0x0000000000021aa0       0x10 /home/avees/Linux_for_Tegra/sources/tegra/optee-src/nv-optee/optee/build/t234/export-ta_arm64/lib/libutee.a(tee_api.o)
 .bss           0x0000000000021ab0        0x8 /home/avees/Linux_for_Tegra/sources/tegra/optee-src/nv-optee/optee/build/t234/export-ta_arm64/lib/libutee.a(tee_system_pta.o)
 .bss           0x0000000000021ab8        0x9 /home/avees/Linux_for_Tegra/sources/tegra/optee-src/nv-optee/optee/build/t234/export-ta_arm64/lib/libutee.a(user_ta_entry.o)
 *fill*         0x0000000000021ac1        0x7 
 COMMON         0x0000000000021ac8       0x60 /home/avees/Linux_for_Tegra/sources/tegra/optee-src/nv-optee/optee/build/t234/export-ta_arm64/lib/libutee.a(user_ta_entry.o)
                0x0000000000021ac8                ta_param_types
                0x0000000000021ad0                __ta_no_share_malloc_ctx
                0x0000000000021ad8                ta_params
                0x0000000000021b18                __elf_phdr_info
 .bss           0x0000000000021b28     0x4000 /home/avees/Linux_for_Tegra/sources/tegra/optee-src/nv-optee/optee/build/t234/export-ta_arm64/lib/libutee.a(tee_api_arith_mpi.o)
 .bss           0x0000000000025b28       0x10 /home/avees/Linux_for_Tegra/sources/tegra/optee-src/nv-optee/optee/build/t234/export-ta_arm64/lib/libutee.a(tcb.o)
 COMMON         0x0000000000025b38        0x8 /home/avees/Linux_for_Tegra/sources/tegra/optee-src/nv-optee/optee/build/t234/export-ta_arm64/lib/libmbedtls.a(bignum.o)
                0x0000000000025b38                mbedtls_mpi_mempool
 .bss           0x0000000000025b40        0x8 ./utils_TA.o
 .bss           0x0000000000025b48        0x8 ./network_TA.o
                0x0000000000025b48                err_sum
                0x0000000000025b4c                roundnum
 .bss           0x0000000000025b50        0x0 ./activations_TA.o
 .bss           0x0000000000025b50        0x0 ./connected_layer_TA.o
 .bss           0x0000000000025b50        0x0 ./math_TA.o
 .bss           0x0000000000025b50        0x0 ./parser_TA.o
 .bss           0x0000000000025b50        0x0 ./blas_TA.o
 .bss           0x0000000000025b50        0x0 ./maxpool_layer_TA.o
 .bss           0x0000000000025b50        0x0 ./softmax_layer_TA.o
 .bss           0x0000000000025b50        0x0 ./aes_TA.o
 .bss           0x0000000000025b50        0x0 ./im2col_TA.o
 .bss           0x0000000000025b50        0x0 ./batchnorm_layer_TA.o
 .bss           0x0000000000025b50        0x0 ./dropout_layer_TA.o
 .bss           0x0000000000025b50        0x0 ./convolutional_layer_TA.o
 .bss           0x0000000000025b50        0x0 ./cost_layer_TA.o
 .bss           0x0000000000025b50        0x0 ./avgpool_layer_TA.o
 .bss           0x0000000000025b50        0x0 ./col2im_TA.o
 .bss           0x0000000000025b50        0x0 ./gemm_TA.o
 .bss           0x0000000000025b50        0x0 ./diffprivate_TA.o
 .bss           0x0000000000025b50        0x0 ./user_ta_header.o
 COMMON         0x0000000000025b50   0xa00000 ./user_ta_header.o
                0x0000000000025b50                ta_heap
                0x0000000000a25b50                __ta_no_share_heap
 .bss           0x0000000000a25b50        0x0 /home/avees/Linux_for_Tegra/sources/tegra/optee-src/nv-optee/optee/build/t234/export-ta_arm64/lib/libutils.a(bget_malloc.o)
 .bss           0x0000000000a25b50        0x0 /home/avees/Linux_for_Tegra/sources/tegra/optee-src/nv-optee/optee/build/t234/export-ta_arm64/lib/libutils.a(stack_check.o)
 .bss           0x0000000000a25b50        0x0 /home/avees/Linux_for_Tegra/sources/tegra/optee-src/nv-optee/optee/build/t234/export-ta_arm64/lib/libutils.a(memcpy.o)
 .bss           0x0000000000a25b50        0x0 /home/avees/Linux_for_Tegra/sources/tegra/optee-src/nv-optee/optee/build/t234/export-ta_arm64/lib/libutils.a(memset.o)
 .bss           0x0000000000a25b50        0x0 /home/avees/Linux_for_Tegra/sources/tegra/optee-src/nv-optee/optee/build/t234/export-ta_arm64/lib/libutils.a(strcmp.o)
 .bss           0x0000000000a25b50        0x0 /home/avees/Linux_for_Tegra/sources/tegra/optee-src/nv-optee/optee/build/t234/export-ta_arm64/lib/libutils.a(strncmp.o)
 .bss           0x0000000000a25b50        0x0 /home/avees/Linux_for_Tegra/sources/tegra/optee-src/nv-optee/optee/build/t234/export-ta_arm64/lib/libutils.a(trace.o)
 .bss           0x0000000000a25b50        0x0 /home/avees/Linux_for_Tegra/sources/tegra/optee-src/nv-optee/optee/build/t234/export-ta_arm64/lib/libutils.a(snprintk.o)
 .bss           0x0000000000a25b50        0x0 /home/avees/Linux_for_Tegra/sources/tegra/optee-src/nv-optee/optee/build/t234/export-ta_arm64/lib/libutils.a(memchr.o)
 .bss           0x0000000000a25b50        0x0 /home/avees/Linux_for_Tegra/sources/tegra/optee-src/nv-optee/optee/build/t234/export-ta_arm64/lib/libutils.a(strlen.o)
 .bss           0x0000000000a25b50        0x0 /home/avees/Linux_for_Tegra/sources/tegra/optee-src/nv-optee/optee/build/t234/export-ta_arm64/lib/libutee.a(assert.o)
 .bss           0x0000000000a25b50        0x0 /home/avees/Linux_for_Tegra/sources/tegra/optee-src/nv-optee/optee/build/t234/export-ta_arm64/lib/libutee.a(trace_ext.o)
 .bss           0x0000000000a25b50        0x0 /home/avees/Linux_for_Tegra/sources/tegra/optee-src/nv-optee/optee/build/t234/export-ta_arm64/lib/libutee.a(tee_api_operations.o)
 .bss           0x0000000000a25b50        0x0 /home/avees/Linux_for_Tegra/sources/tegra/optee-src/nv-optee/optee/build/t234/export-ta_arm64/lib/libutee.a(tee_api_panic.o)
 .bss           0x0000000000a25b50        0x0 /home/avees/Linux_for_Tegra/sources/tegra/optee-src/nv-optee/optee/build/t234/export-ta_arm64/lib/libutee.a(utee_syscalls_a64.o)