Archive member included to satisfy reference by file (symbol)

/home/avees/Linux_for_Tegra/sources/tegra/optee-src/nv-optee/optee/build/t234/export-ta_arm64/lib/libutils.a(bget_malloc.o)
                              ./darknetp_ta.o (malloc)
/home/avees/Linux_for_Tegra/sources/tegra/optee-src/nv-optee/optee/build/t234/export-ta_arm64/lib/libutils.a(stack_check.o)
                              ./darknetp_ta.o (__stack_chk_fail)
/home/avees/Linux_for_Tegra/sources/tegra/optee-src/nv-optee/optee/build/t234/export-ta_arm64/lib/libutils.a(memcpy.o)
                              ./darknetp_ta.o (memcpy)
/home/avees/Linux_for_Tegra/sources/tegra/optee-src/nv-optee/optee/build/t234/export-ta_arm64/lib/libutils.a(memset.o)
                              ./connected_layer_TA.o (memset)
/home/avees/Linux_for_Tegra/sources/tegra/optee-src/nv-optee/optee/build/t234/export-ta_arm64/lib/libutils.a(strcmp.o)
                              ./activations_TA.o (strcmp)
/home/avees/Linux_for_Tegra/sources/tegra/optee-src/nv-optee/optee/build/t234/export-ta_arm64/lib/libutils.a(strncmp.o)
                              ./parser_TA.o (strncmp)
/home/avees/Linux_for_Tegra/sources/tegra/optee-src/nv-optee/optee/build/t234/export-ta_arm64/lib/libutils.a(trace.o)
                              ./darknetp_ta.o (trace_printf)
/home/avees/Linux_for_Tegra/sources/tegra/optee-src/nv-optee/optee/build/t234/export-ta_arm64/lib/libutils.a(snprintk.o)
                              /home/avees/Linux_for_Tegra/sources/tegra/optee-src/nv-optee/optee/build/t234/export-ta_arm64/lib/libutils.a(trace.o) (vsnprintk)
/home/avees/Linux_for_Tegra/sources/tegra/optee-src/nv-optee/optee/build/t234/export-ta_arm64/lib/libutils.a(memchr.o)
                              /home/avees/Linux_for_Tegra/sources/tegra/optee-src/nv-optee/optee/build/t234/export-ta_arm64/lib/libutils.a(snprintk.o) (memchr)
/home/avees/Linux_for_Tegra/sources/tegra/optee-src/nv-optee/optee/build/t234/export-ta_arm64/lib/libutils.a(strlen.o)
                              /home/avees/Linux_for_Tegra/sources/tegra/optee-src/nv-optee/optee/build/t234/export-ta_arm64/lib/libutils.a(snprintk.o) (strlen)
/home/avees/Linux_for_Tegra/sources/tegra/optee-src/nv-optee/optee/build/t234/export-ta_arm64/lib/libutee.a(assert.o)
                              ./softmax_layer_TA.o (_assert_log)
/home/avees/Linux_for_Tegra/sources/tegra/optee-src/nv-optee/optee/build/t234/export-ta_arm64/lib/libutee.a(trace_ext.o)
                              /home/avees/Linux_for_Tegra/sources/tegra/optee-src/nv-optee/optee/build/t234/export-ta_arm64/lib/libutils.a(trace.o) (trace_ext_puts)
/home/avees/Linux_for_Tegra/sources/tegra/optee-src/nv-optee/optee/build/t234/export-ta_arm64/lib/libutee.a(tee_api.o)
                              ./darknetp_ta.o (TEE_MemMove)
/home/avees/Linux_for_Tegra/sources/tegra/optee-src/nv-optee/optee/build/t234/export-ta_arm64/lib/libutee.a(tee_api_operations.o)
                              ./math_TA.o (TEE_GenerateRandom)
/home/avees/Linux_for_Tegra/sources/tegra/optee-src/nv-optee/optee/build/t234/export-ta_arm64/lib/libutee.a(tee_api_panic.o)
                              /home/avees/Linux_for_Tegra/sources/tegra/optee-src/nv-optee/optee/build/t234/export-ta_arm64/lib/libutee.a(tee_api.o) (TEE_Panic)
/home/avees/Linux_for_Tegra/sources/tegra/optee-src/nv-optee/optee/build/t234/export-ta_arm64/lib/libutee.a(tee_system_pta.o)
                              /home/avees/Linux_for_Tegra/sources/tegra/optee-src/nv-optee/optee/build/t234/export-ta_arm64/lib/libutee.a(tee_api.o) (tee_map_zi)
/home/avees/Linux_for_Tegra/sources/tegra/optee-src/nv-optee/optee/build/t234/export-ta_arm64/lib/libutee.a(user_ta_entry.o)
                              ./user_ta_header.o (__utee_entry)
/home/avees/Linux_for_Tegra/sources/tegra/optee-src/nv-optee/optee/build/t234/export-ta_arm64/lib/libutee.a(utee_syscalls_a64.o)
                              /home/avees/Linux_for_Tegra/sources/tegra/optee-src/nv-optee/optee/build/t234/export-ta_arm64/lib/libutils.a(stack_check.o) (_utee_panic)
/home/avees/Linux_for_Tegra/sources/tegra/optee-src/nv-optee/optee/build/t234/export-ta_arm64/lib/libutee.a(abort.o)
                              /home/avees/Linux_for_Tegra/sources/tegra/optee-src/nv-optee/optee/build/t234/export-ta_arm64/lib/libutee.a(user_ta_entry.o) (abort)
/home/avees/Linux_for_Tegra/sources/tegra/optee-src/nv-optee/optee/build/t234/export-ta_arm64/lib/libutee.a(tee_api_arith_mpi.o)
                              /home/avees/Linux_for_Tegra/sources/tegra/optee-src/nv-optee/optee/build/t234/export-ta_arm64/lib/libutee.a(user_ta_entry.o) (_TEE_MathAPI_Init)
/home/avees/Linux_for_Tegra/sources/tegra/optee-src/nv-optee/optee/build/t234/export-ta_arm64/lib/libutee.a(tee_api_objects.o)
                              /home/avees/Linux_for_Tegra/sources/tegra/optee-src/nv-optee/optee/build/t234/export-ta_arm64/lib/libutee.a(tee_api_operations.o) (__utee_from_attr)
[...]
Memory Configuration

Name             Origin             Length             Attributes
*default*        0x0000000000000000 0xffffffffffffffff

Linker script and memory map


.ta_head        0x0000000000000000       0x20
 *(SORT_BY_ALIGNMENT(.ta_head))
 .ta_head       0x0000000000000000       0x20 ./user_ta_header.o
                0x0000000000000000                ta_head

.text           0x0000000000000020    0x19b04
                0x0000000000000020                __text_start = .
 *(SORT_BY_ALIGNMENT(.text) SORT_BY_ALIGNMENT(.text.*))
 .text          0x0000000000000020       0xec /home/avees/Linux_for_Tegra/sources/tegra/optee-src/nv-optee/optee/build/t234/export-ta_arm64/lib/libutils.a(memcpy.o)
                0x0000000000000020                memcpy
 .text          0x000000000000010c     0x1068 ./darknetp_ta.o
                0x00000000000007f4                summary_array
                0x0000000000000944                TA_CreateEntryPoint
                0x000000000000097c                TA_DestroyEntryPoint
                0x00000000000009a0                TA_OpenSessionEntryPoint
                0x0000000000000a10                TA_CloseSessionEntryPoint
                0x0000000000000a34                TA_InvokeCommandEntryPoint
 .text          0x0000000000001174      0x158 ./utils_TA.o
                0x0000000000001174                sum_array_TA
                0x0000000000001198                rand_uniform_TA
                0x00000000000011d4                rand_normal_TA
 .text          0x00000000000012cc      0x790 ./activations_TA.o
                0x00000000000012cc                get_activation_string_TA
                0x0000000000001394                get_activation_TA
                0x0000000000001534                activate_TA
                0x00000000000017e4                activate_array_TA
                0x0000000000001838                gradient_TA
                0x00000000000019f4                gradient_array_TA
 .text          0x0000000000001a5c      0x6f0 ./connected_layer_TA.o
                0x0000000000001a5c                forward_connected_layer_TA_new
                0x0000000000001b54                backward_connected_layer_TA_new
                0x0000000000001c88                update_connected_layer_TA_new
                0x0000000000001db0                make_connected_layer_TA_new
 .text          0x000000000000214c      0x95c ./math_TA.o
                0x000000000000214c                ta_max
                0x0000000000002158                ta_pow
                0x00000000000021a8                ta_eee
                0x0000000000002248                ta_exp
                0x00000000000022a4                ta_rand
                0x000000000000233c                ta_floor
                0x0000000000002350                ta_sqrt
                0x00000000000023c4                F1
                0x00000000000023d0                F2
                0x00000000000023f8                simpson
                0x000000000000248c                asr
                0x0000000000002570                asr0
                0x00000000000025c0                ta_ln
                0x00000000000025d8                ta_log
                0x000000000000260c                ta_cos
                0x000000000000275c                ta_sin
                0x00000000000028b0                ta_tan
                0x00000000000028e0                reverse
                0x0000000000002914                intToStr
                0x00000000000029b4                ftoa
                0x0000000000002a5c                bubble_sort_top
 .text          0x0000000000002aa8      0x510 ./parser_TA.o
                0x0000000000002aa8                aes_cbc_TA
                0x0000000000002cd0                transpose_matrix_TA
                0x0000000000002d74                load_weights_TA
                0x0000000000002ee0                save_weights_TA
 .text          0x0000000000002fb8      0x638 ./blas_TA.o
                0x0000000000002fb8                fill_cpu_TA
                0x0000000000002fd8                copy_cpu_TA
                0x0000000000003000                mean_cpu_TA
                0x000000000000308c                variance_cpu_TA
                0x000000000000319c                scal_cpu_TA
                0x00000000000031c4                axpy_cpu_TA
                0x00000000000031f4                normalize_cpu_TA
                0x00000000000032e4                softmax_TA
                0x00000000000033cc                softmax_cpu_TA
                0x0000000000003488                softmax_x_ent_cpu_TA
                0x0000000000003514                smooth_l1_cpu_TA
                0x0000000000003578                l1_cpu_TA
                0x00000000000035c0                l2_cpu_TA
 .text          0x00000000000035f0      0x410 ./maxpool_layer_TA.o
                0x00000000000035f0                forward_maxpool_layer_TA_new
                0x00000000000037d0                backward_maxpool_layer_TA_new
                0x0000000000003828                make_maxpool_layer_TA
                0x0000000000003958                resize_maxpool_layer_TA
 .text          0x0000000000003a00      0x7a4 ./network_TA.o
                0x0000000000003a00                make_network_TA
                0x0000000000003b8c                update_network_TA
                0x0000000000003c48                calc_network_cost_TA
                0x0000000000003cc0                forward_network_TA
                0x0000000000003edc                calc_network_loss_TA
                0x0000000000003fe0                backward_network_TA
 .text          0x00000000000041a4      0x278 ./softmax_layer_TA.o
                0x00000000000041a4                forward_softmax_layer_TA
                0x00000000000042c4                backward_softmax_layer_TA
                0x00000000000042e8                make_softmax_layer_TA_new
 .text          0x000000000000441c      0x8d8 ./aes_TA.o
                0x0000000000004a44                AES_init_ctx
                0x0000000000004a48                AES_init_ctx_iv
                0x0000000000004a70                AES_ctx_set_iv
                0x0000000000004a7c                AES_ECB_encrypt
                0x0000000000004a8c                AES_ECB_decrypt
                0x0000000000004a9c                AES_CBC_encrypt_buffer
                0x0000000000004b28                AES_CBC_decrypt_buffer
                0x0000000000004c00                AES_CTR_xcrypt_buffer
 .text          0x0000000000004cf4      0x17c ./im2col_TA.o
                0x0000000000004cf4                im2col_get_pixel_TA
                0x0000000000004d28                im2col_cpu_TA
 .text          0x0000000000004e70      0x724 ./batchnorm_layer_TA.o
                0x0000000000004e70                forward_batchnorm_layer_TA
                0x000000000000504c                backward_scale_cpu_TA
                0x00000000000050c4                mean_delta_cpu_TA
                0x00000000000051b8                variance_delta_cpu_TA
                0x00000000000052d0                normalize_delta_cpu_TA
                0x0000000000005414                backward_batchnorm_layer_TA
 .text          0x0000000000005594      0x20c ./dropout_layer_TA.o
                0x0000000000005594                forward_dropout_layer_TA_new
                0x00000000000055c8                backward_dropout_layer_TA_new
                0x000000000000562c                make_dropout_layer_TA_new
                0x0000000000005768                resize_dropout_layer_TA
 .text          0x00000000000057a0      0xe4c ./convolutional_layer_TA.o
                0x00000000000057a0                update_convolutional_layer_TA_new
                0x00000000000058c0                swap_binary_TA
                0x00000000000058d4                add_bias_TA
                0x000000000000593c                scale_bias_TA
                0x00000000000059a4                backward_bias_TA
                0x0000000000005a44                backward_convolutional_layer_TA_new
                0x0000000000005d2c                convolutional_out_height_TA
                0x0000000000005d50                convolutional_out_width_TA
                0x0000000000005d74                binarize_weights_TA
                0x0000000000005dfc                binarize_cpu_TA
                0x0000000000005e2c                forward_convolutional_layer_TA_new
                0x000000000000607c                make_convolutional_layer_TA_new
 .text          0x00000000000065ec      0x31c ./cost_layer_TA.o
                0x00000000000065ec                forward_cost_layer_TA
                0x00000000000066bc                backward_cost_layer_TA
                0x00000000000066e0                get_cost_type_TA
                0x00000000000067c0                get_cost_string_TA
                0x000000000000682c                make_cost_layer_TA_new
 .text          0x0000000000006908      0x20c ./avgpool_layer_TA.o
                0x0000000000006908                forward_avgpool_layer_TA_new
                0x00000000000069a8                backward_avgpool_layer_TA_new
                0x0000000000006a3c                make_avgpool_layer_TA
                0x0000000000006afc                resize_avgpool_layer_TA
 .text          0x0000000000006b14      0x17c ./col2im_TA.o
                0x0000000000006b14                col2im_add_pixel_TA
                0x0000000000006b4c                col2im_cpu_TA
 .text          0x0000000000006c90      0x2c0 ./gemm_TA.o
                0x0000000000006c90                gemm_nn_TA
                0x0000000000006d14                gemm_nt_TA
                0x0000000000006d9c                gemm_tn_TA
                0x0000000000006e1c                gemm_tt_TA
                0x0000000000006ea4                gemm_cpu_TA
                0x0000000000006f4c                gemm_TA
 .text          0x0000000000006f50       0xc4 ./diffprivate_TA.o
                0x0000000000006f50                diff_private_SGD
 .text          0x0000000000007014       0x1c ./user_ta_header.o
                0x0000000000007014                __ta_entry
                0x0000000000007028                tahead_get_trace_level
 .text          0x0000000000007030      0xd48 /home/avees/Linux_for_Tegra/sources/tegra/optee-src/nv-optee/optee/build/t234/export-ta_arm64/lib/libutils.a(bget_malloc.o)
                0x0000000000007068                bget
                0x0000000000007330                bgetz
                0x00000000000073b8                brel
                0x000000000000763c                bgetr
                0x000000000000770c                bpool
                0x00000000000077dc                raw_memalign
                0x0000000000007830                raw_malloc
                0x0000000000007840                raw_free
                0x0000000000007850                raw_calloc
                0x00000000000078a0                raw_realloc
                0x0000000000007988                malloc
                0x00000000000079a0                calloc
                0x00000000000079bc                realloc
                0x00000000000079d4                memalign
                0x00000000000079f0                aligned_alloc
                0x0000000000007a08                free
                0x0000000000007a18                free_wipe
                0x0000000000007a28                raw_malloc_get_ctx_size
                0x0000000000007a30                raw_malloc_init_ctx
                0x0000000000007a5c                raw_malloc_add_pool
                0x0000000000007b6c                raw_malloc_buffer_overlaps_heap
                0x0000000000007bec                raw_malloc_buffer_is_within_alloced
                0x0000000000007d3c                malloc_add_pool
                0x0000000000007d50                malloc_buffer_is_within_alloced
                0x0000000000007d64                malloc_buffer_overlaps_heap
 .text          0x0000000000007d78       0x30 /home/avees/Linux_for_Tegra/sources/tegra/optee-src/nv-optee/optee/build/t234/export-ta_arm64/lib/libutils.a(stack_check.o)
                0x0000000000007d78                __stack_chk_fail
 .text          0x0000000000007da8       0x1c /home/avees/Linux_for_Tegra/sources/tegra/optee-src/nv-optee/optee/build/t234/export-ta_arm64/lib/libutils.a(memset.o)
                0x0000000000007da8                memset
 .text          0x0000000000007dc4       0x24 /home/avees/Linux_for_Tegra/sources/tegra/optee-src/nv-optee/optee/build/t234/export-ta_arm64/lib/libutils.a(strcmp.o)
                0x0000000000007dc4                strcmp
 .text          0x0000000000007de8       0x3c /home/avees/Linux_for_Tegra/sources/tegra/optee-src/nv-optee/optee/build/t234/export-ta_arm64/lib/libutils.a(strncmp.o)
                0x0000000000007de8                strncmp
 .text          0x0000000000007e24      0x5cc /home/avees/Linux_for_Tegra/sources/tegra/optee-src/nv-optee/optee/build/t234/export-ta_arm64/lib/libutils.a(trace.o)
                0x0000000000007f30                trace_set_level
                0x0000000000007f4c                trace_get_level
                0x0000000000007f5c                trace_vprintf
                0x0000000000008178                trace_printf
                0x0000000000008258                dhex_dump
 .text          0x00000000000083f0      0xe10 /home/avees/Linux_for_Tegra/sources/tegra/optee-src/nv-optee/optee/build/t234/export-ta_arm64/lib/libutils.a(snprintk.o)
                0x00000000000083f0                __vsnprintf
                0x00000000000084b0                vsnprintk
                0x0000000000008508                snprintk
                0x00000000000091b4                __vsprintf
 .text          0x0000000000009200       0x2c /home/avees/Linux_for_Tegra/sources/tegra/optee-src/nv-optee/optee/build/t234/export-ta_arm64/lib/libutils.a(memchr.o)
                0x0000000000009200                memchr
 .text          0x000000000000922c       0x1c /home/avees/Linux_for_Tegra/sources/tegra/optee-src/nv-optee/optee/build/t234/export-ta_arm64/lib/libutils.a(strlen.o)
                0x000000000000922c                strlen
 .text          0x0000000000009248       0x58 /home/avees/Linux_for_Tegra/sources/tegra/optee-src/nv-optee/optee/build/t234/export-ta_arm64/lib/libutee.a(assert.o)
                0x0000000000009248                _assert_log
                0x000000000000928c                _assert_break
 .text          0x00000000000092a0      0x1e0 /home/avees/Linux_for_Tegra/sources/tegra/optee-src/nv-optee/optee/build/t234/export-ta_arm64/lib/libutee.a(trace_ext.o)
                0x00000000000092a0                trace_ext_puts
                0x00000000000092c8                trace_ext_get_thread_id
                0x00000000000092d0                printf
                0x00000000000093d0                puts
                0x0000000000009410                putchar
 .text          0x0000000000009480     0x10c0 /home/avees/Linux_for_Tegra/sources/tegra/optee-src/nv-optee/optee/build/t234/export-ta_arm64/lib/libutee.a(tee_api.o)
                0x0000000000009830                TEE_CloseTASession
                0x0000000000009858                TEE_GetCancellationFlag
                0x00000000000098b8                TEE_UnmaskCancellation
                0x0000000000009918                TEE_MaskCancellation
                0x0000000000009978                TEE_CheckMemoryAccessRights
                0x0000000000009b9c                TEE_OpenTASession
                0x0000000000009cf0                __GP11_TEE_OpenTASession
                0x0000000000009e38                TEE_InvokeTACommand
                0x0000000000009fbc                __GP11_TEE_InvokeTACommand
                0x000000000000a134                __GP11_TEE_CheckMemoryAccessRights
                0x000000000000a13c                TEE_SetInstanceData
                0x000000000000a148                TEE_GetInstanceData
                0x000000000000a154                TEE_MemMove
                0x000000000000a158                __GP11_TEE_MemMove
                0x000000000000a160                TEE_MemCompare
                0x000000000000a164                __GP11_TEE_MemCompare
                0x000000000000a16c                TEE_MemFill
                0x000000000000a170                __GP11_TEE_MemFill
                0x000000000000a178                TEE_GetSystemTime
                0x000000000000a1a0                TEE_Wait
                0x000000000000a1dc                TEE_GetTAPersistentTime
                0x000000000000a250                TEE_SetTAPersistentTime
                0x000000000000a294                TEE_GetREETime
                0x000000000000a2bc                TEE_Malloc
                0x000000000000a3e0                __GP11_TEE_Malloc
                0x000000000000a3e8                TEE_Free
                0x000000000000a448                TEE_Realloc
                0x000000000000a520                __GP11_TEE_Realloc
                0x000000000000a528                TEE_CacheClean
                0x000000000000a530                TEE_CacheFlush
                0x000000000000a538                TEE_CacheInvalidate
 .text          0x000000000000a540     0x472c /home/avees/Linux_for_Tegra/sources/tegra/optee-src/nv-optee/optee/build/t234/export-ta_arm64/lib/libutee.a(tee_api_operations.o)
                0x000000000000ac6c                TEE_FreeOperation
                0x000000000000acac                TEE_AllocateOperation
                0x000000000000b9e4                __GP11_TEE_FreeOperation
                0x000000000000ba10                TEE_GetOperationInfo
                0x000000000000ba64                TEE_GetOperationInfoMultiple
                0x000000000000bc14                __GP11_TEE_GetOperationInfoMultiple
                0x000000000000bc9c                TEE_ResetOperation
                0x000000000000bcd8                TEE_SetOperationKey
                0x000000000000be24                __GP11_TEE_SetOperationKey
                0x000000000000be60                TEE_SetOperationKey2
                0x000000000000be80                __GP11_TEE_SetOperationKey2
                0x000000000000becc                TEE_CopyOperation
                0x000000000000c028                TEE_DigestUpdate
                0x000000000000c098                __GP11_TEE_DigestUpdate
                0x000000000000c0a0                TEE_DigestDoFinal
                0x000000000000c20c                __GP11_TEE_DigestDoFinal
                0x000000000000c2ac                TEE_DigestExtract
                0x000000000000c450                TEE_CipherInit
                0x000000000000c530                __GP11_TEE_CipherInit
                0x000000000000c538                TEE_CipherUpdate
                0x000000000000c6cc                __GP11_TEE_CipherUpdate
                0x000000000000c76c                TEE_CipherDoFinal
                0x000000000000c984                __GP11_TEE_CipherDoFinal
                0x000000000000ca34                TEE_MACInit
                0x000000000000cad8                __GP11_TEE_MACInit
                0x000000000000cae0                TEE_MACUpdate
                0x000000000000cb80                __GP11_TEE_MACUpdate
                0x000000000000cb88                TEE_MACComputeFinal
                0x000000000000cc98                __GP11_TEE_MACComputeFinal
                0x000000000000cd38                TEE_MACCompareFinal
                0x000000000000ce3c                __GP11_TEE_MACCompareFinal
                0x000000000000ce48                TEE_AEInit
                0x000000000000cf0c                __GP11_TEE_AEInit
                0x000000000000cf1c                TEE_AEUpdateAAD
                0x000000000000cfb8                __GP11_TEE_AEUpdateAAD
                0x000000000000d04c                TEE_AEUpdate
                0x000000000000d12c                __GP11_TEE_AEUpdate
                0x000000000000d24c                TEE_AEEncryptFinal
                0x000000000000d44c                __GP11_TEE_AEEncryptFinal
                0x000000000000d520                TEE_AEDecryptFinal
                0x000000000000d6f4                __GP11_TEE_AEDecryptFinal
                0x000000000000d7ac                TEE_AsymmetricEncrypt
                0x000000000000d970                __GP11_TEE_AsymmetricEncrypt
                0x000000000000db18                TEE_AsymmetricDecrypt
                0x000000000000dce0                __GP11_TEE_AsymmetricDecrypt
                0x000000000000de8c                TEE_AsymmetricSignDigest
                0x000000000000e02c                __GP11_TEE_AsymmetricSignDigest
                0x000000000000e1cc                TEE_AsymmetricVerifyDigest
                0x000000000000e358                __GP11_TEE_AsymmetricVerifyDigest
                0x000000000000e4e4                TEE_DeriveKey
                0x000000000000e694                __GP11_TEE_DeriveKey
                0x000000000000e844                TEE_GenerateRandom
                0x000000000000e864                __GP11_TEE_GenerateRandom
                0x000000000000e86c                rand
                0x000000000000e8c4                TEE_IsAlgorithmSupported
 .text          0x000000000000ec6c      0x2ec /home/avees/Linux_for_Tegra/sources/tegra/optee-src/nv-optee/optee/build/t234/export-ta_arm64/lib/libutee.a(tee_api_panic.o)
                0x000000000000ec88                TEE_Panic
                0x000000000000ecd4                __utee_check_outbuf_annotation
                0x000000000000ed38                __utee_check_gp11_outbuf_annotation
                0x000000000000ed9c                __utee_check_instring_annotation
                0x000000000000edd8                __utee_check_outstring_annotation
                0x000000000000ee3c                __utee_check_gp11_outstring_annotation
                0x000000000000eea0                __utee_check_out_annotation
                0x000000000000eecc                __utee_check_attr_in_annotation
                0x000000000000eefc                __utee_check_gp11_attr_in_annotation
                0x000000000000ef2c                __utee_check_inout_annotation
 .text          0x000000000000ef58      0x310 /home/avees/Linux_for_Tegra/sources/tegra/optee-src/nv-optee/optee/build/t234/export-ta_arm64/lib/libutee.a(tee_system_pta.o)
                0x000000000000efe0                tee_map_zi
                0x000000000000f090                tee_unmap
                0x000000000000f158                tee_invoke_supp_plugin
 .text          0x000000000000f268      0x74c /home/avees/Linux_for_Tegra/sources/tegra/optee-src/nv-optee/optee/build/t234/export-ta_arm64/lib/libutee.a(user_ta_entry.o)
                0x000000000000f52c                __utee_call_elf_init_fn
                0x000000000000f684                __utee_call_elf_fini_fn
                0x000000000000f72c                __utee_entry
 .text._utee_panic
                0x000000000000f9b4        0xc /home/avees/Linux_for_Tegra/sources/tegra/optee-src/nv-optee/optee/build/t234/export-ta_arm64/lib/libutee.a(utee_syscalls_a64.o)
                0x000000000000f9b4                _utee_panic
 .text._utee_return
                0x000000000000f9c0        0xc /home/avees/Linux_for_Tegra/sources/tegra/optee-src/nv-optee/optee/build/t234/export-ta_arm64/lib/libutee.a(utee_syscalls_a64.o)
                0x000000000000f9c0                _utee_return
 .text._utee_log
                0x000000000000f9cc        0xc /home/avees/Linux_for_Tegra/sources/tegra/optee-src/nv-optee/optee/build/t234/export-ta_arm64/lib/libutee.a(utee_syscalls_a64.o)
                0x000000000000f9cc                _utee_log
 .text.__utee_panic
                0x000000000000f9d8        0xc /home/avees/Linux_for_Tegra/sources/tegra/optee-src/nv-optee/optee/build/t234/export-ta_arm64/lib/libutee.a(utee_syscalls_a64.o)
                0x000000000000f9d8                __utee_panic
 .text._utee_get_property
                0x000000000000f9e4        0xc /home/avees/Linux_for_Tegra/sources/tegra/optee-src/nv-optee/optee/build/t234/export-ta_arm64/lib/libutee.a(utee_syscalls_a64.o)
                0x000000000000f9e4                _utee_get_property
 .text._utee_get_property_name_to_index
                0x000000000000f9f0        0xc /home/avees/Linux_for_Tegra/sources/tegra/optee-src/nv-optee/optee/build/t234/export-ta_arm64/lib/libutee.a(utee_syscalls_a64.o)
                0x000000000000f9f0                _utee_get_property_name_to_index
 .text._utee_open_ta_session
                0x000000000000f9fc        0xc /home/avees/Linux_for_Tegra/sources/tegra/optee-src/nv-optee/optee/build/t234/export-ta_arm64/lib/libutee.a(utee_syscalls_a64.o)
                0x000000000000f9fc                _utee_open_ta_session
 .text._utee_close_ta_session
                0x000000000000fa08        0xc /home/avees/Linux_for_Tegra/sources/tegra/optee-src/nv-optee/optee/build/t234/export-ta_arm64/lib/libutee.a(utee_syscalls_a64.o)
                0x000000000000fa08                _utee_close_ta_session
 .text._utee_invoke_ta_command
                0x000000000000fa14        0xc /home/avees/Linux_for_Tegra/sources/tegra/optee-src/nv-optee/optee/build/t234/export-ta_arm64/lib/libutee.a(utee_syscalls_a64.o)
                0x000000000000fa14                _utee_invoke_ta_command
 .text._utee_get_cancellation_flag
                0x000000000000fa20        0xc /home/avees/Linux_for_Tegra/sources/tegra/optee-src/nv-optee/optee/build/t234/export-ta_arm64/lib/libutee.a(utee_syscalls_a64.o)
                0x000000000000fa20                _utee_get_cancellation_flag
 .text._utee_check_access_rights
                0x000000000000fa2c        0xc /home/avees/Linux_for_Tegra/sources/tegra/optee-src/nv-optee/optee/build/t234/export-ta_arm64/lib/libutee.a(utee_syscalls_a64.o)
                0x000000000000fa2c                _utee_check_access_rights
 .text._utee_unmask_cancellation
                0x000000000000fa38        0xc /home/avees/Linux_for_Tegra/sources/tegra/optee-src/nv-optee/optee/build/t234/export-ta_arm64/lib/libutee.a(utee_syscalls_a64.o)
                0x000000000000fa38                _utee_unmask_cancellation
 .text._utee_mask_cancellation
                0x000000000000fa44        0xc /home/avees/Linux_for_Tegra/sources/tegra/optee-src/nv-optee/optee/build/t234/export-ta_arm64/lib/libutee.a(utee_syscalls_a64.o)
                0x000000000000fa44                _utee_mask_cancellation
 .text._utee_wait
                0x000000000000fa50        0xc /home/avees/Linux_for_Tegra/sources/tegra/optee-src/nv-optee/optee/build/t234/export-ta_arm64/lib/libutee.a(utee_syscalls_a64.o)
                0x000000000000fa50                _utee_wait
 .text._utee_get_time
                0x000000000000fa5c        0xc /home/avees/Linux_for_Tegra/sources/tegra/optee-src/nv-optee/optee/build/t234/export-ta_arm64/lib/libutee.a(utee_syscalls_a64.o)
                0x000000000000fa5c                _utee_get_time
 .text._utee_set_ta_time
                0x000000000000fa68        0xc /home/avees/Linux_for_Tegra/sources/tegra/optee-src/nv-optee/optee/build/t234/export-ta_arm64/lib/libutee.a(utee_syscalls_a64.o)
                0x000000000000fa68                _utee_set_ta_time
 .text._utee_cryp_state_alloc
                0x000000000000fa74        0xc /home/avees/Linux_for_Tegra/sources/tegra/optee-src/nv-optee/optee/build/t234/export-ta_arm64/lib/libutee.a(utee_syscalls_a64.o)
                0x000000000000fa74                _utee_cryp_state_alloc
 .text._utee_cryp_state_copy
                0x000000000000fa80        0xc /home/avees/Linux_for_Tegra/sources/tegra/optee-src/nv-optee/optee/build/t234/export-ta_arm64/lib/libutee.a(utee_syscalls_a64.o)
                0x000000000000fa80                _utee_cryp_state_copy
 .text._utee_cryp_state_free
                0x000000000000fa8c        0xc /home/avees/Linux_for_Tegra/sources/tegra/optee-src/nv-optee/optee/build/t234/export-ta_arm64/lib/libutee.a(utee_syscalls_a64.o)
                0x000000000000fa8c                _utee_cryp_state_free
 .text._utee_hash_init
                0x000000000000fa98        0xc /home/avees/Linux_for_Tegra/sources/tegra/optee-src/nv-optee/optee/build/t234/export-ta_arm64/lib/libutee.a(utee_syscalls_a64.o)
                0x000000000000fa98                _utee_hash_init
 .text._utee_hash_update
                0x000000000000faa4        0xc /home/avees/Linux_for_Tegra/sources/tegra/optee-src/nv-optee/optee/build/t234/export-ta_arm64/lib/libutee.a(utee_syscalls_a64.o)
                0x000000000000faa4                _utee_hash_update
 .text._utee_hash_final
                0x000000000000fab0        0xc /home/avees/Linux_for_Tegra/sources/tegra/optee-src/nv-optee/optee/build/t234/export-ta_arm64/lib/libutee.a(utee_syscalls_a64.o)
                0x000000000000fab0                _utee_hash_final
 .text._utee_cipher_init
                0x000000000000fabc        0xc /home/avees/Linux_for_Tegra/sources/tegra/optee-src/nv-optee/optee/build/t234/export-ta_arm64/lib/libutee.a(utee_syscalls_a64.o)
                0x000000000000fabc                _utee_cipher_init
 .text._utee_cipher_update
                0x000000000000fac8        0xc /home/avees/Linux_for_Tegra/sources/tegra/optee-src/nv-optee/optee/build/t234/export-ta_arm64/lib/libutee.a(utee_syscalls_a64.o)
                0x000000000000fac8                _utee_cipher_update
 .text._utee_cipher_final
                0x000000000000fad4        0xc /home/avees/Linux_for_Tegra/sources/tegra/optee-src/nv-optee/optee/build/t234/export-ta_arm64/lib/libutee.a(utee_syscalls_a64.o)
                0x000000000000fad4                _utee_cipher_final
 .text._utee_cryp_obj_get_info
                0x000000000000fae0        0xc /home/avees/Linux_for_Tegra/sources/tegra/optee-src/nv-optee/optee/build/t234/export-ta_arm64/lib/libutee.a(utee_syscalls_a64.o)
                0x000000000000fae0                _utee_cryp_obj_get_info
 .text._utee_cryp_obj_restrict_usage
                0x000000000000faec        0xc /home/avees/Linux_for_Tegra/sources/tegra/optee-src/nv-optee/optee/build/t234/export-ta_arm64/lib/libutee.a(utee_syscalls_a64.o)
                0x000000000000faec                _utee_cryp_obj_restrict_usage
 .text._utee_cryp_obj_get_attr
                0x000000000000faf8        0xc /home/avees/Linux_for_Tegra/sources/tegra/optee-src/nv-optee/optee/build/t234/export-ta_arm64/lib/libutee.a(utee_syscalls_a64.o)
                0x000000000000faf8                _utee_cryp_obj_get_attr
 .text._utee_cryp_obj_alloc
                0x000000000000fb04        0xc /home/avees/Linux_for_Tegra/sources/tegra/optee-src/nv-optee/optee/build/t234/export-ta_arm64/lib/libutee.a(utee_syscalls_a64.o)
                0x000000000000fb04                _utee_cryp_obj_alloc
 .text._utee_cryp_obj_close
                0x000000000000fb10        0xc /home/avees/Linux_for_Tegra/sources/tegra/optee-src/nv-optee/optee/build/t234/export-ta_arm64/lib/libutee.a(utee_syscalls_a64.o)
                0x000000000000fb10                _utee_cryp_obj_close
 .text._utee_cryp_obj_reset
                0x000000000000fb1c        0xc /home/avees/Linux_for_Tegra/sources/tegra/optee-src/nv-optee/optee/build/t234/export-ta_arm64/lib/libutee.a(utee_syscalls_a64.o)
                0x000000000000fb1c                _utee_cryp_obj_reset
 .text._utee_cryp_obj_populate
                0x000000000000fb28        0xc /home/avees/Linux_for_Tegra/sources/tegra/optee-src/nv-optee/optee/build/t234/export-ta_arm64/lib/libutee.a(utee_syscalls_a64.o)
                0x000000000000fb28                _utee_cryp_obj_populate
 .text._utee_cryp_obj_copy
                0x000000000000fb34        0xc /home/avees/Linux_for_Tegra/sources/tegra/optee-src/nv-optee/optee/build/t234/export-ta_arm64/lib/libutee.a(utee_syscalls_a64.o)
                0x000000000000fb34                _utee_cryp_obj_copy
 .text._utee_cryp_derive_key
                0x000000000000fb40        0xc /home/avees/Linux_for_Tegra/sources/tegra/optee-src/nv-optee/optee/build/t234/export-ta_arm64/lib/libutee.a(utee_syscalls_a64.o)
                0x000000000000fb40                _utee_cryp_derive_key
 .text._utee_cryp_random_number_generate
                0x000000000000fb4c        0xc /home/avees/Linux_for_Tegra/sources/tegra/optee-src/nv-optee/optee/build/t234/export-ta_arm64/lib/libutee.a(utee_syscalls_a64.o)
                0x000000000000fb4c                _utee_cryp_random_number_generate
 .text._utee_authenc_init
                0x000000000000fb58        0xc /home/avees/Linux_for_Tegra/sources/tegra/optee-src/nv-optee/optee/build/t234/export-ta_arm64/lib/libutee.a(utee_syscalls_a64.o)
                0x000000000000fb58                _utee_authenc_init
 .text._utee_authenc_update_aad
                0x000000000000fb64        0xc /home/avees/Linux_for_Tegra/sources/tegra/optee-src/nv-optee/optee/build/t234/export-ta_arm64/lib/libutee.a(utee_syscalls_a64.o)
                0x000000000000fb64                _utee_authenc_update_aad
 .text._utee_authenc_update_payload
                0x000000000000fb70        0xc /home/avees/Linux_for_Tegra/sources/tegra/optee-src/nv-optee/optee/build/t234/export-ta_arm64/lib/libutee.a(utee_syscalls_a64.o)
                0x000000000000fb70                _utee_authenc_update_payload
 .text._utee_authenc_enc_final
                0x000000000000fb7c        0xc /home/avees/Linux_for_Tegra/sources/tegra/optee-src/nv-optee/optee/build/t234/export-ta_arm64/lib/libutee.a(utee_syscalls_a64.o)
                0x000000000000fb7c                _utee_authenc_enc_final
 .text._utee_authenc_dec_final
                0x000000000000fb88        0xc /home/avees/Linux_for_Tegra/sources/tegra/optee-src/nv-optee/optee/build/t234/export-ta_arm64/lib/libutee.a(utee_syscalls_a64.o)
                0x000000000000fb88                _utee_authenc_dec_final
 .text._utee_asymm_operate
                0x000000000000fb94        0xc /home/avees/Linux_for_Tegra/sources/tegra/optee-src/nv-optee/optee/build/t234/export-ta_arm64/lib/libutee.a(utee_syscalls_a64.o)
                0x000000000000fb94                _utee_asymm_operate
 .text._utee_asymm_verify
                0x000000000000fba0        0xc /home/avees/Linux_for_Tegra/sources/tegra/optee-src/nv-optee/optee/build/t234/export-ta_arm64/lib/libutee.a(utee_syscalls_a64.o)
                0x000000000000fba0                _utee_asymm_verify
 .text._utee_storage_obj_open
                0x000000000000fbac        0xc /home/avees/Linux_for_Tegra/sources/tegra/optee-src/nv-optee/optee/build/t234/export-ta_arm64/lib/libutee.a(utee_syscalls_a64.o)
                0x000000000000fbac                _utee_storage_obj_open
 .text._utee_storage_obj_create
                0x000000000000fbb8        0xc /home/avees/Linux_for_Tegra/sources/tegra/optee-src/nv-optee/optee/build/t234/export-ta_arm64/lib/libutee.a(utee_syscalls_a64.o)
                0x000000000000fbb8                _utee_storage_obj_create
 .text._utee_storage_obj_del
                0x000000000000fbc4        0xc /home/avees/Linux_for_Tegra/sources/tegra/optee-src/nv-optee/optee/build/t234/export-ta_arm64/lib/libutee.a(utee_syscalls_a64.o)
                0x000000000000fbc4                _utee_storage_obj_del
 .text._utee_storage_obj_rename
                0x000000000000fbd0        0xc /home/avees/Linux_for_Tegra/sources/tegra/optee-src/nv-optee/optee/build/t234/export-ta_arm64/lib/libutee.a(utee_syscalls_a64.o)
                0x000000000000fbd0                _utee_storage_obj_rename
 .text._utee_storage_alloc_enum
                0x000000000000fbdc        0xc /home/avees/Linux_for_Tegra/sources/tegra/optee-src/nv-optee/optee/build/t234/export-ta_arm64/lib/libutee.a(utee_syscalls_a64.o)
                0x000000000000fbdc                _utee_storage_alloc_enum
 .text._utee_storage_free_enum
                0x000000000000fbe8        0xc /home/avees/Linux_for_Tegra/sources/tegra/optee-src/nv-optee/optee/build/t234/export-ta_arm64/lib/libutee.a(utee_syscalls_a64.o)
                0x000000000000fbe8                _utee_storage_free_enum
 .text._utee_storage_reset_enum
                0x000000000000fbf4        0xc /home/avees/Linux_for_Tegra/sources/tegra/optee-src/nv-optee/optee/build/t234/export-ta_arm64/lib/libutee.a(utee_syscalls_a64.o)
                0x000000000000fbf4                _utee_storage_reset_enum
 .text._utee_storage_start_enum
                0x000000000000fc00        0xc /home/avees/Linux_for_Tegra/sources/tegra/optee-src/nv-optee/optee/build/t234/export-ta_arm64/lib/libutee.a(utee_syscalls_a64.o)
                0x000000000000fc00                _utee_storage_start_enum
 .text._utee_storage_next_enum
                0x000000000000fc0c        0xc /home/avees/Linux_for_Tegra/sources/tegra/optee-src/nv-optee/optee/build/t234/export-ta_arm64/lib/libutee.a(utee_syscalls_a64.o)
                0x000000000000fc0c                _utee_storage_next_enum
 .text._utee_storage_obj_read
                0x000000000000fc18        0xc /home/avees/Linux_for_Tegra/sources/tegra/optee-src/nv-optee/optee/build/t234/export-ta_arm64/lib/libutee.a(utee_syscalls_a64.o)
                0x000000000000fc18                _utee_storage_obj_read
 .text._utee_storage_obj_write
                0x000000000000fc24        0xc /home/avees/Linux_for_Tegra/sources/tegra/optee-src/nv-optee/optee/build/t234/export-ta_arm64/lib/libutee.a(utee_syscalls_a64.o)
                0x000000000000fc24                _utee_storage_obj_write
 .text._utee_storage_obj_trunc
                0x000000000000fc30        0xc /home/avees/Linux_for_Tegra/sources/tegra/optee-src/nv-optee/optee/build/t234/export-ta_arm64/lib/libutee.a(utee_syscalls_a64.o)
                0x000000000000fc30                _utee_storage_obj_trunc
 .text._utee_storage_obj_seek
                0x000000000000fc3c        0xc /home/avees/Linux_for_Tegra/sources/tegra/optee-src/nv-optee/optee/build/t234/export-ta_arm64/lib/libutee.a(utee_syscalls_a64.o)
                0x000000000000fc3c                _utee_storage_obj_seek
 .text._utee_cryp_obj_generate_key
                0x000000000000fc48        0xc /home/avees/Linux_for_Tegra/sources/tegra/optee-src/nv-optee/optee/build/t234/export-ta_arm64/lib/libutee.a(utee_syscalls_a64.o)
                0x000000000000fc48                _utee_cryp_obj_generate_key
 .text._utee_cache_operation
                0x000000000000fc54        0xc /home/avees/Linux_for_Tegra/sources/tegra/optee-src/nv-optee/optee/build/t234/export-ta_arm64/lib/libutee.a(utee_syscalls_a64.o)
                0x000000000000fc54                _utee_cache_operation
 .text.unlikely
                0x000000000000fc60       0x20 /home/avees/Linux_for_Tegra/sources/tegra/optee-src/nv-optee/optee/build/t234/export-ta_arm64/lib/libutee.a(abort.o)
                0x000000000000fc60                abort
 .text          0x000000000000fc80     0x212c /home/avees/Linux_for_Tegra/sources/tegra/optee-src/nv-optee/optee/build/t234/export-ta_arm64/lib/libutee.a(tee_api_arith_mpi.o)
                0x00000000000104e4                _TEE_MathAPI_Init
                0x0000000000010534                TEE_BigIntInit
                0x0000000000010594                __GP11_TEE_BigIntInit
                0x000000000001059c                TEE_BigIntConvertFromOctetString
                0x0000000000010664                __GP11_TEE_BigIntConvertFromOctetString
                0x000000000001066c                TEE_BigIntConvertToOctetString
                0x0000000000010734                __GP11_TEE_BigIntConvertToOctetString
                0x0000000000010794                TEE_BigIntConvertFromS32
                0x0000000000010844                TEE_BigIntConvertToS32
                0x0000000000010900                TEE_BigIntCmp
                0x0000000000010994                TEE_BigIntCmpS32
                0x0000000000010be0                TEE_BigIntShiftRight
                0x0000000000010d80                __GP11_TEE_BigIntShiftRight
                0x0000000000010d88                TEE_BigIntGetBit
                0x0000000000010e08                TEE_BigIntGetBitCount
                0x0000000000010e7c                TEE_BigIntSetBit
                0x0000000000010f2c                TEE_BigIntAssign
                0x0000000000010f7c                TEE_BigIntAbs
                0x0000000000010fa8                TEE_BigIntAdd
                0x0000000000010fb4                TEE_BigIntSub
                0x0000000000010fc0                TEE_BigIntNeg
                0x00000000000110a4                TEE_BigIntMul
                0x00000000000111b8                TEE_BigIntSquare
                0x00000000000111c0                TEE_BigIntDiv
                0x0000000000011374                TEE_BigIntMod
                0x00000000000113e0                TEE_BigIntAddMod
                0x00000000000113ec                TEE_BigIntSubMod
                0x00000000000113f8                TEE_BigIntMulMod
                0x0000000000011404                TEE_BigIntSquareMod
                0x0000000000011410                TEE_BigIntInvMod
                0x0000000000011560                TEE_BigIntRelativePrime
                0x0000000000011668                TEE_BigIntExpMod
                0x000000000001183c                TEE_BigIntComputeExtendedGcd
                0x0000000000011aa4                TEE_BigIntIsProbablePrime
                0x0000000000011b28                TEE_BigIntInitFMM
                0x0000000000011b2c                __GP11_TEE_BigIntInitFMM
                0x0000000000011b34                TEE_BigIntInitFMMContext
                0x0000000000011b38                __GP11_TEE_BigIntInitFMMContext
                0x0000000000011b40                TEE_BigIntInitFMMContext1
                0x0000000000011b48                TEE_BigIntFMMSizeInU32
                0x0000000000011b58                __GP11_TEE_BigIntFMMSizeInU32
                0x0000000000011b70                TEE_BigIntFMMContextSizeInU32
                0x0000000000011b78                __GP11_TEE_BigIntFMMContextSizeInU32
                0x0000000000011b90                TEE_BigIntConvertToFMM
                0x0000000000011b94                TEE_BigIntConvertFromFMM
                0x0000000000011c64                TEE_BigIntComputeFMM
 .text          0x0000000000011dac     0x1b10 /home/avees/Linux_for_Tegra/sources/tegra/optee-src/nv-optee/optee/build/t234/export-ta_arm64/lib/libutee.a(tee_api_objects.o)
                0x0000000000011dac                __utee_from_attr
                0x0000000000011dfc                __utee_from_gp11_attr
                0x0000000000011e4c                TEE_GetObjectInfo
                0x0000000000011f08                __GP11_TEE_GetObjectInfo
                0x0000000000011fcc                TEE_GetObjectInfo1
                0x000000000001207c                __GP11_TEE_GetObjectInfo1
                0x000000000001213c                TEE_RestrictObjectUsage1
                0x0000000000012180                TEE_RestrictObjectUsage
                0x0000000000012210                TEE_GetObjectBufferAttribute
                0x0000000000012314                __GP11_TEE_GetObjectBufferAttribute
                0x00000000000123ac                TEE_GetObjectValueAttribute
                0x00000000000124e4                TEE_CloseObject
                0x000000000001250c                __GP11_TEE_AllocateTransientObject
                0x00000000000125c0                TEE_AllocateTransientObject
                0x00000000000125dc                TEE_FreeTransientObject
                0x000000000001266c                TEE_ResetTransientObject
                0x00000000000126fc                TEE_PopulateTransientObject
                0x0000000000012840                __GP11_TEE_PopulateTransientObject
                0x0000000000012984                TEE_InitRefAttribute
                0x00000000000129d0                __GP11_TEE_InitRefAttribute
                0x0000000000012a20                TEE_InitValueAttribute
                0x0000000000012a6c                __GP11_TEE_InitValueAttribute
                0x0000000000012ab8                TEE_CopyObjectAttributes1
                0x0000000000012bb0                TEE_CopyObjectAttributes
                0x0000000000012c44                TEE_GenerateKey
                0x0000000000012d50                __GP11_TEE_GenerateKey
                0x0000000000012e5c                TEE_OpenPersistentObject
                0x0000000000012f40                __GP11_TEE_OpenPersistentObject
                0x0000000000012f48                TEE_CreatePersistentObject
                0x000000000001308c                __GP11_TEE_CreatePersistentObject
                0x0000000000013108                TEE_CloseAndDeletePersistentObject1
                0x0000000000013150                TEE_CloseAndDeletePersistentObject
                0x000000000001317c                TEE_RenamePersistentObject
                0x00000000000131d8                __GP11_TEE_RenamePersistentObject
                0x00000000000131e0                TEE_AllocatePersistentObjectEnumerator
                0x0000000000013270                TEE_FreePersistentObjectEnumerator
                0x0000000000013298                TEE_ResetPersistentObjectEnumerator
                0x00000000000132c0                TEE_StartPersistentObjectEnumerator
                0x0000000000013310                TEE_GetNextPersistentObject
                0x000000000001342c                __GP11_TEE_GetNextPersistentObject
                0x0000000000013558                TEE_ReadObjectData
                0x0000000000013620                __GP11_TEE_ReadObjectData
                0x00000000000136b8                TEE_WriteObjectData
                0x0000000000013730                __GP11_TEE_WriteObjectData
                0x0000000000013738                TEE_TruncateObjectData
                0x0000000000013794                __GP11_TEE_TruncateObjectData
                0x000000000001379c                TEE_SeekObjectData
                0x00000000000138b4                __GP11_TEE_SeekObjectData
 .text          0x00000000000138bc      0xf78 /home/avees/Linux_for_Tegra/sources/tegra/optee-src/nv-optee/optee/build/t234/export-ta_arm64/lib/libutee.a(tee_api_property.o)
                0x0000000000013c4c                TEE_GetPropertyAsString
                0x0000000000013ea8                __GP11_TEE_GetPropertyAsString
                0x0000000000013f40                TEE_GetPropertyAsBool
                0x0000000000014018                TEE_GetPropertyAsU32
                0x0000000000014100                TEE_GetPropertyAsU64
                0x00000000000141e8                __GP11_TEE_GetPropertyAsBinaryBlock
                0x00000000000142d4                TEE_GetPropertyAsBinaryBlock
                0x000000000001436c                TEE_GetPropertyAsUUID
                0x0000000000014454                TEE_GetPropertyAsIdentity
                0x000000000001453c                TEE_ResetPropertyEnumerator
                0x0000000000014548                TEE_AllocatePropertyEnumerator
                0x0000000000014590                TEE_FreePropertyEnumerator
                0x0000000000014594                TEE_StartPropertyEnumerator
                0x00000000000145a4                __GP11_TEE_GetPropertyName
                0x00000000000146cc                TEE_GetPropertyName
                0x0000000000014754                TEE_GetNextProperty
 .text          0x0000000000014834      0x34c /home/avees/Linux_for_Tegra/sources/tegra/optee-src/nv-optee/optee/build/t234/export-ta_arm64/lib/libutee.a(tcb.o)
                0x0000000000014834                __utee_tcb_init
                0x0000000000014a74                __tls_get_addr
                0x0000000000014a90                dl_iterate_phdr
 .text          0x0000000000014b80      0x258 /home/avees/Linux_for_Tegra/sources/tegra/optee-src/nv-optee/optee/build/t234/export-ta_arm64/lib/libutee.a(base64.o)
                0x0000000000014b80                _base64_enc_len
                0x0000000000014b98                _base64_enc
                0x0000000000014cb4                _base64_dec
 .text          0x0000000000014dd8     0x4190 /home/avees/Linux_for_Tegra/sources/tegra/optee-src/nv-optee/optee/build/t234/export-ta_arm64/lib/libmbedtls.a(bignum.o)
                0x00000000000155ac                mbedtls_mpi_init
                0x00000000000155bc                mbedtls_mpi_init_mempool
                0x00000000000155e4                mbedtls_mpi_free
                0x0000000000015650                mbedtls_mpi_grow
                0x00000000000157a4                mbedtls_mpi_shrink
                0x00000000000158c4                mbedtls_mpi_copy
                0x0000000000015990                mbedtls_mpi_swap
                0x0000000000015a18                mbedtls_mpi_lset
                0x0000000000015a80                mbedtls_mpi_get_bit
                0x0000000000015aac                mbedtls_mpi_set_bit
                0x0000000000015b38                mbedtls_mpi_lsb
                0x0000000000015b8c                mbedtls_mpi_bitlen
                0x0000000000015be8                mbedtls_mpi_size
                0x0000000000015c04                mbedtls_mpi_read_binary_le
                0x0000000000015c7c                mbedtls_mpi_read_binary
                0x0000000000015d00                mbedtls_mpi_write_binary_le
                0x0000000000015db8                mbedtls_mpi_write_binary
                0x0000000000015e7c                mbedtls_mpi_shift_l
                0x0000000000015f8c                mbedtls_mpi_shift_r
                0x000000000001604c                mbedtls_mpi_cmp_abs
                0x00000000000160e8                mbedtls_mpi_cmp_mpi
                0x00000000000161bc                mbedtls_mpi_cmp_int
                0x0000000000016230                mbedtls_mpi_add_abs
                0x0000000000016350                mbedtls_mpi_sub_abs
                0x00000000000164ac                mbedtls_mpi_add_mpi
                0x0000000000016534                mbedtls_mpi_sub_mpi
                0x00000000000165c0                mbedtls_mpi_add_int
                0x0000000000016634                mbedtls_mpi_sub_int
                0x00000000000166a8                mbedtls_mpi_mul_mpi
                0x0000000000016854                mbedtls_mpi_mul_int
                0x00000000000168fc                mbedtls_mpi_read_string
                0x0000000000016b08                mbedtls_mpi_div_mpi
                0x000000000001703c                mbedtls_mpi_div_int
                0x00000000000170b0                mbedtls_mpi_mod_mpi
                0x0000000000017164                mbedtls_mpi_mod_int
                0x0000000000017200                mbedtls_mpi_write_string
                0x0000000000017534                mbedtls_mpi_montg_init
                0x000000000001753c                mbedtls_mpi_montmul
                0x0000000000017544                mbedtls_mpi_montred
                0x0000000000017548                mbedtls_mpi_exp_mod
                0x0000000000017c14                mbedtls_mpi_gcd
                0x0000000000017dec                mbedtls_mpi_fill_random
                0x00000000000180f8                mbedtls_mpi_random
                0x00000000000182b0                mbedtls_mpi_inv_mod
                0x0000000000018708                mbedtls_mpi_is_prime_ext
                0x00000000000187e4                mbedtls_mpi_is_prime
                0x00000000000187f4                mbedtls_mpi_gen_prime
                0x0000000000018b40                mbedtls_mpi_self_test
 .text          0x0000000000018f68      0x7c0 /home/avees/Linux_for_Tegra/sources/tegra/optee-src/nv-optee/optee/build/t234/export-ta_arm64/lib/libmbedtls.a(constant_time.o)
                0x0000000000018f88                mbedtls_ct_memcmp
                0x0000000000018fd0                mbedtls_ct_uint_mask
                0x0000000000018fe0                mbedtls_ct_mpi_uint_mask
                0x0000000000018ff0                mbedtls_ct_size_bool_eq
                0x0000000000019008                mbedtls_ct_mpi_uint_lt
                0x0000000000019024                mbedtls_ct_uint_if
                0x0000000000019054                mbedtls_ct_mpi_uint_cond_assign
                0x0000000000019090                mbedtls_ct_base64_enc_char
                0x0000000000019140                mbedtls_ct_base64_dec_value
                0x00000000000191fc                mbedtls_mpi_safe_cond_assign
                0x00000000000192b8                mbedtls_mpi_safe_cond_swap
                0x00000000000193b4                mbedtls_mpi_lt_mpi_ct
                0x00000000000194ac                mbedtls_ct_rsaes_pkcs1_v15_unpadding
 .text          0x0000000000019728       0x20 /home/avees/Linux_for_Tegra/sources/tegra/optee-src/nv-optee/optee/build/t234/export-ta_arm64/lib/libmbedtls.a(platform_util.o)
                0x0000000000019728                mbedtls_platform_zeroize
 .text          0x0000000000019748      0x128 /home/avees/Linux_for_Tegra/sources/tegra/optee-src/nv-optee/optee/build/t234/export-ta_arm64/lib/libutils.a(snprintf.o)
                0x0000000000019748                snprintf
                0x0000000000019818                vsnprintf
 .text          0x0000000000019870       0x5c /home/avees/Linux_for_Tegra/sources/tegra/optee-src/nv-optee/optee/build/t234/export-ta_arm64/lib/libutils.a(memmove.o)
                0x0000000000019870                memmove
 .text          0x00000000000198cc       0x58 /home/avees/Linux_for_Tegra/sources/tegra/optee-src/nv-optee/optee/build/t234/export-ta_arm64/lib/libutils.a(strlcpy.o)
                0x00000000000198cc                strlcpy
 .text          0x0000000000019924      0x190 /home/avees/Linux_for_Tegra/sources/tegra/optee-src/nv-optee/optee/build/t234/export-ta_arm64/lib/libutils.a(mempool.o)
                0x0000000000019924                mempool_alloc_pool
                0x00000000000199ec                mempool_alloc
                0x0000000000019a50                mempool_calloc
                0x0000000000019aa0                mempool_free
 .text          0x0000000000019ab4       0x70 /home/avees/Linux_for_Tegra/sources/tegra/optee-src/nv-optee/optee/build/t234/export-ta_arm64/lib/libutils.a(consttime_memcmp.o)
                0x0000000000019ab4                consttime_memcmp
 .text          0x0000000000019b24        0x0 /home/avees/Linux_for_Tegra/sources/tegra/optee-src/nv-optee/optee/build/t234/export-ta_arm64/lib/libutee.a(utee_syscalls_a64.o)
 .text          0x0000000000019b24        0x0 /home/avees/Linux_for_Tegra/sources/tegra/optee-src/nv-optee/optee/build/t234/export-ta_arm64/lib/libutee.a(abort.o)
 *(SORT_BY_ALIGNMENT(.stub))
 *(SORT_BY_ALIGNMENT(.glue_7))
 *(SORT_BY_ALIGNMENT(.glue_7t))
 *(SORT_BY_ALIGNMENT(.gnu.linkonce.t.*))
 *(SORT_BY_ALIGNMENT(.vfp11_veneer))
                0x0000000000019b24                __text_end = .

.note.gnu.property
 *(SORT_BY_ALIGNMENT(.note.gnu.property))

.plt            0x0000000000019b24        0x0
 *(SORT_BY_ALIGNMENT(.plt))
 .plt           0x0000000000019b24        0x0 ./darknetp_ta.o

.eh_frame_hdr
 *(SORT_BY_ALIGNMENT(.eh_frame_hdr))
 *(SORT_BY_ALIGNMENT(.eh_frame_entry) SORT_BY_ALIGNMENT(.eh_frame_entry.*))

.eh_frame       0x0000000000019b28     0x5264
 *(SORT_BY_ALIGNMENT(.eh_frame))
 .eh_frame      0x0000000000019b28      0x338 ./darknetp_ta.o
 .eh_frame      0x0000000000019e60       0x88 ./utils_TA.o
                                         0xa0 (size before relaxing)
 .eh_frame      0x0000000000019ee8      0x118 ./activations_TA.o
                                        0x128 (size before relaxing)
 .eh_frame      0x000000000001a000      0x120 ./connected_layer_TA.o
                                        0x130 (size before relaxing)
 .eh_frame      0x000000000001a120      0x368 ./math_TA.o
                                        0x380 (size before relaxing)
 .eh_frame      0x000000000001a488       0xe0 ./parser_TA.o
                                         0xf8 (size before relaxing)
 .eh_frame      0x000000000001a568      0x210 ./blas_TA.o
                                        0x220 (size before relaxing)
 .eh_frame      0x000000000001a778       0xc0 ./maxpool_layer_TA.o
                                         0xd8 (size before relaxing)
 .eh_frame      0x000000000001a838      0x198 ./network_TA.o
                                        0x1b0 (size before relaxing)
 .eh_frame      0x000000000001a9d0       0xa8 ./softmax_layer_TA.o
                                         0xb8 (size before relaxing)
 .eh_frame      0x000000000001aa78      0x1b0 ./aes_TA.o
                                        0x1c0 (size before relaxing)
 .eh_frame      0x000000000001ac28       0x58 ./im2col_TA.o
                                         0x70 (size before relaxing)
 .eh_frame      0x000000000001ac80      0x198 ./batchnorm_layer_TA.o
                                        0x1b0 (size before relaxing)
 .eh_frame      0x000000000001ae18       0x98 ./dropout_layer_TA.o
                                         0xa8 (size before relaxing)
 .eh_frame      0x000000000001aeb0      0x218 ./convolutional_layer_TA.o
                                        0x228 (size before relaxing)
 .eh_frame      0x000000000001b0c8       0xc8 ./cost_layer_TA.o
                                         0xe0 (size before relaxing)
 .eh_frame      0x000000000001b190       0x78 ./avgpool_layer_TA.o
                                         0x88 (size before relaxing)
 .eh_frame      0x000000000001b208       0x58 ./col2im_TA.o
                                         0x70 (size before relaxing)
 .eh_frame      0x000000000001b260       0x78 ./gemm_TA.o
                                         0x90 (size before relaxing)
 .eh_frame      0x000000000001b2d8       0x40 ./diffprivate_TA.o
                                         0x50 (size before relaxing)
 .eh_frame      0x000000000001b318       0x30 ./user_ta_header.o
                                         0x40 (size before relaxing)
 .eh_frame      0x000000000001b348      0x2e0 /home/avees/Linux_for_Tegra/sources/tegra/optee-src/nv-optee/optee/build/t234/export-ta_arm64/lib/libutils.a(bget_malloc.o)
                                        0x2f8 (size before relaxing)
 .eh_frame      0x000000000001b628       0x18 /home/avees/Linux_for_Tegra/sources/tegra/optee-src/nv-optee/optee/build/t234/export-ta_arm64/lib/libutils.a(stack_check.o)
                                         0x30 (size before relaxing)
 .eh_frame      0x000000000001b640       0x18 /home/avees/Linux_for_Tegra/sources/tegra/optee-src/nv-optee/optee/build/t234/export-ta_arm64/lib/libutils.a(memcpy.o)
                                         0x28 (size before relaxing)
 .eh_frame      0x000000000001b658       0x18 /home/avees/Linux_for_Tegra/sources/tegra/optee-src/nv-optee/optee/build/t234/export-ta_arm64/lib/libutils.a(memset.o)
                                         0x28 (size before relaxing)
 .eh_frame      0x000000000001b670       0x18 /home/avees/Linux_for_Tegra/sources/tegra/optee-src/nv-optee/optee/build/t234/export-ta_arm64/lib/libutils.a(strcmp.o)
                                         0x28 (size before relaxing)
 .eh_frame      0x000000000001b688       0x18 /home/avees/Linux_for_Tegra/sources/tegra/optee-src/nv-optee/optee/build/t234/export-ta_arm64/lib/libutils.a(strncmp.o)
                                         0x28 (size before relaxing)
 .eh_frame      0x000000000001b6a0      0x110 /home/avees/Linux_for_Tegra/sources/tegra/optee-src/nv-optee/optee/build/t234/export-ta_arm64/lib/libutils.a(trace.o)
                                        0x120 (size before relaxing)
 .eh_frame      0x000000000001b7b0       0xf0 /home/avees/Linux_for_Tegra/sources/tegra/optee-src/nv-optee/optee/build/t234/export-ta_arm64/lib/libutils.a(snprintk.o)
                                        0x100 (size before relaxing)
 .eh_frame      0x000000000001b8a0       0x18 /home/avees/Linux_for_Tegra/sources/tegra/optee-src/nv-optee/optee/build/t234/export-ta_arm64/lib/libutils.a(memchr.o)
                                         0x28 (size before relaxing)
 .eh_frame      0x000000000001b8b8       0x18 /home/avees/Linux_for_Tegra/sources/tegra/optee-src/nv-optee/optee/build/t234/export-ta_arm64/lib/libutils.a(strlen.o)
                                         0x28 (size before relaxing)
 .eh_frame      0x000000000001b8d0       0x38 /home/avees/Linux_for_Tegra/sources/tegra/optee-src/nv-optee/optee/build/t234/export-ta_arm64/lib/libutee.a(assert.o)
                                         0x50 (size before relaxing)
 .eh_frame      0x000000000001b908       0xa8 /home/avees/Linux_for_Tegra/sources/tegra/optee-src/nv-optee/optee/build/t234/export-ta_arm64/lib/libutee.a(trace_ext.o)
                                         0xc0 (size before relaxing)
 .eh_frame      0x000000000001b9b0      0x588 /home/avees/Linux_for_Tegra/sources/tegra/optee-src/nv-optee/optee/build/t234/export-ta_arm64/lib/libutee.a(tee_api.o)
                                        0x5a0 (size before relaxing)
 .eh_frame      0x000000000001bf38      0xaf0 /home/avees/Linux_for_Tegra/sources/tegra/optee-src/nv-optee/optee/build/t234/export-ta_arm64/lib/libutee.a(tee_api_operations.o)
                                        0xb08 (size before relaxing)
 .eh_frame      0x000000000001ca28      0x190 /home/avees/Linux_for_Tegra/sources/tegra/optee-src/nv-optee/optee/build/t234/export-ta_arm64/lib/libutee.a(tee_api_panic.o)
                                        0x1a0 (size before relaxing)
 .eh_frame      0x000000000001cbb8       0xc0 /home/avees/Linux_for_Tegra/sources/tegra/optee-src/nv-optee/optee/build/t234/export-ta_arm64/lib/libutee.a(tee_system_pta.o)
                                         0xd0 (size before relaxing)
 .eh_frame      0x000000000001cc78      0x150 /home/avees/Linux_for_Tegra/sources/tegra/optee-src/nv-optee/optee/build/t234/export-ta_arm64/lib/libutee.a(user_ta_entry.o)
                                        0x168 (size before relaxing)
 .eh_frame      0x000000000001cdc8       0x18 /home/avees/Linux_for_Tegra/sources/tegra/optee-src/nv-optee/optee/build/t234/export-ta_arm64/lib/libutee.a(abort.o)
                                         0x30 (size before relaxing)
 .eh_frame      0x000000000001cde0      0x7d0 /home/avees/Linux_for_Tegra/sources/tegra/optee-src/nv-optee/optee/build/t234/export-ta_arm64/lib/libutee.a(tee_api_arith_mpi.o)
                                        0x7e0 (size before relaxing)
 .eh_frame      0x000000000001d5b0      0x750 /home/avees/Linux_for_Tegra/sources/tegra/optee-src/nv-optee/optee/build/t234/export-ta_arm64/lib/libutee.a(tee_api_objects.o)
                                        0x768 (size before relaxing)
 .eh_frame      0x000000000001dd00      0x2f8 /home/avees/Linux_for_Tegra/sources/tegra/optee-src/nv-optee/optee/build/t234/export-ta_arm64/lib/libutee.a(tee_api_property.o)
                                        0x308 (size before relaxing)
 .eh_frame      0x000000000001dff8       0x90 /home/avees/Linux_for_Tegra/sources/tegra/optee-src/nv-optee/optee/build/t234/export-ta_arm64/lib/libutee.a(tcb.o)
                                         0xa8 (size before relaxing)
 .eh_frame      0x000000000001e088       0x58 /home/avees/Linux_for_Tegra/sources/tegra/optee-src/nv-optee/optee/build/t234/export-ta_arm64/lib/libutee.a(base64.o)
                                         0x70 (size before relaxing)
 .eh_frame      0x000000000001e0e0      0x988 /home/avees/Linux_for_Tegra/sources/tegra/optee-src/nv-optee/optee/build/t234/export-ta_arm64/lib/libmbedtls.a(bignum.o)
                                        0x9a0 (size before relaxing)
 .eh_frame      0x000000000001ea68      0x1e0 /home/avees/Linux_for_Tegra/sources/tegra/optee-src/nv-optee/optee/build/t234/export-ta_arm64/lib/libmbedtls.a(constant_time.o)
                                        0x1f8 (size before relaxing)
 .eh_frame      0x000000000001ec48       0x18 /home/avees/Linux_for_Tegra/sources/tegra/optee-src/nv-optee/optee/build/t234/export-ta_arm64/lib/libmbedtls.a(platform_util.o)
                                         0x28 (size before relaxing)
 .eh_frame      0x000000000001ec60       0x58 /home/avees/Linux_for_Tegra/sources/tegra/optee-src/nv-optee/optee/build/t234/export-ta_arm64/lib/libutils.a(snprintf.o)
                                         0x68 (size before relaxing)
 .eh_frame      0x000000000001ecb8       0x18 /home/avees/Linux_for_Tegra/sources/tegra/optee-src/nv-optee/optee/build/t234/export-ta_arm64/lib/libutils.a(memmove.o)
                                         0x28 (size before relaxing)
 .eh_frame      0x000000000001ecd0       0x18 /home/avees/Linux_for_Tegra/sources/tegra/optee-src/nv-optee/optee/build/t234/export-ta_arm64/lib/libutils.a(strlcpy.o)
                                         0x28 (size before relaxing)
 .eh_frame      0x000000000001ece8       0x88 /home/avees/Linux_for_Tegra/sources/tegra/optee-src/nv-optee/optee/build/t234/export-ta_arm64/lib/libutils.a(mempool.o)
                                         0xa0 (size before relaxing)
 .eh_frame      0x000000000001ed70       0x1c /home/avees/Linux_for_Tegra/sources/tegra/optee-src/nv-optee/optee/build/t234/export-ta_arm64/lib/libutils.a(consttime_memcmp.o)
                                         0x30 (size before relaxing)
 *(SORT_BY_ALIGNMENT(.eh_frame.*))

.gcc_except_table
 *(SORT_BY_ALIGNMENT(.gcc_except_table) SORT_BY_ALIGNMENT(.gcc_except_table.*))

.rodata         0x000000000001ed90     0x19ed
 *(SORT_BY_ALIGNMENT(.gnu.linkonce.r.*))
 *(SORT_BY_ALIGNMENT(.rodata) SORT_BY_ALIGNMENT(.rodata.*))
 .rodata.cst8   0x000000000001ed90       0x30 ./activations_TA.o
 .rodata.cst8   0x000000000001edc0       0x50 ./math_TA.o
                                         0x58 (size before relaxing)
 .rodata.cst8   0x000000000001ee10        0x8 ./blas_TA.o
 .rodata.cst8   0x000000000001ee18        0x8 ./network_TA.o
                                         0x10 (size before relaxing)
 .rodata.cst8   0x000000000001ee20        0x8 ./diffprivate_TA.o
 .rodata.user_ta_header.c
                0x000000000001ee28       0x33 ./user_ta_header.o
                0x000000000001ee28                ta_num_props
                0x000000000001ee48                __ta_no_share_heap_size
                0x000000000001ee50                ta_heap_size
                0x000000000001ee58                trace_ext_prefix
 *fill*         0x000000000001ee5b        0x5 
 .rodata.lib/libutee/tee_api.c
                0x000000000001ee60       0x20 /home/avees/Linux_for_Tegra/sources/tegra/optee-src/nv-optee/optee/build/t234/export-ta_arm64/lib/libutee.a(tee_api.o)
 .rodata.darknetp_ta.c
                0x000000000001ee80       0xa8 ./darknetp_ta.o
 .rodata.cst4   0x000000000001ef28        0x4 ./darknetp_ta.o
 .rodata.activations_TA.c
                0x000000000001ef2c       0x3a ./activations_TA.o
 *fill*         0x000000000001ef66        0x2 
 .rodata.cst4   0x000000000001ef68        0xc ./activations_TA.o
 .rodata.cst4   0x000000000001ef74        0x4 ./blas_TA.o
 .rodata.cst4   0x000000000001ef78        0x4 ./maxpool_layer_TA.o
 .rodata.cst4   0x000000000001ef78        0x4 ./batchnorm_layer_TA.o
                                          0xc (size before relaxing)
 .rodata.cost_layer_TA.c
                0x000000000001ef7c       0x16 ./cost_layer_TA.o
 *fill*         0x000000000001ef92        0x2 
 .rodata.cst4   0x000000000001ef94        0x4 ./cost_layer_TA.o
 .rodata.lib/libutils/ext/snprintk.c
                0x000000000001ef98       0xac /home/avees/Linux_for_Tegra/sources/tegra/optee-src/nv-optee/optee/build/t234/export-ta_arm64/lib/libutils.a(snprintk.o)
 .rodata.lib/libutee/tee_api_operations.c
                0x000000000001f044       0x1c /home/avees/Linux_for_Tegra/sources/tegra/optee-src/nv-optee/optee/build/t234/export-ta_arm64/lib/libutee.a(tee_api_operations.o)
 .rodata.lib/libutee/tee_system_pta.c
                0x000000000001f060       0x31 /home/avees/Linux_for_Tegra/sources/tegra/optee-src/nv-optee/optee/build/t234/export-ta_arm64/lib/libutee.a(tee_system_pta.o)
 *fill*         0x000000000001f091        0x3 
 .rodata.lib/libutee/tee_api_property.c
                0x000000000001f094       0x20 /home/avees/Linux_for_Tegra/sources/tegra/optee-src/nv-optee/optee/build/t234/export-ta_arm64/lib/libutee.a(tee_api_property.o)
 .rodata.lib/libutee/base64.c
                0x000000000001f0b4       0x45 /home/avees/Linux_for_Tegra/sources/tegra/optee-src/nv-optee/optee/build/t234/export-ta_arm64/lib/libutee.a(base64.o)
 *fill*         0x000000000001f0f9        0x3 
 .rodata.lib/libmbedtls/mbedtls/library/bignum.c
                0x000000000001f0fc      0x2c4 /home/avees/Linux_for_Tegra/sources/tegra/optee-src/nv-optee/optee/build/t234/export-ta_arm64/lib/libmbedtls.a(bignum.o)
 .rodata.str1.1.darknetp_ta.c
                0x000000000001f3c0      0x163 ./darknetp_ta.o
 .rodata.str1.1.activations_TA.c
                0x000000000001f523       0x4f ./activations_TA.o
                                         0x53 (size before relaxing)
 .rodata.str1.1.parser_TA.c
                0x000000000001f572       0x23 ./parser_TA.o
 .rodata.parser_TA.c
                0x000000000001f595        0xb ./parser_TA.o
 .rodata.str1.1.network_TA.c
                0x000000000001f5a0       0x55 ./network_TA.o
 .rodata.network_TA.c
                0x000000000001f5f5       0x15 ./network_TA.o
 .rodata.str1.1.softmax_layer_TA.c
                0x000000000001f60a       0x26 ./softmax_layer_TA.o
 .rodata.softmax_layer_TA.c
                0x000000000001f630       0x1a ./softmax_layer_TA.o
 .rodata.aes_TA.c
                0x000000000001f64a      0x20b ./aes_TA.o
 .rodata.str1.1.cost_layer_TA.c
                0x000000000001f855       0x4a ./cost_layer_TA.o
 .rodata.str1.1.user_ta_header.c
                0x000000000001f89f      0x133 ./user_ta_header.o
 .rodata.str1.1.lib/libutils/isoc/bget_malloc.c
                0x000000000001f9d2      0x2c8 /home/avees/Linux_for_Tegra/sources/tegra/optee-src/nv-optee/optee/build/t234/export-ta_arm64/lib/libutils.a(bget_malloc.o)
                                        0x2d3 (size before relaxing)
 .rodata.lib/libutils/isoc/bget_malloc.c
                0x000000000001fc9a       0x51 /home/avees/Linux_for_Tegra/sources/tegra/optee-src/nv-optee/optee/build/t234/export-ta_arm64/lib/libutils.a(bget_malloc.o)
 .rodata.str1.1.lib/libutils/isoc/stack_check.c
                0x000000000001fceb       0x18 /home/avees/Linux_for_Tegra/sources/tegra/optee-src/nv-optee/optee/build/t234/export-ta_arm64/lib/libutils.a(stack_check.o)
 .rodata.str1.1.lib/libutils/ext/trace.c
                0x000000000001fd03       0x3a /home/avees/Linux_for_Tegra/sources/tegra/optee-src/nv-optee/optee/build/t234/export-ta_arm64/lib/libutils.a(trace.o)
                                         0x3d (size before relaxing)
 .rodata.lib/libutils/ext/trace.c
                0x000000000001fd3d        0xf /home/avees/Linux_for_Tegra/sources/tegra/optee-src/nv-optee/optee/build/t234/export-ta_arm64/lib/libutils.a(trace.o)
 .rodata.str1.1.lib/libutils/ext/snprintk.c
                0x000000000001fd4c       0x38 /home/avees/Linux_for_Tegra/sources/tegra/optee-src/nv-optee/optee/build/t234/export-ta_arm64/lib/libutils.a(snprintk.o)
 .rodata.str1.1.lib/libutee/assert.c
                0x000000000001fd84       0x27 /home/avees/Linux_for_Tegra/sources/tegra/optee-src/nv-optee/optee/build/t234/export-ta_arm64/lib/libutee.a(assert.o)
 .rodata.str1.1.lib/libutee/trace_ext.c
                0x000000000001fdab       0x27 /home/avees/Linux_for_Tegra/sources/tegra/optee-src/nv-optee/optee/build/t234/export-ta_arm64/lib/libutee.a(trace_ext.o)
                                          0x2 (size before relaxing)
 .rodata.str1.1.lib/libutee/tee_api.c
                0x000000000001fdab       0x11 /home/avees/Linux_for_Tegra/sources/tegra/optee-src/nv-optee/optee/build/t234/export-ta_arm64/lib/libutee.a(tee_api.o)
 .rodata.str1.1.lib/libutee/tee_api_operations.c
                0x000000000001fdbc       0x39 /home/avees/Linux_for_Tegra/sources/tegra/optee-src/nv-optee/optee/build/t234/export-ta_arm64/lib/libutee.a(tee_api_operations.o)
 .rodata.str1.1.lib/libutee/tee_api_panic.c
                0x000000000001fdf5       0x6b /home/avees/Linux_for_Tegra/sources/tegra/optee-src/nv-optee/optee/build/t234/export-ta_arm64/lib/libutee.a(tee_api_panic.o)
 .rodata.lib/libutee/tee_api_panic.c
                0x000000000001fe60        0xa /home/avees/Linux_for_Tegra/sources/tegra/optee-src/nv-optee/optee/build/t234/export-ta_arm64/lib/libutee.a(tee_api_panic.o)
 .rodata.str1.1.lib/libutee/tee_system_pta.c
                0x000000000001fe6a       0x55 /home/avees/Linux_for_Tegra/sources/tegra/optee-src/nv-optee/optee/build/t234/export-ta_arm64/lib/libutee.a(tee_system_pta.o)
 .rodata.str1.1.lib/libutee/user_ta_entry.c
                0x000000000001febf       0x4f /home/avees/Linux_for_Tegra/sources/tegra/optee-src/nv-optee/optee/build/t234/export-ta_arm64/lib/libutee.a(user_ta_entry.o)
 .rodata.lib/libutee/user_ta_entry.c
                0x000000000001ff0e       0x16 /home/avees/Linux_for_Tegra/sources/tegra/optee-src/nv-optee/optee/build/t234/export-ta_arm64/lib/libutee.a(user_ta_entry.o)
 .rodata.str1.1.lib/libutee/abort.c
                0x000000000001ff24        0x7 /home/avees/Linux_for_Tegra/sources/tegra/optee-src/nv-optee/optee/build/t234/export-ta_arm64/lib/libutee.a(abort.o)
 .rodata.str1.1.lib/libutee/tee_api_arith_mpi.c
                0x000000000001ff2b       0xc9 /home/avees/Linux_for_Tegra/sources/tegra/optee-src/nv-optee/optee/build/t234/export-ta_arm64/lib/libutee.a(tee_api_arith_mpi.o)
 .rodata.lib/libutee/tee_api_arith_mpi.c
                0x000000000001fff4      0x14e /home/avees/Linux_for_Tegra/sources/tegra/optee-src/nv-optee/optee/build/t234/export-ta_arm64/lib/libutee.a(tee_api_arith_mpi.o)
 .rodata.str1.1.lib/libutee/tee_api_property.c
                0x0000000000020142       0x83 /home/avees/Linux_for_Tegra/sources/tegra/optee-src/nv-optee/optee/build/t234/export-ta_arm64/lib/libutee.a(tee_api_property.o)
                                         0x88 (size before relaxing)
 .rodata.str1.1.lib/libutee/tcb.c
                0x00000000000201c5       0x8d /home/avees/Linux_for_Tegra/sources/tegra/optee-src/nv-optee/optee/build/t234/export-ta_arm64/lib/libutee.a(tcb.o)
 .rodata.lib/libutee/tcb.c
                0x0000000000020252       0x20 /home/avees/Linux_for_Tegra/sources/tegra/optee-src/nv-optee/optee/build/t234/export-ta_arm64/lib/libutee.a(tcb.o)
 .rodata.str1.1.lib/libmbedtls/mbedtls/library/bignum.c
                0x0000000000020272      0x456 /home/avees/Linux_for_Tegra/sources/tegra/optee-src/nv-optee/optee/build/t234/export-ta_arm64/lib/libmbedtls.a(bignum.o)
                                        0x45d (size before relaxing)
 .rodata.str1.1.lib/libutils/ext/mempool.c
                0x00000000000206c8       0x89 /home/avees/Linux_for_Tegra/sources/tegra/optee-src/nv-optee/optee/build/t234/export-ta_arm64/lib/libutils.a(mempool.o)
 .rodata.lib/libutils/ext/mempool.c
                0x0000000000020751       0x2c /home/avees/Linux_for_Tegra/sources/tegra/optee-src/nv-optee/optee/build/t234/export-ta_arm64/lib/libutils.a(mempool.o)

.gnu.version_d  0x0000000000020780        0x0
 .gnu.version_d
                0x0000000000020780        0x0 ./darknetp_ta.o

.gnu.version    0x000000000002077e        0x0
 .gnu.version   0x000000000002077e        0x0 ./darknetp_ta.o

.gnu.version_r  0x0000000000020780        0x0
 .gnu.version_r
                0x0000000000020780        0x0 ./darknetp_ta.o

.gnu.hash       0x0000000000020780       0x30
 .gnu.hash      0x0000000000020780       0x30 ./darknetp_ta.o

.ARM.extab
 *(SORT_BY_ALIGNMENT(.ARM.extab*) SORT_BY_ALIGNMENT(.gnu.linkonce.armextab.*))
                [!provide]                        PROVIDE (__exidx_start = .)

.ARM.exidx
 *(SORT_BY_ALIGNMENT(.ARM.exidx*) SORT_BY_ALIGNMENT(.gnu.linkonce.armexidx.*))
                [!provide]                        PROVIDE (__exidx_end = .)

.ctors
 *(SORT_BY_ALIGNMENT(.ctors))

.dtors
 *(SORT_BY_ALIGNMENT(.dtors))

.dynsym         0x00000000000207b0       0x90
 *(SORT_BY_ALIGNMENT(.dynsym))
 .dynsym        0x00000000000207b0       0x90 ./darknetp_ta.o

.dynstr         0x0000000000020840       0x2e
 *(SORT_BY_ALIGNMENT(.dynstr))
 .dynstr        0x0000000000020840       0x2e ./darknetp_ta.o

.hash           0x0000000000020870       0x2c
 *(SORT_BY_ALIGNMENT(.hash))
 .hash          0x0000000000020870       0x2c ./darknetp_ta.o

.rela.dyn       0x00000000000208a0      0x348
 .rela.data.rel.ro
                0x00000000000208a0        0x0 ./darknetp_ta.o
 .rela.ifunc    0x00000000000208a0        0x0 ./darknetp_ta.o
 .rela.data.rel.ro.local
                0x00000000000208a0      0x2d0 ./darknetp_ta.o
 .rela.data.rel.local
                0x0000000000020b70       0x60 ./darknetp_ta.o
 .rela.data.rel
                0x0000000000020bd0       0x18 ./darknetp_ta.o
                0x0000000000021000                . = ALIGN (0x1000)

.dynamic        0x0000000000021000      0x110
 *(SORT_BY_ALIGNMENT(.dynamic))
 .dynamic       0x0000000000021000      0x110 ./darknetp_ta.o
                0x0000000000021000                _DYNAMIC

.tdata
 *(SORT_BY_ALIGNMENT(.tdata) SORT_BY_ALIGNMENT(.tdata.*) SORT_BY_ALIGNMENT(.gnu.linkonce.td.*))

.tbss
 *(SORT_BY_ALIGNMENT(.tbss) SORT_BY_ALIGNMENT(.tbss.*) SORT_BY_ALIGNMENT(.gnu.linkonce.tb.*))
 *(SORT_BY_ALIGNMENT(.tcommon))

.got            0x0000000000021110      0x1b0
 *(SORT_BY_ALIGNMENT(.got.plt))
 .got.plt       0x0000000000021110       0x18 ./darknetp_ta.o
 *(SORT_BY_ALIGNMENT(.got))
 .got           0x0000000000021128      0x198 ./darknetp_ta.o
                0x0000000000021128                _GLOBAL_OFFSET_TABLE_

.rel.text
 *(SORT_BY_ALIGNMENT(.rel.text))
 *(SORT_BY_ALIGNMENT(.rel.gnu.linkonce.t*))

.rela.text
 *(SORT_BY_ALIGNMENT(.rela.text))
 *(SORT_BY_ALIGNMENT(.rela.gnu.linkonce.t*))

.rel.data
 *(SORT_BY_ALIGNMENT(.rel.data))
 *(SORT_BY_ALIGNMENT(.rel.gnu.linkonce.d*))

.rela.data
 *(SORT_BY_ALIGNMENT(.rela.data))
 *(SORT_BY_ALIGNMENT(.rela.gnu.linkonce.d*))

.rel.tdata
 *(SORT_BY_ALIGNMENT(.rel.tdata) SORT_BY_ALIGNMENT(.rel.tdata.*) SORT_BY_ALIGNMENT(.rel.gnu.linkonce.td.*))

.rela.tdata
 *(SORT_BY_ALIGNMENT(.rela.tdata) SORT_BY_ALIGNMENT(.rela.tdata.*) SORT_BY_ALIGNMENT(.rela.gnu.linkonce.td.*))

.rel.tbss
 *(SORT_BY_ALIGNMENT(.rel.tbss) SORT_BY_ALIGNMENT(.rel.tbss.*) SORT_BY_ALIGNMENT(.rel.gnu.linkonce.tb.*))

.rela.tbss
 *(SORT_BY_ALIGNMENT(.rela.tbss) SORT_BY_ALIGNMENT(.rela.tbss.*) SORT_BY_ALIGNMENT(.rela.gnu.linkonce.tb.*))

.rel.rodata
 *(SORT_BY_ALIGNMENT(.rel.rodata))
 *(SORT_BY_ALIGNMENT(.rel.gnu.linkonce.r*))

.rela.rodata
 *(SORT_BY_ALIGNMENT(.rela.rodata))
 *(SORT_BY_ALIGNMENT(.rela.gnu.linkonce.r*))

.rel.dyn
 *(SORT_BY_ALIGNMENT(.rel.dyn))

.rel.got
 *(SORT_BY_ALIGNMENT(.rel.got))

.rela.got       0x00000000000212c0      0x4b0
 *(SORT_BY_ALIGNMENT(.rela.got))
 .rela.got      0x00000000000212c0      0x4b0 ./darknetp_ta.o

.rel.ctors
 *(SORT_BY_ALIGNMENT(.rel.ctors))

.rela.ctors
 *(SORT_BY_ALIGNMENT(.rela.ctors))

.rel.dtors
 *(SORT_BY_ALIGNMENT(.rel.dtors))

.rela.dtors
 *(SORT_BY_ALIGNMENT(.rela.dtors))

.rel.init
 *(SORT_BY_ALIGNMENT(.rel.init))

.rela.init
 *(SORT_BY_ALIGNMENT(.rela.init))

.rel.fini
 *(SORT_BY_ALIGNMENT(.rel.fini))

.rela.fini
 *(SORT_BY_ALIGNMENT(.rela.fini))

.rel.bss
 *(SORT_BY_ALIGNMENT(.rel.bss))

.rela.bss       0x0000000000021770        0x0
 *(SORT_BY_ALIGNMENT(.rela.bss))
 .rela.bss      0x0000000000021770        0x0 ./darknetp_ta.o

.rel.plt
 *(SORT_BY_ALIGNMENT(.rel.plt))

.rela.plt       0x0000000000021770        0x0
 *(SORT_BY_ALIGNMENT(.rela.plt))
 .rela.plt      0x0000000000021770        0x0 ./darknetp_ta.o

.data           0x0000000000021770      0x1d4
 *(SORT_BY_ALIGNMENT(.data) SORT_BY_ALIGNMENT(.data.*) SORT_BY_ALIGNMENT(.gnu.linkonce.d.*))
 .data.rel.ro.local
                0x0000000000021770      0x108 ./user_ta_header.o
                0x0000000000021770                ta_props
 .data.rel.local
                0x0000000000021878       0x30 /home/avees/Linux_for_Tegra/sources/tegra/optee-src/nv-optee/optee/build/t234/export-ta_arm64/lib/libutils.a(bget_malloc.o)
 .data          0x00000000000218a8        0x8 /home/avees/Linux_for_Tegra/sources/tegra/optee-src/nv-optee/optee/build/t234/export-ta_arm64/lib/libutils.a(stack_check.o)
                0x00000000000218a8                __stack_chk_guard
 .data.rel.local
                0x00000000000218b0       0x20 /home/avees/Linux_for_Tegra/sources/tegra/optee-src/nv-optee/optee/build/t234/export-ta_arm64/lib/libutee.a(user_ta_entry.o)
 .data.rel.ro.local
                0x00000000000218d0       0x60 /home/avees/Linux_for_Tegra/sources/tegra/optee-src/nv-optee/optee/build/t234/export-ta_arm64/lib/libutee.a(tee_api_property.o)
                0x00000000000218d0                tee_props
 .data.rel      0x0000000000021930        0x8 /home/avees/Linux_for_Tegra/sources/tegra/optee-src/nv-optee/optee/build/t234/export-ta_arm64/lib/libmbedtls.a(platform_util.o)
 .data          0x0000000000021938        0x4 ./darknetp_ta.o
                0x0000000000021938                norm_output
 .data          0x000000000002193c        0x4 ./network_TA.o
                0x000000000002193c                avg_loss
 .data          0x0000000000021940        0x4 ./user_ta_header.o
                0x0000000000021940                trace_level
 .data.rel.ro   0x0000000000021944        0x0 ./darknetp_ta.o
 .data          0x0000000000021944        0x0 ./utils_TA.o
 .data          0x0000000000021944        0x0 ./activations_TA.o
 .data          0x0000000000021944        0x0 ./connected_layer_TA.o
 .data          0x0000000000021944        0x0 ./math_TA.o
 .data          0x0000000000021944        0x0 ./parser_TA.o
 .data          0x0000000000021944        0x0 ./blas_TA.o
 .data          0x0000000000021944        0x0 ./maxpool_layer_TA.o
 .data          0x0000000000021944        0x0 ./softmax_layer_TA.o
 .data          0x0000000000021944        0x0 ./aes_TA.o
 .data          0x0000000000021944        0x0 ./im2col_TA.o
 .data          0x0000000000021944        0x0 ./batchnorm_layer_TA.o
 .data          0x0000000000021944        0x0 ./dropout_layer_TA.o
 .data          0x0000000000021944        0x0 ./convolutional_layer_TA.o
 .data          0x0000000000021944        0x0 ./cost_layer_TA.o
 .data          0x0000000000021944        0x0 ./avgpool_layer_TA.o
 .data          0x0000000000021944        0x0 ./col2im_TA.o
 .data          0x0000000000021944        0x0 ./gemm_TA.o
 .data          0x0000000000021944        0x0 ./diffprivate_TA.o
 .data          0x0000000000021944        0x0 /home/avees/Linux_for_Tegra/sources/tegra/optee-src/nv-optee/optee/build/t234/export-ta_arm64/lib/libutils.a(bget_malloc.o)
 .data          0x0000000000021944        0x0 /home/avees/Linux_for_Tegra/sources/tegra/optee-src/nv-optee/optee/build/t234/export-ta_arm64/lib/libutils.a(memcpy.o)
 .data          0x0000000000021944        0x0 /home/avees/Linux_for_Tegra/sources/tegra/optee-src/nv-optee/optee/build/t234/export-ta_arm64/lib/libutils.a(memset.o)
 .data          0x0000000000021944        0x0 /home/avees/Linux_for_Tegra/sources/tegra/optee-src/nv-optee/optee/build/t234/export-ta_arm64/lib/libutils.a(strcmp.o)
 .data          0x0000000000021944        0x0 /home/avees/Linux_for_Tegra/sources/tegra/optee-src/nv-optee/optee/build/t234/export-ta_arm64/lib/libutils.a(strncmp.o)
 .data          0x0000000000021944        0x0 /home/avees/Linux_for_Tegra/sources/tegra/optee-src/nv-optee/optee/build/t234/export-ta_arm64/lib/libutils.a(trace.o)
 .data          0x0000000000021944        0x0 /home/avees/Linux_for_Tegra/sources/tegra/optee-src/nv-optee/optee/build/t234/export-ta_arm64/lib/libutils.a(snprintk.o)
 .data          0x0000000000021944        0x0 /home/avees/Linux_for_Tegra/sources/tegra/optee-src/nv-optee/optee/build/t234/export-ta_arm64/lib/libutils.a(memchr.o)
 .data          0x0000000000021944        0x0 /home/avees/Linux_for_Tegra/sources/tegra/optee-src/nv-optee/optee/build/t234/export-ta_arm64/lib/libutils.a(strlen.o)
 .data          0x0000000000021944        0x0 /home/avees/Linux_for_Tegra/sources/tegra/optee-src/nv-optee/optee/build/t234/export-ta_arm64/lib/libutee.a(assert.o)
 .data          0x0000000000021944        0x0 /home/avees/Linux_for_Tegra/sources/tegra/optee-src/nv-optee/optee/build/t234/export-ta_arm64/lib/libutee.a(trace_ext.o)
 .data          0x0000000000021944        0x0 /home/avees/Linux_for_Tegra/sources/tegra/optee-src/nv-optee/optee/build/t234/export-ta_arm64/lib/libutee.a(tee_api.o)
 .data          0x0000000000021944        0x0 /home/avees/Linux_for_Tegra/sources/tegra/optee-src/nv-optee/optee/build/t234/export-ta_arm64/lib/libutee.a(tee_api_operations.o)
 .data          0x0000000000021944        0x0 /home/avees/Linux_for_Tegra/sources/tegra/optee-src/nv-optee/optee/build/t234/export-ta_arm64/lib/libutee.a(tee_api_panic.o)
 .data          0x0000000000021944        0x0 /home/avees/Linux_for_Tegra/sources/tegra/optee-src/nv-optee/optee/build/t234/export-ta_arm64/lib/libutee.a(tee_system_pta.o)
 .data          0x0000000000021944        0x0 /home/avees/Linux_for_Tegra/sources/tegra/optee-src/nv-optee/optee/build/t234/export-ta_arm64/lib/libutee.a(user_ta_entry.o)
 .data          0x0000000000021944        0x0 /home/avees/Linux_for_Tegra/sources/tegra/optee-src/nv-optee/optee/build/t234/export-ta_arm64/lib/libutee.a(utee_syscalls_a64.o)
 .data          0x0000000000021944        0x0 /home/avees/Linux_for_Tegra/sources/tegra/optee-src/nv-optee/optee/build/t234/export-ta_arm64/lib/libutee.a(abort.o)
 .data          0x0000000000021944        0x0 /home/avees/Linux_for_Tegra/sources/tegra/optee-src/nv-optee/optee/build/t234/export-ta_arm64/lib/libutee.a(tee_api_arith_mpi.o)
 .data          0x0000000000021944        0x0 /home/avees/Linux_for_Tegra/sources/tegra/optee-src/nv-optee/optee/build/t234/export-ta_arm64/lib/libutee.a(tee_api_objects.o)
 .data          0x0000000000021944        0x0 /home/avees/Linux_for_Tegra/sources/tegra/optee-src/nv-optee/optee/build/t234/export-ta_arm64/lib/libutee.a(tee_api_property.o)
 .data          0x0000000000021944        0x0 /home/avees/Linux_for_Tegra/sources/tegra/optee-src/nv-optee/optee/build/t234/export-ta_arm64/lib/libutee.a(tcb.o)
 .data          0x0000000000021944        0x0 /home/avees/Linux_for_Tegra/sources/tegra/optee-src/nv-optee/optee/build/t234/export-ta_arm64/lib/libutee.a(base64.o)
 .data          0x0000000000021944        0x0 /home/avees/Linux_for_Tegra/sources/tegra/optee-src/nv-optee/optee/build/t234/export-ta_arm64/lib/libmbedtls.a(bignum.o)
 .data          0x0000000000021944        0x0 /home/avees/Linux_for_Tegra/sources/tegra/optee-src/nv-optee/optee/build/t234/export-ta_arm64/lib/libmbedtls.a(constant_time.o)
 .data          0x0000000000021944        0x0 /home/avees/Linux_for_Tegra/sources/tegra/optee-src/nv-optee/optee/build/t234/export-ta_arm64/lib/libmbedtls.a(platform_util.o)
 .data          0x0000000000021944        0x0 /home/avees/Linux_for_Tegra/sources/tegra/optee-src/nv-optee/optee/build/t234/export-ta_arm64/lib/libutils.a(snprintf.o)
 .data          0x0000000000021944        0x0 /home/avees/Linux_for_Tegra/sources/tegra/optee-src/nv-optee/optee/build/t234/export-ta_arm64/lib/libutils.a(memmove.o)
 .data          0x0000000000021944        0x0 /home/avees/Linux_for_Tegra/sources/tegra/optee-src/nv-optee/optee/build/t234/export-ta_arm64/lib/libutils.a(strlcpy.o)
 .data          0x0000000000021944        0x0 /home/avees/Linux_for_Tegra/sources/tegra/optee-src/nv-optee/optee/build/t234/export-ta_arm64/lib/libutils.a(mempool.o)
 .data          0x0000000000021944        0x0 /home/avees/Linux_for_Tegra/sources/tegra/optee-src/nv-optee/optee/build/t234/export-ta_arm64/lib/libutils.a(consttime_memcmp.o)

.bss            0x0000000000021948   0xa65c88
 *(SORT_BY_ALIGNMENT(.bss) SORT_BY_ALIGNMENT(.bss.*) SORT_BY_ALIGNMENT(.gnu.linkonce.b.*) SORT_BY_ALIGNMENT(COMMON))
 .bss           0x0000000000021948    0x61a9c ./darknetp_ta.o
                0x00000000000833d8                debug_summary_pass
                0x00000000000833dc                debug_summary_com
                0x00000000000833e0                netnum
 *fill*         0x00000000000833e4        0x4 
 COMMON         0x00000000000833e8        0x8 ./darknetp_ta.o
                0x00000000000833e8                netta_truth
 COMMON         0x00000000000833f0      0x130 ./network_TA.o
                0x00000000000833f0                ta_net_delta
                0x00000000000833f8                ta_net_input
                0x0000000000083400                netta
                0x0000000000083518                ta_net_output
 .bss           0x0000000000083520       0x10 /home/avees/Linux_for_Tegra/sources/tegra/optee-src/nv-optee/optee/build/t234/export-ta_arm64/lib/libutee.a(tee_api.o)
 .bss           0x0000000000083530        0x8 /home/avees/Linux_for_Tegra/sources/tegra/optee-src/nv-optee/optee/build/t234/export-ta_arm64/lib/libutee.a(tee_system_pta.o)
 .bss           0x0000000000083538        0x9 /home/avees/Linux_for_Tegra/sources/tegra/optee-src/nv-optee/optee/build/t234/export-ta_arm64/lib/libutee.a(user_ta_entry.o)
 *fill*         0x0000000000083541        0x7 
 COMMON         0x0000000000083548       0x60 /home/avees/Linux_for_Tegra/sources/tegra/optee-src/nv-optee/optee/build/t234/export-ta_arm64/lib/libutee.a(user_ta_entry.o)
                0x0000000000083548                ta_param_types
                0x0000000000083550                __ta_no_share_malloc_ctx
                0x0000000000083558                ta_params
                0x0000000000083598                __elf_phdr_info
 .bss           0x00000000000835a8     0x4000 /home/avees/Linux_for_Tegra/sources/tegra/optee-src/nv-optee/optee/build/t234/export-ta_arm64/lib/libutee.a(tee_api_arith_mpi.o)
 .bss           0x00000000000875a8       0x10 /home/avees/Linux_for_Tegra/sources/tegra/optee-src/nv-optee/optee/build/t234/export-ta_arm64/lib/libutee.a(tcb.o)
 COMMON         0x00000000000875b8        0x8 /home/avees/Linux_for_Tegra/sources/tegra/optee-src/nv-optee/optee/build/t234/export-ta_arm64/lib/libmbedtls.a(bignum.o)
                0x00000000000875b8                mbedtls_mpi_mempool
 .bss           0x00000000000875c0        0x8 ./utils_TA.o
 .bss           0x00000000000875c8        0x8 ./network_TA.o
                0x00000000000875c8                err_sum
                0x00000000000875cc                roundnum
 .bss           0x00000000000875d0        0x0 ./activations_TA.o
 .bss           0x00000000000875d0        0x0 ./connected_layer_TA.o
 .bss           0x00000000000875d0        0x0 ./math_TA.o
 .bss           0x00000000000875d0        0x0 ./parser_TA.o
 .bss           0x00000000000875d0        0x0 ./blas_TA.o
 .bss           0x00000000000875d0        0x0 ./maxpool_layer_TA.o
 .bss           0x00000000000875d0        0x0 ./softmax_layer_TA.o
 .bss           0x00000000000875d0        0x0 ./aes_TA.o
 .bss           0x00000000000875d0        0x0 ./im2col_TA.o
 .bss           0x00000000000875d0        0x0 ./batchnorm_layer_TA.o
 .bss           0x00000000000875d0        0x0 ./dropout_layer_TA.o
 .bss           0x00000000000875d0        0x0 ./convolutional_layer_TA.o
 .bss           0x00000000000875d0        0x0 ./cost_layer_TA.o
 .bss           0x00000000000875d0        0x0 ./avgpool_layer_TA.o
 .bss           0x00000000000875d0        0x0 ./col2im_TA.o
 .bss           0x00000000000875d0        0x0 ./gemm_TA.o
 .bss           0x00000000000875d0        0x0 ./diffprivate_TA.o
 .bss           0x00000000000875d0        0x0 ./user_ta_header.o
 COMMON         0x00000000000875d0   0xa00000 ./user_ta_header.o
                0x00000000000875d0                ta_heap
                0x0000000000a875d0                __ta_no_share_heap
 .bss           0x0000000000a875d0        0x0 /home/avees/Linux_for_Tegra/sources/tegra/optee-src/nv-optee/optee/build/t234/export-ta_arm64/lib/libutils.a(bget_malloc.o)
 .bss           0x0000000000a875d0        0x0 /home/avees/Linux_for_Tegra/sources/tegra/optee-src/nv-optee/optee/build/t234/export-ta_arm64/lib/libutils.a(stack_check.o)
 .bss           0x0000000000a875d0        0x0 /home/avees/Linux_for_Tegra/sources/tegra/optee-src/nv-optee/optee/build/t234/export-ta_arm64/lib/libutils.a(memcpy.o)
 .bss           0x0000000000a875d0        0x0 /home/avees/Linux_for_Tegra/sources/tegra/optee-src/nv-optee/optee/build/t234/export-ta_arm64/lib/libutils.a(memset.o)
 .bss           0x0000000000a875d0        0x0 /home/avees/Linux_for_Tegra/sources/tegra/optee-src/nv-optee/optee/build/t234/export-ta_arm64/lib/libutils.a(strcmp.o)
 .bss           0x0000000000a875d0        0x0 /home/avees/Linux_for_Tegra/sources/tegra/optee-src/nv-optee/optee/build/t234/export-ta_arm64/lib/libutils.a(strncmp.o)
 .bss           0x0000000000a875d0        0x0 /home/avees/Linux_for_Tegra/sources/tegra/optee-src/nv-optee/optee/build/t234/export-ta_arm64/lib/libutils.a(trace.o)
 .bss           0x0000000000a875d0        0x0 /home/avees/Linux_for_Tegra/sources/tegra/optee-src/nv-optee/optee/build/t234/export-ta_arm64/lib/libutils.a(snprintk.o)
 .bss           0x0000000000a875d0        0x0 /home/avees/Linux_for_Tegra/sources/tegra/optee-src/nv-optee/optee/build/t234/export-ta_arm64/lib/libutils.a(memchr.o)
 .bss           0x0000000000a875d0        0x0 /home/avees/Linux_for_Tegra/sources/tegra/optee-src/nv-optee/optee/build/t234/export-ta_arm64/lib/libutils.a(strlen.o)
 .bss           0x0000000000a875d0        0x0 /home/avees/Linux_for_Tegra/sources/tegra/optee-src/nv-optee/optee/build/t234/export-ta_arm64/lib/libutee.a(assert.o)
 .bss           0x0000000000a875d0        0x0 /home/avees/Linux_for_Tegra/sources/tegra/optee-src/nv-optee/optee/build/t234/export-ta_arm64/lib/libutee.a(trace_ext.o)
 .bss           0x0000000000a875d0        0x0 /home/avees/Linux_for_Tegra/sources/tegra/optee-src/nv-optee/optee/build/t234/export-ta_arm64/lib/libutee.a(tee_api_operations.o)