Archive member included to satisfy reference by file (symbol)

/home/avees/Linux_for_Tegra/sources/tegra/optee-src/nv-optee/optee/build/t234/export-ta_arm64/lib/libutils.a(bget_malloc.o)
                              ./darknetp_ta.o (malloc)
/home/avees/Linux_for_Tegra/sources/tegra/optee-src/nv-optee/optee/build/t234/export-ta_arm64/lib/libutils.a(stack_check.o)
                              ./darknetp_ta.o (__stack_chk_fail)
/home/avees/Linux_for_Tegra/sources/tegra/optee-src/nv-optee/optee/build/t234/export-ta_arm64/lib/libutils.a(memcpy.o)
                              ./darknetp_ta.o (memcpy)
/home/avees/Linux_for_Tegra/sources/tegra/optee-src/nv-optee/optee/build/t234/export-ta_arm64/lib/libutils.a(memset.o)
                              ./connected_layer_TA.o (memset)
/home/avees/Linux_for_Tegra/sources/tegra/optee-src/nv-optee/optee/build/t234/export-ta_arm64/lib/libutils.a(strcmp.o)
                              ./activations_TA.o (strcmp)
/home/avees/Linux_for_Tegra/sources/tegra/optee-src/nv-optee/optee/build/t234/export-ta_arm64/lib/libutils.a(strncmp.o)
                              ./parser_TA.o (strncmp)
/home/avees/Linux_for_Tegra/sources/tegra/optee-src/nv-optee/optee/build/t234/export-ta_arm64/lib/libutils.a(trace.o)
                              ./darknetp_ta.o (trace_printf)
/home/avees/Linux_for_Tegra/sources/tegra/optee-src/nv-optee/optee/build/t234/export-ta_arm64/lib/libutils.a(snprintk.o)
                              /home/avees/Linux_for_Tegra/sources/tegra/optee-src/nv-optee/optee/build/t234/export-ta_arm64/lib/libutils.a(trace.o) (vsnprintk)
/home/avees/Linux_for_Tegra/sources/tegra/optee-src/nv-optee/optee/build/t234/export-ta_arm64/lib/libutils.a(memchr.o)
                              /home/avees/Linux_for_Tegra/sources/tegra/optee-src/nv-optee/optee/build/t234/export-ta_arm64/lib/libutils.a(snprintk.o) (memchr)
/home/avees/Linux_for_Tegra/sources/tegra/optee-src/nv-optee/optee/build/t234/export-ta_arm64/lib/libutils.a(strlen.o)
                              /home/avees/Linux_for_Tegra/sources/tegra/optee-src/nv-optee/optee/build/t234/export-ta_arm64/lib/libutils.a(snprintk.o) (strlen)
/home/avees/Linux_for_Tegra/sources/tegra/optee-src/nv-optee/optee/build/t234/export-ta_arm64/lib/libutee.a(assert.o)
                              ./softmax_layer_TA.o (_assert_log)
/home/avees/Linux_for_Tegra/sources/tegra/optee-src/nv-optee/optee/build/t234/export-ta_arm64/lib/libutee.a(trace_ext.o)
                              /home/avees/Linux_for_Tegra/sources/tegra/optee-src/nv-optee/optee/build/t234/export-ta_arm64/lib/libutils.a(trace.o) (trace_ext_puts)
/home/avees/Linux_for_Tegra/sources/tegra/optee-src/nv-optee/optee/build/t234/export-ta_arm64/lib/libutee.a(tee_api.o)
                              ./darknetp_ta.o (TEE_MemMove)
/home/avees/Linux_for_Tegra/sources/tegra/optee-src/nv-optee/optee/build/t234/export-ta_arm64/lib/libutee.a(tee_api_operations.o)
                              ./math_TA.o (TEE_GenerateRandom)
/home/avees/Linux_for_Tegra/sources/tegra/optee-src/nv-optee/optee/build/t234/export-ta_arm64/lib/libutee.a(tee_api_panic.o)
                              /home/avees/Linux_for_Tegra/sources/tegra/optee-src/nv-optee/optee/build/t234/export-ta_arm64/lib/libutee.a(tee_api.o) (TEE_Panic)
/home/avees/Linux_for_Tegra/sources/tegra/optee-src/nv-optee/optee/build/t234/export-ta_arm64/lib/libutee.a(tee_system_pta.o)
                              /home/avees/Linux_for_Tegra/sources/tegra/optee-src/nv-optee/optee/build/t234/export-ta_arm64/lib/libutee.a(tee_api.o) (tee_map_zi)
/home/avees/Linux_for_Tegra/sources/tegra/optee-src/nv-optee/optee/build/t234/export-ta_arm64/lib/libutee.a(user_ta_entry.o)
                              ./user_ta_header.o (__utee_entry)
/home/avees/Linux_for_Tegra/sources/tegra/optee-src/nv-optee/optee/build/t234/export-ta_arm64/lib/libutee.a(utee_syscalls_a64.o)
                              /home/avees/Linux_for_Tegra/sources/tegra/optee-src/nv-optee/optee/build/t234/export-ta_arm64/lib/libutils.a(stack_check.o) (_utee_panic)
/home/avees/Linux_for_Tegra/sources/tegra/optee-src/nv-optee/optee/build/t234/export-ta_arm64/lib/libutee.a(abort.o)
                              /home/avees/Linux_for_Tegra/sources/tegra/optee-src/nv-optee/optee/build/t234/export-ta_arm64/lib/libutee.a(user_ta_entry.o) (abort)
/home/avees/Linux_for_Tegra/sources/tegra/optee-src/nv-optee/optee/build/t234/export-ta_arm64/lib/libutee.a(tee_api_arith_mpi.o)
                              /home/avees/Linux_for_Tegra/sources/tegra/optee-src/nv-optee/optee/build/t234/export-ta_arm64/lib/libutee.a(user_ta_entry.o) (_TEE_MathAPI_Init)
/home/avees/Linux_for_Tegra/sources/tegra/optee-src/nv-optee/optee/build/t234/export-ta_arm64/lib/libutee.a(tee_api_objects.o)
                              /home/avees/Linux_for_Tegra/sources/tegra/optee-src/nv-optee/optee/build/t234/export-ta_arm64/lib/libutee.a(tee_api_operations.o) (__utee_from_attr)
[...]
Memory Configuration

Name             Origin             Length             Attributes
*default*        0x0000000000000000 0xffffffffffffffff

Linker script and memory map


.ta_head        0x0000000000000000       0x20
 *(SORT_BY_ALIGNMENT(.ta_head))
 .ta_head       0x0000000000000000       0x20 ./user_ta_header.o
                0x0000000000000000                ta_head

.text           0x0000000000000020    0x19a8c
                0x0000000000000020                __text_start = .
 *(SORT_BY_ALIGNMENT(.text) SORT_BY_ALIGNMENT(.text.*))
 .text          0x0000000000000020       0xec /home/avees/Linux_for_Tegra/sources/tegra/optee-src/nv-optee/optee/build/t234/export-ta_arm64/lib/libutils.a(memcpy.o)
                0x0000000000000020                memcpy
 .text          0x000000000000010c      0xff0 ./darknetp_ta.o
                0x00000000000007f4                summary_array
                0x0000000000000944                TA_CreateEntryPoint
                0x000000000000097c                TA_DestroyEntryPoint
                0x00000000000009a0                TA_OpenSessionEntryPoint
                0x0000000000000a10                TA_CloseSessionEntryPoint
                0x0000000000000a34                TA_InvokeCommandEntryPoint
 .text          0x00000000000010fc      0x158 ./utils_TA.o
                0x00000000000010fc                sum_array_TA
                0x0000000000001120                rand_uniform_TA
                0x000000000000115c                rand_normal_TA
 .text          0x0000000000001254      0x790 ./activations_TA.o
                0x0000000000001254                get_activation_string_TA
                0x000000000000131c                get_activation_TA
                0x00000000000014bc                activate_TA
                0x000000000000176c                activate_array_TA
                0x00000000000017c0                gradient_TA
                0x000000000000197c                gradient_array_TA
 .text          0x00000000000019e4      0x6f0 ./connected_layer_TA.o
                0x00000000000019e4                forward_connected_layer_TA_new
                0x0000000000001adc                backward_connected_layer_TA_new
                0x0000000000001c10                update_connected_layer_TA_new
                0x0000000000001d38                make_connected_layer_TA_new
 .text          0x00000000000020d4      0x95c ./math_TA.o
                0x00000000000020d4                ta_max
                0x00000000000020e0                ta_pow
                0x0000000000002130                ta_eee
                0x00000000000021d0                ta_exp
                0x000000000000222c                ta_rand
                0x00000000000022c4                ta_floor
                0x00000000000022d8                ta_sqrt
                0x000000000000234c                F1
                0x0000000000002358                F2
                0x0000000000002380                simpson
                0x0000000000002414                asr
                0x00000000000024f8                asr0
                0x0000000000002548                ta_ln
                0x0000000000002560                ta_log
                0x0000000000002594                ta_cos
                0x00000000000026e4                ta_sin
                0x0000000000002838                ta_tan
                0x0000000000002868                reverse
                0x000000000000289c                intToStr
                0x000000000000293c                ftoa
                0x00000000000029e4                bubble_sort_top
 .text          0x0000000000002a30      0x510 ./parser_TA.o
                0x0000000000002a30                aes_cbc_TA
                0x0000000000002c58                transpose_matrix_TA
                0x0000000000002cfc                load_weights_TA
                0x0000000000002e68                save_weights_TA
 .text          0x0000000000002f40      0x638 ./blas_TA.o
                0x0000000000002f40                fill_cpu_TA
                0x0000000000002f60                copy_cpu_TA
                0x0000000000002f88                mean_cpu_TA
                0x0000000000003014                variance_cpu_TA
                0x0000000000003124                scal_cpu_TA
                0x000000000000314c                axpy_cpu_TA
                0x000000000000317c                normalize_cpu_TA
                0x000000000000326c                softmax_TA
                0x0000000000003354                softmax_cpu_TA
                0x0000000000003410                softmax_x_ent_cpu_TA
                0x000000000000349c                smooth_l1_cpu_TA
                0x0000000000003500                l1_cpu_TA
                0x0000000000003548                l2_cpu_TA
 .text          0x0000000000003578      0x410 ./maxpool_layer_TA.o
                0x0000000000003578                forward_maxpool_layer_TA_new
                0x0000000000003758                backward_maxpool_layer_TA_new
                0x00000000000037b0                make_maxpool_layer_TA
                0x00000000000038e0                resize_maxpool_layer_TA
 .text          0x0000000000003988      0x7a4 ./network_TA.o
                0x0000000000003988                make_network_TA
                0x0000000000003b14                update_network_TA
                0x0000000000003bd0                calc_network_cost_TA
                0x0000000000003c48                forward_network_TA
                0x0000000000003e64                calc_network_loss_TA
                0x0000000000003f68                backward_network_TA
 .text          0x000000000000412c      0x278 ./softmax_layer_TA.o
                0x000000000000412c                forward_softmax_layer_TA
                0x000000000000424c                backward_softmax_layer_TA
                0x0000000000004270                make_softmax_layer_TA_new
 .text          0x00000000000043a4      0x8d8 ./aes_TA.o
                0x00000000000049cc                AES_init_ctx
                0x00000000000049d0                AES_init_ctx_iv
                0x00000000000049f8                AES_ctx_set_iv
                0x0000000000004a04                AES_ECB_encrypt
                0x0000000000004a14                AES_ECB_decrypt
                0x0000000000004a24                AES_CBC_encrypt_buffer
                0x0000000000004ab0                AES_CBC_decrypt_buffer
                0x0000000000004b88                AES_CTR_xcrypt_buffer
 .text          0x0000000000004c7c      0x17c ./im2col_TA.o
                0x0000000000004c7c                im2col_get_pixel_TA
                0x0000000000004cb0                im2col_cpu_TA
 .text          0x0000000000004df8      0x724 ./batchnorm_layer_TA.o
                0x0000000000004df8                forward_batchnorm_layer_TA
                0x0000000000004fd4                backward_scale_cpu_TA
                0x000000000000504c                mean_delta_cpu_TA
                0x0000000000005140                variance_delta_cpu_TA
                0x0000000000005258                normalize_delta_cpu_TA
                0x000000000000539c                backward_batchnorm_layer_TA
 .text          0x000000000000551c      0x20c ./dropout_layer_TA.o
                0x000000000000551c                forward_dropout_layer_TA_new
                0x0000000000005550                backward_dropout_layer_TA_new
                0x00000000000055b4                make_dropout_layer_TA_new
                0x00000000000056f0                resize_dropout_layer_TA
 .text          0x0000000000005728      0xe4c ./convolutional_layer_TA.o
                0x0000000000005728                update_convolutional_layer_TA_new
                0x0000000000005848                swap_binary_TA
                0x000000000000585c                add_bias_TA
                0x00000000000058c4                scale_bias_TA
                0x000000000000592c                backward_bias_TA
                0x00000000000059cc                backward_convolutional_layer_TA_new
                0x0000000000005cb4                convolutional_out_height_TA
                0x0000000000005cd8                convolutional_out_width_TA
                0x0000000000005cfc                binarize_weights_TA
                0x0000000000005d84                binarize_cpu_TA
                0x0000000000005db4                forward_convolutional_layer_TA_new
                0x0000000000006004                make_convolutional_layer_TA_new
 .text          0x0000000000006574      0x31c ./cost_layer_TA.o
                0x0000000000006574                forward_cost_layer_TA
                0x0000000000006644                backward_cost_layer_TA
                0x0000000000006668                get_cost_type_TA
                0x0000000000006748                get_cost_string_TA
                0x00000000000067b4                make_cost_layer_TA_new
 .text          0x0000000000006890      0x20c ./avgpool_layer_TA.o
                0x0000000000006890                forward_avgpool_layer_TA_new
                0x0000000000006930                backward_avgpool_layer_TA_new
                0x00000000000069c4                make_avgpool_layer_TA
                0x0000000000006a84                resize_avgpool_layer_TA
 .text          0x0000000000006a9c      0x17c ./col2im_TA.o
                0x0000000000006a9c                col2im_add_pixel_TA
                0x0000000000006ad4                col2im_cpu_TA
 .text          0x0000000000006c18      0x2c0 ./gemm_TA.o
                0x0000000000006c18                gemm_nn_TA
                0x0000000000006c9c                gemm_nt_TA
                0x0000000000006d24                gemm_tn_TA
                0x0000000000006da4                gemm_tt_TA
                0x0000000000006e2c                gemm_cpu_TA
                0x0000000000006ed4                gemm_TA
 .text          0x0000000000006ed8       0xc4 ./diffprivate_TA.o
                0x0000000000006ed8                diff_private_SGD
 .text          0x0000000000006f9c       0x1c ./user_ta_header.o
                0x0000000000006f9c                __ta_entry
                0x0000000000006fb0                tahead_get_trace_level
 .text          0x0000000000006fb8      0xd48 /home/avees/Linux_for_Tegra/sources/tegra/optee-src/nv-optee/optee/build/t234/export-ta_arm64/lib/libutils.a(bget_malloc.o)
                0x0000000000006ff0                bget
                0x00000000000072b8                bgetz
                0x0000000000007340                brel
                0x00000000000075c4                bgetr
                0x0000000000007694                bpool
                0x0000000000007764                raw_memalign
                0x00000000000077b8                raw_malloc
                0x00000000000077c8                raw_free
                0x00000000000077d8                raw_calloc
                0x0000000000007828                raw_realloc
                0x0000000000007910                malloc
                0x0000000000007928                calloc
                0x0000000000007944                realloc
                0x000000000000795c                memalign
                0x0000000000007978                aligned_alloc
                0x0000000000007990                free
                0x00000000000079a0                free_wipe
                0x00000000000079b0                raw_malloc_get_ctx_size
                0x00000000000079b8                raw_malloc_init_ctx
                0x00000000000079e4                raw_malloc_add_pool
                0x0000000000007af4                raw_malloc_buffer_overlaps_heap
                0x0000000000007b74                raw_malloc_buffer_is_within_alloced
                0x0000000000007cc4                malloc_add_pool
                0x0000000000007cd8                malloc_buffer_is_within_alloced
                0x0000000000007cec                malloc_buffer_overlaps_heap
 .text          0x0000000000007d00       0x30 /home/avees/Linux_for_Tegra/sources/tegra/optee-src/nv-optee/optee/build/t234/export-ta_arm64/lib/libutils.a(stack_check.o)
                0x0000000000007d00                __stack_chk_fail
 .text          0x0000000000007d30       0x1c /home/avees/Linux_for_Tegra/sources/tegra/optee-src/nv-optee/optee/build/t234/export-ta_arm64/lib/libutils.a(memset.o)
                0x0000000000007d30                memset
 .text          0x0000000000007d4c       0x24 /home/avees/Linux_for_Tegra/sources/tegra/optee-src/nv-optee/optee/build/t234/export-ta_arm64/lib/libutils.a(strcmp.o)
                0x0000000000007d4c                strcmp
 .text          0x0000000000007d70       0x3c /home/avees/Linux_for_Tegra/sources/tegra/optee-src/nv-optee/optee/build/t234/export-ta_arm64/lib/libutils.a(strncmp.o)
                0x0000000000007d70                strncmp
 .text          0x0000000000007dac      0x5cc /home/avees/Linux_for_Tegra/sources/tegra/optee-src/nv-optee/optee/build/t234/export-ta_arm64/lib/libutils.a(trace.o)
                0x0000000000007eb8                trace_set_level
                0x0000000000007ed4                trace_get_level
                0x0000000000007ee4                trace_vprintf
                0x0000000000008100                trace_printf
                0x00000000000081e0                dhex_dump
 .text          0x0000000000008378      0xe10 /home/avees/Linux_for_Tegra/sources/tegra/optee-src/nv-optee/optee/build/t234/export-ta_arm64/lib/libutils.a(snprintk.o)
                0x0000000000008378                __vsnprintf
                0x0000000000008438                vsnprintk
                0x0000000000008490                snprintk
                0x000000000000913c                __vsprintf
 .text          0x0000000000009188       0x2c /home/avees/Linux_for_Tegra/sources/tegra/optee-src/nv-optee/optee/build/t234/export-ta_arm64/lib/libutils.a(memchr.o)
                0x0000000000009188                memchr
 .text          0x00000000000091b4       0x1c /home/avees/Linux_for_Tegra/sources/tegra/optee-src/nv-optee/optee/build/t234/export-ta_arm64/lib/libutils.a(strlen.o)
                0x00000000000091b4                strlen
 .text          0x00000000000091d0       0x58 /home/avees/Linux_for_Tegra/sources/tegra/optee-src/nv-optee/optee/build/t234/export-ta_arm64/lib/libutee.a(assert.o)
                0x00000000000091d0                _assert_log
                0x0000000000009214                _assert_break
 .text          0x0000000000009228      0x1e0 /home/avees/Linux_for_Tegra/sources/tegra/optee-src/nv-optee/optee/build/t234/export-ta_arm64/lib/libutee.a(trace_ext.o)
                0x0000000000009228                trace_ext_puts
                0x0000000000009250                trace_ext_get_thread_id
                0x0000000000009258                printf
                0x0000000000009358                puts
                0x0000000000009398                putchar
 .text          0x0000000000009408     0x10c0 /home/avees/Linux_for_Tegra/sources/tegra/optee-src/nv-optee/optee/build/t234/export-ta_arm64/lib/libutee.a(tee_api.o)
                0x00000000000097b8                TEE_CloseTASession
                0x00000000000097e0                TEE_GetCancellationFlag
                0x0000000000009840                TEE_UnmaskCancellation
                0x00000000000098a0                TEE_MaskCancellation
                0x0000000000009900                TEE_CheckMemoryAccessRights
                0x0000000000009b24                TEE_OpenTASession
                0x0000000000009c78                __GP11_TEE_OpenTASession
                0x0000000000009dc0                TEE_InvokeTACommand
                0x0000000000009f44                __GP11_TEE_InvokeTACommand
                0x000000000000a0bc                __GP11_TEE_CheckMemoryAccessRights
                0x000000000000a0c4                TEE_SetInstanceData
                0x000000000000a0d0                TEE_GetInstanceData
                0x000000000000a0dc                TEE_MemMove
                0x000000000000a0e0                __GP11_TEE_MemMove
                0x000000000000a0e8                TEE_MemCompare
                0x000000000000a0ec                __GP11_TEE_MemCompare
                0x000000000000a0f4                TEE_MemFill
                0x000000000000a0f8                __GP11_TEE_MemFill
                0x000000000000a100                TEE_GetSystemTime
                0x000000000000a128                TEE_Wait
                0x000000000000a164                TEE_GetTAPersistentTime
                0x000000000000a1d8                TEE_SetTAPersistentTime
                0x000000000000a21c                TEE_GetREETime
                0x000000000000a244                TEE_Malloc
                0x000000000000a368                __GP11_TEE_Malloc
                0x000000000000a370                TEE_Free
                0x000000000000a3d0                TEE_Realloc
                0x000000000000a4a8                __GP11_TEE_Realloc
                0x000000000000a4b0                TEE_CacheClean
                0x000000000000a4b8                TEE_CacheFlush
                0x000000000000a4c0                TEE_CacheInvalidate
 .text          0x000000000000a4c8     0x472c /home/avees/Linux_for_Tegra/sources/tegra/optee-src/nv-optee/optee/build/t234/export-ta_arm64/lib/libutee.a(tee_api_operations.o)
                0x000000000000abf4                TEE_FreeOperation
                0x000000000000ac34                TEE_AllocateOperation
                0x000000000000b96c                __GP11_TEE_FreeOperation
                0x000000000000b998                TEE_GetOperationInfo
                0x000000000000b9ec                TEE_GetOperationInfoMultiple
                0x000000000000bb9c                __GP11_TEE_GetOperationInfoMultiple
                0x000000000000bc24                TEE_ResetOperation
                0x000000000000bc60                TEE_SetOperationKey
                0x000000000000bdac                __GP11_TEE_SetOperationKey
                0x000000000000bde8                TEE_SetOperationKey2
                0x000000000000be08                __GP11_TEE_SetOperationKey2
                0x000000000000be54                TEE_CopyOperation
                0x000000000000bfb0                TEE_DigestUpdate
                0x000000000000c020                __GP11_TEE_DigestUpdate
                0x000000000000c028                TEE_DigestDoFinal
                0x000000000000c194                __GP11_TEE_DigestDoFinal
                0x000000000000c234                TEE_DigestExtract
                0x000000000000c3d8                TEE_CipherInit
                0x000000000000c4b8                __GP11_TEE_CipherInit
                0x000000000000c4c0                TEE_CipherUpdate
                0x000000000000c654                __GP11_TEE_CipherUpdate
                0x000000000000c6f4                TEE_CipherDoFinal
                0x000000000000c90c                __GP11_TEE_CipherDoFinal
                0x000000000000c9bc                TEE_MACInit
                0x000000000000ca60                __GP11_TEE_MACInit
                0x000000000000ca68                TEE_MACUpdate
                0x000000000000cb08                __GP11_TEE_MACUpdate
                0x000000000000cb10                TEE_MACComputeFinal
                0x000000000000cc20                __GP11_TEE_MACComputeFinal
                0x000000000000ccc0                TEE_MACCompareFinal
                0x000000000000cdc4                __GP11_TEE_MACCompareFinal
                0x000000000000cdd0                TEE_AEInit
                0x000000000000ce94                __GP11_TEE_AEInit
                0x000000000000cea4                TEE_AEUpdateAAD
                0x000000000000cf40                __GP11_TEE_AEUpdateAAD
                0x000000000000cfd4                TEE_AEUpdate
                0x000000000000d0b4                __GP11_TEE_AEUpdate
                0x000000000000d1d4                TEE_AEEncryptFinal
                0x000000000000d3d4                __GP11_TEE_AEEncryptFinal
                0x000000000000d4a8                TEE_AEDecryptFinal
                0x000000000000d67c                __GP11_TEE_AEDecryptFinal
                0x000000000000d734                TEE_AsymmetricEncrypt
                0x000000000000d8f8                __GP11_TEE_AsymmetricEncrypt
                0x000000000000daa0                TEE_AsymmetricDecrypt
                0x000000000000dc68                __GP11_TEE_AsymmetricDecrypt
                0x000000000000de14                TEE_AsymmetricSignDigest
                0x000000000000dfb4                __GP11_TEE_AsymmetricSignDigest
                0x000000000000e154                TEE_AsymmetricVerifyDigest
                0x000000000000e2e0                __GP11_TEE_AsymmetricVerifyDigest
                0x000000000000e46c                TEE_DeriveKey
                0x000000000000e61c                __GP11_TEE_DeriveKey
                0x000000000000e7cc                TEE_GenerateRandom
                0x000000000000e7ec                __GP11_TEE_GenerateRandom
                0x000000000000e7f4                rand
                0x000000000000e84c                TEE_IsAlgorithmSupported
 .text          0x000000000000ebf4      0x2ec /home/avees/Linux_for_Tegra/sources/tegra/optee-src/nv-optee/optee/build/t234/export-ta_arm64/lib/libutee.a(tee_api_panic.o)
                0x000000000000ec10                TEE_Panic
                0x000000000000ec5c                __utee_check_outbuf_annotation
                0x000000000000ecc0                __utee_check_gp11_outbuf_annotation
                0x000000000000ed24                __utee_check_instring_annotation
                0x000000000000ed60                __utee_check_outstring_annotation
                0x000000000000edc4                __utee_check_gp11_outstring_annotation
                0x000000000000ee28                __utee_check_out_annotation
                0x000000000000ee54                __utee_check_attr_in_annotation
                0x000000000000ee84                __utee_check_gp11_attr_in_annotation
                0x000000000000eeb4                __utee_check_inout_annotation
 .text          0x000000000000eee0      0x310 /home/avees/Linux_for_Tegra/sources/tegra/optee-src/nv-optee/optee/build/t234/export-ta_arm64/lib/libutee.a(tee_system_pta.o)
                0x000000000000ef68                tee_map_zi
                0x000000000000f018                tee_unmap
                0x000000000000f0e0                tee_invoke_supp_plugin
 .text          0x000000000000f1f0      0x74c /home/avees/Linux_for_Tegra/sources/tegra/optee-src/nv-optee/optee/build/t234/export-ta_arm64/lib/libutee.a(user_ta_entry.o)
                0x000000000000f4b4                __utee_call_elf_init_fn
                0x000000000000f60c                __utee_call_elf_fini_fn
                0x000000000000f6b4                __utee_entry
 .text._utee_panic
                0x000000000000f93c        0xc /home/avees/Linux_for_Tegra/sources/tegra/optee-src/nv-optee/optee/build/t234/export-ta_arm64/lib/libutee.a(utee_syscalls_a64.o)
                0x000000000000f93c                _utee_panic
 .text._utee_return
                0x000000000000f948        0xc /home/avees/Linux_for_Tegra/sources/tegra/optee-src/nv-optee/optee/build/t234/export-ta_arm64/lib/libutee.a(utee_syscalls_a64.o)
                0x000000000000f948                _utee_return
 .text._utee_log
                0x000000000000f954        0xc /home/avees/Linux_for_Tegra/sources/tegra/optee-src/nv-optee/optee/build/t234/export-ta_arm64/lib/libutee.a(utee_syscalls_a64.o)
                0x000000000000f954                _utee_log
 .text.__utee_panic
                0x000000000000f960        0xc /home/avees/Linux_for_Tegra/sources/tegra/optee-src/nv-optee/optee/build/t234/export-ta_arm64/lib/libutee.a(utee_syscalls_a64.o)
                0x000000000000f960                __utee_panic
 .text._utee_get_property
                0x000000000000f96c        0xc /home/avees/Linux_for_Tegra/sources/tegra/optee-src/nv-optee/optee/build/t234/export-ta_arm64/lib/libutee.a(utee_syscalls_a64.o)
                0x000000000000f96c                _utee_get_property
 .text._utee_get_property_name_to_index
                0x000000000000f978        0xc /home/avees/Linux_for_Tegra/sources/tegra/optee-src/nv-optee/optee/build/t234/export-ta_arm64/lib/libutee.a(utee_syscalls_a64.o)
                0x000000000000f978                _utee_get_property_name_to_index
 .text._utee_open_ta_session
                0x000000000000f984        0xc /home/avees/Linux_for_Tegra/sources/tegra/optee-src/nv-optee/optee/build/t234/export-ta_arm64/lib/libutee.a(utee_syscalls_a64.o)
                0x000000000000f984                _utee_open_ta_session
 .text._utee_close_ta_session
                0x000000000000f990        0xc /home/avees/Linux_for_Tegra/sources/tegra/optee-src/nv-optee/optee/build/t234/export-ta_arm64/lib/libutee.a(utee_syscalls_a64.o)
                0x000000000000f990                _utee_close_ta_session
 .text._utee_invoke_ta_command
                0x000000000000f99c        0xc /home/avees/Linux_for_Tegra/sources/tegra/optee-src/nv-optee/optee/build/t234/export-ta_arm64/lib/libutee.a(utee_syscalls_a64.o)
                0x000000000000f99c                _utee_invoke_ta_command
 .text._utee_get_cancellation_flag
                0x000000000000f9a8        0xc /home/avees/Linux_for_Tegra/sources/tegra/optee-src/nv-optee/optee/build/t234/export-ta_arm64/lib/libutee.a(utee_syscalls_a64.o)
                0x000000000000f9a8                _utee_get_cancellation_flag
 .text._utee_check_access_rights
                0x000000000000f9b4        0xc /home/avees/Linux_for_Tegra/sources/tegra/optee-src/nv-optee/optee/build/t234/export-ta_arm64/lib/libutee.a(utee_syscalls_a64.o)
                0x000000000000f9b4                _utee_check_access_rights
 .text._utee_unmask_cancellation
                0x000000000000f9c0        0xc /home/avees/Linux_for_Tegra/sources/tegra/optee-src/nv-optee/optee/build/t234/export-ta_arm64/lib/libutee.a(utee_syscalls_a64.o)
                0x000000000000f9c0                _utee_unmask_cancellation
 .text._utee_mask_cancellation
                0x000000000000f9cc        0xc /home/avees/Linux_for_Tegra/sources/tegra/optee-src/nv-optee/optee/build/t234/export-ta_arm64/lib/libutee.a(utee_syscalls_a64.o)
                0x000000000000f9cc                _utee_mask_cancellation
 .text._utee_wait
                0x000000000000f9d8        0xc /home/avees/Linux_for_Tegra/sources/tegra/optee-src/nv-optee/optee/build/t234/export-ta_arm64/lib/libutee.a(utee_syscalls_a64.o)
                0x000000000000f9d8                _utee_wait
 .text._utee_get_time
                0x000000000000f9e4        0xc /home/avees/Linux_for_Tegra/sources/tegra/optee-src/nv-optee/optee/build/t234/export-ta_arm64/lib/libutee.a(utee_syscalls_a64.o)
                0x000000000000f9e4                _utee_get_time
 .text._utee_set_ta_time
                0x000000000000f9f0        0xc /home/avees/Linux_for_Tegra/sources/tegra/optee-src/nv-optee/optee/build/t234/export-ta_arm64/lib/libutee.a(utee_syscalls_a64.o)
                0x000000000000f9f0                _utee_set_ta_time
 .text._utee_cryp_state_alloc
                0x000000000000f9fc        0xc /home/avees/Linux_for_Tegra/sources/tegra/optee-src/nv-optee/optee/build/t234/export-ta_arm64/lib/libutee.a(utee_syscalls_a64.o)
                0x000000000000f9fc                _utee_cryp_state_alloc
 .text._utee_cryp_state_copy
                0x000000000000fa08        0xc /home/avees/Linux_for_Tegra/sources/tegra/optee-src/nv-optee/optee/build/t234/export-ta_arm64/lib/libutee.a(utee_syscalls_a64.o)
                0x000000000000fa08                _utee_cryp_state_copy
 .text._utee_cryp_state_free
                0x000000000000fa14        0xc /home/avees/Linux_for_Tegra/sources/tegra/optee-src/nv-optee/optee/build/t234/export-ta_arm64/lib/libutee.a(utee_syscalls_a64.o)
                0x000000000000fa14                _utee_cryp_state_free
 .text._utee_hash_init
                0x000000000000fa20        0xc /home/avees/Linux_for_Tegra/sources/tegra/optee-src/nv-optee/optee/build/t234/export-ta_arm64/lib/libutee.a(utee_syscalls_a64.o)
                0x000000000000fa20                _utee_hash_init
 .text._utee_hash_update
                0x000000000000fa2c        0xc /home/avees/Linux_for_Tegra/sources/tegra/optee-src/nv-optee/optee/build/t234/export-ta_arm64/lib/libutee.a(utee_syscalls_a64.o)
                0x000000000000fa2c                _utee_hash_update
 .text._utee_hash_final
                0x000000000000fa38        0xc /home/avees/Linux_for_Tegra/sources/tegra/optee-src/nv-optee/optee/build/t234/export-ta_arm64/lib/libutee.a(utee_syscalls_a64.o)
                0x000000000000fa38                _utee_hash_final
 .text._utee_cipher_init
                0x000000000000fa44        0xc /home/avees/Linux_for_Tegra/sources/tegra/optee-src/nv-optee/optee/build/t234/export-ta_arm64/lib/libutee.a(utee_syscalls_a64.o)
                0x000000000000fa44                _utee_cipher_init
 .text._utee_cipher_update
                0x000000000000fa50        0xc /home/avees/Linux_for_Tegra/sources/tegra/optee-src/nv-optee/optee/build/t234/export-ta_arm64/lib/libutee.a(utee_syscalls_a64.o)
                0x000000000000fa50                _utee_cipher_update
 .text._utee_cipher_final
                0x000000000000fa5c        0xc /home/avees/Linux_for_Tegra/sources/tegra/optee-src/nv-optee/optee/build/t234/export-ta_arm64/lib/libutee.a(utee_syscalls_a64.o)
                0x000000000000fa5c                _utee_cipher_final
 .text._utee_cryp_obj_get_info
                0x000000000000fa68        0xc /home/avees/Linux_for_Tegra/sources/tegra/optee-src/nv-optee/optee/build/t234/export-ta_arm64/lib/libutee.a(utee_syscalls_a64.o)
                0x000000000000fa68                _utee_cryp_obj_get_info
 .text._utee_cryp_obj_restrict_usage
                0x000000000000fa74        0xc /home/avees/Linux_for_Tegra/sources/tegra/optee-src/nv-optee/optee/build/t234/export-ta_arm64/lib/libutee.a(utee_syscalls_a64.o)
                0x000000000000fa74                _utee_cryp_obj_restrict_usage
 .text._utee_cryp_obj_get_attr
                0x000000000000fa80        0xc /home/avees/Linux_for_Tegra/sources/tegra/optee-src/nv-optee/optee/build/t234/export-ta_arm64/lib/libutee.a(utee_syscalls_a64.o)
                0x000000000000fa80                _utee_cryp_obj_get_attr
 .text._utee_cryp_obj_alloc
                0x000000000000fa8c        0xc /home/avees/Linux_for_Tegra/sources/tegra/optee-src/nv-optee/optee/build/t234/export-ta_arm64/lib/libutee.a(utee_syscalls_a64.o)
                0x000000000000fa8c                _utee_cryp_obj_alloc
 .text._utee_cryp_obj_close
                0x000000000000fa98        0xc /home/avees/Linux_for_Tegra/sources/tegra/optee-src/nv-optee/optee/build/t234/export-ta_arm64/lib/libutee.a(utee_syscalls_a64.o)
                0x000000000000fa98                _utee_cryp_obj_close
 .text._utee_cryp_obj_reset
                0x000000000000faa4        0xc /home/avees/Linux_for_Tegra/sources/tegra/optee-src/nv-optee/optee/build/t234/export-ta_arm64/lib/libutee.a(utee_syscalls_a64.o)
                0x000000000000faa4                _utee_cryp_obj_reset
 .text._utee_cryp_obj_populate
                0x000000000000fab0        0xc /home/avees/Linux_for_Tegra/sources/tegra/optee-src/nv-optee/optee/build/t234/export-ta_arm64/lib/libutee.a(utee_syscalls_a64.o)
                0x000000000000fab0                _utee_cryp_obj_populate
 .text._utee_cryp_obj_copy
                0x000000000000fabc        0xc /home/avees/Linux_for_Tegra/sources/tegra/optee-src/nv-optee/optee/build/t234/export-ta_arm64/lib/libutee.a(utee_syscalls_a64.o)
                0x000000000000fabc                _utee_cryp_obj_copy
 .text._utee_cryp_derive_key
                0x000000000000fac8        0xc /home/avees/Linux_for_Tegra/sources/tegra/optee-src/nv-optee/optee/build/t234/export-ta_arm64/lib/libutee.a(utee_syscalls_a64.o)
                0x000000000000fac8                _utee_cryp_derive_key
 .text._utee_cryp_random_number_generate
                0x000000000000fad4        0xc /home/avees/Linux_for_Tegra/sources/tegra/optee-src/nv-optee/optee/build/t234/export-ta_arm64/lib/libutee.a(utee_syscalls_a64.o)
                0x000000000000fad4                _utee_cryp_random_number_generate
 .text._utee_authenc_init
                0x000000000000fae0        0xc /home/avees/Linux_for_Tegra/sources/tegra/optee-src/nv-optee/optee/build/t234/export-ta_arm64/lib/libutee.a(utee_syscalls_a64.o)
                0x000000000000fae0                _utee_authenc_init
 .text._utee_authenc_update_aad
                0x000000000000faec        0xc /home/avees/Linux_for_Tegra/sources/tegra/optee-src/nv-optee/optee/build/t234/export-ta_arm64/lib/libutee.a(utee_syscalls_a64.o)
                0x000000000000faec                _utee_authenc_update_aad
 .text._utee_authenc_update_payload
                0x000000000000faf8        0xc /home/avees/Linux_for_Tegra/sources/tegra/optee-src/nv-optee/optee/build/t234/export-ta_arm64/lib/libutee.a(utee_syscalls_a64.o)
                0x000000000000faf8                _utee_authenc_update_payload
 .text._utee_authenc_enc_final
                0x000000000000fb04        0xc /home/avees/Linux_for_Tegra/sources/tegra/optee-src/nv-optee/optee/build/t234/export-ta_arm64/lib/libutee.a(utee_syscalls_a64.o)
                0x000000000000fb04                _utee_authenc_enc_final
 .text._utee_authenc_dec_final
                0x000000000000fb10        0xc /home/avees/Linux_for_Tegra/sources/tegra/optee-src/nv-optee/optee/build/t234/export-ta_arm64/lib/libutee.a(utee_syscalls_a64.o)
                0x000000000000fb10                _utee_authenc_dec_final
 .text._utee_asymm_operate
                0x000000000000fb1c        0xc /home/avees/Linux_for_Tegra/sources/tegra/optee-src/nv-optee/optee/build/t234/export-ta_arm64/lib/libutee.a(utee_syscalls_a64.o)
                0x000000000000fb1c                _utee_asymm_operate
 .text._utee_asymm_verify
                0x000000000000fb28        0xc /home/avees/Linux_for_Tegra/sources/tegra/optee-src/nv-optee/optee/build/t234/export-ta_arm64/lib/libutee.a(utee_syscalls_a64.o)
                0x000000000000fb28                _utee_asymm_verify
 .text._utee_storage_obj_open
                0x000000000000fb34        0xc /home/avees/Linux_for_Tegra/sources/tegra/optee-src/nv-optee/optee/build/t234/export-ta_arm64/lib/libutee.a(utee_syscalls_a64.o)
                0x000000000000fb34                _utee_storage_obj_open
 .text._utee_storage_obj_create
                0x000000000000fb40        0xc /home/avees/Linux_for_Tegra/sources/tegra/optee-src/nv-optee/optee/build/t234/export-ta_arm64/lib/libutee.a(utee_syscalls_a64.o)
                0x000000000000fb40                _utee_storage_obj_create
 .text._utee_storage_obj_del
                0x000000000000fb4c        0xc /home/avees/Linux_for_Tegra/sources/tegra/optee-src/nv-optee/optee/build/t234/export-ta_arm64/lib/libutee.a(utee_syscalls_a64.o)
                0x000000000000fb4c                _utee_storage_obj_del
 .text._utee_storage_obj_rename
                0x000000000000fb58        0xc /home/avees/Linux_for_Tegra/sources/tegra/optee-src/nv-optee/optee/build/t234/export-ta_arm64/lib/libutee.a(utee_syscalls_a64.o)
                0x000000000000fb58                _utee_storage_obj_rename
 .text._utee_storage_alloc_enum
                0x000000000000fb64        0xc /home/avees/Linux_for_Tegra/sources/tegra/optee-src/nv-optee/optee/build/t234/export-ta_arm64/lib/libutee.a(utee_syscalls_a64.o)
                0x000000000000fb64                _utee_storage_alloc_enum
 .text._utee_storage_free_enum
                0x000000000000fb70        0xc /home/avees/Linux_for_Tegra/sources/tegra/optee-src/nv-optee/optee/build/t234/export-ta_arm64/lib/libutee.a(utee_syscalls_a64.o)
                0x000000000000fb70                _utee_storage_free_enum
 .text._utee_storage_reset_enum
                0x000000000000fb7c        0xc /home/avees/Linux_for_Tegra/sources/tegra/optee-src/nv-optee/optee/build/t234/export-ta_arm64/lib/libutee.a(utee_syscalls_a64.o)
                0x000000000000fb7c                _utee_storage_reset_enum
 .text._utee_storage_start_enum
                0x000000000000fb88        0xc /home/avees/Linux_for_Tegra/sources/tegra/optee-src/nv-optee/optee/build/t234/export-ta_arm64/lib/libutee.a(utee_syscalls_a64.o)
                0x000000000000fb88                _utee_storage_start_enum
 .text._utee_storage_next_enum
                0x000000000000fb94        0xc /home/avees/Linux_for_Tegra/sources/tegra/optee-src/nv-optee/optee/build/t234/export-ta_arm64/lib/libutee.a(utee_syscalls_a64.o)
                0x000000000000fb94                _utee_storage_next_enum
 .text._utee_storage_obj_read
                0x000000000000fba0        0xc /home/avees/Linux_for_Tegra/sources/tegra/optee-src/nv-optee/optee/build/t234/export-ta_arm64/lib/libutee.a(utee_syscalls_a64.o)
                0x000000000000fba0                _utee_storage_obj_read
 .text._utee_storage_obj_write
                0x000000000000fbac        0xc /home/avees/Linux_for_Tegra/sources/tegra/optee-src/nv-optee/optee/build/t234/export-ta_arm64/lib/libutee.a(utee_syscalls_a64.o)
                0x000000000000fbac                _utee_storage_obj_write
 .text._utee_storage_obj_trunc
                0x000000000000fbb8        0xc /home/avees/Linux_for_Tegra/sources/tegra/optee-src/nv-optee/optee/build/t234/export-ta_arm64/lib/libutee.a(utee_syscalls_a64.o)
                0x000000000000fbb8                _utee_storage_obj_trunc
 .text._utee_storage_obj_seek
                0x000000000000fbc4        0xc /home/avees/Linux_for_Tegra/sources/tegra/optee-src/nv-optee/optee/build/t234/export-ta_arm64/lib/libutee.a(utee_syscalls_a64.o)
                0x000000000000fbc4                _utee_storage_obj_seek
 .text._utee_cryp_obj_generate_key
                0x000000000000fbd0        0xc /home/avees/Linux_for_Tegra/sources/tegra/optee-src/nv-optee/optee/build/t234/export-ta_arm64/lib/libutee.a(utee_syscalls_a64.o)
                0x000000000000fbd0                _utee_cryp_obj_generate_key
 .text._utee_cache_operation
                0x000000000000fbdc        0xc /home/avees/Linux_for_Tegra/sources/tegra/optee-src/nv-optee/optee/build/t234/export-ta_arm64/lib/libutee.a(utee_syscalls_a64.o)
                0x000000000000fbdc                _utee_cache_operation
 .text.unlikely
                0x000000000000fbe8       0x20 /home/avees/Linux_for_Tegra/sources/tegra/optee-src/nv-optee/optee/build/t234/export-ta_arm64/lib/libutee.a(abort.o)
                0x000000000000fbe8                abort
 .text          0x000000000000fc08     0x212c /home/avees/Linux_for_Tegra/sources/tegra/optee-src/nv-optee/optee/build/t234/export-ta_arm64/lib/libutee.a(tee_api_arith_mpi.o)
                0x000000000001046c                _TEE_MathAPI_Init
                0x00000000000104bc                TEE_BigIntInit
                0x000000000001051c                __GP11_TEE_BigIntInit
                0x0000000000010524                TEE_BigIntConvertFromOctetString
                0x00000000000105ec                __GP11_TEE_BigIntConvertFromOctetString
                0x00000000000105f4                TEE_BigIntConvertToOctetString
                0x00000000000106bc                __GP11_TEE_BigIntConvertToOctetString
                0x000000000001071c                TEE_BigIntConvertFromS32
                0x00000000000107cc                TEE_BigIntConvertToS32
                0x0000000000010888                TEE_BigIntCmp
                0x000000000001091c                TEE_BigIntCmpS32
                0x0000000000010b68                TEE_BigIntShiftRight
                0x0000000000010d08                __GP11_TEE_BigIntShiftRight
                0x0000000000010d10                TEE_BigIntGetBit
                0x0000000000010d90                TEE_BigIntGetBitCount
                0x0000000000010e04                TEE_BigIntSetBit
                0x0000000000010eb4                TEE_BigIntAssign
                0x0000000000010f04                TEE_BigIntAbs
                0x0000000000010f30                TEE_BigIntAdd
                0x0000000000010f3c                TEE_BigIntSub
                0x0000000000010f48                TEE_BigIntNeg
                0x000000000001102c                TEE_BigIntMul
                0x0000000000011140                TEE_BigIntSquare
                0x0000000000011148                TEE_BigIntDiv
                0x00000000000112fc                TEE_BigIntMod
                0x0000000000011368                TEE_BigIntAddMod
                0x0000000000011374                TEE_BigIntSubMod
                0x0000000000011380                TEE_BigIntMulMod
                0x000000000001138c                TEE_BigIntSquareMod
                0x0000000000011398                TEE_BigIntInvMod
                0x00000000000114e8                TEE_BigIntRelativePrime
                0x00000000000115f0                TEE_BigIntExpMod
                0x00000000000117c4                TEE_BigIntComputeExtendedGcd
                0x0000000000011a2c                TEE_BigIntIsProbablePrime
                0x0000000000011ab0                TEE_BigIntInitFMM
                0x0000000000011ab4                __GP11_TEE_BigIntInitFMM
                0x0000000000011abc                TEE_BigIntInitFMMContext
                0x0000000000011ac0                __GP11_TEE_BigIntInitFMMContext
                0x0000000000011ac8                TEE_BigIntInitFMMContext1
                0x0000000000011ad0                TEE_BigIntFMMSizeInU32
                0x0000000000011ae0                __GP11_TEE_BigIntFMMSizeInU32
                0x0000000000011af8                TEE_BigIntFMMContextSizeInU32
                0x0000000000011b00                __GP11_TEE_BigIntFMMContextSizeInU32
                0x0000000000011b18                TEE_BigIntConvertToFMM
                0x0000000000011b1c                TEE_BigIntConvertFromFMM
                0x0000000000011bec                TEE_BigIntComputeFMM
 .text          0x0000000000011d34     0x1b10 /home/avees/Linux_for_Tegra/sources/tegra/optee-src/nv-optee/optee/build/t234/export-ta_arm64/lib/libutee.a(tee_api_objects.o)
                0x0000000000011d34                __utee_from_attr
                0x0000000000011d84                __utee_from_gp11_attr
                0x0000000000011dd4                TEE_GetObjectInfo
                0x0000000000011e90                __GP11_TEE_GetObjectInfo
                0x0000000000011f54                TEE_GetObjectInfo1
                0x0000000000012004                __GP11_TEE_GetObjectInfo1
                0x00000000000120c4                TEE_RestrictObjectUsage1
                0x0000000000012108                TEE_RestrictObjectUsage
                0x0000000000012198                TEE_GetObjectBufferAttribute
                0x000000000001229c                __GP11_TEE_GetObjectBufferAttribute
                0x0000000000012334                TEE_GetObjectValueAttribute
                0x000000000001246c                TEE_CloseObject
                0x0000000000012494                __GP11_TEE_AllocateTransientObject
                0x0000000000012548                TEE_AllocateTransientObject
                0x0000000000012564                TEE_FreeTransientObject
                0x00000000000125f4                TEE_ResetTransientObject
                0x0000000000012684                TEE_PopulateTransientObject
                0x00000000000127c8                __GP11_TEE_PopulateTransientObject
                0x000000000001290c                TEE_InitRefAttribute
                0x0000000000012958                __GP11_TEE_InitRefAttribute
                0x00000000000129a8                TEE_InitValueAttribute
                0x00000000000129f4                __GP11_TEE_InitValueAttribute
                0x0000000000012a40                TEE_CopyObjectAttributes1
                0x0000000000012b38                TEE_CopyObjectAttributes
                0x0000000000012bcc                TEE_GenerateKey
                0x0000000000012cd8                __GP11_TEE_GenerateKey
                0x0000000000012de4                TEE_OpenPersistentObject
                0x0000000000012ec8                __GP11_TEE_OpenPersistentObject
                0x0000000000012ed0                TEE_CreatePersistentObject
                0x0000000000013014                __GP11_TEE_CreatePersistentObject
                0x0000000000013090                TEE_CloseAndDeletePersistentObject1
                0x00000000000130d8                TEE_CloseAndDeletePersistentObject
                0x0000000000013104                TEE_RenamePersistentObject
                0x0000000000013160                __GP11_TEE_RenamePersistentObject
                0x0000000000013168                TEE_AllocatePersistentObjectEnumerator
                0x00000000000131f8                TEE_FreePersistentObjectEnumerator
                0x0000000000013220                TEE_ResetPersistentObjectEnumerator
                0x0000000000013248                TEE_StartPersistentObjectEnumerator
                0x0000000000013298                TEE_GetNextPersistentObject
                0x00000000000133b4                __GP11_TEE_GetNextPersistentObject
                0x00000000000134e0                TEE_ReadObjectData
                0x00000000000135a8                __GP11_TEE_ReadObjectData
                0x0000000000013640                TEE_WriteObjectData
                0x00000000000136b8                __GP11_TEE_WriteObjectData
                0x00000000000136c0                TEE_TruncateObjectData
                0x000000000001371c                __GP11_TEE_TruncateObjectData
                0x0000000000013724                TEE_SeekObjectData
                0x000000000001383c                __GP11_TEE_SeekObjectData
 .text          0x0000000000013844      0xf78 /home/avees/Linux_for_Tegra/sources/tegra/optee-src/nv-optee/optee/build/t234/export-ta_arm64/lib/libutee.a(tee_api_property.o)
                0x0000000000013bd4                TEE_GetPropertyAsString
                0x0000000000013e30                __GP11_TEE_GetPropertyAsString
                0x0000000000013ec8                TEE_GetPropertyAsBool
                0x0000000000013fa0                TEE_GetPropertyAsU32
                0x0000000000014088                TEE_GetPropertyAsU64
                0x0000000000014170                __GP11_TEE_GetPropertyAsBinaryBlock
                0x000000000001425c                TEE_GetPropertyAsBinaryBlock
                0x00000000000142f4                TEE_GetPropertyAsUUID
                0x00000000000143dc                TEE_GetPropertyAsIdentity
                0x00000000000144c4                TEE_ResetPropertyEnumerator
                0x00000000000144d0                TEE_AllocatePropertyEnumerator
                0x0000000000014518                TEE_FreePropertyEnumerator
                0x000000000001451c                TEE_StartPropertyEnumerator
                0x000000000001452c                __GP11_TEE_GetPropertyName
                0x0000000000014654                TEE_GetPropertyName
                0x00000000000146dc                TEE_GetNextProperty
 .text          0x00000000000147bc      0x34c /home/avees/Linux_for_Tegra/sources/tegra/optee-src/nv-optee/optee/build/t234/export-ta_arm64/lib/libutee.a(tcb.o)
                0x00000000000147bc                __utee_tcb_init
                0x00000000000149fc                __tls_get_addr
                0x0000000000014a18                dl_iterate_phdr
 .text          0x0000000000014b08      0x258 /home/avees/Linux_for_Tegra/sources/tegra/optee-src/nv-optee/optee/build/t234/export-ta_arm64/lib/libutee.a(base64.o)
                0x0000000000014b08                _base64_enc_len
                0x0000000000014b20                _base64_enc
                0x0000000000014c3c                _base64_dec
 .text          0x0000000000014d60     0x4190 /home/avees/Linux_for_Tegra/sources/tegra/optee-src/nv-optee/optee/build/t234/export-ta_arm64/lib/libmbedtls.a(bignum.o)
                0x0000000000015534                mbedtls_mpi_init
                0x0000000000015544                mbedtls_mpi_init_mempool
                0x000000000001556c                mbedtls_mpi_free
                0x00000000000155d8                mbedtls_mpi_grow
                0x000000000001572c                mbedtls_mpi_shrink
                0x000000000001584c                mbedtls_mpi_copy
                0x0000000000015918                mbedtls_mpi_swap
                0x00000000000159a0                mbedtls_mpi_lset
                0x0000000000015a08                mbedtls_mpi_get_bit
                0x0000000000015a34                mbedtls_mpi_set_bit
                0x0000000000015ac0                mbedtls_mpi_lsb
                0x0000000000015b14                mbedtls_mpi_bitlen
                0x0000000000015b70                mbedtls_mpi_size
                0x0000000000015b8c                mbedtls_mpi_read_binary_le
                0x0000000000015c04                mbedtls_mpi_read_binary
                0x0000000000015c88                mbedtls_mpi_write_binary_le
                0x0000000000015d40                mbedtls_mpi_write_binary
                0x0000000000015e04                mbedtls_mpi_shift_l
                0x0000000000015f14                mbedtls_mpi_shift_r
                0x0000000000015fd4                mbedtls_mpi_cmp_abs
                0x0000000000016070                mbedtls_mpi_cmp_mpi
                0x0000000000016144                mbedtls_mpi_cmp_int
                0x00000000000161b8                mbedtls_mpi_add_abs
                0x00000000000162d8                mbedtls_mpi_sub_abs
                0x0000000000016434                mbedtls_mpi_add_mpi
                0x00000000000164bc                mbedtls_mpi_sub_mpi
                0x0000000000016548                mbedtls_mpi_add_int
                0x00000000000165bc                mbedtls_mpi_sub_int
                0x0000000000016630                mbedtls_mpi_mul_mpi
                0x00000000000167dc                mbedtls_mpi_mul_int
                0x0000000000016884                mbedtls_mpi_read_string
                0x0000000000016a90                mbedtls_mpi_div_mpi
                0x0000000000016fc4                mbedtls_mpi_div_int
                0x0000000000017038                mbedtls_mpi_mod_mpi
                0x00000000000170ec                mbedtls_mpi_mod_int
                0x0000000000017188                mbedtls_mpi_write_string
                0x00000000000174bc                mbedtls_mpi_montg_init
                0x00000000000174c4                mbedtls_mpi_montmul
                0x00000000000174cc                mbedtls_mpi_montred
                0x00000000000174d0                mbedtls_mpi_exp_mod
                0x0000000000017b9c                mbedtls_mpi_gcd
                0x0000000000017d74                mbedtls_mpi_fill_random
                0x0000000000018080                mbedtls_mpi_random
                0x0000000000018238                mbedtls_mpi_inv_mod
                0x0000000000018690                mbedtls_mpi_is_prime_ext
                0x000000000001876c                mbedtls_mpi_is_prime
                0x000000000001877c                mbedtls_mpi_gen_prime
                0x0000000000018ac8                mbedtls_mpi_self_test
 .text          0x0000000000018ef0      0x7c0 /home/avees/Linux_for_Tegra/sources/tegra/optee-src/nv-optee/optee/build/t234/export-ta_arm64/lib/libmbedtls.a(constant_time.o)
                0x0000000000018f10                mbedtls_ct_memcmp
                0x0000000000018f58                mbedtls_ct_uint_mask
                0x0000000000018f68                mbedtls_ct_mpi_uint_mask
                0x0000000000018f78                mbedtls_ct_size_bool_eq
                0x0000000000018f90                mbedtls_ct_mpi_uint_lt
                0x0000000000018fac                mbedtls_ct_uint_if
                0x0000000000018fdc                mbedtls_ct_mpi_uint_cond_assign
                0x0000000000019018                mbedtls_ct_base64_enc_char
                0x00000000000190c8                mbedtls_ct_base64_dec_value
                0x0000000000019184                mbedtls_mpi_safe_cond_assign
                0x0000000000019240                mbedtls_mpi_safe_cond_swap
                0x000000000001933c                mbedtls_mpi_lt_mpi_ct
                0x0000000000019434                mbedtls_ct_rsaes_pkcs1_v15_unpadding
 .text          0x00000000000196b0       0x20 /home/avees/Linux_for_Tegra/sources/tegra/optee-src/nv-optee/optee/build/t234/export-ta_arm64/lib/libmbedtls.a(platform_util.o)
                0x00000000000196b0                mbedtls_platform_zeroize
 .text          0x00000000000196d0      0x128 /home/avees/Linux_for_Tegra/sources/tegra/optee-src/nv-optee/optee/build/t234/export-ta_arm64/lib/libutils.a(snprintf.o)
                0x00000000000196d0                snprintf
                0x00000000000197a0                vsnprintf
 .text          0x00000000000197f8       0x5c /home/avees/Linux_for_Tegra/sources/tegra/optee-src/nv-optee/optee/build/t234/export-ta_arm64/lib/libutils.a(memmove.o)
                0x00000000000197f8                memmove
 .text          0x0000000000019854       0x58 /home/avees/Linux_for_Tegra/sources/tegra/optee-src/nv-optee/optee/build/t234/export-ta_arm64/lib/libutils.a(strlcpy.o)
                0x0000000000019854                strlcpy
 .text          0x00000000000198ac      0x190 /home/avees/Linux_for_Tegra/sources/tegra/optee-src/nv-optee/optee/build/t234/export-ta_arm64/lib/libutils.a(mempool.o)
                0x00000000000198ac                mempool_alloc_pool
                0x0000000000019974                mempool_alloc
                0x00000000000199d8                mempool_calloc
                0x0000000000019a28                mempool_free
 .text          0x0000000000019a3c       0x70 /home/avees/Linux_for_Tegra/sources/tegra/optee-src/nv-optee/optee/build/t234/export-ta_arm64/lib/libutils.a(consttime_memcmp.o)
                0x0000000000019a3c                consttime_memcmp
 .text          0x0000000000019aac        0x0 /home/avees/Linux_for_Tegra/sources/tegra/optee-src/nv-optee/optee/build/t234/export-ta_arm64/lib/libutee.a(utee_syscalls_a64.o)
 .text          0x0000000000019aac        0x0 /home/avees/Linux_for_Tegra/sources/tegra/optee-src/nv-optee/optee/build/t234/export-ta_arm64/lib/libutee.a(abort.o)
 *(SORT_BY_ALIGNMENT(.stub))
 *(SORT_BY_ALIGNMENT(.glue_7))
 *(SORT_BY_ALIGNMENT(.glue_7t))
 *(SORT_BY_ALIGNMENT(.gnu.linkonce.t.*))
 *(SORT_BY_ALIGNMENT(.vfp11_veneer))
                0x0000000000019aac                __text_end = .

.note.gnu.property
 *(SORT_BY_ALIGNMENT(.note.gnu.property))

.plt            0x0000000000019aac        0x0
 *(SORT_BY_ALIGNMENT(.plt))
 .plt           0x0000000000019aac        0x0 ./darknetp_ta.o

.eh_frame_hdr
 *(SORT_BY_ALIGNMENT(.eh_frame_hdr))
 *(SORT_BY_ALIGNMENT(.eh_frame_entry) SORT_BY_ALIGNMENT(.eh_frame_entry.*))

.eh_frame       0x0000000000019ab0     0x5264
 *(SORT_BY_ALIGNMENT(.eh_frame))
 .eh_frame      0x0000000000019ab0      0x338 ./darknetp_ta.o
 .eh_frame      0x0000000000019de8       0x88 ./utils_TA.o
                                         0xa0 (size before relaxing)
 .eh_frame      0x0000000000019e70      0x118 ./activations_TA.o
                                        0x128 (size before relaxing)
 .eh_frame      0x0000000000019f88      0x120 ./connected_layer_TA.o
                                        0x130 (size before relaxing)
 .eh_frame      0x000000000001a0a8      0x368 ./math_TA.o
                                        0x380 (size before relaxing)
 .eh_frame      0x000000000001a410       0xe0 ./parser_TA.o
                                         0xf8 (size before relaxing)
 .eh_frame      0x000000000001a4f0      0x210 ./blas_TA.o
                                        0x220 (size before relaxing)
 .eh_frame      0x000000000001a700       0xc0 ./maxpool_layer_TA.o
                                         0xd8 (size before relaxing)
 .eh_frame      0x000000000001a7c0      0x198 ./network_TA.o
                                        0x1b0 (size before relaxing)
 .eh_frame      0x000000000001a958       0xa8 ./softmax_layer_TA.o
                                         0xb8 (size before relaxing)
 .eh_frame      0x000000000001aa00      0x1b0 ./aes_TA.o
                                        0x1c0 (size before relaxing)
 .eh_frame      0x000000000001abb0       0x58 ./im2col_TA.o
                                         0x70 (size before relaxing)
 .eh_frame      0x000000000001ac08      0x198 ./batchnorm_layer_TA.o
                                        0x1b0 (size before relaxing)
 .eh_frame      0x000000000001ada0       0x98 ./dropout_layer_TA.o
                                         0xa8 (size before relaxing)
 .eh_frame      0x000000000001ae38      0x218 ./convolutional_layer_TA.o
                                        0x228 (size before relaxing)
 .eh_frame      0x000000000001b050       0xc8 ./cost_layer_TA.o
                                         0xe0 (size before relaxing)
 .eh_frame      0x000000000001b118       0x78 ./avgpool_layer_TA.o
                                         0x88 (size before relaxing)
 .eh_frame      0x000000000001b190       0x58 ./col2im_TA.o
                                         0x70 (size before relaxing)
 .eh_frame      0x000000000001b1e8       0x78 ./gemm_TA.o
                                         0x90 (size before relaxing)
 .eh_frame      0x000000000001b260       0x40 ./diffprivate_TA.o
                                         0x50 (size before relaxing)
 .eh_frame      0x000000000001b2a0       0x30 ./user_ta_header.o
                                         0x40 (size before relaxing)
 .eh_frame      0x000000000001b2d0      0x2e0 /home/avees/Linux_for_Tegra/sources/tegra/optee-src/nv-optee/optee/build/t234/export-ta_arm64/lib/libutils.a(bget_malloc.o)
                                        0x2f8 (size before relaxing)
 .eh_frame      0x000000000001b5b0       0x18 /home/avees/Linux_for_Tegra/sources/tegra/optee-src/nv-optee/optee/build/t234/export-ta_arm64/lib/libutils.a(stack_check.o)
                                         0x30 (size before relaxing)
 .eh_frame      0x000000000001b5c8       0x18 /home/avees/Linux_for_Tegra/sources/tegra/optee-src/nv-optee/optee/build/t234/export-ta_arm64/lib/libutils.a(memcpy.o)
                                         0x28 (size before relaxing)
 .eh_frame      0x000000000001b5e0       0x18 /home/avees/Linux_for_Tegra/sources/tegra/optee-src/nv-optee/optee/build/t234/export-ta_arm64/lib/libutils.a(memset.o)
                                         0x28 (size before relaxing)
 .eh_frame      0x000000000001b5f8       0x18 /home/avees/Linux_for_Tegra/sources/tegra/optee-src/nv-optee/optee/build/t234/export-ta_arm64/lib/libutils.a(strcmp.o)
                                         0x28 (size before relaxing)
 .eh_frame      0x000000000001b610       0x18 /home/avees/Linux_for_Tegra/sources/tegra/optee-src/nv-optee/optee/build/t234/export-ta_arm64/lib/libutils.a(strncmp.o)
                                         0x28 (size before relaxing)
 .eh_frame      0x000000000001b628      0x110 /home/avees/Linux_for_Tegra/sources/tegra/optee-src/nv-optee/optee/build/t234/export-ta_arm64/lib/libutils.a(trace.o)
                                        0x120 (size before relaxing)
 .eh_frame      0x000000000001b738       0xf0 /home/avees/Linux_for_Tegra/sources/tegra/optee-src/nv-optee/optee/build/t234/export-ta_arm64/lib/libutils.a(snprintk.o)
                                        0x100 (size before relaxing)
 .eh_frame      0x000000000001b828       0x18 /home/avees/Linux_for_Tegra/sources/tegra/optee-src/nv-optee/optee/build/t234/export-ta_arm64/lib/libutils.a(memchr.o)
                                         0x28 (size before relaxing)
 .eh_frame      0x000000000001b840       0x18 /home/avees/Linux_for_Tegra/sources/tegra/optee-src/nv-optee/optee/build/t234/export-ta_arm64/lib/libutils.a(strlen.o)
                                         0x28 (size before relaxing)
 .eh_frame      0x000000000001b858       0x38 /home/avees/Linux_for_Tegra/sources/tegra/optee-src/nv-optee/optee/build/t234/export-ta_arm64/lib/libutee.a(assert.o)
                                         0x50 (size before relaxing)
 .eh_frame      0x000000000001b890       0xa8 /home/avees/Linux_for_Tegra/sources/tegra/optee-src/nv-optee/optee/build/t234/export-ta_arm64/lib/libutee.a(trace_ext.o)
                                         0xc0 (size before relaxing)
 .eh_frame      0x000000000001b938      0x588 /home/avees/Linux_for_Tegra/sources/tegra/optee-src/nv-optee/optee/build/t234/export-ta_arm64/lib/libutee.a(tee_api.o)
                                        0x5a0 (size before relaxing)
 .eh_frame      0x000000000001bec0      0xaf0 /home/avees/Linux_for_Tegra/sources/tegra/optee-src/nv-optee/optee/build/t234/export-ta_arm64/lib/libutee.a(tee_api_operations.o)
                                        0xb08 (size before relaxing)
 .eh_frame      0x000000000001c9b0      0x190 /home/avees/Linux_for_Tegra/sources/tegra/optee-src/nv-optee/optee/build/t234/export-ta_arm64/lib/libutee.a(tee_api_panic.o)
                                        0x1a0 (size before relaxing)
 .eh_frame      0x000000000001cb40       0xc0 /home/avees/Linux_for_Tegra/sources/tegra/optee-src/nv-optee/optee/build/t234/export-ta_arm64/lib/libutee.a(tee_system_pta.o)
                                         0xd0 (size before relaxing)
 .eh_frame      0x000000000001cc00      0x150 /home/avees/Linux_for_Tegra/sources/tegra/optee-src/nv-optee/optee/build/t234/export-ta_arm64/lib/libutee.a(user_ta_entry.o)
                                        0x168 (size before relaxing)
 .eh_frame      0x000000000001cd50       0x18 /home/avees/Linux_for_Tegra/sources/tegra/optee-src/nv-optee/optee/build/t234/export-ta_arm64/lib/libutee.a(abort.o)
                                         0x30 (size before relaxing)
 .eh_frame      0x000000000001cd68      0x7d0 /home/avees/Linux_for_Tegra/sources/tegra/optee-src/nv-optee/optee/build/t234/export-ta_arm64/lib/libutee.a(tee_api_arith_mpi.o)
                                        0x7e0 (size before relaxing)
 .eh_frame      0x000000000001d538      0x750 /home/avees/Linux_for_Tegra/sources/tegra/optee-src/nv-optee/optee/build/t234/export-ta_arm64/lib/libutee.a(tee_api_objects.o)
                                        0x768 (size before relaxing)
 .eh_frame      0x000000000001dc88      0x2f8 /home/avees/Linux_for_Tegra/sources/tegra/optee-src/nv-optee/optee/build/t234/export-ta_arm64/lib/libutee.a(tee_api_property.o)
                                        0x308 (size before relaxing)
 .eh_frame      0x000000000001df80       0x90 /home/avees/Linux_for_Tegra/sources/tegra/optee-src/nv-optee/optee/build/t234/export-ta_arm64/lib/libutee.a(tcb.o)
                                         0xa8 (size before relaxing)
 .eh_frame      0x000000000001e010       0x58 /home/avees/Linux_for_Tegra/sources/tegra/optee-src/nv-optee/optee/build/t234/export-ta_arm64/lib/libutee.a(base64.o)
                                         0x70 (size before relaxing)
 .eh_frame      0x000000000001e068      0x988 /home/avees/Linux_for_Tegra/sources/tegra/optee-src/nv-optee/optee/build/t234/export-ta_arm64/lib/libmbedtls.a(bignum.o)
                                        0x9a0 (size before relaxing)
 .eh_frame      0x000000000001e9f0      0x1e0 /home/avees/Linux_for_Tegra/sources/tegra/optee-src/nv-optee/optee/build/t234/export-ta_arm64/lib/libmbedtls.a(constant_time.o)
                                        0x1f8 (size before relaxing)
 .eh_frame      0x000000000001ebd0       0x18 /home/avees/Linux_for_Tegra/sources/tegra/optee-src/nv-optee/optee/build/t234/export-ta_arm64/lib/libmbedtls.a(platform_util.o)
                                         0x28 (size before relaxing)
 .eh_frame      0x000000000001ebe8       0x58 /home/avees/Linux_for_Tegra/sources/tegra/optee-src/nv-optee/optee/build/t234/export-ta_arm64/lib/libutils.a(snprintf.o)
                                         0x68 (size before relaxing)
 .eh_frame      0x000000000001ec40       0x18 /home/avees/Linux_for_Tegra/sources/tegra/optee-src/nv-optee/optee/build/t234/export-ta_arm64/lib/libutils.a(memmove.o)
                                         0x28 (size before relaxing)
 .eh_frame      0x000000000001ec58       0x18 /home/avees/Linux_for_Tegra/sources/tegra/optee-src/nv-optee/optee/build/t234/export-ta_arm64/lib/libutils.a(strlcpy.o)
                                         0x28 (size before relaxing)
 .eh_frame      0x000000000001ec70       0x88 /home/avees/Linux_for_Tegra/sources/tegra/optee-src/nv-optee/optee/build/t234/export-ta_arm64/lib/libutils.a(mempool.o)
                                         0xa0 (size before relaxing)
 .eh_frame      0x000000000001ecf8       0x1c /home/avees/Linux_for_Tegra/sources/tegra/optee-src/nv-optee/optee/build/t234/export-ta_arm64/lib/libutils.a(consttime_memcmp.o)
                                         0x30 (size before relaxing)
 *(SORT_BY_ALIGNMENT(.eh_frame.*))

.gcc_except_table
 *(SORT_BY_ALIGNMENT(.gcc_except_table) SORT_BY_ALIGNMENT(.gcc_except_table.*))

.rodata         0x000000000001ed18     0x19cc
 *(SORT_BY_ALIGNMENT(.gnu.linkonce.r.*))
 *(SORT_BY_ALIGNMENT(.rodata) SORT_BY_ALIGNMENT(.rodata.*))
 .rodata.cst8   0x000000000001ed18       0x30 ./activations_TA.o
 .rodata.cst8   0x000000000001ed48       0x50 ./math_TA.o
                                         0x58 (size before relaxing)
 .rodata.cst8   0x000000000001ed98        0x8 ./blas_TA.o
 .rodata.cst8   0x000000000001eda0        0x8 ./network_TA.o
                                         0x10 (size before relaxing)
 .rodata.cst8   0x000000000001eda8        0x8 ./diffprivate_TA.o
 .rodata.user_ta_header.c
                0x000000000001edb0       0x33 ./user_ta_header.o
                0x000000000001edb0                ta_num_props
                0x000000000001edd0                __ta_no_share_heap_size
                0x000000000001edd8                ta_heap_size
                0x000000000001ede0                trace_ext_prefix
 *fill*         0x000000000001ede3        0x5 
 .rodata.lib/libutee/tee_api.c
                0x000000000001ede8       0x20 /home/avees/Linux_for_Tegra/sources/tegra/optee-src/nv-optee/optee/build/t234/export-ta_arm64/lib/libutee.a(tee_api.o)
 .rodata.darknetp_ta.c
                0x000000000001ee08       0x9a ./darknetp_ta.o
 *fill*         0x000000000001eea2        0x2 
 .rodata.cst4   0x000000000001eea4        0x4 ./darknetp_ta.o
 .rodata.activations_TA.c
                0x000000000001eea8       0x3a ./activations_TA.o
 *fill*         0x000000000001eee2        0x2 
 .rodata.cst4   0x000000000001eee4        0xc ./activations_TA.o
 .rodata.cst4   0x000000000001eef0        0x4 ./blas_TA.o
 .rodata.cst4   0x000000000001eef4        0x4 ./maxpool_layer_TA.o
 .rodata.cst4   0x000000000001eef4        0x4 ./batchnorm_layer_TA.o
                                          0xc (size before relaxing)
 .rodata.cost_layer_TA.c
                0x000000000001eef8       0x16 ./cost_layer_TA.o
 *fill*         0x000000000001ef0e        0x2 
 .rodata.cst4   0x000000000001ef10        0x4 ./cost_layer_TA.o
 .rodata.lib/libutils/ext/snprintk.c
                0x000000000001ef14       0xac /home/avees/Linux_for_Tegra/sources/tegra/optee-src/nv-optee/optee/build/t234/export-ta_arm64/lib/libutils.a(snprintk.o)
 .rodata.lib/libutee/tee_api_operations.c
                0x000000000001efc0       0x1c /home/avees/Linux_for_Tegra/sources/tegra/optee-src/nv-optee/optee/build/t234/export-ta_arm64/lib/libutee.a(tee_api_operations.o)
 .rodata.lib/libutee/tee_system_pta.c
                0x000000000001efdc       0x31 /home/avees/Linux_for_Tegra/sources/tegra/optee-src/nv-optee/optee/build/t234/export-ta_arm64/lib/libutee.a(tee_system_pta.o)
 *fill*         0x000000000001f00d        0x3 
 .rodata.lib/libutee/tee_api_property.c
                0x000000000001f010       0x20 /home/avees/Linux_for_Tegra/sources/tegra/optee-src/nv-optee/optee/build/t234/export-ta_arm64/lib/libutee.a(tee_api_property.o)
 .rodata.lib/libutee/base64.c
                0x000000000001f030       0x45 /home/avees/Linux_for_Tegra/sources/tegra/optee-src/nv-optee/optee/build/t234/export-ta_arm64/lib/libutee.a(base64.o)
 *fill*         0x000000000001f075        0x3 
 .rodata.lib/libmbedtls/mbedtls/library/bignum.c
                0x000000000001f078      0x2c4 /home/avees/Linux_for_Tegra/sources/tegra/optee-src/nv-optee/optee/build/t234/export-ta_arm64/lib/libmbedtls.a(bignum.o)
 .rodata.str1.1.darknetp_ta.c
                0x000000000001f33c      0x14e ./darknetp_ta.o
 .rodata.str1.1.activations_TA.c
                0x000000000001f48a       0x4f ./activations_TA.o
                                         0x53 (size before relaxing)
 .rodata.str1.1.parser_TA.c
                0x000000000001f4d9       0x23 ./parser_TA.o
 .rodata.parser_TA.c
                0x000000000001f4fc        0xb ./parser_TA.o
 .rodata.str1.1.network_TA.c
                0x000000000001f507       0x55 ./network_TA.o
 .rodata.network_TA.c
                0x000000000001f55c       0x15 ./network_TA.o
 .rodata.str1.1.softmax_layer_TA.c
                0x000000000001f571       0x26 ./softmax_layer_TA.o
 .rodata.softmax_layer_TA.c
                0x000000000001f597       0x1a ./softmax_layer_TA.o
 .rodata.aes_TA.c
                0x000000000001f5b1      0x20b ./aes_TA.o
 .rodata.str1.1.cost_layer_TA.c
                0x000000000001f7bc       0x4a ./cost_layer_TA.o
 .rodata.str1.1.user_ta_header.c
                0x000000000001f806      0x133 ./user_ta_header.o
 .rodata.str1.1.lib/libutils/isoc/bget_malloc.c
                0x000000000001f939      0x2c8 /home/avees/Linux_for_Tegra/sources/tegra/optee-src/nv-optee/optee/build/t234/export-ta_arm64/lib/libutils.a(bget_malloc.o)
                                        0x2d3 (size before relaxing)
 .rodata.lib/libutils/isoc/bget_malloc.c
                0x000000000001fc01       0x51 /home/avees/Linux_for_Tegra/sources/tegra/optee-src/nv-optee/optee/build/t234/export-ta_arm64/lib/libutils.a(bget_malloc.o)
 .rodata.str1.1.lib/libutils/isoc/stack_check.c
                0x000000000001fc52       0x18 /home/avees/Linux_for_Tegra/sources/tegra/optee-src/nv-optee/optee/build/t234/export-ta_arm64/lib/libutils.a(stack_check.o)
 .rodata.str1.1.lib/libutils/ext/trace.c
                0x000000000001fc6a       0x3a /home/avees/Linux_for_Tegra/sources/tegra/optee-src/nv-optee/optee/build/t234/export-ta_arm64/lib/libutils.a(trace.o)
                                         0x3d (size before relaxing)
 .rodata.lib/libutils/ext/trace.c
                0x000000000001fca4        0xf /home/avees/Linux_for_Tegra/sources/tegra/optee-src/nv-optee/optee/build/t234/export-ta_arm64/lib/libutils.a(trace.o)
 .rodata.str1.1.lib/libutils/ext/snprintk.c
                0x000000000001fcb3       0x38 /home/avees/Linux_for_Tegra/sources/tegra/optee-src/nv-optee/optee/build/t234/export-ta_arm64/lib/libutils.a(snprintk.o)
 .rodata.str1.1.lib/libutee/assert.c
                0x000000000001fceb       0x27 /home/avees/Linux_for_Tegra/sources/tegra/optee-src/nv-optee/optee/build/t234/export-ta_arm64/lib/libutee.a(assert.o)
 .rodata.str1.1.lib/libutee/trace_ext.c
                0x000000000001fd12       0x27 /home/avees/Linux_for_Tegra/sources/tegra/optee-src/nv-optee/optee/build/t234/export-ta_arm64/lib/libutee.a(trace_ext.o)
                                          0x2 (size before relaxing)
 .rodata.str1.1.lib/libutee/tee_api.c
                0x000000000001fd12       0x11 /home/avees/Linux_for_Tegra/sources/tegra/optee-src/nv-optee/optee/build/t234/export-ta_arm64/lib/libutee.a(tee_api.o)
 .rodata.str1.1.lib/libutee/tee_api_operations.c
                0x000000000001fd23       0x39 /home/avees/Linux_for_Tegra/sources/tegra/optee-src/nv-optee/optee/build/t234/export-ta_arm64/lib/libutee.a(tee_api_operations.o)
 .rodata.str1.1.lib/libutee/tee_api_panic.c
                0x000000000001fd5c       0x6b /home/avees/Linux_for_Tegra/sources/tegra/optee-src/nv-optee/optee/build/t234/export-ta_arm64/lib/libutee.a(tee_api_panic.o)
 .rodata.lib/libutee/tee_api_panic.c
                0x000000000001fdc7        0xa /home/avees/Linux_for_Tegra/sources/tegra/optee-src/nv-optee/optee/build/t234/export-ta_arm64/lib/libutee.a(tee_api_panic.o)
 .rodata.str1.1.lib/libutee/tee_system_pta.c
                0x000000000001fdd1       0x55 /home/avees/Linux_for_Tegra/sources/tegra/optee-src/nv-optee/optee/build/t234/export-ta_arm64/lib/libutee.a(tee_system_pta.o)
 .rodata.str1.1.lib/libutee/user_ta_entry.c
                0x000000000001fe26       0x4f /home/avees/Linux_for_Tegra/sources/tegra/optee-src/nv-optee/optee/build/t234/export-ta_arm64/lib/libutee.a(user_ta_entry.o)
 .rodata.lib/libutee/user_ta_entry.c
                0x000000000001fe75       0x16 /home/avees/Linux_for_Tegra/sources/tegra/optee-src/nv-optee/optee/build/t234/export-ta_arm64/lib/libutee.a(user_ta_entry.o)
 .rodata.str1.1.lib/libutee/abort.c
                0x000000000001fe8b        0x7 /home/avees/Linux_for_Tegra/sources/tegra/optee-src/nv-optee/optee/build/t234/export-ta_arm64/lib/libutee.a(abort.o)
 .rodata.str1.1.lib/libutee/tee_api_arith_mpi.c
                0x000000000001fe92       0xc9 /home/avees/Linux_for_Tegra/sources/tegra/optee-src/nv-optee/optee/build/t234/export-ta_arm64/lib/libutee.a(tee_api_arith_mpi.o)
 .rodata.lib/libutee/tee_api_arith_mpi.c
                0x000000000001ff5b      0x14e /home/avees/Linux_for_Tegra/sources/tegra/optee-src/nv-optee/optee/build/t234/export-ta_arm64/lib/libutee.a(tee_api_arith_mpi.o)
 .rodata.str1.1.lib/libutee/tee_api_property.c
                0x00000000000200a9       0x83 /home/avees/Linux_for_Tegra/sources/tegra/optee-src/nv-optee/optee/build/t234/export-ta_arm64/lib/libutee.a(tee_api_property.o)
                                         0x88 (size before relaxing)
 .rodata.str1.1.lib/libutee/tcb.c
                0x000000000002012c       0x8d /home/avees/Linux_for_Tegra/sources/tegra/optee-src/nv-optee/optee/build/t234/export-ta_arm64/lib/libutee.a(tcb.o)
 .rodata.lib/libutee/tcb.c
                0x00000000000201b9       0x20 /home/avees/Linux_for_Tegra/sources/tegra/optee-src/nv-optee/optee/build/t234/export-ta_arm64/lib/libutee.a(tcb.o)
 .rodata.str1.1.lib/libmbedtls/mbedtls/library/bignum.c
                0x00000000000201d9      0x456 /home/avees/Linux_for_Tegra/sources/tegra/optee-src/nv-optee/optee/build/t234/export-ta_arm64/lib/libmbedtls.a(bignum.o)
                                        0x45d (size before relaxing)
 .rodata.str1.1.lib/libutils/ext/mempool.c
                0x000000000002062f       0x89 /home/avees/Linux_for_Tegra/sources/tegra/optee-src/nv-optee/optee/build/t234/export-ta_arm64/lib/libutils.a(mempool.o)
 .rodata.lib/libutils/ext/mempool.c
                0x00000000000206b8       0x2c /home/avees/Linux_for_Tegra/sources/tegra/optee-src/nv-optee/optee/build/t234/export-ta_arm64/lib/libutils.a(mempool.o)

.gnu.version_d  0x00000000000206e8        0x0
 .gnu.version_d
                0x00000000000206e8        0x0 ./darknetp_ta.o

.gnu.version    0x00000000000206e4        0x0
 .gnu.version   0x00000000000206e4        0x0 ./darknetp_ta.o

.gnu.version_r  0x00000000000206e8        0x0
 .gnu.version_r
                0x00000000000206e8        0x0 ./darknetp_ta.o

.gnu.hash       0x00000000000206e8       0x30
 .gnu.hash      0x00000000000206e8       0x30 ./darknetp_ta.o

.ARM.extab
 *(SORT_BY_ALIGNMENT(.ARM.extab*) SORT_BY_ALIGNMENT(.gnu.linkonce.armextab.*))
                [!provide]                        PROVIDE (__exidx_start = .)

.ARM.exidx
 *(SORT_BY_ALIGNMENT(.ARM.exidx*) SORT_BY_ALIGNMENT(.gnu.linkonce.armexidx.*))
                [!provide]                        PROVIDE (__exidx_end = .)

.ctors
 *(SORT_BY_ALIGNMENT(.ctors))

.dtors
 *(SORT_BY_ALIGNMENT(.dtors))

.dynsym         0x0000000000020718       0x90
 *(SORT_BY_ALIGNMENT(.dynsym))
 .dynsym        0x0000000000020718       0x90 ./darknetp_ta.o

.dynstr         0x00000000000207a8       0x2e
 *(SORT_BY_ALIGNMENT(.dynstr))
 .dynstr        0x00000000000207a8       0x2e ./darknetp_ta.o

.hash           0x00000000000207d8       0x2c
 *(SORT_BY_ALIGNMENT(.hash))
 .hash          0x00000000000207d8       0x2c ./darknetp_ta.o

.rela.dyn       0x0000000000020808      0x348
 .rela.data.rel.ro
                0x0000000000020808        0x0 ./darknetp_ta.o
 .rela.ifunc    0x0000000000020808        0x0 ./darknetp_ta.o
 .rela.data.rel.ro.local
                0x0000000000020808      0x2d0 ./darknetp_ta.o
 .rela.data.rel.local
                0x0000000000020ad8       0x60 ./darknetp_ta.o
 .rela.data.rel
                0x0000000000020b38       0x18 ./darknetp_ta.o
                0x0000000000021000                . = ALIGN (0x1000)

.dynamic        0x0000000000021000      0x110
 *(SORT_BY_ALIGNMENT(.dynamic))
 .dynamic       0x0000000000021000      0x110 ./darknetp_ta.o
                0x0000000000021000                _DYNAMIC

.tdata
 *(SORT_BY_ALIGNMENT(.tdata) SORT_BY_ALIGNMENT(.tdata.*) SORT_BY_ALIGNMENT(.gnu.linkonce.td.*))

.tbss
 *(SORT_BY_ALIGNMENT(.tbss) SORT_BY_ALIGNMENT(.tbss.*) SORT_BY_ALIGNMENT(.gnu.linkonce.tb.*))
 *(SORT_BY_ALIGNMENT(.tcommon))

.got            0x0000000000021110      0x1b0
 *(SORT_BY_ALIGNMENT(.got.plt))
 .got.plt       0x0000000000021110       0x18 ./darknetp_ta.o
 *(SORT_BY_ALIGNMENT(.got))
 .got           0x0000000000021128      0x198 ./darknetp_ta.o
                0x0000000000021128                _GLOBAL_OFFSET_TABLE_

.rel.text
 *(SORT_BY_ALIGNMENT(.rel.text))
 *(SORT_BY_ALIGNMENT(.rel.gnu.linkonce.t*))

.rela.text
 *(SORT_BY_ALIGNMENT(.rela.text))
 *(SORT_BY_ALIGNMENT(.rela.gnu.linkonce.t*))

.rel.data
 *(SORT_BY_ALIGNMENT(.rel.data))
 *(SORT_BY_ALIGNMENT(.rel.gnu.linkonce.d*))

.rela.data
 *(SORT_BY_ALIGNMENT(.rela.data))
 *(SORT_BY_ALIGNMENT(.rela.gnu.linkonce.d*))

.rel.tdata
 *(SORT_BY_ALIGNMENT(.rel.tdata) SORT_BY_ALIGNMENT(.rel.tdata.*) SORT_BY_ALIGNMENT(.rel.gnu.linkonce.td.*))

.rela.tdata
 *(SORT_BY_ALIGNMENT(.rela.tdata) SORT_BY_ALIGNMENT(.rela.tdata.*) SORT_BY_ALIGNMENT(.rela.gnu.linkonce.td.*))

.rel.tbss
 *(SORT_BY_ALIGNMENT(.rel.tbss) SORT_BY_ALIGNMENT(.rel.tbss.*) SORT_BY_ALIGNMENT(.rel.gnu.linkonce.tb.*))

.rela.tbss
 *(SORT_BY_ALIGNMENT(.rela.tbss) SORT_BY_ALIGNMENT(.rela.tbss.*) SORT_BY_ALIGNMENT(.rela.gnu.linkonce.tb.*))

.rel.rodata
 *(SORT_BY_ALIGNMENT(.rel.rodata))
 *(SORT_BY_ALIGNMENT(.rel.gnu.linkonce.r*))

.rela.rodata
 *(SORT_BY_ALIGNMENT(.rela.rodata))
 *(SORT_BY_ALIGNMENT(.rela.gnu.linkonce.r*))

.rel.dyn
 *(SORT_BY_ALIGNMENT(.rel.dyn))

.rel.got
 *(SORT_BY_ALIGNMENT(.rel.got))

.rela.got       0x00000000000212c0      0x4b0
 *(SORT_BY_ALIGNMENT(.rela.got))
 .rela.got      0x00000000000212c0      0x4b0 ./darknetp_ta.o

.rel.ctors
 *(SORT_BY_ALIGNMENT(.rel.ctors))

.rela.ctors
 *(SORT_BY_ALIGNMENT(.rela.ctors))

.rel.dtors
 *(SORT_BY_ALIGNMENT(.rel.dtors))

.rela.dtors
 *(SORT_BY_ALIGNMENT(.rela.dtors))

.rel.init
 *(SORT_BY_ALIGNMENT(.rel.init))

.rela.init
 *(SORT_BY_ALIGNMENT(.rela.init))

.rel.fini
 *(SORT_BY_ALIGNMENT(.rel.fini))

.rela.fini
 *(SORT_BY_ALIGNMENT(.rela.fini))

.rel.bss
 *(SORT_BY_ALIGNMENT(.rel.bss))

.rela.bss       0x0000000000021770        0x0
 *(SORT_BY_ALIGNMENT(.rela.bss))
 .rela.bss      0x0000000000021770        0x0 ./darknetp_ta.o

.rel.plt
 *(SORT_BY_ALIGNMENT(.rel.plt))

.rela.plt       0x0000000000021770        0x0
 *(SORT_BY_ALIGNMENT(.rela.plt))
 .rela.plt      0x0000000000021770        0x0 ./darknetp_ta.o

.data           0x0000000000021770      0x1d4
 *(SORT_BY_ALIGNMENT(.data) SORT_BY_ALIGNMENT(.data.*) SORT_BY_ALIGNMENT(.gnu.linkonce.d.*))
 .data.rel.ro.local
                0x0000000000021770      0x108 ./user_ta_header.o
                0x0000000000021770                ta_props
 .data.rel.local
                0x0000000000021878       0x30 /home/avees/Linux_for_Tegra/sources/tegra/optee-src/nv-optee/optee/build/t234/export-ta_arm64/lib/libutils.a(bget_malloc.o)
 .data          0x00000000000218a8        0x8 /home/avees/Linux_for_Tegra/sources/tegra/optee-src/nv-optee/optee/build/t234/export-ta_arm64/lib/libutils.a(stack_check.o)
                0x00000000000218a8                __stack_chk_guard
 .data.rel.local
                0x00000000000218b0       0x20 /home/avees/Linux_for_Tegra/sources/tegra/optee-src/nv-optee/optee/build/t234/export-ta_arm64/lib/libutee.a(user_ta_entry.o)
 .data.rel.ro.local
                0x00000000000218d0       0x60 /home/avees/Linux_for_Tegra/sources/tegra/optee-src/nv-optee/optee/build/t234/export-ta_arm64/lib/libutee.a(tee_api_property.o)
                0x00000000000218d0                tee_props
 .data.rel      0x0000000000021930        0x8 /home/avees/Linux_for_Tegra/sources/tegra/optee-src/nv-optee/optee/build/t234/export-ta_arm64/lib/libmbedtls.a(platform_util.o)
 .data          0x0000000000021938        0x4 ./darknetp_ta.o
                0x0000000000021938                norm_output
 .data          0x000000000002193c        0x4 ./network_TA.o
                0x000000000002193c                avg_loss
 .data          0x0000000000021940        0x4 ./user_ta_header.o
                0x0000000000021940                trace_level
 .data.rel.ro   0x0000000000021944        0x0 ./darknetp_ta.o
 .data          0x0000000000021944        0x0 ./utils_TA.o
 .data          0x0000000000021944        0x0 ./activations_TA.o
 .data          0x0000000000021944        0x0 ./connected_layer_TA.o
 .data          0x0000000000021944        0x0 ./math_TA.o
 .data          0x0000000000021944        0x0 ./parser_TA.o
 .data          0x0000000000021944        0x0 ./blas_TA.o
 .data          0x0000000000021944        0x0 ./maxpool_layer_TA.o
 .data          0x0000000000021944        0x0 ./softmax_layer_TA.o
 .data          0x0000000000021944        0x0 ./aes_TA.o
 .data          0x0000000000021944        0x0 ./im2col_TA.o
 .data          0x0000000000021944        0x0 ./batchnorm_layer_TA.o
 .data          0x0000000000021944        0x0 ./dropout_layer_TA.o
 .data          0x0000000000021944        0x0 ./convolutional_layer_TA.o
 .data          0x0000000000021944        0x0 ./cost_layer_TA.o
 .data          0x0000000000021944        0x0 ./avgpool_layer_TA.o
 .data          0x0000000000021944        0x0 ./col2im_TA.o
 .data          0x0000000000021944        0x0 ./gemm_TA.o
 .data          0x0000000000021944        0x0 ./diffprivate_TA.o
 .data          0x0000000000021944        0x0 /home/avees/Linux_for_Tegra/sources/tegra/optee-src/nv-optee/optee/build/t234/export-ta_arm64/lib/libutils.a(bget_malloc.o)
 .data          0x0000000000021944        0x0 /home/avees/Linux_for_Tegra/sources/tegra/optee-src/nv-optee/optee/build/t234/export-ta_arm64/lib/libutils.a(memcpy.o)
 .data          0x0000000000021944        0x0 /home/avees/Linux_for_Tegra/sources/tegra/optee-src/nv-optee/optee/build/t234/export-ta_arm64/lib/libutils.a(memset.o)
 .data          0x0000000000021944        0x0 /home/avees/Linux_for_Tegra/sources/tegra/optee-src/nv-optee/optee/build/t234/export-ta_arm64/lib/libutils.a(strcmp.o)
 .data          0x0000000000021944        0x0 /home/avees/Linux_for_Tegra/sources/tegra/optee-src/nv-optee/optee/build/t234/export-ta_arm64/lib/libutils.a(strncmp.o)
 .data          0x0000000000021944        0x0 /home/avees/Linux_for_Tegra/sources/tegra/optee-src/nv-optee/optee/build/t234/export-ta_arm64/lib/libutils.a(trace.o)
 .data          0x0000000000021944        0x0 /home/avees/Linux_for_Tegra/sources/tegra/optee-src/nv-optee/optee/build/t234/export-ta_arm64/lib/libutils.a(snprintk.o)
 .data          0x0000000000021944        0x0 /home/avees/Linux_for_Tegra/sources/tegra/optee-src/nv-optee/optee/build/t234/export-ta_arm64/lib/libutils.a(memchr.o)
 .data          0x0000000000021944        0x0 /home/avees/Linux_for_Tegra/sources/tegra/optee-src/nv-optee/optee/build/t234/export-ta_arm64/lib/libutils.a(strlen.o)
 .data          0x0000000000021944        0x0 /home/avees/Linux_for_Tegra/sources/tegra/optee-src/nv-optee/optee/build/t234/export-ta_arm64/lib/libutee.a(assert.o)
 .data          0x0000000000021944        0x0 /home/avees/Linux_for_Tegra/sources/tegra/optee-src/nv-optee/optee/build/t234/export-ta_arm64/lib/libutee.a(trace_ext.o)
 .data          0x0000000000021944        0x0 /home/avees/Linux_for_Tegra/sources/tegra/optee-src/nv-optee/optee/build/t234/export-ta_arm64/lib/libutee.a(tee_api.o)
 .data          0x0000000000021944        0x0 /home/avees/Linux_for_Tegra/sources/tegra/optee-src/nv-optee/optee/build/t234/export-ta_arm64/lib/libutee.a(tee_api_operations.o)
 .data          0x0000000000021944        0x0 /home/avees/Linux_for_Tegra/sources/tegra/optee-src/nv-optee/optee/build/t234/export-ta_arm64/lib/libutee.a(tee_api_panic.o)
 .data          0x0000000000021944        0x0 /home/avees/Linux_for_Tegra/sources/tegra/optee-src/nv-optee/optee/build/t234/export-ta_arm64/lib/libutee.a(tee_system_pta.o)
 .data          0x0000000000021944        0x0 /home/avees/Linux_for_Tegra/sources/tegra/optee-src/nv-optee/optee/build/t234/export-ta_arm64/lib/libutee.a(user_ta_entry.o)
 .data          0x0000000000021944        0x0 /home/avees/Linux_for_Tegra/sources/tegra/optee-src/nv-optee/optee/build/t234/export-ta_arm64/lib/libutee.a(utee_syscalls_a64.o)
 .data          0x0000000000021944        0x0 /home/avees/Linux_for_Tegra/sources/tegra/optee-src/nv-optee/optee/build/t234/export-ta_arm64/lib/libutee.a(abort.o)
 .data          0x0000000000021944        0x0 /home/avees/Linux_for_Tegra/sources/tegra/optee-src/nv-optee/optee/build/t234/export-ta_arm64/lib/libutee.a(tee_api_arith_mpi.o)
 .data          0x0000000000021944        0x0 /home/avees/Linux_for_Tegra/sources/tegra/optee-src/nv-optee/optee/build/t234/export-ta_arm64/lib/libutee.a(tee_api_objects.o)
 .data          0x0000000000021944        0x0 /home/avees/Linux_for_Tegra/sources/tegra/optee-src/nv-optee/optee/build/t234/export-ta_arm64/lib/libutee.a(tee_api_property.o)
 .data          0x0000000000021944        0x0 /home/avees/Linux_for_Tegra/sources/tegra/optee-src/nv-optee/optee/build/t234/export-ta_arm64/lib/libutee.a(tcb.o)
 .data          0x0000000000021944        0x0 /home/avees/Linux_for_Tegra/sources/tegra/optee-src/nv-optee/optee/build/t234/export-ta_arm64/lib/libutee.a(base64.o)
 .data          0x0000000000021944        0x0 /home/avees/Linux_for_Tegra/sources/tegra/optee-src/nv-optee/optee/build/t234/export-ta_arm64/lib/libmbedtls.a(bignum.o)
 .data          0x0000000000021944        0x0 /home/avees/Linux_for_Tegra/sources/tegra/optee-src/nv-optee/optee/build/t234/export-ta_arm64/lib/libmbedtls.a(constant_time.o)
 .data          0x0000000000021944        0x0 /home/avees/Linux_for_Tegra/sources/tegra/optee-src/nv-optee/optee/build/t234/export-ta_arm64/lib/libmbedtls.a(platform_util.o)
 .data          0x0000000000021944        0x0 /home/avees/Linux_for_Tegra/sources/tegra/optee-src/nv-optee/optee/build/t234/export-ta_arm64/lib/libutils.a(snprintf.o)
 .data          0x0000000000021944        0x0 /home/avees/Linux_for_Tegra/sources/tegra/optee-src/nv-optee/optee/build/t234/export-ta_arm64/lib/libutils.a(memmove.o)
 .data          0x0000000000021944        0x0 /home/avees/Linux_for_Tegra/sources/tegra/optee-src/nv-optee/optee/build/t234/export-ta_arm64/lib/libutils.a(strlcpy.o)
 .data          0x0000000000021944        0x0 /home/avees/Linux_for_Tegra/sources/tegra/optee-src/nv-optee/optee/build/t234/export-ta_arm64/lib/libutils.a(mempool.o)
 .data          0x0000000000021944        0x0 /home/avees/Linux_for_Tegra/sources/tegra/optee-src/nv-optee/optee/build/t234/export-ta_arm64/lib/libutils.a(consttime_memcmp.o)

.bss            0x0000000000021948   0xa04210
 *(SORT_BY_ALIGNMENT(.bss) SORT_BY_ALIGNMENT(.bss.*) SORT_BY_ALIGNMENT(.gnu.linkonce.b.*) SORT_BY_ALIGNMENT(COMMON))
 .bss           0x0000000000021948       0x24 ./darknetp_ta.o
                0x0000000000021960                debug_summary_pass
                0x0000000000021964                debug_summary_com
                0x0000000000021968                netnum
 *fill*         0x000000000002196c        0x4 
 COMMON         0x0000000000021970        0x8 ./darknetp_ta.o
                0x0000000000021970                netta_truth
 COMMON         0x0000000000021978      0x130 ./network_TA.o
                0x0000000000021978                ta_net_delta
                0x0000000000021980                ta_net_input
                0x0000000000021988                netta
                0x0000000000021aa0                ta_net_output
 .bss           0x0000000000021aa8       0x10 /home/avees/Linux_for_Tegra/sources/tegra/optee-src/nv-optee/optee/build/t234/export-ta_arm64/lib/libutee.a(tee_api.o)
 .bss           0x0000000000021ab8        0x8 /home/avees/Linux_for_Tegra/sources/tegra/optee-src/nv-optee/optee/build/t234/export-ta_arm64/lib/libutee.a(tee_system_pta.o)
 .bss           0x0000000000021ac0        0x9 /home/avees/Linux_for_Tegra/sources/tegra/optee-src/nv-optee/optee/build/t234/export-ta_arm64/lib/libutee.a(user_ta_entry.o)
 *fill*         0x0000000000021ac9        0x7 
 COMMON         0x0000000000021ad0       0x60 /home/avees/Linux_for_Tegra/sources/tegra/optee-src/nv-optee/optee/build/t234/export-ta_arm64/lib/libutee.a(user_ta_entry.o)
                0x0000000000021ad0                ta_param_types
                0x0000000000021ad8                __ta_no_share_malloc_ctx
                0x0000000000021ae0                ta_params
                0x0000000000021b20                __elf_phdr_info
 .bss           0x0000000000021b30     0x4000 /home/avees/Linux_for_Tegra/sources/tegra/optee-src/nv-optee/optee/build/t234/export-ta_arm64/lib/libutee.a(tee_api_arith_mpi.o)
 .bss           0x0000000000025b30       0x10 /home/avees/Linux_for_Tegra/sources/tegra/optee-src/nv-optee/optee/build/t234/export-ta_arm64/lib/libutee.a(tcb.o)
 COMMON         0x0000000000025b40        0x8 /home/avees/Linux_for_Tegra/sources/tegra/optee-src/nv-optee/optee/build/t234/export-ta_arm64/lib/libmbedtls.a(bignum.o)
                0x0000000000025b40                mbedtls_mpi_mempool
 .bss           0x0000000000025b48        0x8 ./utils_TA.o
 .bss           0x0000000000025b50        0x8 ./network_TA.o
                0x0000000000025b50                err_sum
                0x0000000000025b54                roundnum
 .bss           0x0000000000025b58        0x0 ./activations_TA.o
 .bss           0x0000000000025b58        0x0 ./connected_layer_TA.o
 .bss           0x0000000000025b58        0x0 ./math_TA.o
 .bss           0x0000000000025b58        0x0 ./parser_TA.o
 .bss           0x0000000000025b58        0x0 ./blas_TA.o
 .bss           0x0000000000025b58        0x0 ./maxpool_layer_TA.o
 .bss           0x0000000000025b58        0x0 ./softmax_layer_TA.o
 .bss           0x0000000000025b58        0x0 ./aes_TA.o
 .bss           0x0000000000025b58        0x0 ./im2col_TA.o
 .bss           0x0000000000025b58        0x0 ./batchnorm_layer_TA.o
 .bss           0x0000000000025b58        0x0 ./dropout_layer_TA.o
 .bss           0x0000000000025b58        0x0 ./convolutional_layer_TA.o
 .bss           0x0000000000025b58        0x0 ./cost_layer_TA.o
 .bss           0x0000000000025b58        0x0 ./avgpool_layer_TA.o
 .bss           0x0000000000025b58        0x0 ./col2im_TA.o
 .bss           0x0000000000025b58        0x0 ./gemm_TA.o
 .bss           0x0000000000025b58        0x0 ./diffprivate_TA.o
 .bss           0x0000000000025b58        0x0 ./user_ta_header.o
 COMMON         0x0000000000025b58   0xa00000 ./user_ta_header.o
                0x0000000000025b58                ta_heap
                0x0000000000a25b58                __ta_no_share_heap
 .bss           0x0000000000a25b58        0x0 /home/avees/Linux_for_Tegra/sources/tegra/optee-src/nv-optee/optee/build/t234/export-ta_arm64/lib/libutils.a(bget_malloc.o)
 .bss           0x0000000000a25b58        0x0 /home/avees/Linux_for_Tegra/sources/tegra/optee-src/nv-optee/optee/build/t234/export-ta_arm64/lib/libutils.a(stack_check.o)
 .bss           0x0000000000a25b58        0x0 /home/avees/Linux_for_Tegra/sources/tegra/optee-src/nv-optee/optee/build/t234/export-ta_arm64/lib/libutils.a(memcpy.o)
 .bss           0x0000000000a25b58        0x0 /home/avees/Linux_for_Tegra/sources/tegra/optee-src/nv-optee/optee/build/t234/export-ta_arm64/lib/libutils.a(memset.o)
 .bss           0x0000000000a25b58        0x0 /home/avees/Linux_for_Tegra/sources/tegra/optee-src/nv-optee/optee/build/t234/export-ta_arm64/lib/libutils.a(strcmp.o)
 .bss           0x0000000000a25b58        0x0 /home/avees/Linux_for_Tegra/sources/tegra/optee-src/nv-optee/optee/build/t234/export-ta_arm64/lib/libutils.a(strncmp.o)
 .bss           0x0000000000a25b58        0x0 /home/avees/Linux_for_Tegra/sources/tegra/optee-src/nv-optee/optee/build/t234/export-ta_arm64/lib/libutils.a(trace.o)
 .bss           0x0000000000a25b58        0x0 /home/avees/Linux_for_Tegra/sources/tegra/optee-src/nv-optee/optee/build/t234/export-ta_arm64/lib/libutils.a(snprintk.o)
 .bss           0x0000000000a25b58        0x0 /home/avees/Linux_for_Tegra/sources/tegra/optee-src/nv-optee/optee/build/t234/export-ta_arm64/lib/libutils.a(memchr.o)
 .bss           0x0000000000a25b58        0x0 /home/avees/Linux_for_Tegra/sources/tegra/optee-src/nv-optee/optee/build/t234/export-ta_arm64/lib/libutils.a(strlen.o)
 .bss           0x0000000000a25b58        0x0 /home/avees/Linux_for_Tegra/sources/tegra/optee-src/nv-optee/optee/build/t234/export-ta_arm64/lib/libutee.a(assert.o)
 .bss           0x0000000000a25b58        0x0 /home/avees/Linux_for_Tegra/sources/tegra/optee-src/nv-optee/optee/build/t234/export-ta_arm64/lib/libutee.a(trace_ext.o)
 .bss           0x0000000000a25b58        0x0 /home/avees/Linux_for_Tegra/sources/tegra/optee-src/nv-optee/optee/build/t234/export-ta_arm64/lib/libutee.a(tee_api_operations.o)